2018-06-18 08:54:32.605  INFO 1592 --- [restartedMain] b.c.d.WdbintegrationApiApplication       : Starting WdbintegrationApiApplication on UDI-H6SGQM2 with PID 1592 (C:\Everis\workspace\stsbundle\wdbintegration-api\target\classes started by wborgesa in C:\Everis\workspace\stsbundle\wdbintegration-api)
2018-06-18 08:54:32.605  INFO 1592 --- [restartedMain] b.c.d.WdbintegrationApiApplication       : No active profile set, falling back to default profiles: default
2018-06-18 08:54:32.647  INFO 1592 --- [restartedMain] ationConfigEmbeddedWebApplicationContext : Refreshing org.springframework.boot.context.embedded.AnnotationConfigEmbeddedWebApplicationContext@1b9e5dc: startup date [Mon Jun 18 08:54:32 BRT 2018]; root of context hierarchy
2018-06-18 08:54:33.658  INFO 1592 --- [restartedMain] s.b.c.e.t.TomcatEmbeddedServletContainer : Tomcat initialized with port(s): 8080 (http)
2018-06-18 08:54:33.674  INFO 1592 --- [restartedMain] o.apache.catalina.core.StandardService   : Starting service [Tomcat]
2018-06-18 08:54:33.674  INFO 1592 --- [restartedMain] org.apache.catalina.core.StandardEngine  : Starting Servlet Engine: Apache Tomcat/8.5.29
2018-06-18 08:54:33.747  INFO 1592 --- [localhost-startStop-1] o.a.c.c.C.[Tomcat].[localhost].[/]       : Initializing Spring embedded WebApplicationContext
2018-06-18 08:54:33.747  INFO 1592 --- [localhost-startStop-1] o.s.web.context.ContextLoader            : Root WebApplicationContext: initialization completed in 1101 ms
2018-06-18 08:54:33.883  INFO 1592 --- [localhost-startStop-1] o.s.b.w.servlet.ServletRegistrationBean  : Mapping servlet: 'dispatcherServlet' to [/]
2018-06-18 08:54:33.886  INFO 1592 --- [localhost-startStop-1] o.s.b.w.servlet.FilterRegistrationBean   : Mapping filter: 'characterEncodingFilter' to: [/*]
2018-06-18 08:54:33.887  INFO 1592 --- [localhost-startStop-1] o.s.b.w.servlet.FilterRegistrationBean   : Mapping filter: 'hiddenHttpMethodFilter' to: [/*]
2018-06-18 08:54:33.887  INFO 1592 --- [localhost-startStop-1] o.s.b.w.servlet.FilterRegistrationBean   : Mapping filter: 'httpPutFormContentFilter' to: [/*]
2018-06-18 08:54:33.887  INFO 1592 --- [localhost-startStop-1] o.s.b.w.servlet.FilterRegistrationBean   : Mapping filter: 'requestContextFilter' to: [/*]
2018-06-18 08:54:34.157  INFO 1592 --- [restartedMain] s.w.s.m.m.a.RequestMappingHandlerAdapter : Looking for @ControllerAdvice: org.springframework.boot.context.embedded.AnnotationConfigEmbeddedWebApplicationContext@1b9e5dc: startup date [Mon Jun 18 08:54:32 BRT 2018]; root of context hierarchy
2018-06-18 08:54:34.201  INFO 1592 --- [restartedMain] s.w.s.m.m.a.RequestMappingHandlerMapping : Mapped "{[/object/supplier],methods=[POST]}" onto public java.util.List<br.com.library.wlibrary.att.Supplier> br.com.dbintegrationapi.resource.ObjectResource.supplier(br.com.library.wlibrary.core.DataQuery)
2018-06-18 08:54:34.202  INFO 1592 --- [restartedMain] s.w.s.m.m.a.RequestMappingHandlerMapping : Mapped "{[/object/salesman],methods=[POST]}" onto public java.util.List<br.com.library.wlibrary.att.Salesman> br.com.dbintegrationapi.resource.ObjectResource.salesman(br.com.library.wlibrary.core.DataQuery)
2018-06-18 08:54:34.202  INFO 1592 --- [restartedMain] s.w.s.m.m.a.RequestMappingHandlerMapping : Mapped "{[/object/payment],methods=[POST]}" onto public org.springframework.http.ResponseEntity<?> br.com.dbintegrationapi.resource.ObjectResource.payment(br.com.library.wlibrary.core.DataQuery)
2018-06-18 08:54:34.204  INFO 1592 --- [restartedMain] s.w.s.m.m.a.RequestMappingHandlerMapping : Mapped "{[/error],produces=[text/html]}" onto public org.springframework.web.servlet.ModelAndView org.springframework.boot.autoconfigure.web.BasicErrorController.errorHtml(javax.servlet.http.HttpServletRequest,javax.servlet.http.HttpServletResponse)
2018-06-18 08:54:34.204  INFO 1592 --- [restartedMain] s.w.s.m.m.a.RequestMappingHandlerMapping : Mapped "{[/error]}" onto public org.springframework.http.ResponseEntity<java.util.Map<java.lang.String, java.lang.Object>> org.springframework.boot.autoconfigure.web.BasicErrorController.error(javax.servlet.http.HttpServletRequest)
2018-06-18 08:54:34.227  INFO 1592 --- [restartedMain] o.s.w.s.handler.SimpleUrlHandlerMapping  : Mapped URL path [/webjars/**] onto handler of type [class org.springframework.web.servlet.resource.ResourceHttpRequestHandler]
2018-06-18 08:54:34.228  INFO 1592 --- [restartedMain] o.s.w.s.handler.SimpleUrlHandlerMapping  : Mapped URL path [/**] onto handler of type [class org.springframework.web.servlet.resource.ResourceHttpRequestHandler]
2018-06-18 08:54:34.261  INFO 1592 --- [restartedMain] o.s.w.s.handler.SimpleUrlHandlerMapping  : Mapped URL path [/**/favicon.ico] onto handler of type [class org.springframework.web.servlet.resource.ResourceHttpRequestHandler]
2018-06-18 08:54:34.387  INFO 1592 --- [restartedMain] o.s.b.d.a.OptionalLiveReloadServer       : LiveReload server is running on port 35729
2018-06-18 08:54:34.432  INFO 1592 --- [restartedMain] o.s.j.e.a.AnnotationMBeanExporter        : Registering beans for JMX exposure on startup
2018-06-18 08:54:34.460  INFO 1592 --- [restartedMain] s.b.c.e.t.TomcatEmbeddedServletContainer : Tomcat started on port(s): 8080 (http)
2018-06-18 08:54:34.463  INFO 1592 --- [restartedMain] b.c.d.WdbintegrationApiApplication       : Started WdbintegrationApiApplication in 2.071 seconds (JVM running for 2.555)
2018-06-18 08:55:21.618  INFO 1592 --- [http-nio-8080-exec-2] o.a.c.c.C.[Tomcat].[localhost].[/]       : Initializing Spring FrameworkServlet 'dispatcherServlet'
2018-06-18 08:55:21.619  INFO 1592 --- [http-nio-8080-exec-2] o.s.web.servlet.DispatcherServlet        : FrameworkServlet 'dispatcherServlet': initialization started
2018-06-18 08:55:21.635  INFO 1592 --- [http-nio-8080-exec-2] o.s.web.servlet.DispatcherServlet        : FrameworkServlet 'dispatcherServlet': initialization completed in 16 ms
2018-06-18 08:55:21.688  INFO 1592 --- [http-nio-8080-exec-2] b.c.dbintegrationapi.dao.IntegrationDao  : Executing query:
2018-06-18 08:55:21.688  INFO 1592 --- [http-nio-8080-exec-2] b.c.dbintegrationapi.dao.IntegrationDao  : null:ritz:root
2018-06-18 08:55:21.688  INFO 1592 --- [http-nio-8080-exec-2] b.c.dbintegrationapi.dao.IntegrationDao  : SELECT * FROM vendedor WHERE empresa_id = 51
2018-06-18 08:55:21.712 ERROR 1592 --- [http-nio-8080-exec-2] o.a.c.c.C.[.[.[/].[dispatcherServlet]    : Servlet.service() for servlet [dispatcherServlet] in context with path [] threw exception [Request processing failed; nested exception is java.lang.RuntimeException: Problemas ao recuperar a lista de vendedores. [Microsoft][ODBC Driver Manager] O DSN especificado cont?m uma incompatibilidade de arquiteturas entre o Driver e o Aplicativo] with root cause

java.sql.SQLException: [Microsoft][ODBC Driver Manager] O DSN especificado cont?m uma incompatibilidade de arquiteturas entre o Driver e o Aplicativo
	at sun.jdbc.odbc.JdbcOdbc.createSQLException(JdbcOdbc.java:6964) ~[na:1.7.0_80]
	at sun.jdbc.odbc.JdbcOdbc.standardError(JdbcOdbc.java:7121) ~[na:1.7.0_80]
	at sun.jdbc.odbc.JdbcOdbc.SQLDriverConnect(JdbcOdbc.java:3080) ~[na:1.7.0_80]
	at sun.jdbc.odbc.JdbcOdbcConnection.initialize(JdbcOdbcConnection.java:323) ~[na:1.7.0_80]
	at sun.jdbc.odbc.JdbcOdbcDriver.connect(JdbcOdbcDriver.java:174) ~[na:1.7.0_80]
	at java.sql.DriverManager.getConnection(DriverManager.java:571) ~[na:1.7.0_80]
	at java.sql.DriverManager.getConnection(DriverManager.java:215) ~[na:1.7.0_80]
	at br.com.dbintegrationapi.dao.Dao.getConnection(Dao.java:60) ~[classes/:na]
	at br.com.dbintegrationapi.dao.IntegrationDao.listSalesman(IntegrationDao.java:148) ~[classes/:na]
	at br.com.dbintegrationapi.resource.ObjectResource.salesman(ObjectResource.java:29) ~[classes/:na]
	at sun.reflect.NativeMethodAccessorImpl.invoke0(Native Method) ~[na:1.7.0_80]
	at sun.reflect.NativeMethodAccessorImpl.invoke(NativeMethodAccessorImpl.java:57) ~[na:1.7.0_80]
	at sun.reflect.DelegatingMethodAccessorImpl.invoke(DelegatingMethodAccessorImpl.java:43) ~[na:1.7.0_80]
	at java.lang.reflect.Method.invoke(Method.java:606) ~[na:1.7.0_80]
	at org.springframework.web.method.support.InvocableHandlerMethod.doInvoke(InvocableHandlerMethod.java:205) ~[spring-web-4.3.16.RELEASE.jar:4.3.16.RELEASE]
	at org.springframework.web.method.support.InvocableHandlerMethod.invokeForRequest(InvocableHandlerMethod.java:133) ~[spring-web-4.3.16.RELEASE.jar:4.3.16.RELEASE]
	at org.springframework.web.servlet.mvc.method.annotation.ServletInvocableHandlerMethod.invokeAndHandle(ServletInvocableHandlerMethod.java:97) ~[spring-webmvc-4.3.16.RELEASE.jar:4.3.16.RELEASE]
	at org.springframework.web.servlet.mvc.method.annotation.RequestMappingHandlerAdapter.invokeHandlerMethod(RequestMappingHandlerAdapter.java:827) ~[spring-webmvc-4.3.16.RELEASE.jar:4.3.16.RELEASE]
	at org.springframework.web.servlet.mvc.method.annotation.RequestMappingHandlerAdapter.handleInternal(RequestMappingHandlerAdapter.java:738) ~[spring-webmvc-4.3.16.RELEASE.jar:4.3.16.RELEASE]
	at org.springframework.web.servlet.mvc.method.AbstractHandlerMethodAdapter.handle(AbstractHandlerMethodAdapter.java:85) ~[spring-webmvc-4.3.16.RELEASE.jar:4.3.16.RELEASE]
	at org.springframework.web.servlet.DispatcherServlet.doDispatch(DispatcherServlet.java:967) ~[spring-webmvc-4.3.16.RELEASE.jar:4.3.16.RELEASE]
	at org.springframework.web.servlet.DispatcherServlet.doService(DispatcherServlet.java:901) ~[spring-webmvc-4.3.16.RELEASE.jar:4.3.16.RELEASE]
	at org.springframework.web.servlet.FrameworkServlet.processRequest(FrameworkServlet.java:970) ~[spring-webmvc-4.3.16.RELEASE.jar:4.3.16.RELEASE]
	at org.springframework.web.servlet.FrameworkServlet.doPost(FrameworkServlet.java:872) ~[spring-webmvc-4.3.16.RELEASE.jar:4.3.16.RELEASE]
	at javax.servlet.http.HttpServlet.service(HttpServlet.java:661) ~[tomcat-embed-core-8.5.29.jar:8.5.29]
	at org.springframework.web.servlet.FrameworkServlet.service(FrameworkServlet.java:846) ~[spring-webmvc-4.3.16.RELEASE.jar:4.3.16.RELEASE]
	at javax.servlet.http.HttpServlet.service(HttpServlet.java:742) ~[tomcat-embed-core-8.5.29.jar:8.5.29]
	at org.apache.catalina.core.ApplicationFilterChain.internalDoFilter(ApplicationFilterChain.java:231) ~[tomcat-embed-core-8.5.29.jar:8.5.29]
	at org.apache.catalina.core.ApplicationFilterChain.doFilter(ApplicationFilterChain.java:166) ~[tomcat-embed-core-8.5.29.jar:8.5.29]
	at org.apache.tomcat.websocket.server.WsFilter.doFilter(WsFilter.java:52) ~[tomcat-embed-websocket-8.5.29.jar:8.5.29]
	at org.apache.catalina.core.ApplicationFilterChain.internalDoFilter(ApplicationFilterChain.java:193) ~[tomcat-embed-core-8.5.29.jar:8.5.29]
	at org.apache.catalina.core.ApplicationFilterChain.doFilter(ApplicationFilterChain.java:166) ~[tomcat-embed-core-8.5.29.jar:8.5.29]
	at org.springframework.web.filter.RequestContextFilter.doFilterInternal(RequestContextFilter.java:99) ~[spring-web-4.3.16.RELEASE.jar:4.3.16.RELEASE]
	at org.springframework.web.filter.OncePerRequestFilter.doFilter(OncePerRequestFilter.java:107) ~[spring-web-4.3.16.RELEASE.jar:4.3.16.RELEASE]
	at org.apache.catalina.core.ApplicationFilterChain.internalDoFilter(ApplicationFilterChain.java:193) ~[tomcat-embed-core-8.5.29.jar:8.5.29]
	at org.apache.catalina.core.ApplicationFilterChain.doFilter(ApplicationFilterChain.java:166) ~[tomcat-embed-core-8.5.29.jar:8.5.29]
	at org.springframework.web.filter.HttpPutFormContentFilter.doFilterInternal(HttpPutFormContentFilter.java:109) ~[spring-web-4.3.16.RELEASE.jar:4.3.16.RELEASE]
	at org.springframework.web.filter.OncePerRequestFilter.doFilter(OncePerRequestFilter.java:107) ~[spring-web-4.3.16.RELEASE.jar:4.3.16.RELEASE]
	at org.apache.catalina.core.ApplicationFilterChain.internalDoFilter(ApplicationFilterChain.java:193) ~[tomcat-embed-core-8.5.29.jar:8.5.29]
	at org.apache.catalina.core.ApplicationFilterChain.doFilter(ApplicationFilterChain.java:166) ~[tomcat-embed-core-8.5.29.jar:8.5.29]
	at org.springframework.web.filter.HiddenHttpMethodFilter.doFilterInternal(HiddenHttpMethodFilter.java:81) ~[spring-web-4.3.16.RELEASE.jar:4.3.16.RELEASE]
	at org.springframework.web.filter.OncePerRequestFilter.doFilter(OncePerRequestFilter.java:107) ~[spring-web-4.3.16.RELEASE.jar:4.3.16.RELEASE]
	at org.apache.catalina.core.ApplicationFilterChain.internalDoFilter(ApplicationFilterChain.java:193) ~[tomcat-embed-core-8.5.29.jar:8.5.29]
	at org.apache.catalina.core.ApplicationFilterChain.doFilter(ApplicationFilterChain.java:166) ~[tomcat-embed-core-8.5.29.jar:8.5.29]
	at org.springframework.web.filter.CharacterEncodingFilter.doFilterInternal(CharacterEncodingFilter.java:197) ~[spring-web-4.3.16.RELEASE.jar:4.3.16.RELEASE]
	at org.springframework.web.filter.OncePerRequestFilter.doFilter(OncePerRequestFilter.java:107) ~[spring-web-4.3.16.RELEASE.jar:4.3.16.RELEASE]
	at org.apache.catalina.core.ApplicationFilterChain.internalDoFilter(ApplicationFilterChain.java:193) ~[tomcat-embed-core-8.5.29.jar:8.5.29]
	at org.apache.catalina.core.ApplicationFilterChain.doFilter(ApplicationFilterChain.java:166) ~[tomcat-embed-core-8.5.29.jar:8.5.29]
	at org.apache.catalina.core.StandardWrapperValve.invoke(StandardWrapperValve.java:198) ~[tomcat-embed-core-8.5.29.jar:8.5.29]
	at org.apache.catalina.core.StandardContextValve.invoke(StandardContextValve.java:96) [tomcat-embed-core-8.5.29.jar:8.5.29]
	at org.apache.catalina.authenticator.AuthenticatorBase.invoke(AuthenticatorBase.java:496) [tomcat-embed-core-8.5.29.jar:8.5.29]
	at org.apache.catalina.core.StandardHostValve.invoke(StandardHostValve.java:140) [tomcat-embed-core-8.5.29.jar:8.5.29]
	at org.apache.catalina.valves.ErrorReportValve.invoke(ErrorReportValve.java:81) [tomcat-embed-core-8.5.29.jar:8.5.29]
	at org.apache.catalina.core.StandardEngineValve.invoke(StandardEngineValve.java:87) [tomcat-embed-core-8.5.29.jar:8.5.29]
	at org.apache.catalina.connector.CoyoteAdapter.service(CoyoteAdapter.java:342) [tomcat-embed-core-8.5.29.jar:8.5.29]
	at org.apache.coyote.http11.Http11Processor.service(Http11Processor.java:803) [tomcat-embed-core-8.5.29.jar:8.5.29]
	at org.apache.coyote.AbstractProcessorLight.process(AbstractProcessorLight.java:66) [tomcat-embed-core-8.5.29.jar:8.5.29]
	at org.apache.coyote.AbstractProtocol$ConnectionHandler.process(AbstractProtocol.java:790) [tomcat-embed-core-8.5.29.jar:8.5.29]
	at org.apache.tomcat.util.net.NioEndpoint$SocketProcessor.doRun(NioEndpoint.java:1459) [tomcat-embed-core-8.5.29.jar:8.5.29]
	at org.apache.tomcat.util.net.SocketProcessorBase.run(SocketProcessorBase.java:49) [tomcat-embed-core-8.5.29.jar:8.5.29]
	at java.util.concurrent.ThreadPoolExecutor.runWorker(ThreadPoolExecutor.java:1145) [na:1.7.0_80]
	at java.util.concurrent.ThreadPoolExecutor$Worker.run(ThreadPoolExecutor.java:615) [na:1.7.0_80]
	at org.apache.tomcat.util.threads.TaskThread$WrappingRunnable.run(TaskThread.java:61) [tomcat-embed-core-8.5.29.jar:8.5.29]
	at java.lang.Thread.run(Thread.java:745) [na:1.7.0_80]

2018-06-18 08:57:03.771  INFO 1592 --- [Thread-6] ationConfigEmbeddedWebApplicationContext : Closing org.springframework.boot.context.embedded.AnnotationConfigEmbeddedWebApplicationContext@1b9e5dc: startup date [Mon Jun 18 08:54:32 BRT 2018]; root of context hierarchy
2018-06-18 08:57:03.774  INFO 1592 --- [Thread-6] o.s.j.e.a.AnnotationMBeanExporter        : Unregistering JMX-exposed beans on shutdown
2018-06-18 08:57:04.037  INFO 1592 --- [restartedMain] b.c.d.WdbintegrationApiApplication       : Starting WdbintegrationApiApplication on UDI-H6SGQM2 with PID 1592 (C:\Everis\workspace\stsbundle\wdbintegration-api\target\classes started by wborgesa in C:\Everis\workspace\stsbundle\wdbintegration-api)
2018-06-18 08:57:04.037  INFO 1592 --- [restartedMain] b.c.d.WdbintegrationApiApplication       : No active profile set, falling back to default profiles: default
2018-06-18 08:57:04.040  INFO 1592 --- [restartedMain] ationConfigEmbeddedWebApplicationContext : Refreshing org.springframework.boot.context.embedded.AnnotationConfigEmbeddedWebApplicationContext@1df24ba: startup date [Mon Jun 18 08:57:04 BRT 2018]; root of context hierarchy
2018-06-18 08:57:04.847  INFO 1592 --- [restartedMain] s.b.c.e.t.TomcatEmbeddedServletContainer : Tomcat initialized with port(s): 8080 (http)
2018-06-18 08:57:04.848  INFO 1592 --- [restartedMain] o.apache.catalina.core.StandardService   : Starting service [Tomcat]
2018-06-18 08:57:04.849  INFO 1592 --- [restartedMain] org.apache.catalina.core.StandardEngine  : Starting Servlet Engine: Apache Tomcat/8.5.29
2018-06-18 08:57:04.873  INFO 1592 --- [localhost-startStop-1] o.a.c.c.C.[Tomcat].[localhost].[/]       : Initializing Spring embedded WebApplicationContext
2018-06-18 08:57:04.874  INFO 1592 --- [localhost-startStop-1] o.s.web.context.ContextLoader            : Root WebApplicationContext: initialization completed in 834 ms
2018-06-18 08:57:04.904  INFO 1592 --- [localhost-startStop-1] o.s.b.w.servlet.ServletRegistrationBean  : Mapping servlet: 'dispatcherServlet' to [/]
2018-06-18 08:57:04.904  INFO 1592 --- [localhost-startStop-1] o.s.b.w.servlet.FilterRegistrationBean   : Mapping filter: 'characterEncodingFilter' to: [/*]
2018-06-18 08:57:04.904  INFO 1592 --- [localhost-startStop-1] o.s.b.w.servlet.FilterRegistrationBean   : Mapping filter: 'hiddenHttpMethodFilter' to: [/*]
2018-06-18 08:57:04.904  INFO 1592 --- [localhost-startStop-1] o.s.b.w.servlet.FilterRegistrationBean   : Mapping filter: 'httpPutFormContentFilter' to: [/*]
2018-06-18 08:57:04.905  INFO 1592 --- [localhost-startStop-1] o.s.b.w.servlet.FilterRegistrationBean   : Mapping filter: 'requestContextFilter' to: [/*]
2018-06-18 08:57:05.022  INFO 1592 --- [restartedMain] s.w.s.m.m.a.RequestMappingHandlerAdapter : Looking for @ControllerAdvice: org.springframework.boot.context.embedded.AnnotationConfigEmbeddedWebApplicationContext@1df24ba: startup date [Mon Jun 18 08:57:04 BRT 2018]; root of context hierarchy
2018-06-18 08:57:05.031  INFO 1592 --- [restartedMain] s.w.s.m.m.a.RequestMappingHandlerMapping : Mapped "{[/object/supplier],methods=[POST]}" onto public java.util.List<br.com.library.wlibrary.att.Supplier> br.com.dbintegrationapi.resource.ObjectResource.supplier(br.com.library.wlibrary.core.DataQuery)
2018-06-18 08:57:05.032  INFO 1592 --- [restartedMain] s.w.s.m.m.a.RequestMappingHandlerMapping : Mapped "{[/object/salesman],methods=[POST]}" onto public java.util.List<br.com.library.wlibrary.att.Salesman> br.com.dbintegrationapi.resource.ObjectResource.salesman(br.com.library.wlibrary.core.DataQuery)
2018-06-18 08:57:05.032  INFO 1592 --- [restartedMain] s.w.s.m.m.a.RequestMappingHandlerMapping : Mapped "{[/object/payment],methods=[POST]}" onto public org.springframework.http.ResponseEntity<?> br.com.dbintegrationapi.resource.ObjectResource.payment(br.com.library.wlibrary.core.DataQuery)
2018-06-18 08:57:05.034  INFO 1592 --- [restartedMain] s.w.s.m.m.a.RequestMappingHandlerMapping : Mapped "{[/error],produces=[text/html]}" onto public org.springframework.web.servlet.ModelAndView org.springframework.boot.autoconfigure.web.BasicErrorController.errorHtml(javax.servlet.http.HttpServletRequest,javax.servlet.http.HttpServletResponse)
2018-06-18 08:57:05.035  INFO 1592 --- [restartedMain] s.w.s.m.m.a.RequestMappingHandlerMapping : Mapped "{[/error]}" onto public org.springframework.http.ResponseEntity<java.util.Map<java.lang.String, java.lang.Object>> org.springframework.boot.autoconfigure.web.BasicErrorController.error(javax.servlet.http.HttpServletRequest)
2018-06-18 08:57:05.042  INFO 1592 --- [restartedMain] o.s.w.s.handler.SimpleUrlHandlerMapping  : Mapped URL path [/webjars/**] onto handler of type [class org.springframework.web.servlet.resource.ResourceHttpRequestHandler]
2018-06-18 08:57:05.043  INFO 1592 --- [restartedMain] o.s.w.s.handler.SimpleUrlHandlerMapping  : Mapped URL path [/**] onto handler of type [class org.springframework.web.servlet.resource.ResourceHttpRequestHandler]
2018-06-18 08:57:05.059  INFO 1592 --- [restartedMain] o.s.w.s.handler.SimpleUrlHandlerMapping  : Mapped URL path [/**/favicon.ico] onto handler of type [class org.springframework.web.servlet.resource.ResourceHttpRequestHandler]
2018-06-18 08:57:05.088  INFO 1592 --- [restartedMain] o.s.b.d.a.OptionalLiveReloadServer       : LiveReload server is running on port 35729
2018-06-18 08:57:05.177  INFO 1592 --- [restartedMain] o.s.j.e.a.AnnotationMBeanExporter        : Registering beans for JMX exposure on startup
2018-06-18 08:57:05.210  INFO 1592 --- [restartedMain] s.b.c.e.t.TomcatEmbeddedServletContainer : Tomcat started on port(s): 8080 (http)
2018-06-18 08:57:05.214  INFO 1592 --- [restartedMain] b.c.d.WdbintegrationApiApplication       : Started WdbintegrationApiApplication in 1.217 seconds (JVM running for 153.305)
2018-06-18 08:57:13.717  INFO 1592 --- [RMI TCP Connection(2)-127.0.0.1] inMXBeanRegistrar$SpringApplicationAdmin : Application shutdown requested.
2018-06-18 08:57:13.718  INFO 1592 --- [RMI TCP Connection(2)-127.0.0.1] ationConfigEmbeddedWebApplicationContext : Closing org.springframework.boot.context.embedded.AnnotationConfigEmbeddedWebApplicationContext@1df24ba: startup date [Mon Jun 18 08:57:04 BRT 2018]; root of context hierarchy
2018-06-18 08:57:13.719  INFO 1592 --- [RMI TCP Connection(2)-127.0.0.1] o.s.j.e.a.AnnotationMBeanExporter        : Unregistering JMX-exposed beans on shutdown
2018-06-18 08:57:25.224  INFO 22912 --- [restartedMain] b.c.d.WdbintegrationApiApplication       : Starting WdbintegrationApiApplication on UDI-H6SGQM2 with PID 22912 (C:\Everis\workspace\stsbundle\wdbintegration-api\target\classes started by wborgesa in C:\Everis\workspace\stsbundle\wdbintegration-api)
2018-06-18 08:57:25.225  INFO 22912 --- [restartedMain] b.c.d.WdbintegrationApiApplication       : No active profile set, falling back to default profiles: default
2018-06-18 08:57:25.317  INFO 22912 --- [restartedMain] ationConfigEmbeddedWebApplicationContext : Refreshing org.springframework.boot.context.embedded.AnnotationConfigEmbeddedWebApplicationContext@d05da96: startup date [Mon Jun 18 08:57:25 BRT 2018]; root of context hierarchy
2018-06-18 08:57:26.839  INFO 22912 --- [restartedMain] s.b.c.e.t.TomcatEmbeddedServletContainer : Tomcat initialized with port(s): 8080 (http)
2018-06-18 08:57:26.860  INFO 22912 --- [restartedMain] o.apache.catalina.core.StandardService   : Starting service [Tomcat]
2018-06-18 08:57:26.860  INFO 22912 --- [restartedMain] org.apache.catalina.core.StandardEngine  : Starting Servlet Engine: Apache Tomcat/8.5.29
2018-06-18 08:57:26.939  INFO 22912 --- [localhost-startStop-1] o.a.c.c.C.[Tomcat].[localhost].[/]       : Initializing Spring embedded WebApplicationContext
2018-06-18 08:57:26.940  INFO 22912 --- [localhost-startStop-1] o.s.web.context.ContextLoader            : Root WebApplicationContext: initialization completed in 1627 ms
2018-06-18 08:57:27.127  INFO 22912 --- [localhost-startStop-1] o.s.b.w.servlet.ServletRegistrationBean  : Mapping servlet: 'dispatcherServlet' to [/]
2018-06-18 08:57:27.132  INFO 22912 --- [localhost-startStop-1] o.s.b.w.servlet.FilterRegistrationBean   : Mapping filter: 'characterEncodingFilter' to: [/*]
2018-06-18 08:57:27.133  INFO 22912 --- [localhost-startStop-1] o.s.b.w.servlet.FilterRegistrationBean   : Mapping filter: 'hiddenHttpMethodFilter' to: [/*]
2018-06-18 08:57:27.133  INFO 22912 --- [localhost-startStop-1] o.s.b.w.servlet.FilterRegistrationBean   : Mapping filter: 'httpPutFormContentFilter' to: [/*]
2018-06-18 08:57:27.133  INFO 22912 --- [localhost-startStop-1] o.s.b.w.servlet.FilterRegistrationBean   : Mapping filter: 'requestContextFilter' to: [/*]
2018-06-18 08:57:27.531  INFO 22912 --- [restartedMain] s.w.s.m.m.a.RequestMappingHandlerAdapter : Looking for @ControllerAdvice: org.springframework.boot.context.embedded.AnnotationConfigEmbeddedWebApplicationContext@d05da96: startup date [Mon Jun 18 08:57:25 BRT 2018]; root of context hierarchy
2018-06-18 08:57:27.596  INFO 22912 --- [restartedMain] s.w.s.m.m.a.RequestMappingHandlerMapping : Mapped "{[/object/salesman],methods=[POST]}" onto public java.util.List<br.com.library.wlibrary.att.Salesman> br.com.dbintegrationapi.resource.ObjectResource.salesman(br.com.library.wlibrary.core.DataQuery)
2018-06-18 08:57:27.597  INFO 22912 --- [restartedMain] s.w.s.m.m.a.RequestMappingHandlerMapping : Mapped "{[/object/payment],methods=[POST]}" onto public org.springframework.http.ResponseEntity<?> br.com.dbintegrationapi.resource.ObjectResource.payment(br.com.library.wlibrary.core.DataQuery)
2018-06-18 08:57:27.598  INFO 22912 --- [restartedMain] s.w.s.m.m.a.RequestMappingHandlerMapping : Mapped "{[/object/supplier],methods=[POST]}" onto public java.util.List<br.com.library.wlibrary.att.Supplier> br.com.dbintegrationapi.resource.ObjectResource.supplier(br.com.library.wlibrary.core.DataQuery)
2018-06-18 08:57:27.600  INFO 22912 --- [restartedMain] s.w.s.m.m.a.RequestMappingHandlerMapping : Mapped "{[/error]}" onto public org.springframework.http.ResponseEntity<java.util.Map<java.lang.String, java.lang.Object>> org.springframework.boot.autoconfigure.web.BasicErrorController.error(javax.servlet.http.HttpServletRequest)
2018-06-18 08:57:27.601  INFO 22912 --- [restartedMain] s.w.s.m.m.a.RequestMappingHandlerMapping : Mapped "{[/error],produces=[text/html]}" onto public org.springframework.web.servlet.ModelAndView org.springframework.boot.autoconfigure.web.BasicErrorController.errorHtml(javax.servlet.http.HttpServletRequest,javax.servlet.http.HttpServletResponse)
2018-06-18 08:57:27.644  INFO 22912 --- [restartedMain] o.s.w.s.handler.SimpleUrlHandlerMapping  : Mapped URL path [/webjars/**] onto handler of type [class org.springframework.web.servlet.resource.ResourceHttpRequestHandler]
2018-06-18 08:57:27.645  INFO 22912 --- [restartedMain] o.s.w.s.handler.SimpleUrlHandlerMapping  : Mapped URL path [/**] onto handler of type [class org.springframework.web.servlet.resource.ResourceHttpRequestHandler]
2018-06-18 08:57:27.711  INFO 22912 --- [restartedMain] o.s.w.s.handler.SimpleUrlHandlerMapping  : Mapped URL path [/**/favicon.ico] onto handler of type [class org.springframework.web.servlet.resource.ResourceHttpRequestHandler]
2018-06-18 08:57:27.949  INFO 22912 --- [restartedMain] o.s.b.d.a.OptionalLiveReloadServer       : LiveReload server is running on port 35729
2018-06-18 08:57:28.063  INFO 22912 --- [restartedMain] o.s.j.e.a.AnnotationMBeanExporter        : Registering beans for JMX exposure on startup
2018-06-18 08:57:28.143  INFO 22912 --- [restartedMain] s.b.c.e.t.TomcatEmbeddedServletContainer : Tomcat started on port(s): 8080 (http)
2018-06-18 08:57:28.148  INFO 22912 --- [restartedMain] b.c.d.WdbintegrationApiApplication       : Started WdbintegrationApiApplication in 3.239 seconds (JVM running for 3.827)
2018-06-18 08:57:38.941  INFO 22912 --- [http-nio-8080-exec-1] o.a.c.c.C.[Tomcat].[localhost].[/]       : Initializing Spring FrameworkServlet 'dispatcherServlet'
2018-06-18 08:57:38.941  INFO 22912 --- [http-nio-8080-exec-1] o.s.web.servlet.DispatcherServlet        : FrameworkServlet 'dispatcherServlet': initialization started
2018-06-18 08:57:38.971  INFO 22912 --- [http-nio-8080-exec-1] o.s.web.servlet.DispatcherServlet        : FrameworkServlet 'dispatcherServlet': initialization completed in 29 ms
2018-06-18 08:57:39.045  INFO 22912 --- [http-nio-8080-exec-1] b.c.dbintegrationapi.dao.IntegrationDao  : Executing query:
2018-06-18 08:57:39.045  INFO 22912 --- [http-nio-8080-exec-1] b.c.dbintegrationapi.dao.IntegrationDao  : null:ritz:root
2018-06-18 08:57:39.045  INFO 22912 --- [http-nio-8080-exec-1] b.c.dbintegrationapi.dao.IntegrationDao  : SELECT * FROM vendedor WHERE empresa_id = 51
2018-06-18 08:57:40.172 ERROR 22912 --- [http-nio-8080-exec-1] o.a.c.c.C.[.[.[/].[dispatcherServlet]    : Servlet.service() for servlet [dispatcherServlet] in context with path [] threw exception [Request processing failed; nested exception is java.lang.RuntimeException: Problemas ao recuperar a lista de vendedores. [MySQL][ODBC 8.0(a) Driver]Access denied for user 'root'@'localhost' (using password: YES)] with root cause

java.sql.SQLException: [MySQL][ODBC 8.0(a) Driver]Access denied for user 'root'@'localhost' (using password: YES)
	at sun.jdbc.odbc.JdbcOdbc.createSQLException(JdbcOdbc.java:6964) ~[na:1.7.0_80]
	at sun.jdbc.odbc.JdbcOdbc.standardError(JdbcOdbc.java:7121) ~[na:1.7.0_80]
	at sun.jdbc.odbc.JdbcOdbc.SQLDriverConnect(JdbcOdbc.java:3080) ~[na:1.7.0_80]
	at sun.jdbc.odbc.JdbcOdbcConnection.initialize(JdbcOdbcConnection.java:323) ~[na:1.7.0_80]
	at sun.jdbc.odbc.JdbcOdbcDriver.connect(JdbcOdbcDriver.java:174) ~[na:1.7.0_80]
	at java.sql.DriverManager.getConnection(DriverManager.java:571) ~[na:1.7.0_80]
	at java.sql.DriverManager.getConnection(DriverManager.java:215) ~[na:1.7.0_80]
	at br.com.dbintegrationapi.dao.Dao.getConnection(Dao.java:60) ~[classes/:na]
	at br.com.dbintegrationapi.dao.IntegrationDao.listSalesman(IntegrationDao.java:148) ~[classes/:na]
	at br.com.dbintegrationapi.resource.ObjectResource.salesman(ObjectResource.java:29) ~[classes/:na]
	at sun.reflect.NativeMethodAccessorImpl.invoke0(Native Method) ~[na:1.7.0_80]
	at sun.reflect.NativeMethodAccessorImpl.invoke(NativeMethodAccessorImpl.java:57) ~[na:1.7.0_80]
	at sun.reflect.DelegatingMethodAccessorImpl.invoke(DelegatingMethodAccessorImpl.java:43) ~[na:1.7.0_80]
	at java.lang.reflect.Method.invoke(Method.java:606) ~[na:1.7.0_80]
	at org.springframework.web.method.support.InvocableHandlerMethod.doInvoke(InvocableHandlerMethod.java:205) ~[spring-web-4.3.16.RELEASE.jar:4.3.16.RELEASE]
	at org.springframework.web.method.support.InvocableHandlerMethod.invokeForRequest(InvocableHandlerMethod.java:133) ~[spring-web-4.3.16.RELEASE.jar:4.3.16.RELEASE]
	at org.springframework.web.servlet.mvc.method.annotation.ServletInvocableHandlerMethod.invokeAndHandle(ServletInvocableHandlerMethod.java:97) ~[spring-webmvc-4.3.16.RELEASE.jar:4.3.16.RELEASE]
	at org.springframework.web.servlet.mvc.method.annotation.RequestMappingHandlerAdapter.invokeHandlerMethod(RequestMappingHandlerAdapter.java:827) ~[spring-webmvc-4.3.16.RELEASE.jar:4.3.16.RELEASE]
	at org.springframework.web.servlet.mvc.method.annotation.RequestMappingHandlerAdapter.handleInternal(RequestMappingHandlerAdapter.java:738) ~[spring-webmvc-4.3.16.RELEASE.jar:4.3.16.RELEASE]
	at org.springframework.web.servlet.mvc.method.AbstractHandlerMethodAdapter.handle(AbstractHandlerMethodAdapter.java:85) ~[spring-webmvc-4.3.16.RELEASE.jar:4.3.16.RELEASE]
	at org.springframework.web.servlet.DispatcherServlet.doDispatch(DispatcherServlet.java:967) ~[spring-webmvc-4.3.16.RELEASE.jar:4.3.16.RELEASE]
	at org.springframework.web.servlet.DispatcherServlet.doService(DispatcherServlet.java:901) ~[spring-webmvc-4.3.16.RELEASE.jar:4.3.16.RELEASE]
	at org.springframework.web.servlet.FrameworkServlet.processRequest(FrameworkServlet.java:970) ~[spring-webmvc-4.3.16.RELEASE.jar:4.3.16.RELEASE]
	at org.springframework.web.servlet.FrameworkServlet.doPost(FrameworkServlet.java:872) ~[spring-webmvc-4.3.16.RELEASE.jar:4.3.16.RELEASE]
	at javax.servlet.http.HttpServlet.service(HttpServlet.java:661) ~[tomcat-embed-core-8.5.29.jar:8.5.29]
	at org.springframework.web.servlet.FrameworkServlet.service(FrameworkServlet.java:846) ~[spring-webmvc-4.3.16.RELEASE.jar:4.3.16.RELEASE]
	at javax.servlet.http.HttpServlet.service(HttpServlet.java:742) ~[tomcat-embed-core-8.5.29.jar:8.5.29]
	at org.apache.catalina.core.ApplicationFilterChain.internalDoFilter(ApplicationFilterChain.java:231) ~[tomcat-embed-core-8.5.29.jar:8.5.29]
	at org.apache.catalina.core.ApplicationFilterChain.doFilter(ApplicationFilterChain.java:166) ~[tomcat-embed-core-8.5.29.jar:8.5.29]
	at org.apache.tomcat.websocket.server.WsFilter.doFilter(WsFilter.java:52) ~[tomcat-embed-websocket-8.5.29.jar:8.5.29]
	at org.apache.catalina.core.ApplicationFilterChain.internalDoFilter(ApplicationFilterChain.java:193) ~[tomcat-embed-core-8.5.29.jar:8.5.29]
	at org.apache.catalina.core.ApplicationFilterChain.doFilter(ApplicationFilterChain.java:166) ~[tomcat-embed-core-8.5.29.jar:8.5.29]
	at org.springframework.web.filter.RequestContextFilter.doFilterInternal(RequestContextFilter.java:99) ~[spring-web-4.3.16.RELEASE.jar:4.3.16.RELEASE]
	at org.springframework.web.filter.OncePerRequestFilter.doFilter(OncePerRequestFilter.java:107) ~[spring-web-4.3.16.RELEASE.jar:4.3.16.RELEASE]
	at org.apache.catalina.core.ApplicationFilterChain.internalDoFilter(ApplicationFilterChain.java:193) ~[tomcat-embed-core-8.5.29.jar:8.5.29]
	at org.apache.catalina.core.ApplicationFilterChain.doFilter(ApplicationFilterChain.java:166) ~[tomcat-embed-core-8.5.29.jar:8.5.29]
	at org.springframework.web.filter.HttpPutFormContentFilter.doFilterInternal(HttpPutFormContentFilter.java:109) ~[spring-web-4.3.16.RELEASE.jar:4.3.16.RELEASE]
	at org.springframework.web.filter.OncePerRequestFilter.doFilter(OncePerRequestFilter.java:107) ~[spring-web-4.3.16.RELEASE.jar:4.3.16.RELEASE]
	at org.apache.catalina.core.ApplicationFilterChain.internalDoFilter(ApplicationFilterChain.java:193) ~[tomcat-embed-core-8.5.29.jar:8.5.29]
	at org.apache.catalina.core.ApplicationFilterChain.doFilter(ApplicationFilterChain.java:166) ~[tomcat-embed-core-8.5.29.jar:8.5.29]
	at org.springframework.web.filter.HiddenHttpMethodFilter.doFilterInternal(HiddenHttpMethodFilter.java:81) ~[spring-web-4.3.16.RELEASE.jar:4.3.16.RELEASE]
	at org.springframework.web.filter.OncePerRequestFilter.doFilter(OncePerRequestFilter.java:107) ~[spring-web-4.3.16.RELEASE.jar:4.3.16.RELEASE]
	at org.apache.catalina.core.ApplicationFilterChain.internalDoFilter(ApplicationFilterChain.java:193) ~[tomcat-embed-core-8.5.29.jar:8.5.29]
	at org.apache.catalina.core.ApplicationFilterChain.doFilter(ApplicationFilterChain.java:166) ~[tomcat-embed-core-8.5.29.jar:8.5.29]
	at org.springframework.web.filter.CharacterEncodingFilter.doFilterInternal(CharacterEncodingFilter.java:197) ~[spring-web-4.3.16.RELEASE.jar:4.3.16.RELEASE]
	at org.springframework.web.filter.OncePerRequestFilter.doFilter(OncePerRequestFilter.java:107) ~[spring-web-4.3.16.RELEASE.jar:4.3.16.RELEASE]
	at org.apache.catalina.core.ApplicationFilterChain.internalDoFilter(ApplicationFilterChain.java:193) ~[tomcat-embed-core-8.5.29.jar:8.5.29]
	at org.apache.catalina.core.ApplicationFilterChain.doFilter(ApplicationFilterChain.java:166) ~[tomcat-embed-core-8.5.29.jar:8.5.29]
	at org.apache.catalina.core.StandardWrapperValve.invoke(StandardWrapperValve.java:198) ~[tomcat-embed-core-8.5.29.jar:8.5.29]
	at org.apache.catalina.core.StandardContextValve.invoke(StandardContextValve.java:96) [tomcat-embed-core-8.5.29.jar:8.5.29]
	at org.apache.catalina.authenticator.AuthenticatorBase.invoke(AuthenticatorBase.java:496) [tomcat-embed-core-8.5.29.jar:8.5.29]
	at org.apache.catalina.core.StandardHostValve.invoke(StandardHostValve.java:140) [tomcat-embed-core-8.5.29.jar:8.5.29]
	at org.apache.catalina.valves.ErrorReportValve.invoke(ErrorReportValve.java:81) [tomcat-embed-core-8.5.29.jar:8.5.29]
	at org.apache.catalina.core.StandardEngineValve.invoke(StandardEngineValve.java:87) [tomcat-embed-core-8.5.29.jar:8.5.29]
	at org.apache.catalina.connector.CoyoteAdapter.service(CoyoteAdapter.java:342) [tomcat-embed-core-8.5.29.jar:8.5.29]
	at org.apache.coyote.http11.Http11Processor.service(Http11Processor.java:803) [tomcat-embed-core-8.5.29.jar:8.5.29]
	at org.apache.coyote.AbstractProcessorLight.process(AbstractProcessorLight.java:66) [tomcat-embed-core-8.5.29.jar:8.5.29]
	at org.apache.coyote.AbstractProtocol$ConnectionHandler.process(AbstractProtocol.java:790) [tomcat-embed-core-8.5.29.jar:8.5.29]
	at org.apache.tomcat.util.net.NioEndpoint$SocketProcessor.doRun(NioEndpoint.java:1459) [tomcat-embed-core-8.5.29.jar:8.5.29]
	at org.apache.tomcat.util.net.SocketProcessorBase.run(SocketProcessorBase.java:49) [tomcat-embed-core-8.5.29.jar:8.5.29]
	at java.util.concurrent.ThreadPoolExecutor.runWorker(ThreadPoolExecutor.java:1145) [na:1.7.0_80]
	at java.util.concurrent.ThreadPoolExecutor$Worker.run(ThreadPoolExecutor.java:615) [na:1.7.0_80]
	at org.apache.tomcat.util.threads.TaskThread$WrappingRunnable.run(TaskThread.java:61) [tomcat-embed-core-8.5.29.jar:8.5.29]
	at java.lang.Thread.run(Thread.java:745) [na:1.7.0_80]

2018-06-18 09:00:21.370  INFO 22912 --- [http-nio-8080-exec-2] b.c.dbintegrationapi.dao.IntegrationDao  : Executing query:
2018-06-18 09:00:21.371  INFO 22912 --- [http-nio-8080-exec-2] b.c.dbintegrationapi.dao.IntegrationDao  : null:ritz:root
2018-06-18 09:00:21.371  INFO 22912 --- [http-nio-8080-exec-2] b.c.dbintegrationapi.dao.IntegrationDao  : SELECT * FROM vendedor WHERE empresa_id = 51
2018-06-18 09:00:22.496 ERROR 22912 --- [http-nio-8080-exec-2] o.a.c.c.C.[.[.[/].[dispatcherServlet]    : Servlet.service() for servlet [dispatcherServlet] in context with path [] threw exception [Request processing failed; nested exception is java.lang.RuntimeException: Problemas ao recuperar a lista de vendedores. [MySQL][ODBC 8.0(a) Driver]Access denied for user 'root'@'localhost' (using password: YES)] with root cause

java.sql.SQLException: [MySQL][ODBC 8.0(a) Driver]Access denied for user 'root'@'localhost' (using password: YES)
	at sun.jdbc.odbc.JdbcOdbc.createSQLException(JdbcOdbc.java:6964) ~[na:1.7.0_80]
	at sun.jdbc.odbc.JdbcOdbc.standardError(JdbcOdbc.java:7121) ~[na:1.7.0_80]
	at sun.jdbc.odbc.JdbcOdbc.SQLDriverConnect(JdbcOdbc.java:3080) ~[na:1.7.0_80]
	at sun.jdbc.odbc.JdbcOdbcConnection.initialize(JdbcOdbcConnection.java:323) ~[na:1.7.0_80]
	at sun.jdbc.odbc.JdbcOdbcDriver.connect(JdbcOdbcDriver.java:174) ~[na:1.7.0_80]
	at java.sql.DriverManager.getConnection(DriverManager.java:571) ~[na:1.7.0_80]
	at java.sql.DriverManager.getConnection(DriverManager.java:215) ~[na:1.7.0_80]
	at br.com.dbintegrationapi.dao.Dao.getConnection(Dao.java:60) ~[classes/:na]
	at br.com.dbintegrationapi.dao.IntegrationDao.listSalesman(IntegrationDao.java:148) ~[classes/:na]
	at br.com.dbintegrationapi.resource.ObjectResource.salesman(ObjectResource.java:29) ~[classes/:na]
	at sun.reflect.NativeMethodAccessorImpl.invoke0(Native Method) ~[na:1.7.0_80]
	at sun.reflect.NativeMethodAccessorImpl.invoke(NativeMethodAccessorImpl.java:57) ~[na:1.7.0_80]
	at sun.reflect.DelegatingMethodAccessorImpl.invoke(DelegatingMethodAccessorImpl.java:43) ~[na:1.7.0_80]
	at java.lang.reflect.Method.invoke(Method.java:606) ~[na:1.7.0_80]
	at org.springframework.web.method.support.InvocableHandlerMethod.doInvoke(InvocableHandlerMethod.java:205) ~[spring-web-4.3.16.RELEASE.jar:4.3.16.RELEASE]
	at org.springframework.web.method.support.InvocableHandlerMethod.invokeForRequest(InvocableHandlerMethod.java:133) ~[spring-web-4.3.16.RELEASE.jar:4.3.16.RELEASE]
	at org.springframework.web.servlet.mvc.method.annotation.ServletInvocableHandlerMethod.invokeAndHandle(ServletInvocableHandlerMethod.java:97) ~[spring-webmvc-4.3.16.RELEASE.jar:4.3.16.RELEASE]
	at org.springframework.web.servlet.mvc.method.annotation.RequestMappingHandlerAdapter.invokeHandlerMethod(RequestMappingHandlerAdapter.java:827) ~[spring-webmvc-4.3.16.RELEASE.jar:4.3.16.RELEASE]
	at org.springframework.web.servlet.mvc.method.annotation.RequestMappingHandlerAdapter.handleInternal(RequestMappingHandlerAdapter.java:738) ~[spring-webmvc-4.3.16.RELEASE.jar:4.3.16.RELEASE]
	at org.springframework.web.servlet.mvc.method.AbstractHandlerMethodAdapter.handle(AbstractHandlerMethodAdapter.java:85) ~[spring-webmvc-4.3.16.RELEASE.jar:4.3.16.RELEASE]
	at org.springframework.web.servlet.DispatcherServlet.doDispatch(DispatcherServlet.java:967) ~[spring-webmvc-4.3.16.RELEASE.jar:4.3.16.RELEASE]
	at org.springframework.web.servlet.DispatcherServlet.doService(DispatcherServlet.java:901) ~[spring-webmvc-4.3.16.RELEASE.jar:4.3.16.RELEASE]
	at org.springframework.web.servlet.FrameworkServlet.processRequest(FrameworkServlet.java:970) ~[spring-webmvc-4.3.16.RELEASE.jar:4.3.16.RELEASE]
	at org.springframework.web.servlet.FrameworkServlet.doPost(FrameworkServlet.java:872) ~[spring-webmvc-4.3.16.RELEASE.jar:4.3.16.RELEASE]
	at javax.servlet.http.HttpServlet.service(HttpServlet.java:661) ~[tomcat-embed-core-8.5.29.jar:8.5.29]
	at org.springframework.web.servlet.FrameworkServlet.service(FrameworkServlet.java:846) ~[spring-webmvc-4.3.16.RELEASE.jar:4.3.16.RELEASE]
	at javax.servlet.http.HttpServlet.service(HttpServlet.java:742) ~[tomcat-embed-core-8.5.29.jar:8.5.29]
	at org.apache.catalina.core.ApplicationFilterChain.internalDoFilter(ApplicationFilterChain.java:231) ~[tomcat-embed-core-8.5.29.jar:8.5.29]
	at org.apache.catalina.core.ApplicationFilterChain.doFilter(ApplicationFilterChain.java:166) ~[tomcat-embed-core-8.5.29.jar:8.5.29]
	at org.apache.tomcat.websocket.server.WsFilter.doFilter(WsFilter.java:52) ~[tomcat-embed-websocket-8.5.29.jar:8.5.29]
	at org.apache.catalina.core.ApplicationFilterChain.internalDoFilter(ApplicationFilterChain.java:193) ~[tomcat-embed-core-8.5.29.jar:8.5.29]
	at org.apache.catalina.core.ApplicationFilterChain.doFilter(ApplicationFilterChain.java:166) ~[tomcat-embed-core-8.5.29.jar:8.5.29]
	at org.springframework.web.filter.RequestContextFilter.doFilterInternal(RequestContextFilter.java:99) ~[spring-web-4.3.16.RELEASE.jar:4.3.16.RELEASE]
	at org.springframework.web.filter.OncePerRequestFilter.doFilter(OncePerRequestFilter.java:107) ~[spring-web-4.3.16.RELEASE.jar:4.3.16.RELEASE]
	at org.apache.catalina.core.ApplicationFilterChain.internalDoFilter(ApplicationFilterChain.java:193) ~[tomcat-embed-core-8.5.29.jar:8.5.29]
	at org.apache.catalina.core.ApplicationFilterChain.doFilter(ApplicationFilterChain.java:166) ~[tomcat-embed-core-8.5.29.jar:8.5.29]
	at org.springframework.web.filter.HttpPutFormContentFilter.doFilterInternal(HttpPutFormContentFilter.java:109) ~[spring-web-4.3.16.RELEASE.jar:4.3.16.RELEASE]
	at org.springframework.web.filter.OncePerRequestFilter.doFilter(OncePerRequestFilter.java:107) ~[spring-web-4.3.16.RELEASE.jar:4.3.16.RELEASE]
	at org.apache.catalina.core.ApplicationFilterChain.internalDoFilter(ApplicationFilterChain.java:193) ~[tomcat-embed-core-8.5.29.jar:8.5.29]
	at org.apache.catalina.core.ApplicationFilterChain.doFilter(ApplicationFilterChain.java:166) ~[tomcat-embed-core-8.5.29.jar:8.5.29]
	at org.springframework.web.filter.HiddenHttpMethodFilter.doFilterInternal(HiddenHttpMethodFilter.java:81) ~[spring-web-4.3.16.RELEASE.jar:4.3.16.RELEASE]
	at org.springframework.web.filter.OncePerRequestFilter.doFilter(OncePerRequestFilter.java:107) ~[spring-web-4.3.16.RELEASE.jar:4.3.16.RELEASE]
	at org.apache.catalina.core.ApplicationFilterChain.internalDoFilter(ApplicationFilterChain.java:193) ~[tomcat-embed-core-8.5.29.jar:8.5.29]
	at org.apache.catalina.core.ApplicationFilterChain.doFilter(ApplicationFilterChain.java:166) ~[tomcat-embed-core-8.5.29.jar:8.5.29]
	at org.springframework.web.filter.CharacterEncodingFilter.doFilterInternal(CharacterEncodingFilter.java:197) ~[spring-web-4.3.16.RELEASE.jar:4.3.16.RELEASE]
	at org.springframework.web.filter.OncePerRequestFilter.doFilter(OncePerRequestFilter.java:107) ~[spring-web-4.3.16.RELEASE.jar:4.3.16.RELEASE]
	at org.apache.catalina.core.ApplicationFilterChain.internalDoFilter(ApplicationFilterChain.java:193) ~[tomcat-embed-core-8.5.29.jar:8.5.29]
	at org.apache.catalina.core.ApplicationFilterChain.doFilter(ApplicationFilterChain.java:166) ~[tomcat-embed-core-8.5.29.jar:8.5.29]
	at org.apache.catalina.core.StandardWrapperValve.invoke(StandardWrapperValve.java:198) ~[tomcat-embed-core-8.5.29.jar:8.5.29]
	at org.apache.catalina.core.StandardContextValve.invoke(StandardContextValve.java:96) [tomcat-embed-core-8.5.29.jar:8.5.29]
	at org.apache.catalina.authenticator.AuthenticatorBase.invoke(AuthenticatorBase.java:496) [tomcat-embed-core-8.5.29.jar:8.5.29]
	at org.apache.catalina.core.StandardHostValve.invoke(StandardHostValve.java:140) [tomcat-embed-core-8.5.29.jar:8.5.29]
	at org.apache.catalina.valves.ErrorReportValve.invoke(ErrorReportValve.java:81) [tomcat-embed-core-8.5.29.jar:8.5.29]
	at org.apache.catalina.core.StandardEngineValve.invoke(StandardEngineValve.java:87) [tomcat-embed-core-8.5.29.jar:8.5.29]
	at org.apache.catalina.connector.CoyoteAdapter.service(CoyoteAdapter.java:342) [tomcat-embed-core-8.5.29.jar:8.5.29]
	at org.apache.coyote.http11.Http11Processor.service(Http11Processor.java:803) [tomcat-embed-core-8.5.29.jar:8.5.29]
	at org.apache.coyote.AbstractProcessorLight.process(AbstractProcessorLight.java:66) [tomcat-embed-core-8.5.29.jar:8.5.29]
	at org.apache.coyote.AbstractProtocol$ConnectionHandler.process(AbstractProtocol.java:790) [tomcat-embed-core-8.5.29.jar:8.5.29]
	at org.apache.tomcat.util.net.NioEndpoint$SocketProcessor.doRun(NioEndpoint.java:1459) [tomcat-embed-core-8.5.29.jar:8.5.29]
	at org.apache.tomcat.util.net.SocketProcessorBase.run(SocketProcessorBase.java:49) [tomcat-embed-core-8.5.29.jar:8.5.29]
	at java.util.concurrent.ThreadPoolExecutor.runWorker(ThreadPoolExecutor.java:1145) [na:1.7.0_80]
	at java.util.concurrent.ThreadPoolExecutor$Worker.run(ThreadPoolExecutor.java:615) [na:1.7.0_80]
	at org.apache.tomcat.util.threads.TaskThread$WrappingRunnable.run(TaskThread.java:61) [tomcat-embed-core-8.5.29.jar:8.5.29]
	at java.lang.Thread.run(Thread.java:745) [na:1.7.0_80]

2018-06-18 09:02:31.958  INFO 22912 --- [http-nio-8080-exec-3] b.c.dbintegrationapi.dao.IntegrationDao  : Executing query:
2018-06-18 09:02:31.958  INFO 22912 --- [http-nio-8080-exec-3] b.c.dbintegrationapi.dao.IntegrationDao  : null:ritz:root
2018-06-18 09:02:31.958  INFO 22912 --- [http-nio-8080-exec-3] b.c.dbintegrationapi.dao.IntegrationDao  : SELECT * FROM vendedor WHERE empresa_id = 51
2018-06-18 09:02:33.078 ERROR 22912 --- [http-nio-8080-exec-3] o.a.c.c.C.[.[.[/].[dispatcherServlet]    : Servlet.service() for servlet [dispatcherServlet] in context with path [] threw exception [Request processing failed; nested exception is java.lang.RuntimeException: Problemas ao recuperar a lista de vendedores. [MySQL][ODBC 8.0(a) Driver][mysqld-8.0.11]Table 'ritz.vendedor' doesn't exist] with root cause

java.sql.SQLException: [MySQL][ODBC 8.0(a) Driver][mysqld-8.0.11]Table 'ritz.vendedor' doesn't exist
	at sun.jdbc.odbc.JdbcOdbc.createSQLException(JdbcOdbc.java:6964) ~[na:1.7.0_80]
	at sun.jdbc.odbc.JdbcOdbc.standardError(JdbcOdbc.java:7121) ~[na:1.7.0_80]
	at sun.jdbc.odbc.JdbcOdbc.SQLExecDirect(JdbcOdbc.java:3117) ~[na:1.7.0_80]
	at sun.jdbc.odbc.JdbcOdbcStatement.execute(JdbcOdbcStatement.java:337) ~[na:1.7.0_80]
	at sun.jdbc.odbc.JdbcOdbcStatement.executeQuery(JdbcOdbcStatement.java:252) ~[na:1.7.0_80]
	at br.com.dbintegrationapi.dao.IntegrationDao.listSalesman(IntegrationDao.java:151) ~[classes/:na]
	at br.com.dbintegrationapi.resource.ObjectResource.salesman(ObjectResource.java:29) ~[classes/:na]
	at sun.reflect.NativeMethodAccessorImpl.invoke0(Native Method) ~[na:1.7.0_80]
	at sun.reflect.NativeMethodAccessorImpl.invoke(NativeMethodAccessorImpl.java:57) ~[na:1.7.0_80]
	at sun.reflect.DelegatingMethodAccessorImpl.invoke(DelegatingMethodAccessorImpl.java:43) ~[na:1.7.0_80]
	at java.lang.reflect.Method.invoke(Method.java:606) ~[na:1.7.0_80]
	at org.springframework.web.method.support.InvocableHandlerMethod.doInvoke(InvocableHandlerMethod.java:205) ~[spring-web-4.3.16.RELEASE.jar:4.3.16.RELEASE]
	at org.springframework.web.method.support.InvocableHandlerMethod.invokeForRequest(InvocableHandlerMethod.java:133) ~[spring-web-4.3.16.RELEASE.jar:4.3.16.RELEASE]
	at org.springframework.web.servlet.mvc.method.annotation.ServletInvocableHandlerMethod.invokeAndHandle(ServletInvocableHandlerMethod.java:97) ~[spring-webmvc-4.3.16.RELEASE.jar:4.3.16.RELEASE]
	at org.springframework.web.servlet.mvc.method.annotation.RequestMappingHandlerAdapter.invokeHandlerMethod(RequestMappingHandlerAdapter.java:827) ~[spring-webmvc-4.3.16.RELEASE.jar:4.3.16.RELEASE]
	at org.springframework.web.servlet.mvc.method.annotation.RequestMappingHandlerAdapter.handleInternal(RequestMappingHandlerAdapter.java:738) ~[spring-webmvc-4.3.16.RELEASE.jar:4.3.16.RELEASE]
	at org.springframework.web.servlet.mvc.method.AbstractHandlerMethodAdapter.handle(AbstractHandlerMethodAdapter.java:85) ~[spring-webmvc-4.3.16.RELEASE.jar:4.3.16.RELEASE]
	at org.springframework.web.servlet.DispatcherServlet.doDispatch(DispatcherServlet.java:967) ~[spring-webmvc-4.3.16.RELEASE.jar:4.3.16.RELEASE]
	at org.springframework.web.servlet.DispatcherServlet.doService(DispatcherServlet.java:901) ~[spring-webmvc-4.3.16.RELEASE.jar:4.3.16.RELEASE]
	at org.springframework.web.servlet.FrameworkServlet.processRequest(FrameworkServlet.java:970) ~[spring-webmvc-4.3.16.RELEASE.jar:4.3.16.RELEASE]
	at org.springframework.web.servlet.FrameworkServlet.doPost(FrameworkServlet.java:872) ~[spring-webmvc-4.3.16.RELEASE.jar:4.3.16.RELEASE]
	at javax.servlet.http.HttpServlet.service(HttpServlet.java:661) ~[tomcat-embed-core-8.5.29.jar:8.5.29]
	at org.springframework.web.servlet.FrameworkServlet.service(FrameworkServlet.java:846) ~[spring-webmvc-4.3.16.RELEASE.jar:4.3.16.RELEASE]
	at javax.servlet.http.HttpServlet.service(HttpServlet.java:742) ~[tomcat-embed-core-8.5.29.jar:8.5.29]
	at org.apache.catalina.core.ApplicationFilterChain.internalDoFilter(ApplicationFilterChain.java:231) ~[tomcat-embed-core-8.5.29.jar:8.5.29]
	at org.apache.catalina.core.ApplicationFilterChain.doFilter(ApplicationFilterChain.java:166) ~[tomcat-embed-core-8.5.29.jar:8.5.29]
	at org.apache.tomcat.websocket.server.WsFilter.doFilter(WsFilter.java:52) ~[tomcat-embed-websocket-8.5.29.jar:8.5.29]
	at org.apache.catalina.core.ApplicationFilterChain.internalDoFilter(ApplicationFilterChain.java:193) ~[tomcat-embed-core-8.5.29.jar:8.5.29]
	at org.apache.catalina.core.ApplicationFilterChain.doFilter(ApplicationFilterChain.java:166) ~[tomcat-embed-core-8.5.29.jar:8.5.29]
	at org.springframework.web.filter.RequestContextFilter.doFilterInternal(RequestContextFilter.java:99) ~[spring-web-4.3.16.RELEASE.jar:4.3.16.RELEASE]
	at org.springframework.web.filter.OncePerRequestFilter.doFilter(OncePerRequestFilter.java:107) ~[spring-web-4.3.16.RELEASE.jar:4.3.16.RELEASE]
	at org.apache.catalina.core.ApplicationFilterChain.internalDoFilter(ApplicationFilterChain.java:193) ~[tomcat-embed-core-8.5.29.jar:8.5.29]
	at org.apache.catalina.core.ApplicationFilterChain.doFilter(ApplicationFilterChain.java:166) ~[tomcat-embed-core-8.5.29.jar:8.5.29]
	at org.springframework.web.filter.HttpPutFormContentFilter.doFilterInternal(HttpPutFormContentFilter.java:109) ~[spring-web-4.3.16.RELEASE.jar:4.3.16.RELEASE]
	at org.springframework.web.filter.OncePerRequestFilter.doFilter(OncePerRequestFilter.java:107) ~[spring-web-4.3.16.RELEASE.jar:4.3.16.RELEASE]
	at org.apache.catalina.core.ApplicationFilterChain.internalDoFilter(ApplicationFilterChain.java:193) ~[tomcat-embed-core-8.5.29.jar:8.5.29]
	at org.apache.catalina.core.ApplicationFilterChain.doFilter(ApplicationFilterChain.java:166) ~[tomcat-embed-core-8.5.29.jar:8.5.29]
	at org.springframework.web.filter.HiddenHttpMethodFilter.doFilterInternal(HiddenHttpMethodFilter.java:81) ~[spring-web-4.3.16.RELEASE.jar:4.3.16.RELEASE]
	at org.springframework.web.filter.OncePerRequestFilter.doFilter(OncePerRequestFilter.java:107) ~[spring-web-4.3.16.RELEASE.jar:4.3.16.RELEASE]
	at org.apache.catalina.core.ApplicationFilterChain.internalDoFilter(ApplicationFilterChain.java:193) ~[tomcat-embed-core-8.5.29.jar:8.5.29]
	at org.apache.catalina.core.ApplicationFilterChain.doFilter(ApplicationFilterChain.java:166) ~[tomcat-embed-core-8.5.29.jar:8.5.29]
	at org.springframework.web.filter.CharacterEncodingFilter.doFilterInternal(CharacterEncodingFilter.java:197) ~[spring-web-4.3.16.RELEASE.jar:4.3.16.RELEASE]
	at org.springframework.web.filter.OncePerRequestFilter.doFilter(OncePerRequestFilter.java:107) ~[spring-web-4.3.16.RELEASE.jar:4.3.16.RELEASE]
	at org.apache.catalina.core.ApplicationFilterChain.internalDoFilter(ApplicationFilterChain.java:193) ~[tomcat-embed-core-8.5.29.jar:8.5.29]
	at org.apache.catalina.core.ApplicationFilterChain.doFilter(ApplicationFilterChain.java:166) ~[tomcat-embed-core-8.5.29.jar:8.5.29]
	at org.apache.catalina.core.StandardWrapperValve.invoke(StandardWrapperValve.java:198) ~[tomcat-embed-core-8.5.29.jar:8.5.29]
	at org.apache.catalina.core.StandardContextValve.invoke(StandardContextValve.java:96) [tomcat-embed-core-8.5.29.jar:8.5.29]
	at org.apache.catalina.authenticator.AuthenticatorBase.invoke(AuthenticatorBase.java:496) [tomcat-embed-core-8.5.29.jar:8.5.29]
	at org.apache.catalina.core.StandardHostValve.invoke(StandardHostValve.java:140) [tomcat-embed-core-8.5.29.jar:8.5.29]
	at org.apache.catalina.valves.ErrorReportValve.invoke(ErrorReportValve.java:81) [tomcat-embed-core-8.5.29.jar:8.5.29]
	at org.apache.catalina.core.StandardEngineValve.invoke(StandardEngineValve.java:87) [tomcat-embed-core-8.5.29.jar:8.5.29]
	at org.apache.catalina.connector.CoyoteAdapter.service(CoyoteAdapter.java:342) [tomcat-embed-core-8.5.29.jar:8.5.29]
	at org.apache.coyote.http11.Http11Processor.service(Http11Processor.java:803) [tomcat-embed-core-8.5.29.jar:8.5.29]
	at org.apache.coyote.AbstractProcessorLight.process(AbstractProcessorLight.java:66) [tomcat-embed-core-8.5.29.jar:8.5.29]
	at org.apache.coyote.AbstractProtocol$ConnectionHandler.process(AbstractProtocol.java:790) [tomcat-embed-core-8.5.29.jar:8.5.29]
	at org.apache.tomcat.util.net.NioEndpoint$SocketProcessor.doRun(NioEndpoint.java:1459) [tomcat-embed-core-8.5.29.jar:8.5.29]
	at org.apache.tomcat.util.net.SocketProcessorBase.run(SocketProcessorBase.java:49) [tomcat-embed-core-8.5.29.jar:8.5.29]
	at java.util.concurrent.ThreadPoolExecutor.runWorker(ThreadPoolExecutor.java:1145) [na:1.7.0_80]
	at java.util.concurrent.ThreadPoolExecutor$Worker.run(ThreadPoolExecutor.java:615) [na:1.7.0_80]
	at org.apache.tomcat.util.threads.TaskThread$WrappingRunnable.run(TaskThread.java:61) [tomcat-embed-core-8.5.29.jar:8.5.29]
	at java.lang.Thread.run(Thread.java:745) [na:1.7.0_80]

2018-06-18 10:09:42.803  INFO 22912 --- [Thread-6] ationConfigEmbeddedWebApplicationContext : Closing org.springframework.boot.context.embedded.AnnotationConfigEmbeddedWebApplicationContext@d05da96: startup date [Mon Jun 18 08:57:25 BRT 2018]; root of context hierarchy
2018-06-18 10:09:42.845  INFO 22912 --- [Thread-6] o.s.j.e.a.AnnotationMBeanExporter        : Unregistering JMX-exposed beans on shutdown
2018-06-18 10:09:43.404  INFO 22912 --- [restartedMain] b.c.d.WdbintegrationApiApplication       : Starting WdbintegrationApiApplication on UDI-H6SGQM2 with PID 22912 (C:\Everis\workspace\stsbundle\wdbintegration-api\target\classes started by wborgesa in C:\Everis\workspace\stsbundle\wdbintegration-api)
2018-06-18 10:09:43.405  INFO 22912 --- [restartedMain] b.c.d.WdbintegrationApiApplication       : No active profile set, falling back to default profiles: default
2018-06-18 10:09:43.410  INFO 22912 --- [restartedMain] ationConfigEmbeddedWebApplicationContext : Refreshing org.springframework.boot.context.embedded.AnnotationConfigEmbeddedWebApplicationContext@6371ea0c: startup date [Mon Jun 18 10:09:43 BRT 2018]; root of context hierarchy
2018-06-18 10:09:44.070  INFO 22912 --- [restartedMain] s.b.c.e.t.TomcatEmbeddedServletContainer : Tomcat initialized with port(s): 8080 (http)
2018-06-18 10:09:44.071  INFO 22912 --- [restartedMain] o.apache.catalina.core.StandardService   : Starting service [Tomcat]
2018-06-18 10:09:44.071  INFO 22912 --- [restartedMain] org.apache.catalina.core.StandardEngine  : Starting Servlet Engine: Apache Tomcat/8.5.29
2018-06-18 10:09:44.097  INFO 22912 --- [localhost-startStop-1] o.a.c.c.C.[Tomcat].[localhost].[/]       : Initializing Spring embedded WebApplicationContext
2018-06-18 10:09:44.098  INFO 22912 --- [localhost-startStop-1] o.s.web.context.ContextLoader            : Root WebApplicationContext: initialization completed in 688 ms
2018-06-18 10:09:44.149  INFO 22912 --- [localhost-startStop-1] o.s.b.w.servlet.ServletRegistrationBean  : Mapping servlet: 'dispatcherServlet' to [/]
2018-06-18 10:09:44.149  INFO 22912 --- [localhost-startStop-1] o.s.b.w.servlet.FilterRegistrationBean   : Mapping filter: 'characterEncodingFilter' to: [/*]
2018-06-18 10:09:44.149  INFO 22912 --- [localhost-startStop-1] o.s.b.w.servlet.FilterRegistrationBean   : Mapping filter: 'hiddenHttpMethodFilter' to: [/*]
2018-06-18 10:09:44.150  INFO 22912 --- [localhost-startStop-1] o.s.b.w.servlet.FilterRegistrationBean   : Mapping filter: 'httpPutFormContentFilter' to: [/*]
2018-06-18 10:09:44.150  INFO 22912 --- [localhost-startStop-1] o.s.b.w.servlet.FilterRegistrationBean   : Mapping filter: 'requestContextFilter' to: [/*]
2018-06-18 10:09:44.283  INFO 22912 --- [restartedMain] s.w.s.m.m.a.RequestMappingHandlerAdapter : Looking for @ControllerAdvice: org.springframework.boot.context.embedded.AnnotationConfigEmbeddedWebApplicationContext@6371ea0c: startup date [Mon Jun 18 10:09:43 BRT 2018]; root of context hierarchy
2018-06-18 10:09:44.295  INFO 22912 --- [restartedMain] s.w.s.m.m.a.RequestMappingHandlerMapping : Mapped "{[/object/salesman],methods=[POST]}" onto public java.util.List<br.com.library.wlibrary.att.Salesman> br.com.dbintegrationapi.resource.ObjectResource.salesman(br.com.library.wlibrary.core.DataQuery)
2018-06-18 10:09:44.296  INFO 22912 --- [restartedMain] s.w.s.m.m.a.RequestMappingHandlerMapping : Mapped "{[/object/payment],methods=[POST]}" onto public org.springframework.http.ResponseEntity<?> br.com.dbintegrationapi.resource.ObjectResource.payment(br.com.library.wlibrary.core.DataQuery)
2018-06-18 10:09:44.296  INFO 22912 --- [restartedMain] s.w.s.m.m.a.RequestMappingHandlerMapping : Mapped "{[/object/supplier],methods=[POST]}" onto public java.util.List<br.com.library.wlibrary.att.Supplier> br.com.dbintegrationapi.resource.ObjectResource.supplier(br.com.library.wlibrary.core.DataQuery)
2018-06-18 10:09:44.298  INFO 22912 --- [restartedMain] s.w.s.m.m.a.RequestMappingHandlerMapping : Mapped "{[/error]}" onto public org.springframework.http.ResponseEntity<java.util.Map<java.lang.String, java.lang.Object>> org.springframework.boot.autoconfigure.web.BasicErrorController.error(javax.servlet.http.HttpServletRequest)
2018-06-18 10:09:44.299  INFO 22912 --- [restartedMain] s.w.s.m.m.a.RequestMappingHandlerMapping : Mapped "{[/error],produces=[text/html]}" onto public org.springframework.web.servlet.ModelAndView org.springframework.boot.autoconfigure.web.BasicErrorController.errorHtml(javax.servlet.http.HttpServletRequest,javax.servlet.http.HttpServletResponse)
2018-06-18 10:09:44.307  INFO 22912 --- [restartedMain] o.s.w.s.handler.SimpleUrlHandlerMapping  : Mapped URL path [/webjars/**] onto handler of type [class org.springframework.web.servlet.resource.ResourceHttpRequestHandler]
2018-06-18 10:09:44.307  INFO 22912 --- [restartedMain] o.s.w.s.handler.SimpleUrlHandlerMapping  : Mapped URL path [/**] onto handler of type [class org.springframework.web.servlet.resource.ResourceHttpRequestHandler]
2018-06-18 10:09:44.322  INFO 22912 --- [restartedMain] o.s.w.s.handler.SimpleUrlHandlerMapping  : Mapped URL path [/**/favicon.ico] onto handler of type [class org.springframework.web.servlet.resource.ResourceHttpRequestHandler]
2018-06-18 10:09:44.366  INFO 22912 --- [restartedMain] o.s.b.d.a.OptionalLiveReloadServer       : LiveReload server is running on port 35729
2018-06-18 10:09:44.422  INFO 22912 --- [restartedMain] o.s.j.e.a.AnnotationMBeanExporter        : Registering beans for JMX exposure on startup
2018-06-18 10:09:44.436  INFO 22912 --- [restartedMain] s.b.c.e.t.TomcatEmbeddedServletContainer : Tomcat started on port(s): 8080 (http)
2018-06-18 10:09:44.440  INFO 22912 --- [restartedMain] b.c.d.WdbintegrationApiApplication       : Started WdbintegrationApiApplication in 1.098 seconds (JVM running for 4340.119)
2018-06-18 10:10:33.606  INFO 22912 --- [Thread-10] ationConfigEmbeddedWebApplicationContext : Closing org.springframework.boot.context.embedded.AnnotationConfigEmbeddedWebApplicationContext@6371ea0c: startup date [Mon Jun 18 10:09:43 BRT 2018]; root of context hierarchy
2018-06-18 10:10:33.613  INFO 22912 --- [Thread-10] o.s.j.e.a.AnnotationMBeanExporter        : Unregistering JMX-exposed beans on shutdown
2018-06-18 10:10:34.003  INFO 22912 --- [restartedMain] b.c.d.WdbintegrationApiApplication       : Starting WdbintegrationApiApplication on UDI-H6SGQM2 with PID 22912 (C:\Everis\workspace\stsbundle\wdbintegration-api\target\classes started by wborgesa in C:\Everis\workspace\stsbundle\wdbintegration-api)
2018-06-18 10:10:34.004  INFO 22912 --- [restartedMain] b.c.d.WdbintegrationApiApplication       : No active profile set, falling back to default profiles: default
2018-06-18 10:10:34.006  INFO 22912 --- [restartedMain] ationConfigEmbeddedWebApplicationContext : Refreshing org.springframework.boot.context.embedded.AnnotationConfigEmbeddedWebApplicationContext@5887b9fa: startup date [Mon Jun 18 10:10:34 BRT 2018]; root of context hierarchy
2018-06-18 10:10:34.487  INFO 22912 --- [restartedMain] s.b.c.e.t.TomcatEmbeddedServletContainer : Tomcat initialized with port(s): 8080 (http)
2018-06-18 10:10:34.488  INFO 22912 --- [restartedMain] o.apache.catalina.core.StandardService   : Starting service [Tomcat]
2018-06-18 10:10:34.488  INFO 22912 --- [restartedMain] org.apache.catalina.core.StandardEngine  : Starting Servlet Engine: Apache Tomcat/8.5.29
2018-06-18 10:10:34.504  INFO 22912 --- [localhost-startStop-1] o.a.c.c.C.[Tomcat].[localhost].[/]       : Initializing Spring embedded WebApplicationContext
2018-06-18 10:10:34.504  INFO 22912 --- [localhost-startStop-1] o.s.web.context.ContextLoader            : Root WebApplicationContext: initialization completed in 498 ms
2018-06-18 10:10:34.529  INFO 22912 --- [localhost-startStop-1] o.s.b.w.servlet.ServletRegistrationBean  : Mapping servlet: 'dispatcherServlet' to [/]
2018-06-18 10:10:34.530  INFO 22912 --- [localhost-startStop-1] o.s.b.w.servlet.FilterRegistrationBean   : Mapping filter: 'characterEncodingFilter' to: [/*]
2018-06-18 10:10:34.530  INFO 22912 --- [localhost-startStop-1] o.s.b.w.servlet.FilterRegistrationBean   : Mapping filter: 'hiddenHttpMethodFilter' to: [/*]
2018-06-18 10:10:34.530  INFO 22912 --- [localhost-startStop-1] o.s.b.w.servlet.FilterRegistrationBean   : Mapping filter: 'httpPutFormContentFilter' to: [/*]
2018-06-18 10:10:34.530  INFO 22912 --- [localhost-startStop-1] o.s.b.w.servlet.FilterRegistrationBean   : Mapping filter: 'requestContextFilter' to: [/*]
2018-06-18 10:10:34.621  INFO 22912 --- [restartedMain] s.w.s.m.m.a.RequestMappingHandlerAdapter : Looking for @ControllerAdvice: org.springframework.boot.context.embedded.AnnotationConfigEmbeddedWebApplicationContext@5887b9fa: startup date [Mon Jun 18 10:10:34 BRT 2018]; root of context hierarchy
2018-06-18 10:10:34.631  INFO 22912 --- [restartedMain] s.w.s.m.m.a.RequestMappingHandlerMapping : Mapped "{[/object/salesman],methods=[POST]}" onto public java.util.List<br.com.library.wlibrary.att.Salesman> br.com.dbintegrationapi.resource.ObjectResource.salesman(br.com.library.wlibrary.core.DataQuery)
2018-06-18 10:10:34.632  INFO 22912 --- [restartedMain] s.w.s.m.m.a.RequestMappingHandlerMapping : Mapped "{[/object/payment],methods=[POST]}" onto public org.springframework.http.ResponseEntity<?> br.com.dbintegrationapi.resource.ObjectResource.payment(br.com.library.wlibrary.core.DataQuery)
2018-06-18 10:10:34.633  INFO 22912 --- [restartedMain] s.w.s.m.m.a.RequestMappingHandlerMapping : Mapped "{[/object/supplier],methods=[POST]}" onto public java.util.List<br.com.library.wlibrary.att.Supplier> br.com.dbintegrationapi.resource.ObjectResource.supplier(br.com.library.wlibrary.core.DataQuery)
2018-06-18 10:10:34.643  INFO 22912 --- [restartedMain] s.w.s.m.m.a.RequestMappingHandlerMapping : Mapped "{[/error]}" onto public org.springframework.http.ResponseEntity<java.util.Map<java.lang.String, java.lang.Object>> org.springframework.boot.autoconfigure.web.BasicErrorController.error(javax.servlet.http.HttpServletRequest)
2018-06-18 10:10:34.644  INFO 22912 --- [restartedMain] s.w.s.m.m.a.RequestMappingHandlerMapping : Mapped "{[/error],produces=[text/html]}" onto public org.springframework.web.servlet.ModelAndView org.springframework.boot.autoconfigure.web.BasicErrorController.errorHtml(javax.servlet.http.HttpServletRequest,javax.servlet.http.HttpServletResponse)
2018-06-18 10:10:34.662  INFO 22912 --- [restartedMain] o.s.w.s.handler.SimpleUrlHandlerMapping  : Mapped URL path [/webjars/**] onto handler of type [class org.springframework.web.servlet.resource.ResourceHttpRequestHandler]
2018-06-18 10:10:34.662  INFO 22912 --- [restartedMain] o.s.w.s.handler.SimpleUrlHandlerMapping  : Mapped URL path [/**] onto handler of type [class org.springframework.web.servlet.resource.ResourceHttpRequestHandler]
2018-06-18 10:10:34.677  INFO 22912 --- [restartedMain] o.s.w.s.handler.SimpleUrlHandlerMapping  : Mapped URL path [/**/favicon.ico] onto handler of type [class org.springframework.web.servlet.resource.ResourceHttpRequestHandler]
2018-06-18 10:10:34.719  INFO 22912 --- [restartedMain] o.s.b.d.a.OptionalLiveReloadServer       : LiveReload server is running on port 35729
2018-06-18 10:10:34.767  INFO 22912 --- [restartedMain] o.s.j.e.a.AnnotationMBeanExporter        : Registering beans for JMX exposure on startup
2018-06-18 10:10:34.779  INFO 22912 --- [restartedMain] s.b.c.e.t.TomcatEmbeddedServletContainer : Tomcat started on port(s): 8080 (http)
2018-06-18 10:10:34.781  INFO 22912 --- [restartedMain] b.c.d.WdbintegrationApiApplication       : Started WdbintegrationApiApplication in 0.812 seconds (JVM running for 4390.46)
2018-06-18 10:10:49.358  INFO 22912 --- [Thread-16] ationConfigEmbeddedWebApplicationContext : Closing org.springframework.boot.context.embedded.AnnotationConfigEmbeddedWebApplicationContext@5887b9fa: startup date [Mon Jun 18 10:10:34 BRT 2018]; root of context hierarchy
2018-06-18 10:10:49.360  INFO 22912 --- [Thread-16] o.s.j.e.a.AnnotationMBeanExporter        : Unregistering JMX-exposed beans on shutdown
2018-06-18 10:10:49.676  INFO 22912 --- [restartedMain] b.c.d.WdbintegrationApiApplication       : Starting WdbintegrationApiApplication on UDI-H6SGQM2 with PID 22912 (C:\Everis\workspace\stsbundle\wdbintegration-api\target\classes started by wborgesa in C:\Everis\workspace\stsbundle\wdbintegration-api)
2018-06-18 10:10:49.676  INFO 22912 --- [restartedMain] b.c.d.WdbintegrationApiApplication       : No active profile set, falling back to default profiles: default
2018-06-18 10:10:49.679  INFO 22912 --- [restartedMain] ationConfigEmbeddedWebApplicationContext : Refreshing org.springframework.boot.context.embedded.AnnotationConfigEmbeddedWebApplicationContext@7555559a: startup date [Mon Jun 18 10:10:49 BRT 2018]; root of context hierarchy
2018-06-18 10:10:50.049  INFO 22912 --- [restartedMain] s.b.c.e.t.TomcatEmbeddedServletContainer : Tomcat initialized with port(s): 8080 (http)
2018-06-18 10:10:50.050  INFO 22912 --- [restartedMain] o.apache.catalina.core.StandardService   : Starting service [Tomcat]
2018-06-18 10:10:50.051  INFO 22912 --- [restartedMain] org.apache.catalina.core.StandardEngine  : Starting Servlet Engine: Apache Tomcat/8.5.29
2018-06-18 10:10:50.066  INFO 22912 --- [localhost-startStop-1] o.a.c.c.C.[Tomcat].[localhost].[/]       : Initializing Spring embedded WebApplicationContext
2018-06-18 10:10:50.067  INFO 22912 --- [localhost-startStop-1] o.s.web.context.ContextLoader            : Root WebApplicationContext: initialization completed in 388 ms
2018-06-18 10:10:50.086  INFO 22912 --- [localhost-startStop-1] o.s.b.w.servlet.ServletRegistrationBean  : Mapping servlet: 'dispatcherServlet' to [/]
2018-06-18 10:10:50.086  INFO 22912 --- [localhost-startStop-1] o.s.b.w.servlet.FilterRegistrationBean   : Mapping filter: 'characterEncodingFilter' to: [/*]
2018-06-18 10:10:50.086  INFO 22912 --- [localhost-startStop-1] o.s.b.w.servlet.FilterRegistrationBean   : Mapping filter: 'hiddenHttpMethodFilter' to: [/*]
2018-06-18 10:10:50.086  INFO 22912 --- [localhost-startStop-1] o.s.b.w.servlet.FilterRegistrationBean   : Mapping filter: 'httpPutFormContentFilter' to: [/*]
2018-06-18 10:10:50.086  INFO 22912 --- [localhost-startStop-1] o.s.b.w.servlet.FilterRegistrationBean   : Mapping filter: 'requestContextFilter' to: [/*]
2018-06-18 10:10:50.160  INFO 22912 --- [restartedMain] s.w.s.m.m.a.RequestMappingHandlerAdapter : Looking for @ControllerAdvice: org.springframework.boot.context.embedded.AnnotationConfigEmbeddedWebApplicationContext@7555559a: startup date [Mon Jun 18 10:10:49 BRT 2018]; root of context hierarchy
2018-06-18 10:10:50.167  INFO 22912 --- [restartedMain] s.w.s.m.m.a.RequestMappingHandlerMapping : Mapped "{[/object/salesman],methods=[POST]}" onto public java.util.List<br.com.library.wlibrary.att.Salesman> br.com.dbintegrationapi.resource.ObjectResource.salesman(br.com.library.wlibrary.core.DataQuery)
2018-06-18 10:10:50.167  INFO 22912 --- [restartedMain] s.w.s.m.m.a.RequestMappingHandlerMapping : Mapped "{[/object/payment],methods=[POST]}" onto public org.springframework.http.ResponseEntity<?> br.com.dbintegrationapi.resource.ObjectResource.payment(br.com.library.wlibrary.core.DataQuery)
2018-06-18 10:10:50.168  INFO 22912 --- [restartedMain] s.w.s.m.m.a.RequestMappingHandlerMapping : Mapped "{[/object/supplier],methods=[POST]}" onto public java.util.List<br.com.library.wlibrary.att.Supplier> br.com.dbintegrationapi.resource.ObjectResource.supplier(br.com.library.wlibrary.core.DataQuery)
2018-06-18 10:10:50.169  INFO 22912 --- [restartedMain] s.w.s.m.m.a.RequestMappingHandlerMapping : Mapped "{[/error]}" onto public org.springframework.http.ResponseEntity<java.util.Map<java.lang.String, java.lang.Object>> org.springframework.boot.autoconfigure.web.BasicErrorController.error(javax.servlet.http.HttpServletRequest)
2018-06-18 10:10:50.169  INFO 22912 --- [restartedMain] s.w.s.m.m.a.RequestMappingHandlerMapping : Mapped "{[/error],produces=[text/html]}" onto public org.springframework.web.servlet.ModelAndView org.springframework.boot.autoconfigure.web.BasicErrorController.errorHtml(javax.servlet.http.HttpServletRequest,javax.servlet.http.HttpServletResponse)
2018-06-18 10:10:50.174  INFO 22912 --- [restartedMain] o.s.w.s.handler.SimpleUrlHandlerMapping  : Mapped URL path [/webjars/**] onto handler of type [class org.springframework.web.servlet.resource.ResourceHttpRequestHandler]
2018-06-18 10:10:50.174  INFO 22912 --- [restartedMain] o.s.w.s.handler.SimpleUrlHandlerMapping  : Mapped URL path [/**] onto handler of type [class org.springframework.web.servlet.resource.ResourceHttpRequestHandler]
2018-06-18 10:10:50.185  INFO 22912 --- [restartedMain] o.s.w.s.handler.SimpleUrlHandlerMapping  : Mapped URL path [/**/favicon.ico] onto handler of type [class org.springframework.web.servlet.resource.ResourceHttpRequestHandler]
2018-06-18 10:10:50.215  INFO 22912 --- [restartedMain] o.s.b.d.a.OptionalLiveReloadServer       : LiveReload server is running on port 35729
2018-06-18 10:10:50.240  INFO 22912 --- [restartedMain] o.s.j.e.a.AnnotationMBeanExporter        : Registering beans for JMX exposure on startup
2018-06-18 10:10:50.249  INFO 22912 --- [restartedMain] s.b.c.e.t.TomcatEmbeddedServletContainer : Tomcat started on port(s): 8080 (http)
2018-06-18 10:10:50.250  INFO 22912 --- [restartedMain] b.c.d.WdbintegrationApiApplication       : Started WdbintegrationApiApplication in 0.609 seconds (JVM running for 4405.929)
2018-06-18 10:11:15.585  INFO 22912 --- [RMI TCP Connection(2)-127.0.0.1] inMXBeanRegistrar$SpringApplicationAdmin : Application shutdown requested.
2018-06-18 10:11:15.585  INFO 22912 --- [RMI TCP Connection(2)-127.0.0.1] ationConfigEmbeddedWebApplicationContext : Closing org.springframework.boot.context.embedded.AnnotationConfigEmbeddedWebApplicationContext@7555559a: startup date [Mon Jun 18 10:10:49 BRT 2018]; root of context hierarchy
2018-06-18 10:11:15.587  INFO 22912 --- [RMI TCP Connection(2)-127.0.0.1] o.s.j.e.a.AnnotationMBeanExporter        : Unregistering JMX-exposed beans on shutdown
2018-06-18 13:58:30.774  INFO 10560 --- [restartedMain] b.c.d.WdbintegrationApiApplication       : Starting WdbintegrationApiApplication on UDI-H6SGQM2 with PID 10560 (C:\Everis\workspace\stsbundle\wdbintegration-api\target\classes started by wborgesa in C:\Everis\workspace\stsbundle\wdbintegration-api)
2018-06-18 13:58:30.790  INFO 10560 --- [restartedMain] b.c.d.WdbintegrationApiApplication       : No active profile set, falling back to default profiles: default
2018-06-18 13:58:30.874  INFO 10560 --- [restartedMain] ationConfigEmbeddedWebApplicationContext : Refreshing org.springframework.boot.context.embedded.AnnotationConfigEmbeddedWebApplicationContext@38d2b21a: startup date [Mon Jun 18 13:58:30 BRT 2018]; root of context hierarchy
2018-06-18 13:58:32.266  INFO 10560 --- [restartedMain] s.b.c.e.t.TomcatEmbeddedServletContainer : Tomcat initialized with port(s): 8080 (http)
2018-06-18 13:58:32.287  INFO 10560 --- [restartedMain] o.apache.catalina.core.StandardService   : Starting service [Tomcat]
2018-06-18 13:58:32.287  INFO 10560 --- [restartedMain] org.apache.catalina.core.StandardEngine  : Starting Servlet Engine: Apache Tomcat/8.5.29
2018-06-18 13:58:32.365  INFO 10560 --- [localhost-startStop-1] o.a.c.c.C.[Tomcat].[localhost].[/]       : Initializing Spring embedded WebApplicationContext
2018-06-18 13:58:32.365  INFO 10560 --- [localhost-startStop-1] o.s.web.context.ContextLoader            : Root WebApplicationContext: initialization completed in 1494 ms
2018-06-18 13:58:32.549  INFO 10560 --- [localhost-startStop-1] o.s.b.w.servlet.ServletRegistrationBean  : Mapping servlet: 'dispatcherServlet' to [/]
2018-06-18 13:58:32.550  INFO 10560 --- [localhost-startStop-1] o.s.b.w.servlet.FilterRegistrationBean   : Mapping filter: 'characterEncodingFilter' to: [/*]
2018-06-18 13:58:32.550  INFO 10560 --- [localhost-startStop-1] o.s.b.w.servlet.FilterRegistrationBean   : Mapping filter: 'hiddenHttpMethodFilter' to: [/*]
2018-06-18 13:58:32.550  INFO 10560 --- [localhost-startStop-1] o.s.b.w.servlet.FilterRegistrationBean   : Mapping filter: 'httpPutFormContentFilter' to: [/*]
2018-06-18 13:58:32.550  INFO 10560 --- [localhost-startStop-1] o.s.b.w.servlet.FilterRegistrationBean   : Mapping filter: 'requestContextFilter' to: [/*]
2018-06-18 13:58:32.938  INFO 10560 --- [restartedMain] s.w.s.m.m.a.RequestMappingHandlerAdapter : Looking for @ControllerAdvice: org.springframework.boot.context.embedded.AnnotationConfigEmbeddedWebApplicationContext@38d2b21a: startup date [Mon Jun 18 13:58:30 BRT 2018]; root of context hierarchy
2018-06-18 13:58:33.008  INFO 10560 --- [restartedMain] s.w.s.m.m.a.RequestMappingHandlerMapping : Mapped "{[/object/payment],methods=[POST]}" onto public org.springframework.http.ResponseEntity<?> br.com.dbintegrationapi.resource.ObjectResource.payment(br.com.library.wlibrary.core.DataQuery)
2018-06-18 13:58:33.008  INFO 10560 --- [restartedMain] s.w.s.m.m.a.RequestMappingHandlerMapping : Mapped "{[/object/supplier],methods=[POST]}" onto public java.util.List<br.com.library.wlibrary.att.Supplier> br.com.dbintegrationapi.resource.ObjectResource.supplier(br.com.library.wlibrary.core.DataQuery)
2018-06-18 13:58:33.008  INFO 10560 --- [restartedMain] s.w.s.m.m.a.RequestMappingHandlerMapping : Mapped "{[/object/salesman],methods=[POST]}" onto public java.util.List<br.com.library.wlibrary.att.Salesman> br.com.dbintegrationapi.resource.ObjectResource.salesman(br.com.library.wlibrary.core.DataQuery)
2018-06-18 13:58:33.008  INFO 10560 --- [restartedMain] s.w.s.m.m.a.RequestMappingHandlerMapping : Mapped "{[/object],methods=[GET]}" onto public org.springframework.http.ResponseEntity<?> br.com.dbintegrationapi.resource.ObjectResource.getDataQuery()
2018-06-18 13:58:33.008  INFO 10560 --- [restartedMain] s.w.s.m.m.a.RequestMappingHandlerMapping : Mapped "{[/error]}" onto public org.springframework.http.ResponseEntity<java.util.Map<java.lang.String, java.lang.Object>> org.springframework.boot.autoconfigure.web.BasicErrorController.error(javax.servlet.http.HttpServletRequest)
2018-06-18 13:58:33.008  INFO 10560 --- [restartedMain] s.w.s.m.m.a.RequestMappingHandlerMapping : Mapped "{[/error],produces=[text/html]}" onto public org.springframework.web.servlet.ModelAndView org.springframework.boot.autoconfigure.web.BasicErrorController.errorHtml(javax.servlet.http.HttpServletRequest,javax.servlet.http.HttpServletResponse)
2018-06-18 13:58:33.054  INFO 10560 --- [restartedMain] o.s.w.s.handler.SimpleUrlHandlerMapping  : Mapped URL path [/webjars/**] onto handler of type [class org.springframework.web.servlet.resource.ResourceHttpRequestHandler]
2018-06-18 13:58:33.054  INFO 10560 --- [restartedMain] o.s.w.s.handler.SimpleUrlHandlerMapping  : Mapped URL path [/**] onto handler of type [class org.springframework.web.servlet.resource.ResourceHttpRequestHandler]
2018-06-18 13:58:33.123  INFO 10560 --- [restartedMain] o.s.w.s.handler.SimpleUrlHandlerMapping  : Mapped URL path [/**/favicon.ico] onto handler of type [class org.springframework.web.servlet.resource.ResourceHttpRequestHandler]
2018-06-18 13:58:33.360  INFO 10560 --- [restartedMain] o.s.b.d.a.OptionalLiveReloadServer       : LiveReload server is running on port 35729
2018-06-18 13:58:33.493  INFO 10560 --- [restartedMain] o.s.j.e.a.AnnotationMBeanExporter        : Registering beans for JMX exposure on startup
2018-06-18 13:58:33.549  INFO 10560 --- [restartedMain] s.b.c.e.t.TomcatEmbeddedServletContainer : Tomcat started on port(s): 8080 (http)
2018-06-18 13:58:33.555  INFO 10560 --- [restartedMain] b.c.d.WdbintegrationApiApplication       : Started WdbintegrationApiApplication in 3.039 seconds (JVM running for 3.577)
2018-06-18 13:59:13.504  INFO 10560 --- [http-nio-8080-exec-1] o.a.c.c.C.[Tomcat].[localhost].[/]       : Initializing Spring FrameworkServlet 'dispatcherServlet'
2018-06-18 13:59:13.511  INFO 10560 --- [http-nio-8080-exec-1] o.s.web.servlet.DispatcherServlet        : FrameworkServlet 'dispatcherServlet': initialization started
2018-06-18 13:59:13.527  INFO 10560 --- [http-nio-8080-exec-1] o.s.web.servlet.DispatcherServlet        : FrameworkServlet 'dispatcherServlet': initialization completed in 16 ms
2018-06-18 14:01:32.284  INFO 10560 --- [http-nio-8080-exec-5] b.c.dbintegrationapi.dao.IntegrationDao  : Executing query:
2018-06-18 14:01:32.284  INFO 10560 --- [http-nio-8080-exec-5] b.c.dbintegrationapi.dao.IntegrationDao  : null:ritz:root
2018-06-18 14:01:32.284  INFO 10560 --- [http-nio-8080-exec-5] b.c.dbintegrationapi.dao.IntegrationDao  : select * from fornecedor 
2018-06-18 14:03:00.312  INFO 10560 --- [Thread-6] ationConfigEmbeddedWebApplicationContext : Closing org.springframework.boot.context.embedded.AnnotationConfigEmbeddedWebApplicationContext@38d2b21a: startup date [Mon Jun 18 13:58:30 BRT 2018]; root of context hierarchy
2018-06-18 14:03:00.319  INFO 10560 --- [Thread-6] o.s.j.e.a.AnnotationMBeanExporter        : Unregistering JMX-exposed beans on shutdown
2018-06-18 14:03:00.668  INFO 10560 --- [restartedMain] b.c.d.WdbintegrationApiApplication       : Starting WdbintegrationApiApplication on UDI-H6SGQM2 with PID 10560 (C:\Everis\workspace\stsbundle\wdbintegration-api\target\classes started by wborgesa in C:\Everis\workspace\stsbundle\wdbintegration-api)
2018-06-18 14:03:00.668  INFO 10560 --- [restartedMain] b.c.d.WdbintegrationApiApplication       : No active profile set, falling back to default profiles: default
2018-06-18 14:03:00.672  INFO 10560 --- [restartedMain] ationConfigEmbeddedWebApplicationContext : Refreshing org.springframework.boot.context.embedded.AnnotationConfigEmbeddedWebApplicationContext@b8bcec2: startup date [Mon Jun 18 14:03:00 BRT 2018]; root of context hierarchy
2018-06-18 14:03:01.253  INFO 10560 --- [restartedMain] s.b.c.e.t.TomcatEmbeddedServletContainer : Tomcat initialized with port(s): 8080 (http)
2018-06-18 14:03:01.254  INFO 10560 --- [restartedMain] o.apache.catalina.core.StandardService   : Starting service [Tomcat]
2018-06-18 14:03:01.254  INFO 10560 --- [restartedMain] org.apache.catalina.core.StandardEngine  : Starting Servlet Engine: Apache Tomcat/8.5.29
2018-06-18 14:03:01.277  INFO 10560 --- [localhost-startStop-1] o.a.c.c.C.[Tomcat].[localhost].[/]       : Initializing Spring embedded WebApplicationContext
2018-06-18 14:03:01.278  INFO 10560 --- [localhost-startStop-1] o.s.web.context.ContextLoader            : Root WebApplicationContext: initialization completed in 606 ms
2018-06-18 14:03:01.308  INFO 10560 --- [localhost-startStop-1] o.s.b.w.servlet.ServletRegistrationBean  : Mapping servlet: 'dispatcherServlet' to [/]
2018-06-18 14:03:01.308  INFO 10560 --- [localhost-startStop-1] o.s.b.w.servlet.FilterRegistrationBean   : Mapping filter: 'characterEncodingFilter' to: [/*]
2018-06-18 14:03:01.308  INFO 10560 --- [localhost-startStop-1] o.s.b.w.servlet.FilterRegistrationBean   : Mapping filter: 'hiddenHttpMethodFilter' to: [/*]
2018-06-18 14:03:01.309  INFO 10560 --- [localhost-startStop-1] o.s.b.w.servlet.FilterRegistrationBean   : Mapping filter: 'httpPutFormContentFilter' to: [/*]
2018-06-18 14:03:01.309  INFO 10560 --- [localhost-startStop-1] o.s.b.w.servlet.FilterRegistrationBean   : Mapping filter: 'requestContextFilter' to: [/*]
2018-06-18 14:03:01.429  INFO 10560 --- [restartedMain] s.w.s.m.m.a.RequestMappingHandlerAdapter : Looking for @ControllerAdvice: org.springframework.boot.context.embedded.AnnotationConfigEmbeddedWebApplicationContext@b8bcec2: startup date [Mon Jun 18 14:03:00 BRT 2018]; root of context hierarchy
2018-06-18 14:03:01.442  INFO 10560 --- [restartedMain] s.w.s.m.m.a.RequestMappingHandlerMapping : Mapped "{[/object/payment],methods=[POST]}" onto public org.springframework.http.ResponseEntity<?> br.com.dbintegrationapi.resource.ObjectResource.payment(br.com.library.wlibrary.core.DataQuery)
2018-06-18 14:03:01.443  INFO 10560 --- [restartedMain] s.w.s.m.m.a.RequestMappingHandlerMapping : Mapped "{[/object/supplier],methods=[POST]}" onto public java.util.List<br.com.library.wlibrary.att.Supplier> br.com.dbintegrationapi.resource.ObjectResource.supplier(br.com.library.wlibrary.core.DataQuery)
2018-06-18 14:03:01.443  INFO 10560 --- [restartedMain] s.w.s.m.m.a.RequestMappingHandlerMapping : Mapped "{[/object/salesman],methods=[POST]}" onto public java.util.List<br.com.library.wlibrary.att.Salesman> br.com.dbintegrationapi.resource.ObjectResource.salesman(br.com.library.wlibrary.core.DataQuery)
2018-06-18 14:03:01.444  INFO 10560 --- [restartedMain] s.w.s.m.m.a.RequestMappingHandlerMapping : Mapped "{[/object],methods=[GET]}" onto public org.springframework.http.ResponseEntity<?> br.com.dbintegrationapi.resource.ObjectResource.getDataQuery()
2018-06-18 14:03:01.447  INFO 10560 --- [restartedMain] s.w.s.m.m.a.RequestMappingHandlerMapping : Mapped "{[/error]}" onto public org.springframework.http.ResponseEntity<java.util.Map<java.lang.String, java.lang.Object>> org.springframework.boot.autoconfigure.web.BasicErrorController.error(javax.servlet.http.HttpServletRequest)
2018-06-18 14:03:01.448  INFO 10560 --- [restartedMain] s.w.s.m.m.a.RequestMappingHandlerMapping : Mapped "{[/error],produces=[text/html]}" onto public org.springframework.web.servlet.ModelAndView org.springframework.boot.autoconfigure.web.BasicErrorController.errorHtml(javax.servlet.http.HttpServletRequest,javax.servlet.http.HttpServletResponse)
2018-06-18 14:03:01.458  INFO 10560 --- [restartedMain] o.s.w.s.handler.SimpleUrlHandlerMapping  : Mapped URL path [/webjars/**] onto handler of type [class org.springframework.web.servlet.resource.ResourceHttpRequestHandler]
2018-06-18 14:03:01.459  INFO 10560 --- [restartedMain] o.s.w.s.handler.SimpleUrlHandlerMapping  : Mapped URL path [/**] onto handler of type [class org.springframework.web.servlet.resource.ResourceHttpRequestHandler]
2018-06-18 14:03:01.478  INFO 10560 --- [restartedMain] o.s.w.s.handler.SimpleUrlHandlerMapping  : Mapped URL path [/**/favicon.ico] onto handler of type [class org.springframework.web.servlet.resource.ResourceHttpRequestHandler]
2018-06-18 14:03:01.528  INFO 10560 --- [restartedMain] o.s.b.d.a.OptionalLiveReloadServer       : LiveReload server is running on port 35729
2018-06-18 14:03:01.603  INFO 10560 --- [restartedMain] o.s.j.e.a.AnnotationMBeanExporter        : Registering beans for JMX exposure on startup
2018-06-18 14:03:01.616  INFO 10560 --- [restartedMain] s.b.c.e.t.TomcatEmbeddedServletContainer : Tomcat started on port(s): 8080 (http)
2018-06-18 14:03:01.619  INFO 10560 --- [restartedMain] b.c.d.WdbintegrationApiApplication       : Started WdbintegrationApiApplication in 0.998 seconds (JVM running for 271.641)
2018-06-18 14:03:54.802  INFO 10560 --- [Thread-10] ationConfigEmbeddedWebApplicationContext : Closing org.springframework.boot.context.embedded.AnnotationConfigEmbeddedWebApplicationContext@b8bcec2: startup date [Mon Jun 18 14:03:00 BRT 2018]; root of context hierarchy
2018-06-18 14:03:54.804  INFO 10560 --- [Thread-10] o.s.j.e.a.AnnotationMBeanExporter        : Unregistering JMX-exposed beans on shutdown
2018-06-18 14:03:55.134  INFO 10560 --- [restartedMain] b.c.d.WdbintegrationApiApplication       : Starting WdbintegrationApiApplication on UDI-H6SGQM2 with PID 10560 (C:\Everis\workspace\stsbundle\wdbintegration-api\target\classes started by wborgesa in C:\Everis\workspace\stsbundle\wdbintegration-api)
2018-06-18 14:03:55.134  INFO 10560 --- [restartedMain] b.c.d.WdbintegrationApiApplication       : No active profile set, falling back to default profiles: default
2018-06-18 14:03:55.134  INFO 10560 --- [restartedMain] ationConfigEmbeddedWebApplicationContext : Refreshing org.springframework.boot.context.embedded.AnnotationConfigEmbeddedWebApplicationContext@73f5c083: startup date [Mon Jun 18 14:03:55 BRT 2018]; root of context hierarchy
2018-06-18 14:03:55.577  INFO 10560 --- [restartedMain] s.b.c.e.t.TomcatEmbeddedServletContainer : Tomcat initialized with port(s): 8080 (http)
2018-06-18 14:03:55.578  INFO 10560 --- [restartedMain] o.apache.catalina.core.StandardService   : Starting service [Tomcat]
2018-06-18 14:03:55.579  INFO 10560 --- [restartedMain] org.apache.catalina.core.StandardEngine  : Starting Servlet Engine: Apache Tomcat/8.5.29
2018-06-18 14:03:55.595  INFO 10560 --- [localhost-startStop-1] o.a.c.c.C.[Tomcat].[localhost].[/]       : Initializing Spring embedded WebApplicationContext
2018-06-18 14:03:55.596  INFO 10560 --- [localhost-startStop-1] o.s.web.context.ContextLoader            : Root WebApplicationContext: initialization completed in 462 ms
2018-06-18 14:03:55.625  INFO 10560 --- [localhost-startStop-1] o.s.b.w.servlet.ServletRegistrationBean  : Mapping servlet: 'dispatcherServlet' to [/]
2018-06-18 14:03:55.625  INFO 10560 --- [localhost-startStop-1] o.s.b.w.servlet.FilterRegistrationBean   : Mapping filter: 'characterEncodingFilter' to: [/*]
2018-06-18 14:03:55.626  INFO 10560 --- [localhost-startStop-1] o.s.b.w.servlet.FilterRegistrationBean   : Mapping filter: 'hiddenHttpMethodFilter' to: [/*]
2018-06-18 14:03:55.626  INFO 10560 --- [localhost-startStop-1] o.s.b.w.servlet.FilterRegistrationBean   : Mapping filter: 'httpPutFormContentFilter' to: [/*]
2018-06-18 14:03:55.626  INFO 10560 --- [localhost-startStop-1] o.s.b.w.servlet.FilterRegistrationBean   : Mapping filter: 'requestContextFilter' to: [/*]
2018-06-18 14:03:55.728  INFO 10560 --- [restartedMain] s.w.s.m.m.a.RequestMappingHandlerAdapter : Looking for @ControllerAdvice: org.springframework.boot.context.embedded.AnnotationConfigEmbeddedWebApplicationContext@73f5c083: startup date [Mon Jun 18 14:03:55 BRT 2018]; root of context hierarchy
2018-06-18 14:03:55.729  INFO 10560 --- [restartedMain] s.w.s.m.m.a.RequestMappingHandlerMapping : Mapped "{[/object/payment],methods=[POST]}" onto public org.springframework.http.ResponseEntity<?> br.com.dbintegrationapi.resource.ObjectResource.payment(br.com.library.wlibrary.core.DataQuery)
2018-06-18 14:03:55.729  INFO 10560 --- [restartedMain] s.w.s.m.m.a.RequestMappingHandlerMapping : Mapped "{[/object/supplier],methods=[POST]}" onto public java.util.List<br.com.library.wlibrary.att.Supplier> br.com.dbintegrationapi.resource.ObjectResource.supplier(br.com.library.wlibrary.core.DataQuery)
2018-06-18 14:03:55.729  INFO 10560 --- [restartedMain] s.w.s.m.m.a.RequestMappingHandlerMapping : Mapped "{[/object/salesman],methods=[POST]}" onto public java.util.List<br.com.library.wlibrary.att.Salesman> br.com.dbintegrationapi.resource.ObjectResource.salesman(br.com.library.wlibrary.core.DataQuery)
2018-06-18 14:03:55.729  INFO 10560 --- [restartedMain] s.w.s.m.m.a.RequestMappingHandlerMapping : Mapped "{[/object],methods=[GET]}" onto public org.springframework.http.ResponseEntity<?> br.com.dbintegrationapi.resource.ObjectResource.getDataQuery()
2018-06-18 14:03:55.729  INFO 10560 --- [restartedMain] s.w.s.m.m.a.RequestMappingHandlerMapping : Mapped "{[/error]}" onto public org.springframework.http.ResponseEntity<java.util.Map<java.lang.String, java.lang.Object>> org.springframework.boot.autoconfigure.web.BasicErrorController.error(javax.servlet.http.HttpServletRequest)
2018-06-18 14:03:55.729  INFO 10560 --- [restartedMain] s.w.s.m.m.a.RequestMappingHandlerMapping : Mapped "{[/error],produces=[text/html]}" onto public org.springframework.web.servlet.ModelAndView org.springframework.boot.autoconfigure.web.BasicErrorController.errorHtml(javax.servlet.http.HttpServletRequest,javax.servlet.http.HttpServletResponse)
2018-06-18 14:03:55.745  INFO 10560 --- [restartedMain] o.s.w.s.handler.SimpleUrlHandlerMapping  : Mapped URL path [/webjars/**] onto handler of type [class org.springframework.web.servlet.resource.ResourceHttpRequestHandler]
2018-06-18 14:03:55.745  INFO 10560 --- [restartedMain] o.s.w.s.handler.SimpleUrlHandlerMapping  : Mapped URL path [/**] onto handler of type [class org.springframework.web.servlet.resource.ResourceHttpRequestHandler]
2018-06-18 14:03:55.760  INFO 10560 --- [restartedMain] o.s.w.s.handler.SimpleUrlHandlerMapping  : Mapped URL path [/**/favicon.ico] onto handler of type [class org.springframework.web.servlet.resource.ResourceHttpRequestHandler]
2018-06-18 14:03:55.807  INFO 10560 --- [restartedMain] o.s.b.d.a.OptionalLiveReloadServer       : LiveReload server is running on port 35729
2018-06-18 14:03:55.851  INFO 10560 --- [restartedMain] o.s.j.e.a.AnnotationMBeanExporter        : Registering beans for JMX exposure on startup
2018-06-18 14:03:55.851  INFO 10560 --- [restartedMain] s.b.c.e.t.TomcatEmbeddedServletContainer : Tomcat started on port(s): 8080 (http)
2018-06-18 14:03:55.866  INFO 10560 --- [restartedMain] b.c.d.WdbintegrationApiApplication       : Started WdbintegrationApiApplication in 0.776 seconds (JVM running for 325.888)
2018-06-18 14:04:36.868  INFO 10560 --- [Thread-16] ationConfigEmbeddedWebApplicationContext : Closing org.springframework.boot.context.embedded.AnnotationConfigEmbeddedWebApplicationContext@73f5c083: startup date [Mon Jun 18 14:03:55 BRT 2018]; root of context hierarchy
2018-06-18 14:04:36.874  INFO 10560 --- [Thread-16] o.s.j.e.a.AnnotationMBeanExporter        : Unregistering JMX-exposed beans on shutdown
2018-06-18 14:04:37.149  INFO 10560 --- [restartedMain] b.c.d.WdbintegrationApiApplication       : Starting WdbintegrationApiApplication on UDI-H6SGQM2 with PID 10560 (C:\Everis\workspace\stsbundle\wdbintegration-api\target\classes started by wborgesa in C:\Everis\workspace\stsbundle\wdbintegration-api)
2018-06-18 14:04:37.149  INFO 10560 --- [restartedMain] b.c.d.WdbintegrationApiApplication       : No active profile set, falling back to default profiles: default
2018-06-18 14:04:37.149  INFO 10560 --- [restartedMain] ationConfigEmbeddedWebApplicationContext : Refreshing org.springframework.boot.context.embedded.AnnotationConfigEmbeddedWebApplicationContext@52c15d02: startup date [Mon Jun 18 14:04:37 BRT 2018]; root of context hierarchy
2018-06-18 14:04:37.641  INFO 10560 --- [restartedMain] s.b.c.e.t.TomcatEmbeddedServletContainer : Tomcat initialized with port(s): 8080 (http)
2018-06-18 14:04:37.642  INFO 10560 --- [restartedMain] o.apache.catalina.core.StandardService   : Starting service [Tomcat]
2018-06-18 14:04:37.643  INFO 10560 --- [restartedMain] org.apache.catalina.core.StandardEngine  : Starting Servlet Engine: Apache Tomcat/8.5.29
2018-06-18 14:04:37.662  INFO 10560 --- [localhost-startStop-1] o.a.c.c.C.[Tomcat].[localhost].[/]       : Initializing Spring embedded WebApplicationContext
2018-06-18 14:04:37.662  INFO 10560 --- [localhost-startStop-1] o.s.web.context.ContextLoader            : Root WebApplicationContext: initialization completed in 513 ms
2018-06-18 14:04:37.675  INFO 10560 --- [localhost-startStop-1] o.s.b.w.servlet.ServletRegistrationBean  : Mapping servlet: 'dispatcherServlet' to [/]
2018-06-18 14:04:37.675  INFO 10560 --- [localhost-startStop-1] o.s.b.w.servlet.FilterRegistrationBean   : Mapping filter: 'characterEncodingFilter' to: [/*]
2018-06-18 14:04:37.675  INFO 10560 --- [localhost-startStop-1] o.s.b.w.servlet.FilterRegistrationBean   : Mapping filter: 'hiddenHttpMethodFilter' to: [/*]
2018-06-18 14:04:37.675  INFO 10560 --- [localhost-startStop-1] o.s.b.w.servlet.FilterRegistrationBean   : Mapping filter: 'httpPutFormContentFilter' to: [/*]
2018-06-18 14:04:37.675  INFO 10560 --- [localhost-startStop-1] o.s.b.w.servlet.FilterRegistrationBean   : Mapping filter: 'requestContextFilter' to: [/*]
2018-06-18 14:04:37.791  INFO 10560 --- [restartedMain] s.w.s.m.m.a.RequestMappingHandlerAdapter : Looking for @ControllerAdvice: org.springframework.boot.context.embedded.AnnotationConfigEmbeddedWebApplicationContext@52c15d02: startup date [Mon Jun 18 14:04:37 BRT 2018]; root of context hierarchy
2018-06-18 14:04:37.794  INFO 10560 --- [restartedMain] s.w.s.m.m.a.RequestMappingHandlerMapping : Mapped "{[/object/payment],methods=[POST]}" onto public org.springframework.http.ResponseEntity<?> br.com.dbintegrationapi.resource.ObjectResource.payment(br.com.library.wlibrary.core.DataQuery)
2018-06-18 14:04:37.794  INFO 10560 --- [restartedMain] s.w.s.m.m.a.RequestMappingHandlerMapping : Mapped "{[/object/supplier],methods=[POST]}" onto public java.util.List<br.com.library.wlibrary.att.Supplier> br.com.dbintegrationapi.resource.ObjectResource.supplier(br.com.library.wlibrary.core.DataQuery)
2018-06-18 14:04:37.794  INFO 10560 --- [restartedMain] s.w.s.m.m.a.RequestMappingHandlerMapping : Mapped "{[/object/salesman],methods=[POST]}" onto public java.util.List<br.com.library.wlibrary.att.Salesman> br.com.dbintegrationapi.resource.ObjectResource.salesman(br.com.library.wlibrary.core.DataQuery)
2018-06-18 14:04:37.794  INFO 10560 --- [restartedMain] s.w.s.m.m.a.RequestMappingHandlerMapping : Mapped "{[/object],methods=[GET]}" onto public org.springframework.http.ResponseEntity<?> br.com.dbintegrationapi.resource.ObjectResource.getDataQuery()
2018-06-18 14:04:37.794  INFO 10560 --- [restartedMain] s.w.s.m.m.a.RequestMappingHandlerMapping : Mapped "{[/error]}" onto public org.springframework.http.ResponseEntity<java.util.Map<java.lang.String, java.lang.Object>> org.springframework.boot.autoconfigure.web.BasicErrorController.error(javax.servlet.http.HttpServletRequest)
2018-06-18 14:04:37.794  INFO 10560 --- [restartedMain] s.w.s.m.m.a.RequestMappingHandlerMapping : Mapped "{[/error],produces=[text/html]}" onto public org.springframework.web.servlet.ModelAndView org.springframework.boot.autoconfigure.web.BasicErrorController.errorHtml(javax.servlet.http.HttpServletRequest,javax.servlet.http.HttpServletResponse)
2018-06-18 14:04:37.810  INFO 10560 --- [restartedMain] o.s.w.s.handler.SimpleUrlHandlerMapping  : Mapped URL path [/webjars/**] onto handler of type [class org.springframework.web.servlet.resource.ResourceHttpRequestHandler]
2018-06-18 14:04:37.810  INFO 10560 --- [restartedMain] o.s.w.s.handler.SimpleUrlHandlerMapping  : Mapped URL path [/**] onto handler of type [class org.springframework.web.servlet.resource.ResourceHttpRequestHandler]
2018-06-18 14:04:37.831  INFO 10560 --- [restartedMain] o.s.w.s.handler.SimpleUrlHandlerMapping  : Mapped URL path [/**/favicon.ico] onto handler of type [class org.springframework.web.servlet.resource.ResourceHttpRequestHandler]
2018-06-18 14:04:37.851  INFO 10560 --- [restartedMain] o.s.b.d.a.OptionalLiveReloadServer       : LiveReload server is running on port 35729
2018-06-18 14:04:37.894  INFO 10560 --- [restartedMain] o.s.j.e.a.AnnotationMBeanExporter        : Registering beans for JMX exposure on startup
2018-06-18 14:04:37.897  INFO 10560 --- [restartedMain] s.b.c.e.t.TomcatEmbeddedServletContainer : Tomcat started on port(s): 8080 (http)
2018-06-18 14:04:37.897  INFO 10560 --- [restartedMain] b.c.d.WdbintegrationApiApplication       : Started WdbintegrationApiApplication in 0.78 seconds (JVM running for 367.919)
2018-06-18 14:06:12.352  INFO 10560 --- [Thread-22] ationConfigEmbeddedWebApplicationContext : Closing org.springframework.boot.context.embedded.AnnotationConfigEmbeddedWebApplicationContext@52c15d02: startup date [Mon Jun 18 14:04:37 BRT 2018]; root of context hierarchy
2018-06-18 14:06:12.359  INFO 10560 --- [Thread-22] o.s.j.e.a.AnnotationMBeanExporter        : Unregistering JMX-exposed beans on shutdown
2018-06-18 14:06:12.619  INFO 10560 --- [restartedMain] b.c.d.WdbintegrationApiApplication       : Starting WdbintegrationApiApplication on UDI-H6SGQM2 with PID 10560 (C:\Everis\workspace\stsbundle\wdbintegration-api\target\classes started by wborgesa in C:\Everis\workspace\stsbundle\wdbintegration-api)
2018-06-18 14:06:12.619  INFO 10560 --- [restartedMain] b.c.d.WdbintegrationApiApplication       : No active profile set, falling back to default profiles: default
2018-06-18 14:06:12.619  INFO 10560 --- [restartedMain] ationConfigEmbeddedWebApplicationContext : Refreshing org.springframework.boot.context.embedded.AnnotationConfigEmbeddedWebApplicationContext@5097d220: startup date [Mon Jun 18 14:06:12 BRT 2018]; root of context hierarchy
2018-06-18 14:06:13.435  INFO 10560 --- [restartedMain] s.b.c.e.t.TomcatEmbeddedServletContainer : Tomcat initialized with port(s): 8080 (http)
2018-06-18 14:06:13.437  INFO 10560 --- [restartedMain] o.apache.catalina.core.StandardService   : Starting service [Tomcat]
2018-06-18 14:06:13.437  INFO 10560 --- [restartedMain] org.apache.catalina.core.StandardEngine  : Starting Servlet Engine: Apache Tomcat/8.5.29
2018-06-18 14:06:13.462  INFO 10560 --- [localhost-startStop-1] o.a.c.c.C.[Tomcat].[localhost].[/]       : Initializing Spring embedded WebApplicationContext
2018-06-18 14:06:13.462  INFO 10560 --- [localhost-startStop-1] o.s.web.context.ContextLoader            : Root WebApplicationContext: initialization completed in 843 ms
2018-06-18 14:06:13.484  INFO 10560 --- [localhost-startStop-1] o.s.b.w.servlet.ServletRegistrationBean  : Mapping servlet: 'dispatcherServlet' to [/]
2018-06-18 14:06:13.484  INFO 10560 --- [localhost-startStop-1] o.s.b.w.servlet.FilterRegistrationBean   : Mapping filter: 'characterEncodingFilter' to: [/*]
2018-06-18 14:06:13.484  INFO 10560 --- [localhost-startStop-1] o.s.b.w.servlet.FilterRegistrationBean   : Mapping filter: 'hiddenHttpMethodFilter' to: [/*]
2018-06-18 14:06:13.484  INFO 10560 --- [localhost-startStop-1] o.s.b.w.servlet.FilterRegistrationBean   : Mapping filter: 'httpPutFormContentFilter' to: [/*]
2018-06-18 14:06:13.484  INFO 10560 --- [localhost-startStop-1] o.s.b.w.servlet.FilterRegistrationBean   : Mapping filter: 'requestContextFilter' to: [/*]
2018-06-18 14:06:13.635  INFO 10560 --- [restartedMain] s.w.s.m.m.a.RequestMappingHandlerAdapter : Looking for @ControllerAdvice: org.springframework.boot.context.embedded.AnnotationConfigEmbeddedWebApplicationContext@5097d220: startup date [Mon Jun 18 14:06:12 BRT 2018]; root of context hierarchy
2018-06-18 14:06:13.648  INFO 10560 --- [restartedMain] s.w.s.m.m.a.RequestMappingHandlerMapping : Mapped "{[/object/supplier],methods=[POST]}" onto public java.util.List<br.com.library.wlibrary.att.NonWorkdays> br.com.dbintegrationapi.resource.ObjectResource.nonWorkdays(br.com.library.wlibrary.core.DataQuery)
2018-06-18 14:06:13.648  INFO 10560 --- [restartedMain] s.w.s.m.m.a.RequestMappingHandlerMapping : Mapped "{[/object/payment],methods=[POST]}" onto public org.springframework.http.ResponseEntity<?> br.com.dbintegrationapi.resource.ObjectResource.payment(br.com.library.wlibrary.core.DataQuery)
2018-06-18 14:06:13.649  WARN 10560 --- [restartedMain] ationConfigEmbeddedWebApplicationContext : Exception encountered during context initialization - cancelling refresh attempt: org.springframework.beans.factory.BeanCreationException: Error creating bean with name 'requestMappingHandlerMapping' defined in class path resource [org/springframework/boot/autoconfigure/web/WebMvcAutoConfiguration$EnableWebMvcConfiguration.class]: Invocation of init method failed; nested exception is java.lang.IllegalStateException: Ambiguous mapping. Cannot map 'objectResource' method 
public java.util.List<br.com.library.wlibrary.att.Supplier> br.com.dbintegrationapi.resource.ObjectResource.supplier(br.com.library.wlibrary.core.DataQuery)
to {[/object/supplier],methods=[POST]}: There is already 'objectResource' bean method
public java.util.List<br.com.library.wlibrary.att.NonWorkdays> br.com.dbintegrationapi.resource.ObjectResource.nonWorkdays(br.com.library.wlibrary.core.DataQuery) mapped.
2018-06-18 14:06:13.650  INFO 10560 --- [restartedMain] o.apache.catalina.core.StandardService   : Stopping service [Tomcat]
2018-06-18 14:06:13.657  INFO 10560 --- [restartedMain] utoConfigurationReportLoggingInitializer : 

Error starting ApplicationContext. To display the auto-configuration report re-run your application with 'debug' enabled.
2018-06-18 14:06:13.668 ERROR 10560 --- [restartedMain] o.s.boot.SpringApplication               : Application startup failed

org.springframework.beans.factory.BeanCreationException: Error creating bean with name 'requestMappingHandlerMapping' defined in class path resource [org/springframework/boot/autoconfigure/web/WebMvcAutoConfiguration$EnableWebMvcConfiguration.class]: Invocation of init method failed; nested exception is java.lang.IllegalStateException: Ambiguous mapping. Cannot map 'objectResource' method 
public java.util.List<br.com.library.wlibrary.att.Supplier> br.com.dbintegrationapi.resource.ObjectResource.supplier(br.com.library.wlibrary.core.DataQuery)
to {[/object/supplier],methods=[POST]}: There is already 'objectResource' bean method
public java.util.List<br.com.library.wlibrary.att.NonWorkdays> br.com.dbintegrationapi.resource.ObjectResource.nonWorkdays(br.com.library.wlibrary.core.DataQuery) mapped.
	at org.springframework.beans.factory.support.AbstractAutowireCapableBeanFactory.initializeBean(AbstractAutowireCapableBeanFactory.java:1630) ~[spring-beans-4.3.16.RELEASE.jar:4.3.16.RELEASE]
	at org.springframework.beans.factory.support.AbstractAutowireCapableBeanFactory.doCreateBean(AbstractAutowireCapableBeanFactory.java:555) ~[spring-beans-4.3.16.RELEASE.jar:4.3.16.RELEASE]
	at org.springframework.beans.factory.support.AbstractAutowireCapableBeanFactory.createBean(AbstractAutowireCapableBeanFactory.java:483) ~[spring-beans-4.3.16.RELEASE.jar:4.3.16.RELEASE]
	at org.springframework.beans.factory.support.AbstractBeanFactory$1.getObject(AbstractBeanFactory.java:312) ~[spring-beans-4.3.16.RELEASE.jar:4.3.16.RELEASE]
	at org.springframework.beans.factory.support.DefaultSingletonBeanRegistry.getSingleton(DefaultSingletonBeanRegistry.java:230) ~[spring-beans-4.3.16.RELEASE.jar:4.3.16.RELEASE]
	at org.springframework.beans.factory.support.AbstractBeanFactory.doGetBean(AbstractBeanFactory.java:308) ~[spring-beans-4.3.16.RELEASE.jar:4.3.16.RELEASE]
	at org.springframework.beans.factory.support.AbstractBeanFactory.getBean(AbstractBeanFactory.java:197) ~[spring-beans-4.3.16.RELEASE.jar:4.3.16.RELEASE]
	at org.springframework.beans.factory.support.DefaultListableBeanFactory.preInstantiateSingletons(DefaultListableBeanFactory.java:761) ~[spring-beans-4.3.16.RELEASE.jar:4.3.16.RELEASE]
	at org.springframework.context.support.AbstractApplicationContext.finishBeanFactoryInitialization(AbstractApplicationContext.java:867) ~[spring-context-4.3.16.RELEASE.jar:4.3.16.RELEASE]
	at org.springframework.context.support.AbstractApplicationContext.refresh(AbstractApplicationContext.java:543) ~[spring-context-4.3.16.RELEASE.jar:4.3.16.RELEASE]
	at org.springframework.boot.context.embedded.EmbeddedWebApplicationContext.refresh(EmbeddedWebApplicationContext.java:122) ~[spring-boot-1.5.12.RELEASE.jar:1.5.12.RELEASE]
	at org.springframework.boot.SpringApplication.refresh(SpringApplication.java:693) [spring-boot-1.5.12.RELEASE.jar:1.5.12.RELEASE]
	at org.springframework.boot.SpringApplication.refreshContext(SpringApplication.java:360) [spring-boot-1.5.12.RELEASE.jar:1.5.12.RELEASE]
	at org.springframework.boot.SpringApplication.run(SpringApplication.java:303) [spring-boot-1.5.12.RELEASE.jar:1.5.12.RELEASE]
	at org.springframework.boot.SpringApplication.run(SpringApplication.java:1118) [spring-boot-1.5.12.RELEASE.jar:1.5.12.RELEASE]
	at org.springframework.boot.SpringApplication.run(SpringApplication.java:1107) [spring-boot-1.5.12.RELEASE.jar:1.5.12.RELEASE]
	at br.com.dbintegrationapi.WdbintegrationApiApplication.main(WdbintegrationApiApplication.java:10) [classes/:na]
	at sun.reflect.NativeMethodAccessorImpl.invoke0(Native Method) ~[na:1.7.0_80]
	at sun.reflect.NativeMethodAccessorImpl.invoke(NativeMethodAccessorImpl.java:57) ~[na:1.7.0_80]
	at sun.reflect.DelegatingMethodAccessorImpl.invoke(DelegatingMethodAccessorImpl.java:43) ~[na:1.7.0_80]
	at java.lang.reflect.Method.invoke(Method.java:606) ~[na:1.7.0_80]
	at org.springframework.boot.devtools.restart.RestartLauncher.run(RestartLauncher.java:49) [spring-boot-devtools-1.5.12.RELEASE.jar:1.5.12.RELEASE]
Caused by: java.lang.IllegalStateException: Ambiguous mapping. Cannot map 'objectResource' method 
public java.util.List<br.com.library.wlibrary.att.Supplier> br.com.dbintegrationapi.resource.ObjectResource.supplier(br.com.library.wlibrary.core.DataQuery)
to {[/object/supplier],methods=[POST]}: There is already 'objectResource' bean method
public java.util.List<br.com.library.wlibrary.att.NonWorkdays> br.com.dbintegrationapi.resource.ObjectResource.nonWorkdays(br.com.library.wlibrary.core.DataQuery) mapped.
	at org.springframework.web.servlet.handler.AbstractHandlerMethodMapping$MappingRegistry.assertUniqueMethodMapping(AbstractHandlerMethodMapping.java:576) ~[spring-webmvc-4.3.16.RELEASE.jar:4.3.16.RELEASE]
	at org.springframework.web.servlet.handler.AbstractHandlerMethodMapping$MappingRegistry.register(AbstractHandlerMethodMapping.java:540) ~[spring-webmvc-4.3.16.RELEASE.jar:4.3.16.RELEASE]
	at org.springframework.web.servlet.handler.AbstractHandlerMethodMapping.registerHandlerMethod(AbstractHandlerMethodMapping.java:264) ~[spring-webmvc-4.3.16.RELEASE.jar:4.3.16.RELEASE]
	at org.springframework.web.servlet.handler.AbstractHandlerMethodMapping.detectHandlerMethods(AbstractHandlerMethodMapping.java:250) ~[spring-webmvc-4.3.16.RELEASE.jar:4.3.16.RELEASE]
	at org.springframework.web.servlet.handler.AbstractHandlerMethodMapping.initHandlerMethods(AbstractHandlerMethodMapping.java:214) ~[spring-webmvc-4.3.16.RELEASE.jar:4.3.16.RELEASE]
	at org.springframework.web.servlet.handler.AbstractHandlerMethodMapping.afterPropertiesSet(AbstractHandlerMethodMapping.java:184) ~[spring-webmvc-4.3.16.RELEASE.jar:4.3.16.RELEASE]
	at org.springframework.web.servlet.mvc.method.annotation.RequestMappingHandlerMapping.afterPropertiesSet(RequestMappingHandlerMapping.java:127) ~[spring-webmvc-4.3.16.RELEASE.jar:4.3.16.RELEASE]
	at org.springframework.beans.factory.support.AbstractAutowireCapableBeanFactory.invokeInitMethods(AbstractAutowireCapableBeanFactory.java:1688) ~[spring-beans-4.3.16.RELEASE.jar:4.3.16.RELEASE]
	at org.springframework.beans.factory.support.AbstractAutowireCapableBeanFactory.initializeBean(AbstractAutowireCapableBeanFactory.java:1626) ~[spring-beans-4.3.16.RELEASE.jar:4.3.16.RELEASE]
	... 21 common frames omitted

2018-06-18 14:06:24.689  INFO 10560 --- [restartedMain] b.c.d.WdbintegrationApiApplication       : Starting WdbintegrationApiApplication on UDI-H6SGQM2 with PID 10560 (C:\Everis\workspace\stsbundle\wdbintegration-api\target\classes started by wborgesa in C:\Everis\workspace\stsbundle\wdbintegration-api)
2018-06-18 14:06:24.689  INFO 10560 --- [restartedMain] b.c.d.WdbintegrationApiApplication       : No active profile set, falling back to default profiles: default
2018-06-18 14:06:24.689  INFO 10560 --- [restartedMain] ationConfigEmbeddedWebApplicationContext : Refreshing org.springframework.boot.context.embedded.AnnotationConfigEmbeddedWebApplicationContext@2ad67c36: startup date [Mon Jun 18 14:06:24 BRT 2018]; root of context hierarchy
2018-06-18 14:06:25.174  INFO 10560 --- [restartedMain] s.b.c.e.t.TomcatEmbeddedServletContainer : Tomcat initialized with port(s): 8080 (http)
2018-06-18 14:06:25.174  INFO 10560 --- [restartedMain] o.apache.catalina.core.StandardService   : Starting service [Tomcat]
2018-06-18 14:06:25.174  INFO 10560 --- [restartedMain] org.apache.catalina.core.StandardEngine  : Starting Servlet Engine: Apache Tomcat/8.5.29
2018-06-18 14:06:25.189  INFO 10560 --- [localhost-startStop-1] o.a.c.c.C.[Tomcat-1].[localhost].[/]     : Initializing Spring embedded WebApplicationContext
2018-06-18 14:06:25.189  INFO 10560 --- [localhost-startStop-1] o.s.web.context.ContextLoader            : Root WebApplicationContext: initialization completed in 500 ms
2018-06-18 14:06:25.221  INFO 10560 --- [localhost-startStop-1] o.s.b.w.servlet.ServletRegistrationBean  : Mapping servlet: 'dispatcherServlet' to [/]
2018-06-18 14:06:25.221  INFO 10560 --- [localhost-startStop-1] o.s.b.w.servlet.FilterRegistrationBean   : Mapping filter: 'characterEncodingFilter' to: [/*]
2018-06-18 14:06:25.221  INFO 10560 --- [localhost-startStop-1] o.s.b.w.servlet.FilterRegistrationBean   : Mapping filter: 'hiddenHttpMethodFilter' to: [/*]
2018-06-18 14:06:25.221  INFO 10560 --- [localhost-startStop-1] o.s.b.w.servlet.FilterRegistrationBean   : Mapping filter: 'httpPutFormContentFilter' to: [/*]
2018-06-18 14:06:25.221  INFO 10560 --- [localhost-startStop-1] o.s.b.w.servlet.FilterRegistrationBean   : Mapping filter: 'requestContextFilter' to: [/*]
2018-06-18 14:06:25.358  INFO 10560 --- [restartedMain] s.w.s.m.m.a.RequestMappingHandlerAdapter : Looking for @ControllerAdvice: org.springframework.boot.context.embedded.AnnotationConfigEmbeddedWebApplicationContext@2ad67c36: startup date [Mon Jun 18 14:06:24 BRT 2018]; root of context hierarchy
2018-06-18 14:06:25.368  INFO 10560 --- [restartedMain] s.w.s.m.m.a.RequestMappingHandlerMapping : Mapped "{[/object/nonWorkdays],methods=[POST]}" onto public java.util.List<br.com.library.wlibrary.att.NonWorkdays> br.com.dbintegrationapi.resource.ObjectResource.nonWorkdays(br.com.library.wlibrary.core.DataQuery)
2018-06-18 14:06:25.368  INFO 10560 --- [restartedMain] s.w.s.m.m.a.RequestMappingHandlerMapping : Mapped "{[/object/payment],methods=[POST]}" onto public org.springframework.http.ResponseEntity<?> br.com.dbintegrationapi.resource.ObjectResource.payment(br.com.library.wlibrary.core.DataQuery)
2018-06-18 14:06:25.369  INFO 10560 --- [restartedMain] s.w.s.m.m.a.RequestMappingHandlerMapping : Mapped "{[/object/supplier],methods=[POST]}" onto public java.util.List<br.com.library.wlibrary.att.Supplier> br.com.dbintegrationapi.resource.ObjectResource.supplier(br.com.library.wlibrary.core.DataQuery)
2018-06-18 14:06:25.369  INFO 10560 --- [restartedMain] s.w.s.m.m.a.RequestMappingHandlerMapping : Mapped "{[/object/salesman],methods=[POST]}" onto public java.util.List<br.com.library.wlibrary.att.Salesman> br.com.dbintegrationapi.resource.ObjectResource.salesman(br.com.library.wlibrary.core.DataQuery)
2018-06-18 14:06:25.370  INFO 10560 --- [restartedMain] s.w.s.m.m.a.RequestMappingHandlerMapping : Mapped "{[/object],methods=[GET]}" onto public org.springframework.http.ResponseEntity<?> br.com.dbintegrationapi.resource.ObjectResource.getDataQuery()
2018-06-18 14:06:25.370  INFO 10560 --- [restartedMain] s.w.s.m.m.a.RequestMappingHandlerMapping : Mapped "{[/object/comission],methods=[POST]}" onto public org.springframework.http.ResponseEntity<?> br.com.dbintegrationapi.resource.ObjectResource.comission(br.com.library.wlibrary.core.DataQuery)
2018-06-18 14:06:25.372  INFO 10560 --- [restartedMain] s.w.s.m.m.a.RequestMappingHandlerMapping : Mapped "{[/error]}" onto public org.springframework.http.ResponseEntity<java.util.Map<java.lang.String, java.lang.Object>> org.springframework.boot.autoconfigure.web.BasicErrorController.error(javax.servlet.http.HttpServletRequest)
2018-06-18 14:06:25.372  INFO 10560 --- [restartedMain] s.w.s.m.m.a.RequestMappingHandlerMapping : Mapped "{[/error],produces=[text/html]}" onto public org.springframework.web.servlet.ModelAndView org.springframework.boot.autoconfigure.web.BasicErrorController.errorHtml(javax.servlet.http.HttpServletRequest,javax.servlet.http.HttpServletResponse)
2018-06-18 14:06:25.379  INFO 10560 --- [restartedMain] o.s.w.s.handler.SimpleUrlHandlerMapping  : Mapped URL path [/webjars/**] onto handler of type [class org.springframework.web.servlet.resource.ResourceHttpRequestHandler]
2018-06-18 14:06:25.380  INFO 10560 --- [restartedMain] o.s.w.s.handler.SimpleUrlHandlerMapping  : Mapped URL path [/**] onto handler of type [class org.springframework.web.servlet.resource.ResourceHttpRequestHandler]
2018-06-18 14:06:25.396  INFO 10560 --- [restartedMain] o.s.w.s.handler.SimpleUrlHandlerMapping  : Mapped URL path [/**/favicon.ico] onto handler of type [class org.springframework.web.servlet.resource.ResourceHttpRequestHandler]
2018-06-18 14:06:25.428  INFO 10560 --- [restartedMain] o.s.b.d.a.OptionalLiveReloadServer       : LiveReload server is running on port 35729
2018-06-18 14:06:25.460  INFO 10560 --- [restartedMain] o.s.j.e.a.AnnotationMBeanExporter        : Registering beans for JMX exposure on startup
2018-06-18 14:06:25.467  INFO 10560 --- [restartedMain] s.b.c.e.t.TomcatEmbeddedServletContainer : Tomcat started on port(s): 8080 (http)
2018-06-18 14:06:25.469  INFO 10560 --- [restartedMain] b.c.d.WdbintegrationApiApplication       : Started WdbintegrationApiApplication in 0.82 seconds (JVM running for 475.491)
2018-06-18 14:06:45.079  INFO 10560 --- [RMI TCP Connection(2)-127.0.0.1] inMXBeanRegistrar$SpringApplicationAdmin : Application shutdown requested.
2018-06-18 14:06:45.079  INFO 10560 --- [RMI TCP Connection(2)-127.0.0.1] ationConfigEmbeddedWebApplicationContext : Closing org.springframework.boot.context.embedded.AnnotationConfigEmbeddedWebApplicationContext@2ad67c36: startup date [Mon Jun 18 14:06:24 BRT 2018]; root of context hierarchy
2018-06-18 14:06:45.081  INFO 10560 --- [RMI TCP Connection(2)-127.0.0.1] o.s.j.e.a.AnnotationMBeanExporter        : Unregistering JMX-exposed beans on shutdown
2018-06-18 21:22:29.782  INFO 9168 --- [restartedMain] b.c.d.WdbintegrationApiApplication       : Starting WdbintegrationApiApplication on WBA-NOTE with PID 9168 (C:\Developer\Projects\wdbintegration-api\target\classes started by Wenceslau in C:\Developer\Projects\wdbintegration-api)
2018-06-18 21:22:29.783  INFO 9168 --- [restartedMain] b.c.d.WdbintegrationApiApplication       : No active profile set, falling back to default profiles: default
2018-06-18 21:22:29.844  INFO 9168 --- [restartedMain] ationConfigEmbeddedWebApplicationContext : Refreshing org.springframework.boot.context.embedded.AnnotationConfigEmbeddedWebApplicationContext@2a3e175e: startup date [Mon Jun 18 21:22:29 BRT 2018]; root of context hierarchy
2018-06-18 21:22:31.143  INFO 9168 --- [restartedMain] s.b.c.e.t.TomcatEmbeddedServletContainer : Tomcat initialized with port(s): 8080 (http)
2018-06-18 21:22:31.162  INFO 9168 --- [restartedMain] o.apache.catalina.core.StandardService   : Starting service [Tomcat]
2018-06-18 21:22:31.162  INFO 9168 --- [restartedMain] org.apache.catalina.core.StandardEngine  : Starting Servlet Engine: Apache Tomcat/8.5.29
2018-06-18 21:22:31.225  INFO 9168 --- [localhost-startStop-1] o.a.c.c.C.[Tomcat].[localhost].[/]       : Initializing Spring embedded WebApplicationContext
2018-06-18 21:22:31.225  INFO 9168 --- [localhost-startStop-1] o.s.web.context.ContextLoader            : Root WebApplicationContext: initialization completed in 1384 ms
2018-06-18 21:22:31.403  INFO 9168 --- [localhost-startStop-1] o.s.b.w.servlet.ServletRegistrationBean  : Mapping servlet: 'dispatcherServlet' to [/]
2018-06-18 21:22:31.403  INFO 9168 --- [localhost-startStop-1] o.s.b.w.servlet.FilterRegistrationBean   : Mapping filter: 'characterEncodingFilter' to: [/*]
2018-06-18 21:22:31.403  INFO 9168 --- [localhost-startStop-1] o.s.b.w.servlet.FilterRegistrationBean   : Mapping filter: 'hiddenHttpMethodFilter' to: [/*]
2018-06-18 21:22:31.403  INFO 9168 --- [localhost-startStop-1] o.s.b.w.servlet.FilterRegistrationBean   : Mapping filter: 'httpPutFormContentFilter' to: [/*]
2018-06-18 21:22:31.403  INFO 9168 --- [localhost-startStop-1] o.s.b.w.servlet.FilterRegistrationBean   : Mapping filter: 'requestContextFilter' to: [/*]
2018-06-18 21:22:31.782  INFO 9168 --- [restartedMain] s.w.s.m.m.a.RequestMappingHandlerAdapter : Looking for @ControllerAdvice: org.springframework.boot.context.embedded.AnnotationConfigEmbeddedWebApplicationContext@2a3e175e: startup date [Mon Jun 18 21:22:29 BRT 2018]; root of context hierarchy
2018-06-18 21:22:31.847  INFO 9168 --- [restartedMain] s.w.s.m.m.a.RequestMappingHandlerMapping : Mapped "{[/object/comission],methods=[POST]}" onto public org.springframework.http.ResponseEntity<?> br.com.dbintegrationapi.resource.ObjectResource.comission(br.com.library.wlibrary.core.DataQuery)
2018-06-18 21:22:31.849  INFO 9168 --- [restartedMain] s.w.s.m.m.a.RequestMappingHandlerMapping : Mapped "{[/object/salesman],methods=[POST]}" onto public java.util.List<br.com.library.wlibrary.att.Salesman> br.com.dbintegrationapi.resource.ObjectResource.salesman(br.com.library.wlibrary.core.DataQuery)
2018-06-18 21:22:31.850  INFO 9168 --- [restartedMain] s.w.s.m.m.a.RequestMappingHandlerMapping : Mapped "{[/object/nonWorkdays],methods=[POST]}" onto public java.util.List<br.com.library.wlibrary.att.NonWorkdays> br.com.dbintegrationapi.resource.ObjectResource.nonWorkdays(br.com.library.wlibrary.core.DataQuery)
2018-06-18 21:22:31.850  INFO 9168 --- [restartedMain] s.w.s.m.m.a.RequestMappingHandlerMapping : Mapped "{[/object/payment],methods=[POST]}" onto public org.springframework.http.ResponseEntity<?> br.com.dbintegrationapi.resource.ObjectResource.payment(br.com.library.wlibrary.core.DataQuery)
2018-06-18 21:22:31.850  INFO 9168 --- [restartedMain] s.w.s.m.m.a.RequestMappingHandlerMapping : Mapped "{[/object],methods=[GET]}" onto public org.springframework.http.ResponseEntity<?> br.com.dbintegrationapi.resource.ObjectResource.getDataQuery()
2018-06-18 21:22:31.850  INFO 9168 --- [restartedMain] s.w.s.m.m.a.RequestMappingHandlerMapping : Mapped "{[/object/supplier],methods=[POST]}" onto public java.util.List<br.com.library.wlibrary.att.Supplier> br.com.dbintegrationapi.resource.ObjectResource.supplier(br.com.library.wlibrary.core.DataQuery)
2018-06-18 21:22:31.850  INFO 9168 --- [restartedMain] s.w.s.m.m.a.RequestMappingHandlerMapping : Mapped "{[/error]}" onto public org.springframework.http.ResponseEntity<java.util.Map<java.lang.String, java.lang.Object>> org.springframework.boot.autoconfigure.web.BasicErrorController.error(javax.servlet.http.HttpServletRequest)
2018-06-18 21:22:31.850  INFO 9168 --- [restartedMain] s.w.s.m.m.a.RequestMappingHandlerMapping : Mapped "{[/error],produces=[text/html]}" onto public org.springframework.web.servlet.ModelAndView org.springframework.boot.autoconfigure.web.BasicErrorController.errorHtml(javax.servlet.http.HttpServletRequest,javax.servlet.http.HttpServletResponse)
2018-06-18 21:22:31.897  INFO 9168 --- [restartedMain] o.s.w.s.handler.SimpleUrlHandlerMapping  : Mapped URL path [/webjars/**] onto handler of type [class org.springframework.web.servlet.resource.ResourceHttpRequestHandler]
2018-06-18 21:22:31.897  INFO 9168 --- [restartedMain] o.s.w.s.handler.SimpleUrlHandlerMapping  : Mapped URL path [/**] onto handler of type [class org.springframework.web.servlet.resource.ResourceHttpRequestHandler]
2018-06-18 21:22:31.980  INFO 9168 --- [restartedMain] o.s.w.s.handler.SimpleUrlHandlerMapping  : Mapped URL path [/**/favicon.ico] onto handler of type [class org.springframework.web.servlet.resource.ResourceHttpRequestHandler]
2018-06-18 21:22:32.189  INFO 9168 --- [restartedMain] o.s.b.d.a.OptionalLiveReloadServer       : LiveReload server is running on port 35729
2018-06-18 21:22:32.332  INFO 9168 --- [restartedMain] o.s.j.e.a.AnnotationMBeanExporter        : Registering beans for JMX exposure on startup
2018-06-18 21:22:32.413  INFO 9168 --- [restartedMain] s.b.c.e.t.TomcatEmbeddedServletContainer : Tomcat started on port(s): 8080 (http)
2018-06-18 21:22:32.413  INFO 9168 --- [restartedMain] b.c.d.WdbintegrationApiApplication       : Started WdbintegrationApiApplication in 2.886 seconds (JVM running for 3.421)
2018-06-18 21:22:41.928  INFO 9168 --- [http-nio-8080-exec-10] o.a.c.c.C.[Tomcat].[localhost].[/]       : Initializing Spring FrameworkServlet 'dispatcherServlet'
2018-06-18 21:22:41.933  INFO 9168 --- [http-nio-8080-exec-10] o.s.web.servlet.DispatcherServlet        : FrameworkServlet 'dispatcherServlet': initialization started
2018-06-18 21:22:41.953  INFO 9168 --- [http-nio-8080-exec-10] o.s.web.servlet.DispatcherServlet        : FrameworkServlet 'dispatcherServlet': initialization completed in 20 ms
2018-06-18 21:22:51.731  INFO 9168 --- [http-nio-8080-exec-9] b.c.dbintegrationapi.dao.IntegrationDao  : Executing query:
2018-06-18 21:22:51.737  INFO 9168 --- [http-nio-8080-exec-9] b.c.dbintegrationapi.dao.IntegrationDao  : null:ritz:root
2018-06-18 21:22:51.742  INFO 9168 --- [http-nio-8080-exec-9] b.c.dbintegrationapi.dao.IntegrationDao  : select * from vendedor
2018-06-18 21:43:09.734  INFO 9168 --- [RMI TCP Connection(29)-127.0.0.1] inMXBeanRegistrar$SpringApplicationAdmin : Application shutdown requested.
2018-06-18 21:43:09.766  INFO 9168 --- [RMI TCP Connection(29)-127.0.0.1] ationConfigEmbeddedWebApplicationContext : Closing org.springframework.boot.context.embedded.AnnotationConfigEmbeddedWebApplicationContext@2a3e175e: startup date [Mon Jun 18 21:22:29 BRT 2018]; root of context hierarchy
2018-06-18 21:43:09.766  INFO 9168 --- [RMI TCP Connection(29)-127.0.0.1] o.s.j.e.a.AnnotationMBeanExporter        : Unregistering JMX-exposed beans on shutdown
2018-06-18 21:44:05.195  INFO 14204 --- [restartedMain] b.c.d.WdbintegrationApiApplication       : Starting WdbintegrationApiApplication on WBA-NOTE with PID 14204 (C:\Developer\Projects\wdbintegration-api\target\classes started by Wenceslau in C:\Developer\Projects\wdbintegration-api)
2018-06-18 21:44:05.195  INFO 14204 --- [restartedMain] b.c.d.WdbintegrationApiApplication       : No active profile set, falling back to default profiles: default
2018-06-18 21:44:05.302  INFO 14204 --- [restartedMain] ationConfigEmbeddedWebApplicationContext : Refreshing org.springframework.boot.context.embedded.AnnotationConfigEmbeddedWebApplicationContext@22ad520d: startup date [Mon Jun 18 21:44:05 BRT 2018]; root of context hierarchy
2018-06-18 21:44:06.686  INFO 14204 --- [restartedMain] s.b.c.e.t.TomcatEmbeddedServletContainer : Tomcat initialized with port(s): 8080 (http)
2018-06-18 21:44:06.717  INFO 14204 --- [restartedMain] o.apache.catalina.core.StandardService   : Starting service [Tomcat]
2018-06-18 21:44:06.717  INFO 14204 --- [restartedMain] org.apache.catalina.core.StandardEngine  : Starting Servlet Engine: Apache Tomcat/8.5.29
2018-06-18 21:44:06.794  INFO 14204 --- [localhost-startStop-1] o.a.c.c.C.[Tomcat].[localhost].[/]       : Initializing Spring embedded WebApplicationContext
2018-06-18 21:44:06.794  INFO 14204 --- [localhost-startStop-1] o.s.web.context.ContextLoader            : Root WebApplicationContext: initialization completed in 1494 ms
2018-06-18 21:44:06.968  INFO 14204 --- [localhost-startStop-1] o.s.b.w.servlet.ServletRegistrationBean  : Mapping servlet: 'dispatcherServlet' to [/]
2018-06-18 21:44:06.973  INFO 14204 --- [localhost-startStop-1] o.s.b.w.servlet.FilterRegistrationBean   : Mapping filter: 'characterEncodingFilter' to: [/*]
2018-06-18 21:44:06.973  INFO 14204 --- [localhost-startStop-1] o.s.b.w.servlet.FilterRegistrationBean   : Mapping filter: 'hiddenHttpMethodFilter' to: [/*]
2018-06-18 21:44:06.973  INFO 14204 --- [localhost-startStop-1] o.s.b.w.servlet.FilterRegistrationBean   : Mapping filter: 'httpPutFormContentFilter' to: [/*]
2018-06-18 21:44:06.980  INFO 14204 --- [localhost-startStop-1] o.s.b.w.servlet.FilterRegistrationBean   : Mapping filter: 'requestContextFilter' to: [/*]
2018-06-18 21:44:07.339  INFO 14204 --- [restartedMain] s.w.s.m.m.a.RequestMappingHandlerAdapter : Looking for @ControllerAdvice: org.springframework.boot.context.embedded.AnnotationConfigEmbeddedWebApplicationContext@22ad520d: startup date [Mon Jun 18 21:44:05 BRT 2018]; root of context hierarchy
2018-06-18 21:44:07.402  INFO 14204 --- [restartedMain] s.w.s.m.m.a.RequestMappingHandlerMapping : Mapped "{[/object/comission],methods=[POST]}" onto public org.springframework.http.ResponseEntity<?> br.com.dbintegrationapi.resource.ObjectResource.comission(br.com.library.wlibrary.core.DataQuery)
2018-06-18 21:44:07.417  INFO 14204 --- [restartedMain] s.w.s.m.m.a.RequestMappingHandlerMapping : Mapped "{[/object/supplier],methods=[POST]}" onto public java.util.List<br.com.library.wlibrary.att.Supplier> br.com.dbintegrationapi.resource.ObjectResource.supplier(br.com.library.wlibrary.core.DataQuery)
2018-06-18 21:44:07.417  INFO 14204 --- [restartedMain] s.w.s.m.m.a.RequestMappingHandlerMapping : Mapped "{[/object/nonWorkdays],methods=[POST]}" onto public java.util.List<br.com.library.wlibrary.att.NonWorkdays> br.com.dbintegrationapi.resource.ObjectResource.nonWorkdays(br.com.library.wlibrary.core.DataQuery)
2018-06-18 21:44:07.417  INFO 14204 --- [restartedMain] s.w.s.m.m.a.RequestMappingHandlerMapping : Mapped "{[/object],methods=[GET]}" onto public org.springframework.http.ResponseEntity<?> br.com.dbintegrationapi.resource.ObjectResource.getDataQuery()
2018-06-18 21:44:07.417  INFO 14204 --- [restartedMain] s.w.s.m.m.a.RequestMappingHandlerMapping : Mapped "{[/object/salesman],methods=[POST]}" onto public java.util.List<br.com.library.wlibrary.att.Salesman> br.com.dbintegrationapi.resource.ObjectResource.salesman(br.com.library.wlibrary.core.DataQuery)
2018-06-18 21:44:07.417  INFO 14204 --- [restartedMain] s.w.s.m.m.a.RequestMappingHandlerMapping : Mapped "{[/object/payment],methods=[POST]}" onto public org.springframework.http.ResponseEntity<?> br.com.dbintegrationapi.resource.ObjectResource.payment(br.com.library.wlibrary.core.DataQuery)
2018-06-18 21:44:07.433  INFO 14204 --- [restartedMain] s.w.s.m.m.a.RequestMappingHandlerMapping : Mapped "{[/error]}" onto public org.springframework.http.ResponseEntity<java.util.Map<java.lang.String, java.lang.Object>> org.springframework.boot.autoconfigure.web.BasicErrorController.error(javax.servlet.http.HttpServletRequest)
2018-06-18 21:44:07.433  INFO 14204 --- [restartedMain] s.w.s.m.m.a.RequestMappingHandlerMapping : Mapped "{[/error],produces=[text/html]}" onto public org.springframework.web.servlet.ModelAndView org.springframework.boot.autoconfigure.web.BasicErrorController.errorHtml(javax.servlet.http.HttpServletRequest,javax.servlet.http.HttpServletResponse)
2018-06-18 21:44:07.470  INFO 14204 --- [restartedMain] o.s.w.s.handler.SimpleUrlHandlerMapping  : Mapped URL path [/webjars/**] onto handler of type [class org.springframework.web.servlet.resource.ResourceHttpRequestHandler]
2018-06-18 21:44:07.470  INFO 14204 --- [restartedMain] o.s.w.s.handler.SimpleUrlHandlerMapping  : Mapped URL path [/**] onto handler of type [class org.springframework.web.servlet.resource.ResourceHttpRequestHandler]
2018-06-18 21:44:07.539  INFO 14204 --- [restartedMain] o.s.w.s.handler.SimpleUrlHandlerMapping  : Mapped URL path [/**/favicon.ico] onto handler of type [class org.springframework.web.servlet.resource.ResourceHttpRequestHandler]
2018-06-18 21:44:07.820  INFO 14204 --- [restartedMain] o.s.b.d.a.OptionalLiveReloadServer       : LiveReload server is running on port 35729
2018-06-18 21:44:07.952  INFO 14204 --- [restartedMain] o.s.j.e.a.AnnotationMBeanExporter        : Registering beans for JMX exposure on startup
2018-06-18 21:44:08.040  INFO 14204 --- [restartedMain] s.b.c.e.t.TomcatEmbeddedServletContainer : Tomcat started on port(s): 8080 (http)
2018-06-18 21:44:08.040  INFO 14204 --- [restartedMain] b.c.d.WdbintegrationApiApplication       : Started WdbintegrationApiApplication in 3.127 seconds (JVM running for 3.683)
2018-06-18 21:44:17.856  INFO 14204 --- [http-nio-8080-exec-1] o.a.c.c.C.[Tomcat].[localhost].[/]       : Initializing Spring FrameworkServlet 'dispatcherServlet'
2018-06-18 21:44:17.861  INFO 14204 --- [http-nio-8080-exec-1] o.s.web.servlet.DispatcherServlet        : FrameworkServlet 'dispatcherServlet': initialization started
2018-06-18 21:44:17.867  INFO 14204 --- [http-nio-8080-exec-1] o.s.web.servlet.DispatcherServlet        : FrameworkServlet 'dispatcherServlet': initialization completed in 6 ms
2018-06-18 21:44:17.945  INFO 14204 --- [http-nio-8080-exec-1] b.c.dbintegrationapi.dao.IntegrationDao  : java.vendor: Oracle Corporation
2018-06-18 21:44:17.945  INFO 14204 --- [http-nio-8080-exec-1] b.c.dbintegrationapi.dao.IntegrationDao  : java.vendor.url: http://java.oracle.com/
2018-06-18 21:44:17.945  INFO 14204 --- [http-nio-8080-exec-1] b.c.dbintegrationapi.dao.IntegrationDao  : java.version: 1.7.0_80
2018-06-18 21:44:17.945  INFO 14204 --- [http-nio-8080-exec-1] b.c.dbintegrationapi.dao.IntegrationDao  : Executing query:
2018-06-18 21:44:17.945  INFO 14204 --- [http-nio-8080-exec-1] b.c.dbintegrationapi.dao.IntegrationDao  : ritz:ritz:rootS
2018-06-18 21:44:17.945  INFO 14204 --- [http-nio-8080-exec-1] b.c.dbintegrationapi.dao.IntegrationDao  : select 1
2018-06-18 21:44:19.038 ERROR 14204 --- [http-nio-8080-exec-1] o.a.c.c.C.[.[.[/].[dispatcherServlet]    : Servlet.service() for servlet [dispatcherServlet] in context with path [] threw exception [Request processing failed; nested exception is java.lang.RuntimeException: Problemas ao recuperar a lista de vendedores. [MySQL][ODBC 8.0(a) Driver]Access denied for user 'rootS'@'localhost' (using password: YES)] with root cause

java.sql.SQLException: [MySQL][ODBC 8.0(a) Driver]Access denied for user 'rootS'@'localhost' (using password: YES)
	at sun.jdbc.odbc.JdbcOdbc.createSQLException(JdbcOdbc.java:6964) ~[na:1.7.0_80]
	at sun.jdbc.odbc.JdbcOdbc.standardError(JdbcOdbc.java:7121) ~[na:1.7.0_80]
	at sun.jdbc.odbc.JdbcOdbc.SQLDriverConnect(JdbcOdbc.java:3080) ~[na:1.7.0_80]
	at sun.jdbc.odbc.JdbcOdbcConnection.initialize(JdbcOdbcConnection.java:323) ~[na:1.7.0_80]
	at sun.jdbc.odbc.JdbcOdbcDriver.connect(JdbcOdbcDriver.java:174) ~[na:1.7.0_80]
	at java.sql.DriverManager.getConnection(DriverManager.java:571) ~[na:1.7.0_80]
	at java.sql.DriverManager.getConnection(DriverManager.java:215) ~[na:1.7.0_80]
	at br.com.dbintegrationapi.dao.Dao.getConnection(Dao.java:60) ~[classes/:na]
	at br.com.dbintegrationapi.dao.IntegrationDao.listSalesman(IntegrationDao.java:160) ~[classes/:na]
	at br.com.dbintegrationapi.resource.ObjectResource.salesman(ObjectResource.java:44) ~[classes/:na]
	at sun.reflect.NativeMethodAccessorImpl.invoke0(Native Method) ~[na:1.7.0_80]
	at sun.reflect.NativeMethodAccessorImpl.invoke(NativeMethodAccessorImpl.java:57) ~[na:1.7.0_80]
	at sun.reflect.DelegatingMethodAccessorImpl.invoke(DelegatingMethodAccessorImpl.java:43) ~[na:1.7.0_80]
	at java.lang.reflect.Method.invoke(Method.java:606) ~[na:1.7.0_80]
	at org.springframework.web.method.support.InvocableHandlerMethod.doInvoke(InvocableHandlerMethod.java:205) ~[spring-web-4.3.16.RELEASE.jar:4.3.16.RELEASE]
	at org.springframework.web.method.support.InvocableHandlerMethod.invokeForRequest(InvocableHandlerMethod.java:133) ~[spring-web-4.3.16.RELEASE.jar:4.3.16.RELEASE]
	at org.springframework.web.servlet.mvc.method.annotation.ServletInvocableHandlerMethod.invokeAndHandle(ServletInvocableHandlerMethod.java:97) ~[spring-webmvc-4.3.16.RELEASE.jar:4.3.16.RELEASE]
	at org.springframework.web.servlet.mvc.method.annotation.RequestMappingHandlerAdapter.invokeHandlerMethod(RequestMappingHandlerAdapter.java:827) ~[spring-webmvc-4.3.16.RELEASE.jar:4.3.16.RELEASE]
	at org.springframework.web.servlet.mvc.method.annotation.RequestMappingHandlerAdapter.handleInternal(RequestMappingHandlerAdapter.java:738) ~[spring-webmvc-4.3.16.RELEASE.jar:4.3.16.RELEASE]
	at org.springframework.web.servlet.mvc.method.AbstractHandlerMethodAdapter.handle(AbstractHandlerMethodAdapter.java:85) ~[spring-webmvc-4.3.16.RELEASE.jar:4.3.16.RELEASE]
	at org.springframework.web.servlet.DispatcherServlet.doDispatch(DispatcherServlet.java:967) ~[spring-webmvc-4.3.16.RELEASE.jar:4.3.16.RELEASE]
	at org.springframework.web.servlet.DispatcherServlet.doService(DispatcherServlet.java:901) ~[spring-webmvc-4.3.16.RELEASE.jar:4.3.16.RELEASE]
	at org.springframework.web.servlet.FrameworkServlet.processRequest(FrameworkServlet.java:970) ~[spring-webmvc-4.3.16.RELEASE.jar:4.3.16.RELEASE]
	at org.springframework.web.servlet.FrameworkServlet.doPost(FrameworkServlet.java:872) ~[spring-webmvc-4.3.16.RELEASE.jar:4.3.16.RELEASE]
	at javax.servlet.http.HttpServlet.service(HttpServlet.java:661) ~[tomcat-embed-core-8.5.29.jar:8.5.29]
	at org.springframework.web.servlet.FrameworkServlet.service(FrameworkServlet.java:846) ~[spring-webmvc-4.3.16.RELEASE.jar:4.3.16.RELEASE]
	at javax.servlet.http.HttpServlet.service(HttpServlet.java:742) ~[tomcat-embed-core-8.5.29.jar:8.5.29]
	at org.apache.catalina.core.ApplicationFilterChain.internalDoFilter(ApplicationFilterChain.java:231) ~[tomcat-embed-core-8.5.29.jar:8.5.29]
	at org.apache.catalina.core.ApplicationFilterChain.doFilter(ApplicationFilterChain.java:166) ~[tomcat-embed-core-8.5.29.jar:8.5.29]
	at org.apache.tomcat.websocket.server.WsFilter.doFilter(WsFilter.java:52) ~[tomcat-embed-websocket-8.5.29.jar:8.5.29]
	at org.apache.catalina.core.ApplicationFilterChain.internalDoFilter(ApplicationFilterChain.java:193) ~[tomcat-embed-core-8.5.29.jar:8.5.29]
	at org.apache.catalina.core.ApplicationFilterChain.doFilter(ApplicationFilterChain.java:166) ~[tomcat-embed-core-8.5.29.jar:8.5.29]
	at org.springframework.web.filter.RequestContextFilter.doFilterInternal(RequestContextFilter.java:99) ~[spring-web-4.3.16.RELEASE.jar:4.3.16.RELEASE]
	at org.springframework.web.filter.OncePerRequestFilter.doFilter(OncePerRequestFilter.java:107) ~[spring-web-4.3.16.RELEASE.jar:4.3.16.RELEASE]
	at org.apache.catalina.core.ApplicationFilterChain.internalDoFilter(ApplicationFilterChain.java:193) ~[tomcat-embed-core-8.5.29.jar:8.5.29]
	at org.apache.catalina.core.ApplicationFilterChain.doFilter(ApplicationFilterChain.java:166) ~[tomcat-embed-core-8.5.29.jar:8.5.29]
	at org.springframework.web.filter.HttpPutFormContentFilter.doFilterInternal(HttpPutFormContentFilter.java:109) ~[spring-web-4.3.16.RELEASE.jar:4.3.16.RELEASE]
	at org.springframework.web.filter.OncePerRequestFilter.doFilter(OncePerRequestFilter.java:107) ~[spring-web-4.3.16.RELEASE.jar:4.3.16.RELEASE]
	at org.apache.catalina.core.ApplicationFilterChain.internalDoFilter(ApplicationFilterChain.java:193) ~[tomcat-embed-core-8.5.29.jar:8.5.29]
	at org.apache.catalina.core.ApplicationFilterChain.doFilter(ApplicationFilterChain.java:166) ~[tomcat-embed-core-8.5.29.jar:8.5.29]
	at org.springframework.web.filter.HiddenHttpMethodFilter.doFilterInternal(HiddenHttpMethodFilter.java:81) ~[spring-web-4.3.16.RELEASE.jar:4.3.16.RELEASE]
	at org.springframework.web.filter.OncePerRequestFilter.doFilter(OncePerRequestFilter.java:107) ~[spring-web-4.3.16.RELEASE.jar:4.3.16.RELEASE]
	at org.apache.catalina.core.ApplicationFilterChain.internalDoFilter(ApplicationFilterChain.java:193) ~[tomcat-embed-core-8.5.29.jar:8.5.29]
	at org.apache.catalina.core.ApplicationFilterChain.doFilter(ApplicationFilterChain.java:166) ~[tomcat-embed-core-8.5.29.jar:8.5.29]
	at org.springframework.web.filter.CharacterEncodingFilter.doFilterInternal(CharacterEncodingFilter.java:197) ~[spring-web-4.3.16.RELEASE.jar:4.3.16.RELEASE]
	at org.springframework.web.filter.OncePerRequestFilter.doFilter(OncePerRequestFilter.java:107) ~[spring-web-4.3.16.RELEASE.jar:4.3.16.RELEASE]
	at org.apache.catalina.core.ApplicationFilterChain.internalDoFilter(ApplicationFilterChain.java:193) ~[tomcat-embed-core-8.5.29.jar:8.5.29]
	at org.apache.catalina.core.ApplicationFilterChain.doFilter(ApplicationFilterChain.java:166) ~[tomcat-embed-core-8.5.29.jar:8.5.29]
	at org.apache.catalina.core.StandardWrapperValve.invoke(StandardWrapperValve.java:198) ~[tomcat-embed-core-8.5.29.jar:8.5.29]
	at org.apache.catalina.core.StandardContextValve.invoke(StandardContextValve.java:96) [tomcat-embed-core-8.5.29.jar:8.5.29]
	at org.apache.catalina.authenticator.AuthenticatorBase.invoke(AuthenticatorBase.java:496) [tomcat-embed-core-8.5.29.jar:8.5.29]
	at org.apache.catalina.core.StandardHostValve.invoke(StandardHostValve.java:140) [tomcat-embed-core-8.5.29.jar:8.5.29]
	at org.apache.catalina.valves.ErrorReportValve.invoke(ErrorReportValve.java:81) [tomcat-embed-core-8.5.29.jar:8.5.29]
	at org.apache.catalina.core.StandardEngineValve.invoke(StandardEngineValve.java:87) [tomcat-embed-core-8.5.29.jar:8.5.29]
	at org.apache.catalina.connector.CoyoteAdapter.service(CoyoteAdapter.java:342) [tomcat-embed-core-8.5.29.jar:8.5.29]
	at org.apache.coyote.http11.Http11Processor.service(Http11Processor.java:803) [tomcat-embed-core-8.5.29.jar:8.5.29]
	at org.apache.coyote.AbstractProcessorLight.process(AbstractProcessorLight.java:66) [tomcat-embed-core-8.5.29.jar:8.5.29]
	at org.apache.coyote.AbstractProtocol$ConnectionHandler.process(AbstractProtocol.java:790) [tomcat-embed-core-8.5.29.jar:8.5.29]
	at org.apache.tomcat.util.net.NioEndpoint$SocketProcessor.doRun(NioEndpoint.java:1459) [tomcat-embed-core-8.5.29.jar:8.5.29]
	at org.apache.tomcat.util.net.SocketProcessorBase.run(SocketProcessorBase.java:49) [tomcat-embed-core-8.5.29.jar:8.5.29]
	at java.util.concurrent.ThreadPoolExecutor.runWorker(ThreadPoolExecutor.java:1145) [na:1.7.0_80]
	at java.util.concurrent.ThreadPoolExecutor$Worker.run(ThreadPoolExecutor.java:615) [na:1.7.0_80]
	at org.apache.tomcat.util.threads.TaskThread$WrappingRunnable.run(TaskThread.java:61) [tomcat-embed-core-8.5.29.jar:8.5.29]
	at java.lang.Thread.run(Thread.java:745) [na:1.7.0_80]

2018-06-18 21:44:25.543  INFO 14204 --- [http-nio-8080-exec-2] b.c.dbintegrationapi.dao.IntegrationDao  : java.vendor: Oracle Corporation
2018-06-18 21:44:25.555  INFO 14204 --- [http-nio-8080-exec-2] b.c.dbintegrationapi.dao.IntegrationDao  : java.vendor.url: http://java.oracle.com/
2018-06-18 21:44:25.556  INFO 14204 --- [http-nio-8080-exec-2] b.c.dbintegrationapi.dao.IntegrationDao  : java.version: 1.7.0_80
2018-06-18 21:44:25.562  INFO 14204 --- [http-nio-8080-exec-2] b.c.dbintegrationapi.dao.IntegrationDao  : Executing query:
2018-06-18 21:44:25.562  INFO 14204 --- [http-nio-8080-exec-2] b.c.dbintegrationapi.dao.IntegrationDao  : ritz:ritz:root
2018-06-18 21:44:25.569  INFO 14204 --- [http-nio-8080-exec-2] b.c.dbintegrationapi.dao.IntegrationDao  : select 1
2018-06-18 21:44:26.655 ERROR 14204 --- [http-nio-8080-exec-2] o.a.c.c.C.[.[.[/].[dispatcherServlet]    : Servlet.service() for servlet [dispatcherServlet] in context with path [] threw exception [Request processing failed; nested exception is java.lang.RuntimeException: Problemas ao recuperar a lista de vendedores. Column not found] with root cause

java.sql.SQLException: Column not found
	at sun.jdbc.odbc.JdbcOdbcResultSet.findColumn(JdbcOdbcResultSet.java:1849) ~[na:1.7.0_80]
	at sun.jdbc.odbc.JdbcOdbcResultSet.getInt(JdbcOdbcResultSet.java:600) ~[na:1.7.0_80]
	at br.com.dbintegrationapi.dao.IntegrationDao.listSalesman(IntegrationDao.java:166) ~[classes/:na]
	at br.com.dbintegrationapi.resource.ObjectResource.salesman(ObjectResource.java:44) ~[classes/:na]
	at sun.reflect.NativeMethodAccessorImpl.invoke0(Native Method) ~[na:1.7.0_80]
	at sun.reflect.NativeMethodAccessorImpl.invoke(NativeMethodAccessorImpl.java:57) ~[na:1.7.0_80]
	at sun.reflect.DelegatingMethodAccessorImpl.invoke(DelegatingMethodAccessorImpl.java:43) ~[na:1.7.0_80]
	at java.lang.reflect.Method.invoke(Method.java:606) ~[na:1.7.0_80]
	at org.springframework.web.method.support.InvocableHandlerMethod.doInvoke(InvocableHandlerMethod.java:205) ~[spring-web-4.3.16.RELEASE.jar:4.3.16.RELEASE]
	at org.springframework.web.method.support.InvocableHandlerMethod.invokeForRequest(InvocableHandlerMethod.java:133) ~[spring-web-4.3.16.RELEASE.jar:4.3.16.RELEASE]
	at org.springframework.web.servlet.mvc.method.annotation.ServletInvocableHandlerMethod.invokeAndHandle(ServletInvocableHandlerMethod.java:97) ~[spring-webmvc-4.3.16.RELEASE.jar:4.3.16.RELEASE]
	at org.springframework.web.servlet.mvc.method.annotation.RequestMappingHandlerAdapter.invokeHandlerMethod(RequestMappingHandlerAdapter.java:827) ~[spring-webmvc-4.3.16.RELEASE.jar:4.3.16.RELEASE]
	at org.springframework.web.servlet.mvc.method.annotation.RequestMappingHandlerAdapter.handleInternal(RequestMappingHandlerAdapter.java:738) ~[spring-webmvc-4.3.16.RELEASE.jar:4.3.16.RELEASE]
	at org.springframework.web.servlet.mvc.method.AbstractHandlerMethodAdapter.handle(AbstractHandlerMethodAdapter.java:85) ~[spring-webmvc-4.3.16.RELEASE.jar:4.3.16.RELEASE]
	at org.springframework.web.servlet.DispatcherServlet.doDispatch(DispatcherServlet.java:967) ~[spring-webmvc-4.3.16.RELEASE.jar:4.3.16.RELEASE]
	at org.springframework.web.servlet.DispatcherServlet.doService(DispatcherServlet.java:901) ~[spring-webmvc-4.3.16.RELEASE.jar:4.3.16.RELEASE]
	at org.springframework.web.servlet.FrameworkServlet.processRequest(FrameworkServlet.java:970) ~[spring-webmvc-4.3.16.RELEASE.jar:4.3.16.RELEASE]
	at org.springframework.web.servlet.FrameworkServlet.doPost(FrameworkServlet.java:872) ~[spring-webmvc-4.3.16.RELEASE.jar:4.3.16.RELEASE]
	at javax.servlet.http.HttpServlet.service(HttpServlet.java:661) ~[tomcat-embed-core-8.5.29.jar:8.5.29]
	at org.springframework.web.servlet.FrameworkServlet.service(FrameworkServlet.java:846) ~[spring-webmvc-4.3.16.RELEASE.jar:4.3.16.RELEASE]
	at javax.servlet.http.HttpServlet.service(HttpServlet.java:742) ~[tomcat-embed-core-8.5.29.jar:8.5.29]
	at org.apache.catalina.core.ApplicationFilterChain.internalDoFilter(ApplicationFilterChain.java:231) ~[tomcat-embed-core-8.5.29.jar:8.5.29]
	at org.apache.catalina.core.ApplicationFilterChain.doFilter(ApplicationFilterChain.java:166) ~[tomcat-embed-core-8.5.29.jar:8.5.29]
	at org.apache.tomcat.websocket.server.WsFilter.doFilter(WsFilter.java:52) ~[tomcat-embed-websocket-8.5.29.jar:8.5.29]
	at org.apache.catalina.core.ApplicationFilterChain.internalDoFilter(ApplicationFilterChain.java:193) ~[tomcat-embed-core-8.5.29.jar:8.5.29]
	at org.apache.catalina.core.ApplicationFilterChain.doFilter(ApplicationFilterChain.java:166) ~[tomcat-embed-core-8.5.29.jar:8.5.29]
	at org.springframework.web.filter.RequestContextFilter.doFilterInternal(RequestContextFilter.java:99) ~[spring-web-4.3.16.RELEASE.jar:4.3.16.RELEASE]
	at org.springframework.web.filter.OncePerRequestFilter.doFilter(OncePerRequestFilter.java:107) ~[spring-web-4.3.16.RELEASE.jar:4.3.16.RELEASE]
	at org.apache.catalina.core.ApplicationFilterChain.internalDoFilter(ApplicationFilterChain.java:193) ~[tomcat-embed-core-8.5.29.jar:8.5.29]
	at org.apache.catalina.core.ApplicationFilterChain.doFilter(ApplicationFilterChain.java:166) ~[tomcat-embed-core-8.5.29.jar:8.5.29]
	at org.springframework.web.filter.HttpPutFormContentFilter.doFilterInternal(HttpPutFormContentFilter.java:109) ~[spring-web-4.3.16.RELEASE.jar:4.3.16.RELEASE]
	at org.springframework.web.filter.OncePerRequestFilter.doFilter(OncePerRequestFilter.java:107) ~[spring-web-4.3.16.RELEASE.jar:4.3.16.RELEASE]
	at org.apache.catalina.core.ApplicationFilterChain.internalDoFilter(ApplicationFilterChain.java:193) ~[tomcat-embed-core-8.5.29.jar:8.5.29]
	at org.apache.catalina.core.ApplicationFilterChain.doFilter(ApplicationFilterChain.java:166) ~[tomcat-embed-core-8.5.29.jar:8.5.29]
	at org.springframework.web.filter.HiddenHttpMethodFilter.doFilterInternal(HiddenHttpMethodFilter.java:81) ~[spring-web-4.3.16.RELEASE.jar:4.3.16.RELEASE]
	at org.springframework.web.filter.OncePerRequestFilter.doFilter(OncePerRequestFilter.java:107) ~[spring-web-4.3.16.RELEASE.jar:4.3.16.RELEASE]
	at org.apache.catalina.core.ApplicationFilterChain.internalDoFilter(ApplicationFilterChain.java:193) ~[tomcat-embed-core-8.5.29.jar:8.5.29]
	at org.apache.catalina.core.ApplicationFilterChain.doFilter(ApplicationFilterChain.java:166) ~[tomcat-embed-core-8.5.29.jar:8.5.29]
	at org.springframework.web.filter.CharacterEncodingFilter.doFilterInternal(CharacterEncodingFilter.java:197) ~[spring-web-4.3.16.RELEASE.jar:4.3.16.RELEASE]
	at org.springframework.web.filter.OncePerRequestFilter.doFilter(OncePerRequestFilter.java:107) ~[spring-web-4.3.16.RELEASE.jar:4.3.16.RELEASE]
	at org.apache.catalina.core.ApplicationFilterChain.internalDoFilter(ApplicationFilterChain.java:193) ~[tomcat-embed-core-8.5.29.jar:8.5.29]
	at org.apache.catalina.core.ApplicationFilterChain.doFilter(ApplicationFilterChain.java:166) ~[tomcat-embed-core-8.5.29.jar:8.5.29]
	at org.apache.catalina.core.StandardWrapperValve.invoke(StandardWrapperValve.java:198) ~[tomcat-embed-core-8.5.29.jar:8.5.29]
	at org.apache.catalina.core.StandardContextValve.invoke(StandardContextValve.java:96) [tomcat-embed-core-8.5.29.jar:8.5.29]
	at org.apache.catalina.authenticator.AuthenticatorBase.invoke(AuthenticatorBase.java:496) [tomcat-embed-core-8.5.29.jar:8.5.29]
	at org.apache.catalina.core.StandardHostValve.invoke(StandardHostValve.java:140) [tomcat-embed-core-8.5.29.jar:8.5.29]
	at org.apache.catalina.valves.ErrorReportValve.invoke(ErrorReportValve.java:81) [tomcat-embed-core-8.5.29.jar:8.5.29]
	at org.apache.catalina.core.StandardEngineValve.invoke(StandardEngineValve.java:87) [tomcat-embed-core-8.5.29.jar:8.5.29]
	at org.apache.catalina.connector.CoyoteAdapter.service(CoyoteAdapter.java:342) [tomcat-embed-core-8.5.29.jar:8.5.29]
	at org.apache.coyote.http11.Http11Processor.service(Http11Processor.java:803) [tomcat-embed-core-8.5.29.jar:8.5.29]
	at org.apache.coyote.AbstractProcessorLight.process(AbstractProcessorLight.java:66) [tomcat-embed-core-8.5.29.jar:8.5.29]
	at org.apache.coyote.AbstractProtocol$ConnectionHandler.process(AbstractProtocol.java:790) [tomcat-embed-core-8.5.29.jar:8.5.29]
	at org.apache.tomcat.util.net.NioEndpoint$SocketProcessor.doRun(NioEndpoint.java:1459) [tomcat-embed-core-8.5.29.jar:8.5.29]
	at org.apache.tomcat.util.net.SocketProcessorBase.run(SocketProcessorBase.java:49) [tomcat-embed-core-8.5.29.jar:8.5.29]
	at java.util.concurrent.ThreadPoolExecutor.runWorker(ThreadPoolExecutor.java:1145) [na:1.7.0_80]
	at java.util.concurrent.ThreadPoolExecutor$Worker.run(ThreadPoolExecutor.java:615) [na:1.7.0_80]
	at org.apache.tomcat.util.threads.TaskThread$WrappingRunnable.run(TaskThread.java:61) [tomcat-embed-core-8.5.29.jar:8.5.29]
	at java.lang.Thread.run(Thread.java:745) [na:1.7.0_80]

2018-06-18 21:44:41.279  INFO 14204 --- [http-nio-8080-exec-3] b.c.dbintegrationapi.dao.IntegrationDao  : java.vendor: Oracle Corporation
2018-06-18 21:44:41.285  INFO 14204 --- [http-nio-8080-exec-3] b.c.dbintegrationapi.dao.IntegrationDao  : java.vendor.url: http://java.oracle.com/
2018-06-18 21:44:41.289  INFO 14204 --- [http-nio-8080-exec-3] b.c.dbintegrationapi.dao.IntegrationDao  : java.version: 1.7.0_80
2018-06-18 21:44:41.289  INFO 14204 --- [http-nio-8080-exec-3] b.c.dbintegrationapi.dao.IntegrationDao  : Executing query:
2018-06-18 21:44:41.289  INFO 14204 --- [http-nio-8080-exec-3] b.c.dbintegrationapi.dao.IntegrationDao  : ritz:ritz:root
2018-06-18 21:44:41.289  INFO 14204 --- [http-nio-8080-exec-3] b.c.dbintegrationapi.dao.IntegrationDao  : select * from vendedor
2018-06-18 21:44:47.881  INFO 14204 --- [http-nio-8080-exec-4] b.c.dbintegrationapi.dao.IntegrationDao  : java.vendor: Oracle Corporation
2018-06-18 21:44:47.887  INFO 14204 --- [http-nio-8080-exec-4] b.c.dbintegrationapi.dao.IntegrationDao  : java.vendor.url: http://java.oracle.com/
2018-06-18 21:44:47.887  INFO 14204 --- [http-nio-8080-exec-4] b.c.dbintegrationapi.dao.IntegrationDao  : java.version: 1.7.0_80
2018-06-18 21:44:47.887  INFO 14204 --- [http-nio-8080-exec-4] b.c.dbintegrationapi.dao.IntegrationDao  : Executing query:
2018-06-18 21:44:47.902  INFO 14204 --- [http-nio-8080-exec-4] b.c.dbintegrationapi.dao.IntegrationDao  : ritz:ritz:root
2018-06-18 21:44:47.902  INFO 14204 --- [http-nio-8080-exec-4] b.c.dbintegrationapi.dao.IntegrationDao  : select * from vendedor
2018-06-18 21:47:15.460  INFO 14204 --- [Thread-7] ationConfigEmbeddedWebApplicationContext : Closing org.springframework.boot.context.embedded.AnnotationConfigEmbeddedWebApplicationContext@22ad520d: startup date [Mon Jun 18 21:44:05 BRT 2018]; root of context hierarchy
2018-06-18 21:47:15.463  INFO 14204 --- [Thread-7] o.s.j.e.a.AnnotationMBeanExporter        : Unregistering JMX-exposed beans on shutdown
2018-06-18 21:47:15.817  INFO 14204 --- [restartedMain] b.c.d.WdbintegrationApiApplication       : Starting WdbintegrationApiApplication on WBA-NOTE with PID 14204 (C:\Developer\Projects\wdbintegration-api\target\classes started by Wenceslau in C:\Developer\Projects\wdbintegration-api)
2018-06-18 21:47:15.818  INFO 14204 --- [restartedMain] b.c.d.WdbintegrationApiApplication       : No active profile set, falling back to default profiles: default
2018-06-18 21:47:15.822  INFO 14204 --- [restartedMain] ationConfigEmbeddedWebApplicationContext : Refreshing org.springframework.boot.context.embedded.AnnotationConfigEmbeddedWebApplicationContext@7e765757: startup date [Mon Jun 18 21:47:15 BRT 2018]; root of context hierarchy
2018-06-18 21:47:16.405  INFO 14204 --- [restartedMain] s.b.c.e.t.TomcatEmbeddedServletContainer : Tomcat initialized with port(s): 8080 (http)
2018-06-18 21:47:16.407  INFO 14204 --- [restartedMain] o.apache.catalina.core.StandardService   : Starting service [Tomcat]
2018-06-18 21:47:16.407  INFO 14204 --- [restartedMain] org.apache.catalina.core.StandardEngine  : Starting Servlet Engine: Apache Tomcat/8.5.29
2018-06-18 21:47:16.425  INFO 14204 --- [localhost-startStop-1] o.a.c.c.C.[Tomcat].[localhost].[/]       : Initializing Spring embedded WebApplicationContext
2018-06-18 21:47:16.426  INFO 14204 --- [localhost-startStop-1] o.s.web.context.ContextLoader            : Root WebApplicationContext: initialization completed in 605 ms
2018-06-18 21:47:16.505  INFO 14204 --- [localhost-startStop-1] o.s.b.w.servlet.ServletRegistrationBean  : Mapping servlet: 'dispatcherServlet' to [/]
2018-06-18 21:47:16.506  INFO 14204 --- [localhost-startStop-1] o.s.b.w.servlet.FilterRegistrationBean   : Mapping filter: 'characterEncodingFilter' to: [/*]
2018-06-18 21:47:16.506  INFO 14204 --- [localhost-startStop-1] o.s.b.w.servlet.FilterRegistrationBean   : Mapping filter: 'hiddenHttpMethodFilter' to: [/*]
2018-06-18 21:47:16.506  INFO 14204 --- [localhost-startStop-1] o.s.b.w.servlet.FilterRegistrationBean   : Mapping filter: 'httpPutFormContentFilter' to: [/*]
2018-06-18 21:47:16.507  INFO 14204 --- [localhost-startStop-1] o.s.b.w.servlet.FilterRegistrationBean   : Mapping filter: 'requestContextFilter' to: [/*]
2018-06-18 21:47:16.760  INFO 14204 --- [restartedMain] s.w.s.m.m.a.RequestMappingHandlerAdapter : Looking for @ControllerAdvice: org.springframework.boot.context.embedded.AnnotationConfigEmbeddedWebApplicationContext@7e765757: startup date [Mon Jun 18 21:47:15 BRT 2018]; root of context hierarchy
2018-06-18 21:47:16.774  INFO 14204 --- [restartedMain] s.w.s.m.m.a.RequestMappingHandlerMapping : Mapped "{[/object/comission],methods=[POST]}" onto public org.springframework.http.ResponseEntity<?> br.com.dbintegrationapi.resource.ObjectResource.comission(br.com.library.wlibrary.core.DataQuery)
2018-06-18 21:47:16.775  INFO 14204 --- [restartedMain] s.w.s.m.m.a.RequestMappingHandlerMapping : Mapped "{[/object/supplier],methods=[POST]}" onto public java.util.List<br.com.library.wlibrary.att.Supplier> br.com.dbintegrationapi.resource.ObjectResource.supplier(br.com.library.wlibrary.core.DataQuery)
2018-06-18 21:47:16.780  INFO 14204 --- [restartedMain] s.w.s.m.m.a.RequestMappingHandlerMapping : Mapped "{[/object/nonWorkdays],methods=[POST]}" onto public java.util.List<br.com.library.wlibrary.att.NonWorkdays> br.com.dbintegrationapi.resource.ObjectResource.nonWorkdays(br.com.library.wlibrary.core.DataQuery)
2018-06-18 21:47:16.781  INFO 14204 --- [restartedMain] s.w.s.m.m.a.RequestMappingHandlerMapping : Mapped "{[/object],methods=[GET]}" onto public org.springframework.http.ResponseEntity<?> br.com.dbintegrationapi.resource.ObjectResource.getDataQuery()
2018-06-18 21:47:16.781  INFO 14204 --- [restartedMain] s.w.s.m.m.a.RequestMappingHandlerMapping : Mapped "{[/object/salesman],methods=[POST]}" onto public java.util.List<br.com.library.wlibrary.att.Salesman> br.com.dbintegrationapi.resource.ObjectResource.salesman(br.com.library.wlibrary.core.DataQuery)
2018-06-18 21:47:16.781  INFO 14204 --- [restartedMain] s.w.s.m.m.a.RequestMappingHandlerMapping : Mapped "{[/object/payment],methods=[POST]}" onto public org.springframework.http.ResponseEntity<?> br.com.dbintegrationapi.resource.ObjectResource.payment(br.com.library.wlibrary.core.DataQuery)
2018-06-18 21:47:16.783  INFO 14204 --- [restartedMain] s.w.s.m.m.a.RequestMappingHandlerMapping : Mapped "{[/error]}" onto public org.springframework.http.ResponseEntity<java.util.Map<java.lang.String, java.lang.Object>> org.springframework.boot.autoconfigure.web.BasicErrorController.error(javax.servlet.http.HttpServletRequest)
2018-06-18 21:47:16.784  INFO 14204 --- [restartedMain] s.w.s.m.m.a.RequestMappingHandlerMapping : Mapped "{[/error],produces=[text/html]}" onto public org.springframework.web.servlet.ModelAndView org.springframework.boot.autoconfigure.web.BasicErrorController.errorHtml(javax.servlet.http.HttpServletRequest,javax.servlet.http.HttpServletResponse)
2018-06-18 21:47:16.793  INFO 14204 --- [restartedMain] o.s.w.s.handler.SimpleUrlHandlerMapping  : Mapped URL path [/webjars/**] onto handler of type [class org.springframework.web.servlet.resource.ResourceHttpRequestHandler]
2018-06-18 21:47:16.793  INFO 14204 --- [restartedMain] o.s.w.s.handler.SimpleUrlHandlerMapping  : Mapped URL path [/**] onto handler of type [class org.springframework.web.servlet.resource.ResourceHttpRequestHandler]
2018-06-18 21:47:16.812  INFO 14204 --- [restartedMain] o.s.w.s.handler.SimpleUrlHandlerMapping  : Mapped URL path [/**/favicon.ico] onto handler of type [class org.springframework.web.servlet.resource.ResourceHttpRequestHandler]
2018-06-18 21:47:16.853  INFO 14204 --- [restartedMain] o.s.b.d.a.OptionalLiveReloadServer       : LiveReload server is running on port 35729
2018-06-18 21:47:16.944  INFO 14204 --- [restartedMain] o.s.j.e.a.AnnotationMBeanExporter        : Registering beans for JMX exposure on startup
2018-06-18 21:47:16.957  INFO 14204 --- [restartedMain] s.b.c.e.t.TomcatEmbeddedServletContainer : Tomcat started on port(s): 8080 (http)
2018-06-18 21:47:16.965  INFO 14204 --- [restartedMain] b.c.d.WdbintegrationApiApplication       : Started WdbintegrationApiApplication in 1.193 seconds (JVM running for 192.608)
2018-06-18 21:47:18.297  INFO 14204 --- [Thread-15] ationConfigEmbeddedWebApplicationContext : Closing org.springframework.boot.context.embedded.AnnotationConfigEmbeddedWebApplicationContext@7e765757: startup date [Mon Jun 18 21:47:15 BRT 2018]; root of context hierarchy
2018-06-18 21:47:18.306  INFO 14204 --- [Thread-15] o.s.j.e.a.AnnotationMBeanExporter        : Unregistering JMX-exposed beans on shutdown
2018-06-18 21:47:18.594  INFO 14204 --- [restartedMain] b.c.d.WdbintegrationApiApplication       : Starting WdbintegrationApiApplication on WBA-NOTE with PID 14204 (C:\Developer\Projects\wdbintegration-api\target\classes started by Wenceslau in C:\Developer\Projects\wdbintegration-api)
2018-06-18 21:47:18.594  INFO 14204 --- [restartedMain] b.c.d.WdbintegrationApiApplication       : No active profile set, falling back to default profiles: default
2018-06-18 21:47:18.597  INFO 14204 --- [restartedMain] ationConfigEmbeddedWebApplicationContext : Refreshing org.springframework.boot.context.embedded.AnnotationConfigEmbeddedWebApplicationContext@5407a314: startup date [Mon Jun 18 21:47:18 BRT 2018]; root of context hierarchy
2018-06-18 21:47:19.003  INFO 14204 --- [restartedMain] s.b.c.e.t.TomcatEmbeddedServletContainer : Tomcat initialized with port(s): 8080 (http)
2018-06-18 21:47:19.004  INFO 14204 --- [restartedMain] o.apache.catalina.core.StandardService   : Starting service [Tomcat]
2018-06-18 21:47:19.004  INFO 14204 --- [restartedMain] org.apache.catalina.core.StandardEngine  : Starting Servlet Engine: Apache Tomcat/8.5.29
2018-06-18 21:47:19.014  INFO 14204 --- [localhost-startStop-1] o.a.c.c.C.[Tomcat].[localhost].[/]       : Initializing Spring embedded WebApplicationContext
2018-06-18 21:47:19.015  INFO 14204 --- [localhost-startStop-1] o.s.web.context.ContextLoader            : Root WebApplicationContext: initialization completed in 418 ms
2018-06-18 21:47:19.036  INFO 14204 --- [localhost-startStop-1] o.s.b.w.servlet.ServletRegistrationBean  : Mapping servlet: 'dispatcherServlet' to [/]
2018-06-18 21:47:19.036  INFO 14204 --- [localhost-startStop-1] o.s.b.w.servlet.FilterRegistrationBean   : Mapping filter: 'characterEncodingFilter' to: [/*]
2018-06-18 21:47:19.036  INFO 14204 --- [localhost-startStop-1] o.s.b.w.servlet.FilterRegistrationBean   : Mapping filter: 'hiddenHttpMethodFilter' to: [/*]
2018-06-18 21:47:19.036  INFO 14204 --- [localhost-startStop-1] o.s.b.w.servlet.FilterRegistrationBean   : Mapping filter: 'httpPutFormContentFilter' to: [/*]
2018-06-18 21:47:19.036  INFO 14204 --- [localhost-startStop-1] o.s.b.w.servlet.FilterRegistrationBean   : Mapping filter: 'requestContextFilter' to: [/*]
2018-06-18 21:47:19.121  INFO 14204 --- [restartedMain] s.w.s.m.m.a.RequestMappingHandlerAdapter : Looking for @ControllerAdvice: org.springframework.boot.context.embedded.AnnotationConfigEmbeddedWebApplicationContext@5407a314: startup date [Mon Jun 18 21:47:18 BRT 2018]; root of context hierarchy
2018-06-18 21:47:19.136  INFO 14204 --- [restartedMain] s.w.s.m.m.a.RequestMappingHandlerMapping : Mapped "{[/object/comission],methods=[POST]}" onto public org.springframework.http.ResponseEntity<?> br.com.dbintegrationapi.resource.ObjectResource.comission(br.com.library.wlibrary.core.DataQuery)
2018-06-18 21:47:19.137  INFO 14204 --- [restartedMain] s.w.s.m.m.a.RequestMappingHandlerMapping : Mapped "{[/object/supplier],methods=[POST]}" onto public java.util.List<br.com.library.wlibrary.att.Supplier> br.com.dbintegrationapi.resource.ObjectResource.supplier(br.com.library.wlibrary.core.DataQuery)
2018-06-18 21:47:19.145  INFO 14204 --- [restartedMain] s.w.s.m.m.a.RequestMappingHandlerMapping : Mapped "{[/object/nonWorkdays],methods=[POST]}" onto public java.util.List<br.com.library.wlibrary.att.NonWorkdays> br.com.dbintegrationapi.resource.ObjectResource.nonWorkdays(br.com.library.wlibrary.core.DataQuery)
2018-06-18 21:47:19.145  INFO 14204 --- [restartedMain] s.w.s.m.m.a.RequestMappingHandlerMapping : Mapped "{[/object],methods=[GET]}" onto public org.springframework.http.ResponseEntity<?> br.com.dbintegrationapi.resource.ObjectResource.getDataQuery()
2018-06-18 21:47:19.145  INFO 14204 --- [restartedMain] s.w.s.m.m.a.RequestMappingHandlerMapping : Mapped "{[/object/salesman],methods=[POST]}" onto public java.util.List<br.com.library.wlibrary.att.Salesman> br.com.dbintegrationapi.resource.ObjectResource.salesman(br.com.library.wlibrary.core.DataQuery)
2018-06-18 21:47:19.146  INFO 14204 --- [restartedMain] s.w.s.m.m.a.RequestMappingHandlerMapping : Mapped "{[/object/payment],methods=[POST]}" onto public org.springframework.http.ResponseEntity<?> br.com.dbintegrationapi.resource.ObjectResource.payment(br.com.library.wlibrary.core.DataQuery)
2018-06-18 21:47:19.148  INFO 14204 --- [restartedMain] s.w.s.m.m.a.RequestMappingHandlerMapping : Mapped "{[/error]}" onto public org.springframework.http.ResponseEntity<java.util.Map<java.lang.String, java.lang.Object>> org.springframework.boot.autoconfigure.web.BasicErrorController.error(javax.servlet.http.HttpServletRequest)
2018-06-18 21:47:19.149  INFO 14204 --- [restartedMain] s.w.s.m.m.a.RequestMappingHandlerMapping : Mapped "{[/error],produces=[text/html]}" onto public org.springframework.web.servlet.ModelAndView org.springframework.boot.autoconfigure.web.BasicErrorController.errorHtml(javax.servlet.http.HttpServletRequest,javax.servlet.http.HttpServletResponse)
2018-06-18 21:47:19.157  INFO 14204 --- [restartedMain] o.s.w.s.handler.SimpleUrlHandlerMapping  : Mapped URL path [/webjars/**] onto handler of type [class org.springframework.web.servlet.resource.ResourceHttpRequestHandler]
2018-06-18 21:47:19.158  INFO 14204 --- [restartedMain] o.s.w.s.handler.SimpleUrlHandlerMapping  : Mapped URL path [/**] onto handler of type [class org.springframework.web.servlet.resource.ResourceHttpRequestHandler]
2018-06-18 21:47:19.171  INFO 14204 --- [restartedMain] o.s.w.s.handler.SimpleUrlHandlerMapping  : Mapped URL path [/**/favicon.ico] onto handler of type [class org.springframework.web.servlet.resource.ResourceHttpRequestHandler]
2018-06-18 21:47:19.206  INFO 14204 --- [restartedMain] o.s.b.d.a.OptionalLiveReloadServer       : LiveReload server is running on port 35729
2018-06-18 21:47:19.254  INFO 14204 --- [restartedMain] o.s.j.e.a.AnnotationMBeanExporter        : Registering beans for JMX exposure on startup
2018-06-18 21:47:19.263  INFO 14204 --- [restartedMain] s.b.c.e.t.TomcatEmbeddedServletContainer : Tomcat started on port(s): 8080 (http)
2018-06-18 21:47:19.266  INFO 14204 --- [restartedMain] b.c.d.WdbintegrationApiApplication       : Started WdbintegrationApiApplication in 0.707 seconds (JVM running for 194.909)
2018-06-18 21:47:20.578  INFO 14204 --- [http-nio-8080-exec-2] o.a.c.c.C.[Tomcat].[localhost].[/]       : Initializing Spring FrameworkServlet 'dispatcherServlet'
2018-06-18 21:47:20.600  INFO 14204 --- [http-nio-8080-exec-2] o.s.web.servlet.DispatcherServlet        : FrameworkServlet 'dispatcherServlet': initialization started
2018-06-18 21:47:20.603  INFO 14204 --- [http-nio-8080-exec-2] o.s.web.servlet.DispatcherServlet        : FrameworkServlet 'dispatcherServlet': initialization completed in 3 ms
2018-06-18 21:47:20.615  INFO 14204 --- [http-nio-8080-exec-2] b.c.dbintegrationapi.dao.IntegrationDao  : java.vendor: Oracle Corporation
2018-06-18 21:47:20.616  INFO 14204 --- [http-nio-8080-exec-2] b.c.dbintegrationapi.dao.IntegrationDao  : java.vendor.url: http://java.oracle.com/
2018-06-18 21:47:20.616  INFO 14204 --- [http-nio-8080-exec-2] b.c.dbintegrationapi.dao.IntegrationDao  : java.version: 1.7.0_80
2018-06-18 21:47:20.616  INFO 14204 --- [http-nio-8080-exec-2] b.c.dbintegrationapi.dao.IntegrationDao  : sun.arch.data.model: 64
2018-06-18 21:47:20.616  INFO 14204 --- [http-nio-8080-exec-2] b.c.dbintegrationapi.dao.IntegrationDao  : Executing query:
2018-06-18 21:47:20.616  INFO 14204 --- [http-nio-8080-exec-2] b.c.dbintegrationapi.dao.IntegrationDao  : ritz:ritz:root
2018-06-18 21:47:20.616  INFO 14204 --- [http-nio-8080-exec-2] b.c.dbintegrationapi.dao.IntegrationDao  : select * from vendedor
2018-06-18 21:48:01.866  INFO 14204 --- [Thread-23] ationConfigEmbeddedWebApplicationContext : Closing org.springframework.boot.context.embedded.AnnotationConfigEmbeddedWebApplicationContext@5407a314: startup date [Mon Jun 18 21:47:18 BRT 2018]; root of context hierarchy
2018-06-18 21:48:01.870  INFO 14204 --- [Thread-23] o.s.j.e.a.AnnotationMBeanExporter        : Unregistering JMX-exposed beans on shutdown
2018-06-18 21:48:02.224  INFO 14204 --- [restartedMain] b.c.d.WdbintegrationApiApplication       : Starting WdbintegrationApiApplication on WBA-NOTE with PID 14204 (C:\Developer\Projects\wdbintegration-api\target\classes started by Wenceslau in C:\Developer\Projects\wdbintegration-api)
2018-06-18 21:48:02.224  INFO 14204 --- [restartedMain] b.c.d.WdbintegrationApiApplication       : No active profile set, falling back to default profiles: default
2018-06-18 21:48:02.227  INFO 14204 --- [restartedMain] ationConfigEmbeddedWebApplicationContext : Refreshing org.springframework.boot.context.embedded.AnnotationConfigEmbeddedWebApplicationContext@16a7209b: startup date [Mon Jun 18 21:48:02 BRT 2018]; root of context hierarchy
2018-06-18 21:48:02.704  INFO 14204 --- [restartedMain] s.b.c.e.t.TomcatEmbeddedServletContainer : Tomcat initialized with port(s): 8080 (http)
2018-06-18 21:48:02.705  INFO 14204 --- [restartedMain] o.apache.catalina.core.StandardService   : Starting service [Tomcat]
2018-06-18 21:48:02.706  INFO 14204 --- [restartedMain] org.apache.catalina.core.StandardEngine  : Starting Servlet Engine: Apache Tomcat/8.5.29
2018-06-18 21:48:02.722  INFO 14204 --- [localhost-startStop-1] o.a.c.c.C.[Tomcat].[localhost].[/]       : Initializing Spring embedded WebApplicationContext
2018-06-18 21:48:02.722  INFO 14204 --- [localhost-startStop-1] o.s.web.context.ContextLoader            : Root WebApplicationContext: initialization completed in 495 ms
2018-06-18 21:48:02.746  INFO 14204 --- [localhost-startStop-1] o.s.b.w.servlet.ServletRegistrationBean  : Mapping servlet: 'dispatcherServlet' to [/]
2018-06-18 21:48:02.747  INFO 14204 --- [localhost-startStop-1] o.s.b.w.servlet.FilterRegistrationBean   : Mapping filter: 'characterEncodingFilter' to: [/*]
2018-06-18 21:48:02.747  INFO 14204 --- [localhost-startStop-1] o.s.b.w.servlet.FilterRegistrationBean   : Mapping filter: 'hiddenHttpMethodFilter' to: [/*]
2018-06-18 21:48:02.747  INFO 14204 --- [localhost-startStop-1] o.s.b.w.servlet.FilterRegistrationBean   : Mapping filter: 'httpPutFormContentFilter' to: [/*]
2018-06-18 21:48:02.747  INFO 14204 --- [localhost-startStop-1] o.s.b.w.servlet.FilterRegistrationBean   : Mapping filter: 'requestContextFilter' to: [/*]
2018-06-18 21:48:02.853  INFO 14204 --- [restartedMain] s.w.s.m.m.a.RequestMappingHandlerAdapter : Looking for @ControllerAdvice: org.springframework.boot.context.embedded.AnnotationConfigEmbeddedWebApplicationContext@16a7209b: startup date [Mon Jun 18 21:48:02 BRT 2018]; root of context hierarchy
2018-06-18 21:48:02.864  INFO 14204 --- [restartedMain] s.w.s.m.m.a.RequestMappingHandlerMapping : Mapped "{[/object/comission],methods=[POST]}" onto public org.springframework.http.ResponseEntity<?> br.com.dbintegrationapi.resource.ObjectResource.comission(br.com.library.wlibrary.core.DataQuery)
2018-06-18 21:48:02.864  INFO 14204 --- [restartedMain] s.w.s.m.m.a.RequestMappingHandlerMapping : Mapped "{[/object/supplier],methods=[POST]}" onto public java.util.List<br.com.library.wlibrary.att.Supplier> br.com.dbintegrationapi.resource.ObjectResource.supplier(br.com.library.wlibrary.core.DataQuery)
2018-06-18 21:48:02.869  INFO 14204 --- [restartedMain] s.w.s.m.m.a.RequestMappingHandlerMapping : Mapped "{[/object/nonWorkdays],methods=[POST]}" onto public java.util.List<br.com.library.wlibrary.att.NonWorkdays> br.com.dbintegrationapi.resource.ObjectResource.nonWorkdays(br.com.library.wlibrary.core.DataQuery)
2018-06-18 21:48:02.870  INFO 14204 --- [restartedMain] s.w.s.m.m.a.RequestMappingHandlerMapping : Mapped "{[/object],methods=[GET]}" onto public org.springframework.http.ResponseEntity<?> br.com.dbintegrationapi.resource.ObjectResource.getDataQuery()
2018-06-18 21:48:02.870  INFO 14204 --- [restartedMain] s.w.s.m.m.a.RequestMappingHandlerMapping : Mapped "{[/object/salesman],methods=[POST]}" onto public java.util.List<br.com.library.wlibrary.att.Salesman> br.com.dbintegrationapi.resource.ObjectResource.salesman(br.com.library.wlibrary.core.DataQuery)
2018-06-18 21:48:02.870  INFO 14204 --- [restartedMain] s.w.s.m.m.a.RequestMappingHandlerMapping : Mapped "{[/object/payment],methods=[POST]}" onto public org.springframework.http.ResponseEntity<?> br.com.dbintegrationapi.resource.ObjectResource.payment(br.com.library.wlibrary.core.DataQuery)
2018-06-18 21:48:02.872  INFO 14204 --- [restartedMain] s.w.s.m.m.a.RequestMappingHandlerMapping : Mapped "{[/error]}" onto public org.springframework.http.ResponseEntity<java.util.Map<java.lang.String, java.lang.Object>> org.springframework.boot.autoconfigure.web.BasicErrorController.error(javax.servlet.http.HttpServletRequest)
2018-06-18 21:48:02.872  INFO 14204 --- [restartedMain] s.w.s.m.m.a.RequestMappingHandlerMapping : Mapped "{[/error],produces=[text/html]}" onto public org.springframework.web.servlet.ModelAndView org.springframework.boot.autoconfigure.web.BasicErrorController.errorHtml(javax.servlet.http.HttpServletRequest,javax.servlet.http.HttpServletResponse)
2018-06-18 21:48:02.878  INFO 14204 --- [restartedMain] o.s.w.s.handler.SimpleUrlHandlerMapping  : Mapped URL path [/webjars/**] onto handler of type [class org.springframework.web.servlet.resource.ResourceHttpRequestHandler]
2018-06-18 21:48:02.878  INFO 14204 --- [restartedMain] o.s.w.s.handler.SimpleUrlHandlerMapping  : Mapped URL path [/**] onto handler of type [class org.springframework.web.servlet.resource.ResourceHttpRequestHandler]
2018-06-18 21:48:02.888  INFO 14204 --- [restartedMain] o.s.w.s.handler.SimpleUrlHandlerMapping  : Mapped URL path [/**/favicon.ico] onto handler of type [class org.springframework.web.servlet.resource.ResourceHttpRequestHandler]
2018-06-18 21:48:02.917  INFO 14204 --- [restartedMain] o.s.b.d.a.OptionalLiveReloadServer       : LiveReload server is running on port 35729
2018-06-18 21:48:02.948  INFO 14204 --- [restartedMain] o.s.j.e.a.AnnotationMBeanExporter        : Registering beans for JMX exposure on startup
2018-06-18 21:48:02.958  INFO 14204 --- [restartedMain] s.b.c.e.t.TomcatEmbeddedServletContainer : Tomcat started on port(s): 8080 (http)
2018-06-18 21:48:02.963  INFO 14204 --- [restartedMain] b.c.d.WdbintegrationApiApplication       : Started WdbintegrationApiApplication in 0.78 seconds (JVM running for 238.606)
2018-06-18 21:48:07.076  INFO 14204 --- [http-nio-8080-exec-1] o.a.c.c.C.[Tomcat].[localhost].[/]       : Initializing Spring FrameworkServlet 'dispatcherServlet'
2018-06-18 21:48:07.077  INFO 14204 --- [http-nio-8080-exec-1] o.s.web.servlet.DispatcherServlet        : FrameworkServlet 'dispatcherServlet': initialization started
2018-06-18 21:48:07.079  INFO 14204 --- [http-nio-8080-exec-1] o.s.web.servlet.DispatcherServlet        : FrameworkServlet 'dispatcherServlet': initialization completed in 2 ms
2018-06-18 21:48:07.093  INFO 14204 --- [http-nio-8080-exec-1] b.c.dbintegrationapi.dao.IntegrationDao  : java.vendor: Oracle Corporation
2018-06-18 21:48:07.094  INFO 14204 --- [http-nio-8080-exec-1] b.c.dbintegrationapi.dao.IntegrationDao  : java.vendor.url: http://java.oracle.com/
2018-06-18 21:48:07.094  INFO 14204 --- [http-nio-8080-exec-1] b.c.dbintegrationapi.dao.IntegrationDao  : java.version: 1.7.0_80
2018-06-18 21:48:07.094  INFO 14204 --- [http-nio-8080-exec-1] b.c.dbintegrationapi.dao.IntegrationDao  : sun.arch.data.model: 64
2018-06-18 21:48:07.094  INFO 14204 --- [http-nio-8080-exec-1] b.c.dbintegrationapi.dao.IntegrationDao  : Executing query:
2018-06-18 21:48:07.094  INFO 14204 --- [http-nio-8080-exec-1] b.c.dbintegrationapi.dao.IntegrationDao  : ritz:ritz:root
2018-06-18 21:48:07.094  INFO 14204 --- [http-nio-8080-exec-1] b.c.dbintegrationapi.dao.IntegrationDao  : select * from vendedor
2018-06-18 21:48:13.108  INFO 14204 --- [RMI TCP Connection(17)-127.0.0.1] inMXBeanRegistrar$SpringApplicationAdmin : Application shutdown requested.
2018-06-18 21:48:13.115  INFO 14204 --- [RMI TCP Connection(17)-127.0.0.1] ationConfigEmbeddedWebApplicationContext : Closing org.springframework.boot.context.embedded.AnnotationConfigEmbeddedWebApplicationContext@16a7209b: startup date [Mon Jun 18 21:48:02 BRT 2018]; root of context hierarchy
2018-06-18 21:48:13.117  INFO 14204 --- [RMI TCP Connection(17)-127.0.0.1] o.s.j.e.a.AnnotationMBeanExporter        : Unregistering JMX-exposed beans on shutdown
2018-06-18 21:48:28.309  INFO 11984 --- [restartedMain] b.c.d.WdbintegrationApiApplication       : Starting WdbintegrationApiApplication on WBA-NOTE with PID 11984 (C:\Developer\Projects\wdbintegration-api\target\classes started by Wenceslau in C:\Developer\Projects\wdbintegration-api)
2018-06-18 21:48:28.310  INFO 11984 --- [restartedMain] b.c.d.WdbintegrationApiApplication       : No active profile set, falling back to default profiles: default
2018-06-18 21:48:28.351  INFO 11984 --- [restartedMain] ationConfigEmbeddedWebApplicationContext : Refreshing org.springframework.boot.context.embedded.AnnotationConfigEmbeddedWebApplicationContext@a91ff: startup date [Mon Jun 18 21:48:28 BRT 2018]; root of context hierarchy
2018-06-18 21:48:29.379  INFO 11984 --- [restartedMain] s.b.c.e.t.TomcatEmbeddedServletContainer : Tomcat initialized with port(s): 8080 (http)
2018-06-18 21:48:29.400  INFO 11984 --- [restartedMain] o.apache.catalina.core.StandardService   : Starting service [Tomcat]
2018-06-18 21:48:29.400  INFO 11984 --- [restartedMain] org.apache.catalina.core.StandardEngine  : Starting Servlet Engine: Apache Tomcat/8.5.29
2018-06-18 21:48:29.468  INFO 11984 --- [localhost-startStop-1] o.a.c.c.C.[Tomcat].[localhost].[/]       : Initializing Spring embedded WebApplicationContext
2018-06-18 21:48:29.469  INFO 11984 --- [localhost-startStop-1] o.s.web.context.ContextLoader            : Root WebApplicationContext: initialization completed in 1119 ms
2018-06-18 21:48:29.590  INFO 11984 --- [localhost-startStop-1] o.s.b.w.servlet.ServletRegistrationBean  : Mapping servlet: 'dispatcherServlet' to [/]
2018-06-18 21:48:29.593  INFO 11984 --- [localhost-startStop-1] o.s.b.w.servlet.FilterRegistrationBean   : Mapping filter: 'characterEncodingFilter' to: [/*]
2018-06-18 21:48:29.594  INFO 11984 --- [localhost-startStop-1] o.s.b.w.servlet.FilterRegistrationBean   : Mapping filter: 'hiddenHttpMethodFilter' to: [/*]
2018-06-18 21:48:29.594  INFO 11984 --- [localhost-startStop-1] o.s.b.w.servlet.FilterRegistrationBean   : Mapping filter: 'httpPutFormContentFilter' to: [/*]
2018-06-18 21:48:29.594  INFO 11984 --- [localhost-startStop-1] o.s.b.w.servlet.FilterRegistrationBean   : Mapping filter: 'requestContextFilter' to: [/*]
2018-06-18 21:48:29.908  INFO 11984 --- [restartedMain] s.w.s.m.m.a.RequestMappingHandlerAdapter : Looking for @ControllerAdvice: org.springframework.boot.context.embedded.AnnotationConfigEmbeddedWebApplicationContext@a91ff: startup date [Mon Jun 18 21:48:28 BRT 2018]; root of context hierarchy
2018-06-18 21:48:29.961  INFO 11984 --- [restartedMain] s.w.s.m.m.a.RequestMappingHandlerMapping : Mapped "{[/object/salesman],methods=[POST]}" onto public java.util.List<br.com.library.wlibrary.att.Salesman> br.com.dbintegrationapi.resource.ObjectResource.salesman(br.com.library.wlibrary.core.DataQuery)
2018-06-18 21:48:29.962  INFO 11984 --- [restartedMain] s.w.s.m.m.a.RequestMappingHandlerMapping : Mapped "{[/object/nonWorkdays],methods=[POST]}" onto public java.util.List<br.com.library.wlibrary.att.NonWorkdays> br.com.dbintegrationapi.resource.ObjectResource.nonWorkdays(br.com.library.wlibrary.core.DataQuery)
2018-06-18 21:48:29.968  INFO 11984 --- [restartedMain] s.w.s.m.m.a.RequestMappingHandlerMapping : Mapped "{[/object/payment],methods=[POST]}" onto public org.springframework.http.ResponseEntity<?> br.com.dbintegrationapi.resource.ObjectResource.payment(br.com.library.wlibrary.core.DataQuery)
2018-06-18 21:48:29.969  INFO 11984 --- [restartedMain] s.w.s.m.m.a.RequestMappingHandlerMapping : Mapped "{[/object/supplier],methods=[POST]}" onto public java.util.List<br.com.library.wlibrary.att.Supplier> br.com.dbintegrationapi.resource.ObjectResource.supplier(br.com.library.wlibrary.core.DataQuery)
2018-06-18 21:48:29.970  INFO 11984 --- [restartedMain] s.w.s.m.m.a.RequestMappingHandlerMapping : Mapped "{[/object],methods=[GET]}" onto public org.springframework.http.ResponseEntity<?> br.com.dbintegrationapi.resource.ObjectResource.getDataQuery()
2018-06-18 21:48:29.970  INFO 11984 --- [restartedMain] s.w.s.m.m.a.RequestMappingHandlerMapping : Mapped "{[/object/comission],methods=[POST]}" onto public org.springframework.http.ResponseEntity<?> br.com.dbintegrationapi.resource.ObjectResource.comission(br.com.library.wlibrary.core.DataQuery)
2018-06-18 21:48:29.972  INFO 11984 --- [restartedMain] s.w.s.m.m.a.RequestMappingHandlerMapping : Mapped "{[/error],produces=[text/html]}" onto public org.springframework.web.servlet.ModelAndView org.springframework.boot.autoconfigure.web.BasicErrorController.errorHtml(javax.servlet.http.HttpServletRequest,javax.servlet.http.HttpServletResponse)
2018-06-18 21:48:29.973  INFO 11984 --- [restartedMain] s.w.s.m.m.a.RequestMappingHandlerMapping : Mapped "{[/error]}" onto public org.springframework.http.ResponseEntity<java.util.Map<java.lang.String, java.lang.Object>> org.springframework.boot.autoconfigure.web.BasicErrorController.error(javax.servlet.http.HttpServletRequest)
2018-06-18 21:48:30.010  INFO 11984 --- [restartedMain] o.s.w.s.handler.SimpleUrlHandlerMapping  : Mapped URL path [/webjars/**] onto handler of type [class org.springframework.web.servlet.resource.ResourceHttpRequestHandler]
2018-06-18 21:48:30.010  INFO 11984 --- [restartedMain] o.s.w.s.handler.SimpleUrlHandlerMapping  : Mapped URL path [/**] onto handler of type [class org.springframework.web.servlet.resource.ResourceHttpRequestHandler]
2018-06-18 21:48:30.072  INFO 11984 --- [restartedMain] o.s.w.s.handler.SimpleUrlHandlerMapping  : Mapped URL path [/**/favicon.ico] onto handler of type [class org.springframework.web.servlet.resource.ResourceHttpRequestHandler]
2018-06-18 21:48:30.229  INFO 11984 --- [restartedMain] o.s.b.d.a.OptionalLiveReloadServer       : LiveReload server is running on port 35729
2018-06-18 21:48:30.289  INFO 11984 --- [restartedMain] o.s.j.e.a.AnnotationMBeanExporter        : Registering beans for JMX exposure on startup
2018-06-18 21:48:30.330  INFO 11984 --- [restartedMain] s.b.c.e.t.TomcatEmbeddedServletContainer : Tomcat started on port(s): 8080 (http)
2018-06-18 21:48:30.335  INFO 11984 --- [restartedMain] b.c.d.WdbintegrationApiApplication       : Started WdbintegrationApiApplication in 2.272 seconds (JVM running for 2.971)
2018-06-18 21:48:34.435  INFO 11984 --- [http-nio-8080-exec-1] o.a.c.c.C.[Tomcat].[localhost].[/]       : Initializing Spring FrameworkServlet 'dispatcherServlet'
2018-06-18 21:48:34.439  INFO 11984 --- [http-nio-8080-exec-1] o.s.web.servlet.DispatcherServlet        : FrameworkServlet 'dispatcherServlet': initialization started
2018-06-18 21:48:34.452  INFO 11984 --- [http-nio-8080-exec-1] o.s.web.servlet.DispatcherServlet        : FrameworkServlet 'dispatcherServlet': initialization completed in 12 ms
2018-06-18 21:48:34.508  INFO 11984 --- [http-nio-8080-exec-1] b.c.dbintegrationapi.dao.IntegrationDao  : java.vendor: Oracle Corporation
2018-06-18 21:48:34.508  INFO 11984 --- [http-nio-8080-exec-1] b.c.dbintegrationapi.dao.IntegrationDao  : java.vendor.url: http://java.oracle.com/
2018-06-18 21:48:34.508  INFO 11984 --- [http-nio-8080-exec-1] b.c.dbintegrationapi.dao.IntegrationDao  : java.version: 1.7.0_80
2018-06-18 21:48:34.508  INFO 11984 --- [http-nio-8080-exec-1] b.c.dbintegrationapi.dao.IntegrationDao  : sun.arch.data.model: 32
2018-06-18 21:48:34.508  INFO 11984 --- [http-nio-8080-exec-1] b.c.dbintegrationapi.dao.IntegrationDao  : Executing query:
2018-06-18 21:48:34.508  INFO 11984 --- [http-nio-8080-exec-1] b.c.dbintegrationapi.dao.IntegrationDao  : ritz:ritz:root
2018-06-18 21:48:34.508  INFO 11984 --- [http-nio-8080-exec-1] b.c.dbintegrationapi.dao.IntegrationDao  : select * from vendedor
2018-06-18 21:48:34.537 ERROR 11984 --- [http-nio-8080-exec-1] o.a.c.c.C.[.[.[/].[dispatcherServlet]    : Servlet.service() for servlet [dispatcherServlet] in context with path [] threw exception [Request processing failed; nested exception is java.lang.RuntimeException: Problemas ao recuperar a lista de vendedores. [Microsoft][ODBC Driver Manager] The specified DSN contains an architecture mismatch between the Driver and Application] with root cause

java.sql.SQLException: [Microsoft][ODBC Driver Manager] The specified DSN contains an architecture mismatch between the Driver and Application
	at sun.jdbc.odbc.JdbcOdbc.createSQLException(JdbcOdbc.java:6964) ~[na:1.7.0_80]
	at sun.jdbc.odbc.JdbcOdbc.standardError(JdbcOdbc.java:7121) ~[na:1.7.0_80]
	at sun.jdbc.odbc.JdbcOdbc.SQLDriverConnect(JdbcOdbc.java:3080) ~[na:1.7.0_80]
	at sun.jdbc.odbc.JdbcOdbcConnection.initialize(JdbcOdbcConnection.java:323) ~[na:1.7.0_80]
	at sun.jdbc.odbc.JdbcOdbcDriver.connect(JdbcOdbcDriver.java:174) ~[na:1.7.0_80]
	at java.sql.DriverManager.getConnection(DriverManager.java:571) ~[na:1.7.0_80]
	at java.sql.DriverManager.getConnection(DriverManager.java:215) ~[na:1.7.0_80]
	at br.com.dbintegrationapi.dao.Dao.getConnection(Dao.java:60) ~[classes/:na]
	at br.com.dbintegrationapi.dao.IntegrationDao.listSalesman(IntegrationDao.java:160) ~[classes/:na]
	at br.com.dbintegrationapi.resource.ObjectResource.salesman(ObjectResource.java:44) ~[classes/:na]
	at sun.reflect.NativeMethodAccessorImpl.invoke0(Native Method) ~[na:1.7.0_80]
	at sun.reflect.NativeMethodAccessorImpl.invoke(NativeMethodAccessorImpl.java:57) ~[na:1.7.0_80]
	at sun.reflect.DelegatingMethodAccessorImpl.invoke(DelegatingMethodAccessorImpl.java:43) ~[na:1.7.0_80]
	at java.lang.reflect.Method.invoke(Method.java:606) ~[na:1.7.0_80]
	at org.springframework.web.method.support.InvocableHandlerMethod.doInvoke(InvocableHandlerMethod.java:205) ~[spring-web-4.3.16.RELEASE.jar:4.3.16.RELEASE]
	at org.springframework.web.method.support.InvocableHandlerMethod.invokeForRequest(InvocableHandlerMethod.java:133) ~[spring-web-4.3.16.RELEASE.jar:4.3.16.RELEASE]
	at org.springframework.web.servlet.mvc.method.annotation.ServletInvocableHandlerMethod.invokeAndHandle(ServletInvocableHandlerMethod.java:97) ~[spring-webmvc-4.3.16.RELEASE.jar:4.3.16.RELEASE]
	at org.springframework.web.servlet.mvc.method.annotation.RequestMappingHandlerAdapter.invokeHandlerMethod(RequestMappingHandlerAdapter.java:827) ~[spring-webmvc-4.3.16.RELEASE.jar:4.3.16.RELEASE]
	at org.springframework.web.servlet.mvc.method.annotation.RequestMappingHandlerAdapter.handleInternal(RequestMappingHandlerAdapter.java:738) ~[spring-webmvc-4.3.16.RELEASE.jar:4.3.16.RELEASE]
	at org.springframework.web.servlet.mvc.method.AbstractHandlerMethodAdapter.handle(AbstractHandlerMethodAdapter.java:85) ~[spring-webmvc-4.3.16.RELEASE.jar:4.3.16.RELEASE]
	at org.springframework.web.servlet.DispatcherServlet.doDispatch(DispatcherServlet.java:967) ~[spring-webmvc-4.3.16.RELEASE.jar:4.3.16.RELEASE]
	at org.springframework.web.servlet.DispatcherServlet.doService(DispatcherServlet.java:901) ~[spring-webmvc-4.3.16.RELEASE.jar:4.3.16.RELEASE]
	at org.springframework.web.servlet.FrameworkServlet.processRequest(FrameworkServlet.java:970) ~[spring-webmvc-4.3.16.RELEASE.jar:4.3.16.RELEASE]
	at org.springframework.web.servlet.FrameworkServlet.doPost(FrameworkServlet.java:872) ~[spring-webmvc-4.3.16.RELEASE.jar:4.3.16.RELEASE]
	at javax.servlet.http.HttpServlet.service(HttpServlet.java:661) ~[tomcat-embed-core-8.5.29.jar:8.5.29]
	at org.springframework.web.servlet.FrameworkServlet.service(FrameworkServlet.java:846) ~[spring-webmvc-4.3.16.RELEASE.jar:4.3.16.RELEASE]
	at javax.servlet.http.HttpServlet.service(HttpServlet.java:742) ~[tomcat-embed-core-8.5.29.jar:8.5.29]
	at org.apache.catalina.core.ApplicationFilterChain.internalDoFilter(ApplicationFilterChain.java:231) ~[tomcat-embed-core-8.5.29.jar:8.5.29]
	at org.apache.catalina.core.ApplicationFilterChain.doFilter(ApplicationFilterChain.java:166) ~[tomcat-embed-core-8.5.29.jar:8.5.29]
	at org.apache.tomcat.websocket.server.WsFilter.doFilter(WsFilter.java:52) ~[tomcat-embed-websocket-8.5.29.jar:8.5.29]
	at org.apache.catalina.core.ApplicationFilterChain.internalDoFilter(ApplicationFilterChain.java:193) ~[tomcat-embed-core-8.5.29.jar:8.5.29]
	at org.apache.catalina.core.ApplicationFilterChain.doFilter(ApplicationFilterChain.java:166) ~[tomcat-embed-core-8.5.29.jar:8.5.29]
	at org.springframework.web.filter.RequestContextFilter.doFilterInternal(RequestContextFilter.java:99) ~[spring-web-4.3.16.RELEASE.jar:4.3.16.RELEASE]
	at org.springframework.web.filter.OncePerRequestFilter.doFilter(OncePerRequestFilter.java:107) ~[spring-web-4.3.16.RELEASE.jar:4.3.16.RELEASE]
	at org.apache.catalina.core.ApplicationFilterChain.internalDoFilter(ApplicationFilterChain.java:193) ~[tomcat-embed-core-8.5.29.jar:8.5.29]
	at org.apache.catalina.core.ApplicationFilterChain.doFilter(ApplicationFilterChain.java:166) ~[tomcat-embed-core-8.5.29.jar:8.5.29]
	at org.springframework.web.filter.HttpPutFormContentFilter.doFilterInternal(HttpPutFormContentFilter.java:109) ~[spring-web-4.3.16.RELEASE.jar:4.3.16.RELEASE]
	at org.springframework.web.filter.OncePerRequestFilter.doFilter(OncePerRequestFilter.java:107) ~[spring-web-4.3.16.RELEASE.jar:4.3.16.RELEASE]
	at org.apache.catalina.core.ApplicationFilterChain.internalDoFilter(ApplicationFilterChain.java:193) ~[tomcat-embed-core-8.5.29.jar:8.5.29]
	at org.apache.catalina.core.ApplicationFilterChain.doFilter(ApplicationFilterChain.java:166) ~[tomcat-embed-core-8.5.29.jar:8.5.29]
	at org.springframework.web.filter.HiddenHttpMethodFilter.doFilterInternal(HiddenHttpMethodFilter.java:81) ~[spring-web-4.3.16.RELEASE.jar:4.3.16.RELEASE]
	at org.springframework.web.filter.OncePerRequestFilter.doFilter(OncePerRequestFilter.java:107) ~[spring-web-4.3.16.RELEASE.jar:4.3.16.RELEASE]
	at org.apache.catalina.core.ApplicationFilterChain.internalDoFilter(ApplicationFilterChain.java:193) ~[tomcat-embed-core-8.5.29.jar:8.5.29]
	at org.apache.catalina.core.ApplicationFilterChain.doFilter(ApplicationFilterChain.java:166) ~[tomcat-embed-core-8.5.29.jar:8.5.29]
	at org.springframework.web.filter.CharacterEncodingFilter.doFilterInternal(CharacterEncodingFilter.java:197) ~[spring-web-4.3.16.RELEASE.jar:4.3.16.RELEASE]
	at org.springframework.web.filter.OncePerRequestFilter.doFilter(OncePerRequestFilter.java:107) ~[spring-web-4.3.16.RELEASE.jar:4.3.16.RELEASE]
	at org.apache.catalina.core.ApplicationFilterChain.internalDoFilter(ApplicationFilterChain.java:193) ~[tomcat-embed-core-8.5.29.jar:8.5.29]
	at org.apache.catalina.core.ApplicationFilterChain.doFilter(ApplicationFilterChain.java:166) ~[tomcat-embed-core-8.5.29.jar:8.5.29]
	at org.apache.catalina.core.StandardWrapperValve.invoke(StandardWrapperValve.java:198) ~[tomcat-embed-core-8.5.29.jar:8.5.29]
	at org.apache.catalina.core.StandardContextValve.invoke(StandardContextValve.java:96) [tomcat-embed-core-8.5.29.jar:8.5.29]
	at org.apache.catalina.authenticator.AuthenticatorBase.invoke(AuthenticatorBase.java:496) [tomcat-embed-core-8.5.29.jar:8.5.29]
	at org.apache.catalina.core.StandardHostValve.invoke(StandardHostValve.java:140) [tomcat-embed-core-8.5.29.jar:8.5.29]
	at org.apache.catalina.valves.ErrorReportValve.invoke(ErrorReportValve.java:81) [tomcat-embed-core-8.5.29.jar:8.5.29]
	at org.apache.catalina.core.StandardEngineValve.invoke(StandardEngineValve.java:87) [tomcat-embed-core-8.5.29.jar:8.5.29]
	at org.apache.catalina.connector.CoyoteAdapter.service(CoyoteAdapter.java:342) [tomcat-embed-core-8.5.29.jar:8.5.29]
	at org.apache.coyote.http11.Http11Processor.service(Http11Processor.java:803) [tomcat-embed-core-8.5.29.jar:8.5.29]
	at org.apache.coyote.AbstractProcessorLight.process(AbstractProcessorLight.java:66) [tomcat-embed-core-8.5.29.jar:8.5.29]
	at org.apache.coyote.AbstractProtocol$ConnectionHandler.process(AbstractProtocol.java:790) [tomcat-embed-core-8.5.29.jar:8.5.29]
	at org.apache.tomcat.util.net.NioEndpoint$SocketProcessor.doRun(NioEndpoint.java:1459) [tomcat-embed-core-8.5.29.jar:8.5.29]
	at org.apache.tomcat.util.net.SocketProcessorBase.run(SocketProcessorBase.java:49) [tomcat-embed-core-8.5.29.jar:8.5.29]
	at java.util.concurrent.ThreadPoolExecutor.runWorker(ThreadPoolExecutor.java:1145) [na:1.7.0_80]
	at java.util.concurrent.ThreadPoolExecutor$Worker.run(ThreadPoolExecutor.java:615) [na:1.7.0_80]
	at org.apache.tomcat.util.threads.TaskThread$WrappingRunnable.run(TaskThread.java:61) [tomcat-embed-core-8.5.29.jar:8.5.29]
	at java.lang.Thread.run(Thread.java:745) [na:1.7.0_80]

2018-06-18 21:49:22.120  INFO 11984 --- [Thread-7] ationConfigEmbeddedWebApplicationContext : Closing org.springframework.boot.context.embedded.AnnotationConfigEmbeddedWebApplicationContext@a91ff: startup date [Mon Jun 18 21:48:28 BRT 2018]; root of context hierarchy
2018-06-18 21:49:22.131  INFO 11984 --- [Thread-7] o.s.j.e.a.AnnotationMBeanExporter        : Unregistering JMX-exposed beans on shutdown
2018-06-18 21:49:22.465  INFO 11984 --- [restartedMain] b.c.d.WdbintegrationApiApplication       : Starting WdbintegrationApiApplication on WBA-NOTE with PID 11984 (C:\Developer\Projects\wdbintegration-api\target\classes started by Wenceslau in C:\Developer\Projects\wdbintegration-api)
2018-06-18 21:49:22.465  INFO 11984 --- [restartedMain] b.c.d.WdbintegrationApiApplication       : No active profile set, falling back to default profiles: default
2018-06-18 21:49:22.469  INFO 11984 --- [restartedMain] ationConfigEmbeddedWebApplicationContext : Refreshing org.springframework.boot.context.embedded.AnnotationConfigEmbeddedWebApplicationContext@a5824a: startup date [Mon Jun 18 21:49:22 BRT 2018]; root of context hierarchy
2018-06-18 21:49:27.141  INFO 6740 --- [restartedMain] b.c.d.WdbintegrationApiApplication       : Starting WdbintegrationApiApplication on WBA-NOTE with PID 6740 (C:\Developer\Projects\wdbintegration-api\target\classes started by Wenceslau in C:\Developer\Projects\wdbintegration-api)
2018-06-18 21:49:27.143  INFO 6740 --- [restartedMain] b.c.d.WdbintegrationApiApplication       : No active profile set, falling back to default profiles: default
2018-06-18 21:49:27.207  INFO 6740 --- [restartedMain] ationConfigEmbeddedWebApplicationContext : Refreshing org.springframework.boot.context.embedded.AnnotationConfigEmbeddedWebApplicationContext@2b96021e: startup date [Mon Jun 18 21:49:27 BRT 2018]; root of context hierarchy
2018-06-18 21:49:28.501  INFO 6740 --- [restartedMain] s.b.c.e.t.TomcatEmbeddedServletContainer : Tomcat initialized with port(s): 8080 (http)
2018-06-18 21:49:28.530  INFO 6740 --- [restartedMain] o.apache.catalina.core.StandardService   : Starting service [Tomcat]
2018-06-18 21:49:28.530  INFO 6740 --- [restartedMain] org.apache.catalina.core.StandardEngine  : Starting Servlet Engine: Apache Tomcat/8.5.29
2018-06-18 21:49:28.610  INFO 6740 --- [localhost-startStop-1] o.a.c.c.C.[Tomcat].[localhost].[/]       : Initializing Spring embedded WebApplicationContext
2018-06-18 21:49:28.610  INFO 6740 --- [localhost-startStop-1] o.s.web.context.ContextLoader            : Root WebApplicationContext: initialization completed in 1406 ms
2018-06-18 21:49:28.788  INFO 6740 --- [localhost-startStop-1] o.s.b.w.servlet.ServletRegistrationBean  : Mapping servlet: 'dispatcherServlet' to [/]
2018-06-18 21:49:28.794  INFO 6740 --- [localhost-startStop-1] o.s.b.w.servlet.FilterRegistrationBean   : Mapping filter: 'characterEncodingFilter' to: [/*]
2018-06-18 21:49:28.795  INFO 6740 --- [localhost-startStop-1] o.s.b.w.servlet.FilterRegistrationBean   : Mapping filter: 'hiddenHttpMethodFilter' to: [/*]
2018-06-18 21:49:28.795  INFO 6740 --- [localhost-startStop-1] o.s.b.w.servlet.FilterRegistrationBean   : Mapping filter: 'httpPutFormContentFilter' to: [/*]
2018-06-18 21:49:28.800  INFO 6740 --- [localhost-startStop-1] o.s.b.w.servlet.FilterRegistrationBean   : Mapping filter: 'requestContextFilter' to: [/*]
2018-06-18 21:49:29.193  INFO 6740 --- [restartedMain] s.w.s.m.m.a.RequestMappingHandlerAdapter : Looking for @ControllerAdvice: org.springframework.boot.context.embedded.AnnotationConfigEmbeddedWebApplicationContext@2b96021e: startup date [Mon Jun 18 21:49:27 BRT 2018]; root of context hierarchy
2018-06-18 21:49:29.255  INFO 6740 --- [restartedMain] s.w.s.m.m.a.RequestMappingHandlerMapping : Mapped "{[/object/supplier],methods=[POST]}" onto public java.util.List<br.com.library.wlibrary.att.Supplier> br.com.dbintegrationapi.resource.ObjectResource.supplier(br.com.library.wlibrary.core.DataQuery)
2018-06-18 21:49:29.257  INFO 6740 --- [restartedMain] s.w.s.m.m.a.RequestMappingHandlerMapping : Mapped "{[/object/salesman],methods=[POST]}" onto public java.util.List<br.com.library.wlibrary.att.Salesman> br.com.dbintegrationapi.resource.ObjectResource.salesman(br.com.library.wlibrary.core.DataQuery)
2018-06-18 21:49:29.265  INFO 6740 --- [restartedMain] s.w.s.m.m.a.RequestMappingHandlerMapping : Mapped "{[/object/payment],methods=[POST]}" onto public org.springframework.http.ResponseEntity<?> br.com.dbintegrationapi.resource.ObjectResource.payment(br.com.library.wlibrary.core.DataQuery)
2018-06-18 21:49:29.265  INFO 6740 --- [restartedMain] s.w.s.m.m.a.RequestMappingHandlerMapping : Mapped "{[/object],methods=[GET]}" onto public org.springframework.http.ResponseEntity<?> br.com.dbintegrationapi.resource.ObjectResource.getDataQuery()
2018-06-18 21:49:29.266  INFO 6740 --- [restartedMain] s.w.s.m.m.a.RequestMappingHandlerMapping : Mapped "{[/object/comission],methods=[POST]}" onto public org.springframework.http.ResponseEntity<?> br.com.dbintegrationapi.resource.ObjectResource.comission(br.com.library.wlibrary.core.DataQuery)
2018-06-18 21:49:29.267  INFO 6740 --- [restartedMain] s.w.s.m.m.a.RequestMappingHandlerMapping : Mapped "{[/object/nonWorkdays],methods=[POST]}" onto public java.util.List<br.com.library.wlibrary.att.NonWorkdays> br.com.dbintegrationapi.resource.ObjectResource.nonWorkdays(br.com.library.wlibrary.core.DataQuery)
2018-06-18 21:49:29.278  INFO 6740 --- [restartedMain] s.w.s.m.m.a.RequestMappingHandlerMapping : Mapped "{[/error]}" onto public org.springframework.http.ResponseEntity<java.util.Map<java.lang.String, java.lang.Object>> org.springframework.boot.autoconfigure.web.BasicErrorController.error(javax.servlet.http.HttpServletRequest)
2018-06-18 21:49:29.279  INFO 6740 --- [restartedMain] s.w.s.m.m.a.RequestMappingHandlerMapping : Mapped "{[/error],produces=[text/html]}" onto public org.springframework.web.servlet.ModelAndView org.springframework.boot.autoconfigure.web.BasicErrorController.errorHtml(javax.servlet.http.HttpServletRequest,javax.servlet.http.HttpServletResponse)
2018-06-18 21:49:29.323  INFO 6740 --- [restartedMain] o.s.w.s.handler.SimpleUrlHandlerMapping  : Mapped URL path [/webjars/**] onto handler of type [class org.springframework.web.servlet.resource.ResourceHttpRequestHandler]
2018-06-18 21:49:29.323  INFO 6740 --- [restartedMain] o.s.w.s.handler.SimpleUrlHandlerMapping  : Mapped URL path [/**] onto handler of type [class org.springframework.web.servlet.resource.ResourceHttpRequestHandler]
2018-06-18 21:49:29.396  INFO 6740 --- [restartedMain] o.s.w.s.handler.SimpleUrlHandlerMapping  : Mapped URL path [/**/favicon.ico] onto handler of type [class org.springframework.web.servlet.resource.ResourceHttpRequestHandler]
2018-06-18 21:49:29.676  INFO 6740 --- [restartedMain] o.s.b.d.a.OptionalLiveReloadServer       : LiveReload server is running on port 35729
2018-06-18 21:49:29.809  INFO 6740 --- [restartedMain] o.s.j.e.a.AnnotationMBeanExporter        : Registering beans for JMX exposure on startup
2018-06-18 21:49:29.908  INFO 6740 --- [restartedMain] s.b.c.e.t.TomcatEmbeddedServletContainer : Tomcat started on port(s): 8080 (http)
2018-06-18 21:49:29.921  INFO 6740 --- [restartedMain] b.c.d.WdbintegrationApiApplication       : Started WdbintegrationApiApplication in 3.043 seconds (JVM running for 3.52)
2018-06-18 21:49:32.713  INFO 6740 --- [http-nio-8080-exec-10] o.a.c.c.C.[Tomcat].[localhost].[/]       : Initializing Spring FrameworkServlet 'dispatcherServlet'
2018-06-18 21:49:32.718  INFO 6740 --- [http-nio-8080-exec-10] o.s.web.servlet.DispatcherServlet        : FrameworkServlet 'dispatcherServlet': initialization started
2018-06-18 21:49:32.735  INFO 6740 --- [http-nio-8080-exec-10] o.s.web.servlet.DispatcherServlet        : FrameworkServlet 'dispatcherServlet': initialization completed in 17 ms
2018-06-18 21:49:32.818  INFO 6740 --- [http-nio-8080-exec-10] b.c.dbintegrationapi.dao.IntegrationDao  : java.vendor: Oracle Corporation
2018-06-18 21:49:32.819  INFO 6740 --- [http-nio-8080-exec-10] b.c.dbintegrationapi.dao.IntegrationDao  : java.vendor.url: http://java.oracle.com/
2018-06-18 21:49:32.819  INFO 6740 --- [http-nio-8080-exec-10] b.c.dbintegrationapi.dao.IntegrationDao  : java.version: 1.7.0_80
2018-06-18 21:49:32.819  INFO 6740 --- [http-nio-8080-exec-10] b.c.dbintegrationapi.dao.IntegrationDao  : sun.arch.data.model: 64
2018-06-18 21:49:32.820  INFO 6740 --- [http-nio-8080-exec-10] b.c.dbintegrationapi.dao.IntegrationDao  : Executing query:
2018-06-18 21:49:32.820  INFO 6740 --- [http-nio-8080-exec-10] b.c.dbintegrationapi.dao.IntegrationDao  : ritz:ritz:root
2018-06-18 21:49:32.820  INFO 6740 --- [http-nio-8080-exec-10] b.c.dbintegrationapi.dao.IntegrationDao  : select * from vendedor
2018-06-18 21:49:46.255  INFO 6740 --- [RMI TCP Connection(6)-127.0.0.1] inMXBeanRegistrar$SpringApplicationAdmin : Application shutdown requested.
2018-06-18 21:49:46.260  INFO 6740 --- [RMI TCP Connection(6)-127.0.0.1] ationConfigEmbeddedWebApplicationContext : Closing org.springframework.boot.context.embedded.AnnotationConfigEmbeddedWebApplicationContext@2b96021e: startup date [Mon Jun 18 21:49:27 BRT 2018]; root of context hierarchy
2018-06-18 21:49:46.262  INFO 6740 --- [RMI TCP Connection(6)-127.0.0.1] o.s.j.e.a.AnnotationMBeanExporter        : Unregistering JMX-exposed beans on shutdown
2018-06-18 21:57:11.836  INFO 6960 --- [restartedMain] b.c.d.WdbintegrationApiApplication       : Starting WdbintegrationApiApplication on WBA-NOTE with PID 6960 (C:\Developer\Projects\wdbintegration-api\target\classes started by Wenceslau in C:\Developer\Projects\wdbintegration-api)
2018-06-18 21:57:11.837  INFO 6960 --- [restartedMain] b.c.d.WdbintegrationApiApplication       : No active profile set, falling back to default profiles: default
2018-06-18 21:57:11.900  INFO 6960 --- [restartedMain] ationConfigEmbeddedWebApplicationContext : Refreshing org.springframework.boot.context.embedded.AnnotationConfigEmbeddedWebApplicationContext@11f55379: startup date [Mon Jun 18 21:57:11 BRT 2018]; root of context hierarchy
2018-06-18 21:57:13.173  INFO 6960 --- [restartedMain] s.b.c.e.t.TomcatEmbeddedServletContainer : Tomcat initialized with port(s): 8090 (http)
2018-06-18 21:57:13.200  INFO 6960 --- [restartedMain] o.apache.catalina.core.StandardService   : Starting service [Tomcat]
2018-06-18 21:57:13.201  INFO 6960 --- [restartedMain] org.apache.catalina.core.StandardEngine  : Starting Servlet Engine: Apache Tomcat/8.5.29
2018-06-18 21:57:13.277  INFO 6960 --- [localhost-startStop-1] o.a.c.c.C.[Tomcat].[localhost].[/]       : Initializing Spring embedded WebApplicationContext
2018-06-18 21:57:13.277  INFO 6960 --- [localhost-startStop-1] o.s.web.context.ContextLoader            : Root WebApplicationContext: initialization completed in 1380 ms
2018-06-18 21:57:13.488  INFO 6960 --- [localhost-startStop-1] o.s.b.w.servlet.ServletRegistrationBean  : Mapping servlet: 'dispatcherServlet' to [/]
2018-06-18 21:57:13.492  INFO 6960 --- [localhost-startStop-1] o.s.b.w.servlet.FilterRegistrationBean   : Mapping filter: 'characterEncodingFilter' to: [/*]
2018-06-18 21:57:13.493  INFO 6960 --- [localhost-startStop-1] o.s.b.w.servlet.FilterRegistrationBean   : Mapping filter: 'hiddenHttpMethodFilter' to: [/*]
2018-06-18 21:57:13.493  INFO 6960 --- [localhost-startStop-1] o.s.b.w.servlet.FilterRegistrationBean   : Mapping filter: 'httpPutFormContentFilter' to: [/*]
2018-06-18 21:57:13.499  INFO 6960 --- [localhost-startStop-1] o.s.b.w.servlet.FilterRegistrationBean   : Mapping filter: 'requestContextFilter' to: [/*]
2018-06-18 21:57:13.916  INFO 6960 --- [restartedMain] s.w.s.m.m.a.RequestMappingHandlerAdapter : Looking for @ControllerAdvice: org.springframework.boot.context.embedded.AnnotationConfigEmbeddedWebApplicationContext@11f55379: startup date [Mon Jun 18 21:57:11 BRT 2018]; root of context hierarchy
2018-06-18 21:57:13.979  INFO 6960 --- [restartedMain] s.w.s.m.m.a.RequestMappingHandlerMapping : Mapped "{[/object/comission],methods=[POST]}" onto public org.springframework.http.ResponseEntity<?> br.com.dbintegrationapi.resource.ObjectResource.comission(br.com.library.wlibrary.core.DataQuery)
2018-06-18 21:57:13.982  INFO 6960 --- [restartedMain] s.w.s.m.m.a.RequestMappingHandlerMapping : Mapped "{[/object/payment],methods=[POST]}" onto public org.springframework.http.ResponseEntity<?> br.com.dbintegrationapi.resource.ObjectResource.payment(br.com.library.wlibrary.core.DataQuery)
2018-06-18 21:57:13.991  INFO 6960 --- [restartedMain] s.w.s.m.m.a.RequestMappingHandlerMapping : Mapped "{[/object/supplier],methods=[POST]}" onto public java.util.List<br.com.library.wlibrary.att.Supplier> br.com.dbintegrationapi.resource.ObjectResource.supplier(br.com.library.wlibrary.core.DataQuery)
2018-06-18 21:57:13.992  INFO 6960 --- [restartedMain] s.w.s.m.m.a.RequestMappingHandlerMapping : Mapped "{[/object/salesman],methods=[POST]}" onto public java.util.List<br.com.library.wlibrary.att.Salesman> br.com.dbintegrationapi.resource.ObjectResource.salesman(br.com.library.wlibrary.core.DataQuery)
2018-06-18 21:57:13.992  INFO 6960 --- [restartedMain] s.w.s.m.m.a.RequestMappingHandlerMapping : Mapped "{[/object/nonWorkdays],methods=[POST]}" onto public java.util.List<br.com.library.wlibrary.att.NonWorkdays> br.com.dbintegrationapi.resource.ObjectResource.nonWorkdays(br.com.library.wlibrary.core.DataQuery)
2018-06-18 21:57:13.993  INFO 6960 --- [restartedMain] s.w.s.m.m.a.RequestMappingHandlerMapping : Mapped "{[/object],methods=[GET]}" onto public org.springframework.http.ResponseEntity<?> br.com.dbintegrationapi.resource.ObjectResource.getDataQuery()
2018-06-18 21:57:14.007  INFO 6960 --- [restartedMain] s.w.s.m.m.a.RequestMappingHandlerMapping : Mapped "{[/error]}" onto public org.springframework.http.ResponseEntity<java.util.Map<java.lang.String, java.lang.Object>> org.springframework.boot.autoconfigure.web.BasicErrorController.error(javax.servlet.http.HttpServletRequest)
2018-06-18 21:57:14.008  INFO 6960 --- [restartedMain] s.w.s.m.m.a.RequestMappingHandlerMapping : Mapped "{[/error],produces=[text/html]}" onto public org.springframework.web.servlet.ModelAndView org.springframework.boot.autoconfigure.web.BasicErrorController.errorHtml(javax.servlet.http.HttpServletRequest,javax.servlet.http.HttpServletResponse)
2018-06-18 21:57:14.069  INFO 6960 --- [restartedMain] o.s.w.s.handler.SimpleUrlHandlerMapping  : Mapped URL path [/webjars/**] onto handler of type [class org.springframework.web.servlet.resource.ResourceHttpRequestHandler]
2018-06-18 21:57:14.070  INFO 6960 --- [restartedMain] o.s.w.s.handler.SimpleUrlHandlerMapping  : Mapped URL path [/**] onto handler of type [class org.springframework.web.servlet.resource.ResourceHttpRequestHandler]
2018-06-18 21:57:14.185  INFO 6960 --- [restartedMain] o.s.w.s.handler.SimpleUrlHandlerMapping  : Mapped URL path [/**/favicon.ico] onto handler of type [class org.springframework.web.servlet.resource.ResourceHttpRequestHandler]
2018-06-18 21:57:14.494  INFO 6960 --- [restartedMain] o.s.b.d.a.OptionalLiveReloadServer       : LiveReload server is running on port 35729
2018-06-18 21:57:14.690  INFO 6960 --- [restartedMain] o.s.j.e.a.AnnotationMBeanExporter        : Registering beans for JMX exposure on startup
2018-06-18 21:57:14.779  INFO 6960 --- [restartedMain] s.b.c.e.t.TomcatEmbeddedServletContainer : Tomcat started on port(s): 8090 (http)
2018-06-18 21:57:14.791  INFO 6960 --- [restartedMain] b.c.d.WdbintegrationApiApplication       : Started WdbintegrationApiApplication in 3.203 seconds (JVM running for 3.65)
2018-06-18 21:57:30.805  INFO 6960 --- [http-nio-8090-exec-1] o.a.c.c.C.[Tomcat].[localhost].[/]       : Initializing Spring FrameworkServlet 'dispatcherServlet'
2018-06-18 21:57:30.815  INFO 6960 --- [http-nio-8090-exec-1] o.s.web.servlet.DispatcherServlet        : FrameworkServlet 'dispatcherServlet': initialization started
2018-06-18 21:57:30.834  INFO 6960 --- [http-nio-8090-exec-1] o.s.web.servlet.DispatcherServlet        : FrameworkServlet 'dispatcherServlet': initialization completed in 19 ms
2018-06-18 21:57:30.924  INFO 6960 --- [http-nio-8090-exec-1] b.c.dbintegrationapi.dao.IntegrationDao  : java.vendor: Oracle Corporation
2018-06-18 21:57:30.924  INFO 6960 --- [http-nio-8090-exec-1] b.c.dbintegrationapi.dao.IntegrationDao  : java.vendor.url: http://java.oracle.com/
2018-06-18 21:57:30.924  INFO 6960 --- [http-nio-8090-exec-1] b.c.dbintegrationapi.dao.IntegrationDao  : java.version: 1.7.0_80
2018-06-18 21:57:30.924  INFO 6960 --- [http-nio-8090-exec-1] b.c.dbintegrationapi.dao.IntegrationDao  : sun.arch.data.model: 64
2018-06-18 21:57:30.924  INFO 6960 --- [http-nio-8090-exec-1] b.c.dbintegrationapi.dao.IntegrationDao  : Executing query:
2018-06-18 21:57:30.924  INFO 6960 --- [http-nio-8090-exec-1] b.c.dbintegrationapi.dao.IntegrationDao  : ritz:ritz:root
2018-06-18 21:57:30.924  INFO 6960 --- [http-nio-8090-exec-1] b.c.dbintegrationapi.dao.IntegrationDao  : select * from vendedor
2018-06-18 22:03:35.518  INFO 6960 --- [http-nio-8090-exec-4] b.c.dbintegrationapi.dao.IntegrationDao  : java.vendor: Oracle Corporation
2018-06-18 22:03:35.518  INFO 6960 --- [http-nio-8090-exec-3] b.c.dbintegrationapi.dao.IntegrationDao  : java.vendor: Oracle Corporation
2018-06-18 22:03:35.518  INFO 6960 --- [http-nio-8090-exec-4] b.c.dbintegrationapi.dao.IntegrationDao  : java.vendor.url: http://java.oracle.com/
2018-06-18 22:03:35.518  INFO 6960 --- [http-nio-8090-exec-3] b.c.dbintegrationapi.dao.IntegrationDao  : java.vendor.url: http://java.oracle.com/
2018-06-18 22:03:35.519  INFO 6960 --- [http-nio-8090-exec-4] b.c.dbintegrationapi.dao.IntegrationDao  : java.version: 1.7.0_80
2018-06-18 22:03:35.519  INFO 6960 --- [http-nio-8090-exec-3] b.c.dbintegrationapi.dao.IntegrationDao  : java.version: 1.7.0_80
2018-06-18 22:03:35.519  INFO 6960 --- [http-nio-8090-exec-4] b.c.dbintegrationapi.dao.IntegrationDao  : sun.arch.data.model: 64
2018-06-18 22:03:35.519  INFO 6960 --- [http-nio-8090-exec-3] b.c.dbintegrationapi.dao.IntegrationDao  : sun.arch.data.model: 64
2018-06-18 22:03:35.519  INFO 6960 --- [http-nio-8090-exec-4] b.c.dbintegrationapi.dao.IntegrationDao  : Executing query:
2018-06-18 22:03:35.519  INFO 6960 --- [http-nio-8090-exec-3] b.c.dbintegrationapi.dao.IntegrationDao  : Executing query:
2018-06-18 22:03:35.525  INFO 6960 --- [http-nio-8090-exec-4] b.c.dbintegrationapi.dao.IntegrationDao  : null:ritz:root
2018-06-18 22:03:35.525  INFO 6960 --- [http-nio-8090-exec-3] b.c.dbintegrationapi.dao.IntegrationDao  : null:ritz:root
2018-06-18 22:03:35.525  INFO 6960 --- [http-nio-8090-exec-4] b.c.dbintegrationapi.dao.IntegrationDao  : SELECT * FROM FORNECEDOR WHERE (nome like '%Nilza Aparecida P. Martins%' OR desc_abrev like '%Nilza Aparecida P. Martins%' OR nome like '%Nilza Aparecida P.%' OR desc_abrev like '%Nilza Aparecida P.%');
2018-06-18 22:03:35.525  INFO 6960 --- [http-nio-8090-exec-3] b.c.dbintegrationapi.dao.IntegrationDao  : SELECT * FROM vendedor WHERE empresa_id = 3
2018-06-18 22:03:35.537 ERROR 6960 --- [http-nio-8090-exec-4] o.a.c.c.C.[.[.[/].[dispatcherServlet]    : Servlet.service() for servlet [dispatcherServlet] in context with path [] threw exception [Request processing failed; nested exception is java.lang.RuntimeException: Problemas ao recuperar a lista de forncedores. com.mysql.jdbc.Driver] with root cause

java.lang.ClassNotFoundException: com.mysql.jdbc.Driver
	at java.net.URLClassLoader$1.run(URLClassLoader.java:366) ~[na:1.7.0_80]
	at java.net.URLClassLoader$1.run(URLClassLoader.java:355) ~[na:1.7.0_80]
	at java.security.AccessController.doPrivileged(Native Method) ~[na:1.7.0_80]
	at java.net.URLClassLoader.findClass(URLClassLoader.java:354) ~[na:1.7.0_80]
	at java.lang.ClassLoader.loadClass(ClassLoader.java:425) ~[na:1.7.0_80]
	at sun.misc.Launcher$AppClassLoader.loadClass(Launcher.java:308) ~[na:1.7.0_80]
	at java.lang.ClassLoader.loadClass(ClassLoader.java:358) ~[na:1.7.0_80]
	at org.springframework.boot.devtools.restart.classloader.RestartClassLoader.loadClass(RestartClassLoader.java:152) ~[spring-boot-devtools-1.5.12.RELEASE.jar:1.5.12.RELEASE]
	at java.lang.ClassLoader.loadClass(ClassLoader.java:358) ~[na:1.7.0_80]
	at java.lang.Class.forName0(Native Method) ~[na:1.7.0_80]
	at java.lang.Class.forName(Class.java:195) ~[na:1.7.0_80]
	at br.com.dbintegrationapi.dao.Dao.getConnection(Dao.java:46) ~[classes/:na]
	at br.com.dbintegrationapi.dao.IntegrationDao.listSupplier(IntegrationDao.java:126) ~[classes/:na]
	at br.com.dbintegrationapi.resource.ObjectResource.supplier(ObjectResource.java:54) ~[classes/:na]
	at sun.reflect.NativeMethodAccessorImpl.invoke0(Native Method) ~[na:1.7.0_80]
	at sun.reflect.NativeMethodAccessorImpl.invoke(NativeMethodAccessorImpl.java:57) ~[na:1.7.0_80]
	at sun.reflect.DelegatingMethodAccessorImpl.invoke(DelegatingMethodAccessorImpl.java:43) ~[na:1.7.0_80]
	at java.lang.reflect.Method.invoke(Method.java:606) ~[na:1.7.0_80]
	at org.springframework.web.method.support.InvocableHandlerMethod.doInvoke(InvocableHandlerMethod.java:205) ~[spring-web-4.3.16.RELEASE.jar:4.3.16.RELEASE]
	at org.springframework.web.method.support.InvocableHandlerMethod.invokeForRequest(InvocableHandlerMethod.java:133) ~[spring-web-4.3.16.RELEASE.jar:4.3.16.RELEASE]
	at org.springframework.web.servlet.mvc.method.annotation.ServletInvocableHandlerMethod.invokeAndHandle(ServletInvocableHandlerMethod.java:97) ~[spring-webmvc-4.3.16.RELEASE.jar:4.3.16.RELEASE]
	at org.springframework.web.servlet.mvc.method.annotation.RequestMappingHandlerAdapter.invokeHandlerMethod(RequestMappingHandlerAdapter.java:827) ~[spring-webmvc-4.3.16.RELEASE.jar:4.3.16.RELEASE]
	at org.springframework.web.servlet.mvc.method.annotation.RequestMappingHandlerAdapter.handleInternal(RequestMappingHandlerAdapter.java:738) ~[spring-webmvc-4.3.16.RELEASE.jar:4.3.16.RELEASE]
	at org.springframework.web.servlet.mvc.method.AbstractHandlerMethodAdapter.handle(AbstractHandlerMethodAdapter.java:85) ~[spring-webmvc-4.3.16.RELEASE.jar:4.3.16.RELEASE]
	at org.springframework.web.servlet.DispatcherServlet.doDispatch(DispatcherServlet.java:967) ~[spring-webmvc-4.3.16.RELEASE.jar:4.3.16.RELEASE]
	at org.springframework.web.servlet.DispatcherServlet.doService(DispatcherServlet.java:901) ~[spring-webmvc-4.3.16.RELEASE.jar:4.3.16.RELEASE]
	at org.springframework.web.servlet.FrameworkServlet.processRequest(FrameworkServlet.java:970) ~[spring-webmvc-4.3.16.RELEASE.jar:4.3.16.RELEASE]
	at org.springframework.web.servlet.FrameworkServlet.doPost(FrameworkServlet.java:872) ~[spring-webmvc-4.3.16.RELEASE.jar:4.3.16.RELEASE]
	at javax.servlet.http.HttpServlet.service(HttpServlet.java:661) ~[tomcat-embed-core-8.5.29.jar:8.5.29]
	at org.springframework.web.servlet.FrameworkServlet.service(FrameworkServlet.java:846) ~[spring-webmvc-4.3.16.RELEASE.jar:4.3.16.RELEASE]
	at javax.servlet.http.HttpServlet.service(HttpServlet.java:742) ~[tomcat-embed-core-8.5.29.jar:8.5.29]
	at org.apache.catalina.core.ApplicationFilterChain.internalDoFilter(ApplicationFilterChain.java:231) ~[tomcat-embed-core-8.5.29.jar:8.5.29]
	at org.apache.catalina.core.ApplicationFilterChain.doFilter(ApplicationFilterChain.java:166) ~[tomcat-embed-core-8.5.29.jar:8.5.29]
	at org.apache.tomcat.websocket.server.WsFilter.doFilter(WsFilter.java:52) ~[tomcat-embed-websocket-8.5.29.jar:8.5.29]
	at org.apache.catalina.core.ApplicationFilterChain.internalDoFilter(ApplicationFilterChain.java:193) ~[tomcat-embed-core-8.5.29.jar:8.5.29]
	at org.apache.catalina.core.ApplicationFilterChain.doFilter(ApplicationFilterChain.java:166) ~[tomcat-embed-core-8.5.29.jar:8.5.29]
	at org.springframework.web.filter.RequestContextFilter.doFilterInternal(RequestContextFilter.java:99) ~[spring-web-4.3.16.RELEASE.jar:4.3.16.RELEASE]
	at org.springframework.web.filter.OncePerRequestFilter.doFilter(OncePerRequestFilter.java:107) ~[spring-web-4.3.16.RELEASE.jar:4.3.16.RELEASE]
	at org.apache.catalina.core.ApplicationFilterChain.internalDoFilter(ApplicationFilterChain.java:193) ~[tomcat-embed-core-8.5.29.jar:8.5.29]
	at org.apache.catalina.core.ApplicationFilterChain.doFilter(ApplicationFilterChain.java:166) ~[tomcat-embed-core-8.5.29.jar:8.5.29]
	at org.springframework.web.filter.HttpPutFormContentFilter.doFilterInternal(HttpPutFormContentFilter.java:109) ~[spring-web-4.3.16.RELEASE.jar:4.3.16.RELEASE]
	at org.springframework.web.filter.OncePerRequestFilter.doFilter(OncePerRequestFilter.java:107) ~[spring-web-4.3.16.RELEASE.jar:4.3.16.RELEASE]
	at org.apache.catalina.core.ApplicationFilterChain.internalDoFilter(ApplicationFilterChain.java:193) ~[tomcat-embed-core-8.5.29.jar:8.5.29]
	at org.apache.catalina.core.ApplicationFilterChain.doFilter(ApplicationFilterChain.java:166) ~[tomcat-embed-core-8.5.29.jar:8.5.29]
	at org.springframework.web.filter.HiddenHttpMethodFilter.doFilterInternal(HiddenHttpMethodFilter.java:81) ~[spring-web-4.3.16.RELEASE.jar:4.3.16.RELEASE]
	at org.springframework.web.filter.OncePerRequestFilter.doFilter(OncePerRequestFilter.java:107) ~[spring-web-4.3.16.RELEASE.jar:4.3.16.RELEASE]
	at org.apache.catalina.core.ApplicationFilterChain.internalDoFilter(ApplicationFilterChain.java:193) ~[tomcat-embed-core-8.5.29.jar:8.5.29]
	at org.apache.catalina.core.ApplicationFilterChain.doFilter(ApplicationFilterChain.java:166) ~[tomcat-embed-core-8.5.29.jar:8.5.29]
	at org.springframework.web.filter.CharacterEncodingFilter.doFilterInternal(CharacterEncodingFilter.java:197) ~[spring-web-4.3.16.RELEASE.jar:4.3.16.RELEASE]
	at org.springframework.web.filter.OncePerRequestFilter.doFilter(OncePerRequestFilter.java:107) ~[spring-web-4.3.16.RELEASE.jar:4.3.16.RELEASE]
	at org.apache.catalina.core.ApplicationFilterChain.internalDoFilter(ApplicationFilterChain.java:193) ~[tomcat-embed-core-8.5.29.jar:8.5.29]
	at org.apache.catalina.core.ApplicationFilterChain.doFilter(ApplicationFilterChain.java:166) ~[tomcat-embed-core-8.5.29.jar:8.5.29]
	at org.apache.catalina.core.StandardWrapperValve.invoke(StandardWrapperValve.java:198) ~[tomcat-embed-core-8.5.29.jar:8.5.29]
	at org.apache.catalina.core.StandardContextValve.invoke(StandardContextValve.java:96) [tomcat-embed-core-8.5.29.jar:8.5.29]
	at org.apache.catalina.authenticator.AuthenticatorBase.invoke(AuthenticatorBase.java:496) [tomcat-embed-core-8.5.29.jar:8.5.29]
	at org.apache.catalina.core.StandardHostValve.invoke(StandardHostValve.java:140) [tomcat-embed-core-8.5.29.jar:8.5.29]
	at org.apache.catalina.valves.ErrorReportValve.invoke(ErrorReportValve.java:81) [tomcat-embed-core-8.5.29.jar:8.5.29]
	at org.apache.catalina.core.StandardEngineValve.invoke(StandardEngineValve.java:87) [tomcat-embed-core-8.5.29.jar:8.5.29]
	at org.apache.catalina.connector.CoyoteAdapter.service(CoyoteAdapter.java:342) [tomcat-embed-core-8.5.29.jar:8.5.29]
	at org.apache.coyote.http11.Http11Processor.service(Http11Processor.java:803) [tomcat-embed-core-8.5.29.jar:8.5.29]
	at org.apache.coyote.AbstractProcessorLight.process(AbstractProcessorLight.java:66) [tomcat-embed-core-8.5.29.jar:8.5.29]
	at org.apache.coyote.AbstractProtocol$ConnectionHandler.process(AbstractProtocol.java:790) [tomcat-embed-core-8.5.29.jar:8.5.29]
	at org.apache.tomcat.util.net.NioEndpoint$SocketProcessor.doRun(NioEndpoint.java:1459) [tomcat-embed-core-8.5.29.jar:8.5.29]
	at org.apache.tomcat.util.net.SocketProcessorBase.run(SocketProcessorBase.java:49) [tomcat-embed-core-8.5.29.jar:8.5.29]
	at java.util.concurrent.ThreadPoolExecutor.runWorker(ThreadPoolExecutor.java:1145) [na:1.7.0_80]
	at java.util.concurrent.ThreadPoolExecutor$Worker.run(ThreadPoolExecutor.java:615) [na:1.7.0_80]
	at org.apache.tomcat.util.threads.TaskThread$WrappingRunnable.run(TaskThread.java:61) [tomcat-embed-core-8.5.29.jar:8.5.29]
	at java.lang.Thread.run(Thread.java:745) [na:1.7.0_80]

2018-06-18 22:03:35.537 ERROR 6960 --- [http-nio-8090-exec-3] o.a.c.c.C.[.[.[/].[dispatcherServlet]    : Servlet.service() for servlet [dispatcherServlet] in context with path [] threw exception [Request processing failed; nested exception is java.lang.RuntimeException: Problemas ao recuperar a lista de vendedores. com.mysql.jdbc.Driver] with root cause

java.lang.ClassNotFoundException: com.mysql.jdbc.Driver
	at java.net.URLClassLoader$1.run(URLClassLoader.java:366) ~[na:1.7.0_80]
	at java.net.URLClassLoader$1.run(URLClassLoader.java:355) ~[na:1.7.0_80]
	at java.security.AccessController.doPrivileged(Native Method) ~[na:1.7.0_80]
	at java.net.URLClassLoader.findClass(URLClassLoader.java:354) ~[na:1.7.0_80]
	at java.lang.ClassLoader.loadClass(ClassLoader.java:425) ~[na:1.7.0_80]
	at sun.misc.Launcher$AppClassLoader.loadClass(Launcher.java:308) ~[na:1.7.0_80]
	at java.lang.ClassLoader.loadClass(ClassLoader.java:358) ~[na:1.7.0_80]
	at org.springframework.boot.devtools.restart.classloader.RestartClassLoader.loadClass(RestartClassLoader.java:152) ~[spring-boot-devtools-1.5.12.RELEASE.jar:1.5.12.RELEASE]
	at java.lang.ClassLoader.loadClass(ClassLoader.java:358) ~[na:1.7.0_80]
	at java.lang.Class.forName0(Native Method) ~[na:1.7.0_80]
	at java.lang.Class.forName(Class.java:195) ~[na:1.7.0_80]
	at br.com.dbintegrationapi.dao.Dao.getConnection(Dao.java:46) ~[classes/:na]
	at br.com.dbintegrationapi.dao.IntegrationDao.listSalesman(IntegrationDao.java:160) ~[classes/:na]
	at br.com.dbintegrationapi.resource.ObjectResource.salesman(ObjectResource.java:44) ~[classes/:na]
	at sun.reflect.NativeMethodAccessorImpl.invoke0(Native Method) ~[na:1.7.0_80]
	at sun.reflect.NativeMethodAccessorImpl.invoke(NativeMethodAccessorImpl.java:57) ~[na:1.7.0_80]
	at sun.reflect.DelegatingMethodAccessorImpl.invoke(DelegatingMethodAccessorImpl.java:43) ~[na:1.7.0_80]
	at java.lang.reflect.Method.invoke(Method.java:606) ~[na:1.7.0_80]
	at org.springframework.web.method.support.InvocableHandlerMethod.doInvoke(InvocableHandlerMethod.java:205) ~[spring-web-4.3.16.RELEASE.jar:4.3.16.RELEASE]
	at org.springframework.web.method.support.InvocableHandlerMethod.invokeForRequest(InvocableHandlerMethod.java:133) ~[spring-web-4.3.16.RELEASE.jar:4.3.16.RELEASE]
	at org.springframework.web.servlet.mvc.method.annotation.ServletInvocableHandlerMethod.invokeAndHandle(ServletInvocableHandlerMethod.java:97) ~[spring-webmvc-4.3.16.RELEASE.jar:4.3.16.RELEASE]
	at org.springframework.web.servlet.mvc.method.annotation.RequestMappingHandlerAdapter.invokeHandlerMethod(RequestMappingHandlerAdapter.java:827) ~[spring-webmvc-4.3.16.RELEASE.jar:4.3.16.RELEASE]
	at org.springframework.web.servlet.mvc.method.annotation.RequestMappingHandlerAdapter.handleInternal(RequestMappingHandlerAdapter.java:738) ~[spring-webmvc-4.3.16.RELEASE.jar:4.3.16.RELEASE]
	at org.springframework.web.servlet.mvc.method.AbstractHandlerMethodAdapter.handle(AbstractHandlerMethodAdapter.java:85) ~[spring-webmvc-4.3.16.RELEASE.jar:4.3.16.RELEASE]
	at org.springframework.web.servlet.DispatcherServlet.doDispatch(DispatcherServlet.java:967) ~[spring-webmvc-4.3.16.RELEASE.jar:4.3.16.RELEASE]
	at org.springframework.web.servlet.DispatcherServlet.doService(DispatcherServlet.java:901) ~[spring-webmvc-4.3.16.RELEASE.jar:4.3.16.RELEASE]
	at org.springframework.web.servlet.FrameworkServlet.processRequest(FrameworkServlet.java:970) ~[spring-webmvc-4.3.16.RELEASE.jar:4.3.16.RELEASE]
	at org.springframework.web.servlet.FrameworkServlet.doPost(FrameworkServlet.java:872) ~[spring-webmvc-4.3.16.RELEASE.jar:4.3.16.RELEASE]
	at javax.servlet.http.HttpServlet.service(HttpServlet.java:661) ~[tomcat-embed-core-8.5.29.jar:8.5.29]
	at org.springframework.web.servlet.FrameworkServlet.service(FrameworkServlet.java:846) ~[spring-webmvc-4.3.16.RELEASE.jar:4.3.16.RELEASE]
	at javax.servlet.http.HttpServlet.service(HttpServlet.java:742) ~[tomcat-embed-core-8.5.29.jar:8.5.29]
	at org.apache.catalina.core.ApplicationFilterChain.internalDoFilter(ApplicationFilterChain.java:231) ~[tomcat-embed-core-8.5.29.jar:8.5.29]
	at org.apache.catalina.core.ApplicationFilterChain.doFilter(ApplicationFilterChain.java:166) ~[tomcat-embed-core-8.5.29.jar:8.5.29]
	at org.apache.tomcat.websocket.server.WsFilter.doFilter(WsFilter.java:52) ~[tomcat-embed-websocket-8.5.29.jar:8.5.29]
	at org.apache.catalina.core.ApplicationFilterChain.internalDoFilter(ApplicationFilterChain.java:193) ~[tomcat-embed-core-8.5.29.jar:8.5.29]
	at org.apache.catalina.core.ApplicationFilterChain.doFilter(ApplicationFilterChain.java:166) ~[tomcat-embed-core-8.5.29.jar:8.5.29]
	at org.springframework.web.filter.RequestContextFilter.doFilterInternal(RequestContextFilter.java:99) ~[spring-web-4.3.16.RELEASE.jar:4.3.16.RELEASE]
	at org.springframework.web.filter.OncePerRequestFilter.doFilter(OncePerRequestFilter.java:107) ~[spring-web-4.3.16.RELEASE.jar:4.3.16.RELEASE]
	at org.apache.catalina.core.ApplicationFilterChain.internalDoFilter(ApplicationFilterChain.java:193) ~[tomcat-embed-core-8.5.29.jar:8.5.29]
	at org.apache.catalina.core.ApplicationFilterChain.doFilter(ApplicationFilterChain.java:166) ~[tomcat-embed-core-8.5.29.jar:8.5.29]
	at org.springframework.web.filter.HttpPutFormContentFilter.doFilterInternal(HttpPutFormContentFilter.java:109) ~[spring-web-4.3.16.RELEASE.jar:4.3.16.RELEASE]
	at org.springframework.web.filter.OncePerRequestFilter.doFilter(OncePerRequestFilter.java:107) ~[spring-web-4.3.16.RELEASE.jar:4.3.16.RELEASE]
	at org.apache.catalina.core.ApplicationFilterChain.internalDoFilter(ApplicationFilterChain.java:193) ~[tomcat-embed-core-8.5.29.jar:8.5.29]
	at org.apache.catalina.core.ApplicationFilterChain.doFilter(ApplicationFilterChain.java:166) ~[tomcat-embed-core-8.5.29.jar:8.5.29]
	at org.springframework.web.filter.HiddenHttpMethodFilter.doFilterInternal(HiddenHttpMethodFilter.java:81) ~[spring-web-4.3.16.RELEASE.jar:4.3.16.RELEASE]
	at org.springframework.web.filter.OncePerRequestFilter.doFilter(OncePerRequestFilter.java:107) ~[spring-web-4.3.16.RELEASE.jar:4.3.16.RELEASE]
	at org.apache.catalina.core.ApplicationFilterChain.internalDoFilter(ApplicationFilterChain.java:193) ~[tomcat-embed-core-8.5.29.jar:8.5.29]
	at org.apache.catalina.core.ApplicationFilterChain.doFilter(ApplicationFilterChain.java:166) ~[tomcat-embed-core-8.5.29.jar:8.5.29]
	at org.springframework.web.filter.CharacterEncodingFilter.doFilterInternal(CharacterEncodingFilter.java:197) ~[spring-web-4.3.16.RELEASE.jar:4.3.16.RELEASE]
	at org.springframework.web.filter.OncePerRequestFilter.doFilter(OncePerRequestFilter.java:107) ~[spring-web-4.3.16.RELEASE.jar:4.3.16.RELEASE]
	at org.apache.catalina.core.ApplicationFilterChain.internalDoFilter(ApplicationFilterChain.java:193) ~[tomcat-embed-core-8.5.29.jar:8.5.29]
	at org.apache.catalina.core.ApplicationFilterChain.doFilter(ApplicationFilterChain.java:166) ~[tomcat-embed-core-8.5.29.jar:8.5.29]
	at org.apache.catalina.core.StandardWrapperValve.invoke(StandardWrapperValve.java:198) ~[tomcat-embed-core-8.5.29.jar:8.5.29]
	at org.apache.catalina.core.StandardContextValve.invoke(StandardContextValve.java:96) [tomcat-embed-core-8.5.29.jar:8.5.29]
	at org.apache.catalina.authenticator.AuthenticatorBase.invoke(AuthenticatorBase.java:496) [tomcat-embed-core-8.5.29.jar:8.5.29]
	at org.apache.catalina.core.StandardHostValve.invoke(StandardHostValve.java:140) [tomcat-embed-core-8.5.29.jar:8.5.29]
	at org.apache.catalina.valves.ErrorReportValve.invoke(ErrorReportValve.java:81) [tomcat-embed-core-8.5.29.jar:8.5.29]
	at org.apache.catalina.core.StandardEngineValve.invoke(StandardEngineValve.java:87) [tomcat-embed-core-8.5.29.jar:8.5.29]
	at org.apache.catalina.connector.CoyoteAdapter.service(CoyoteAdapter.java:342) [tomcat-embed-core-8.5.29.jar:8.5.29]
	at org.apache.coyote.http11.Http11Processor.service(Http11Processor.java:803) [tomcat-embed-core-8.5.29.jar:8.5.29]
	at org.apache.coyote.AbstractProcessorLight.process(AbstractProcessorLight.java:66) [tomcat-embed-core-8.5.29.jar:8.5.29]
	at org.apache.coyote.AbstractProtocol$ConnectionHandler.process(AbstractProtocol.java:790) [tomcat-embed-core-8.5.29.jar:8.5.29]
	at org.apache.tomcat.util.net.NioEndpoint$SocketProcessor.doRun(NioEndpoint.java:1459) [tomcat-embed-core-8.5.29.jar:8.5.29]
	at org.apache.tomcat.util.net.SocketProcessorBase.run(SocketProcessorBase.java:49) [tomcat-embed-core-8.5.29.jar:8.5.29]
	at java.util.concurrent.ThreadPoolExecutor.runWorker(ThreadPoolExecutor.java:1145) [na:1.7.0_80]
	at java.util.concurrent.ThreadPoolExecutor$Worker.run(ThreadPoolExecutor.java:615) [na:1.7.0_80]
	at org.apache.tomcat.util.threads.TaskThread$WrappingRunnable.run(TaskThread.java:61) [tomcat-embed-core-8.5.29.jar:8.5.29]
	at java.lang.Thread.run(Thread.java:745) [na:1.7.0_80]

2018-06-18 22:03:35.601  INFO 6960 --- [http-nio-8090-exec-5] b.c.dbintegrationapi.dao.IntegrationDao  : java.vendor: Oracle Corporation
2018-06-18 22:03:35.601  INFO 6960 --- [http-nio-8090-exec-5] b.c.dbintegrationapi.dao.IntegrationDao  : java.vendor.url: http://java.oracle.com/
2018-06-18 22:03:35.601  INFO 6960 --- [http-nio-8090-exec-5] b.c.dbintegrationapi.dao.IntegrationDao  : java.version: 1.7.0_80
2018-06-18 22:03:35.601  INFO 6960 --- [http-nio-8090-exec-5] b.c.dbintegrationapi.dao.IntegrationDao  : sun.arch.data.model: 64
2018-06-18 22:03:35.602  INFO 6960 --- [http-nio-8090-exec-5] b.c.dbintegrationapi.dao.IntegrationDao  : Executing query:
2018-06-18 22:03:35.602  INFO 6960 --- [http-nio-8090-exec-5] b.c.dbintegrationapi.dao.IntegrationDao  : null:ritz:root
2018-06-18 22:03:35.602  INFO 6960 --- [http-nio-8090-exec-5] b.c.dbintegrationapi.dao.IntegrationDao  : SELECT * FROM vendedor WHERE empresa_id = 3
2018-06-18 22:03:35.603 ERROR 6960 --- [http-nio-8090-exec-5] o.a.c.c.C.[.[.[/].[dispatcherServlet]    : Servlet.service() for servlet [dispatcherServlet] in context with path [] threw exception [Request processing failed; nested exception is java.lang.RuntimeException: Problemas ao recuperar a lista de vendedores. com.mysql.jdbc.Driver] with root cause

java.lang.ClassNotFoundException: com.mysql.jdbc.Driver
	at java.net.URLClassLoader$1.run(URLClassLoader.java:366) ~[na:1.7.0_80]
	at java.net.URLClassLoader$1.run(URLClassLoader.java:355) ~[na:1.7.0_80]
	at java.security.AccessController.doPrivileged(Native Method) ~[na:1.7.0_80]
	at java.net.URLClassLoader.findClass(URLClassLoader.java:354) ~[na:1.7.0_80]
	at java.lang.ClassLoader.loadClass(ClassLoader.java:425) ~[na:1.7.0_80]
	at sun.misc.Launcher$AppClassLoader.loadClass(Launcher.java:308) ~[na:1.7.0_80]
	at java.lang.ClassLoader.loadClass(ClassLoader.java:358) ~[na:1.7.0_80]
	at org.springframework.boot.devtools.restart.classloader.RestartClassLoader.loadClass(RestartClassLoader.java:152) ~[spring-boot-devtools-1.5.12.RELEASE.jar:1.5.12.RELEASE]
	at java.lang.ClassLoader.loadClass(ClassLoader.java:358) ~[na:1.7.0_80]
	at java.lang.Class.forName0(Native Method) ~[na:1.7.0_80]
	at java.lang.Class.forName(Class.java:195) ~[na:1.7.0_80]
	at br.com.dbintegrationapi.dao.Dao.getConnection(Dao.java:46) ~[classes/:na]
	at br.com.dbintegrationapi.dao.IntegrationDao.listSalesman(IntegrationDao.java:160) ~[classes/:na]
	at br.com.dbintegrationapi.resource.ObjectResource.salesman(ObjectResource.java:44) ~[classes/:na]
	at sun.reflect.NativeMethodAccessorImpl.invoke0(Native Method) ~[na:1.7.0_80]
	at sun.reflect.NativeMethodAccessorImpl.invoke(NativeMethodAccessorImpl.java:57) ~[na:1.7.0_80]
	at sun.reflect.DelegatingMethodAccessorImpl.invoke(DelegatingMethodAccessorImpl.java:43) ~[na:1.7.0_80]
	at java.lang.reflect.Method.invoke(Method.java:606) ~[na:1.7.0_80]
	at org.springframework.web.method.support.InvocableHandlerMethod.doInvoke(InvocableHandlerMethod.java:205) ~[spring-web-4.3.16.RELEASE.jar:4.3.16.RELEASE]
	at org.springframework.web.method.support.InvocableHandlerMethod.invokeForRequest(InvocableHandlerMethod.java:133) ~[spring-web-4.3.16.RELEASE.jar:4.3.16.RELEASE]
	at org.springframework.web.servlet.mvc.method.annotation.ServletInvocableHandlerMethod.invokeAndHandle(ServletInvocableHandlerMethod.java:97) ~[spring-webmvc-4.3.16.RELEASE.jar:4.3.16.RELEASE]
	at org.springframework.web.servlet.mvc.method.annotation.RequestMappingHandlerAdapter.invokeHandlerMethod(RequestMappingHandlerAdapter.java:827) ~[spring-webmvc-4.3.16.RELEASE.jar:4.3.16.RELEASE]
	at org.springframework.web.servlet.mvc.method.annotation.RequestMappingHandlerAdapter.handleInternal(RequestMappingHandlerAdapter.java:738) ~[spring-webmvc-4.3.16.RELEASE.jar:4.3.16.RELEASE]
	at org.springframework.web.servlet.mvc.method.AbstractHandlerMethodAdapter.handle(AbstractHandlerMethodAdapter.java:85) ~[spring-webmvc-4.3.16.RELEASE.jar:4.3.16.RELEASE]
	at org.springframework.web.servlet.DispatcherServlet.doDispatch(DispatcherServlet.java:967) ~[spring-webmvc-4.3.16.RELEASE.jar:4.3.16.RELEASE]
	at org.springframework.web.servlet.DispatcherServlet.doService(DispatcherServlet.java:901) ~[spring-webmvc-4.3.16.RELEASE.jar:4.3.16.RELEASE]
	at org.springframework.web.servlet.FrameworkServlet.processRequest(FrameworkServlet.java:970) ~[spring-webmvc-4.3.16.RELEASE.jar:4.3.16.RELEASE]
	at org.springframework.web.servlet.FrameworkServlet.doPost(FrameworkServlet.java:872) ~[spring-webmvc-4.3.16.RELEASE.jar:4.3.16.RELEASE]
	at javax.servlet.http.HttpServlet.service(HttpServlet.java:661) ~[tomcat-embed-core-8.5.29.jar:8.5.29]
	at org.springframework.web.servlet.FrameworkServlet.service(FrameworkServlet.java:846) ~[spring-webmvc-4.3.16.RELEASE.jar:4.3.16.RELEASE]
	at javax.servlet.http.HttpServlet.service(HttpServlet.java:742) ~[tomcat-embed-core-8.5.29.jar:8.5.29]
	at org.apache.catalina.core.ApplicationFilterChain.internalDoFilter(ApplicationFilterChain.java:231) ~[tomcat-embed-core-8.5.29.jar:8.5.29]
	at org.apache.catalina.core.ApplicationFilterChain.doFilter(ApplicationFilterChain.java:166) ~[tomcat-embed-core-8.5.29.jar:8.5.29]
	at org.apache.tomcat.websocket.server.WsFilter.doFilter(WsFilter.java:52) ~[tomcat-embed-websocket-8.5.29.jar:8.5.29]
	at org.apache.catalina.core.ApplicationFilterChain.internalDoFilter(ApplicationFilterChain.java:193) ~[tomcat-embed-core-8.5.29.jar:8.5.29]
	at org.apache.catalina.core.ApplicationFilterChain.doFilter(ApplicationFilterChain.java:166) ~[tomcat-embed-core-8.5.29.jar:8.5.29]
	at org.springframework.web.filter.RequestContextFilter.doFilterInternal(RequestContextFilter.java:99) ~[spring-web-4.3.16.RELEASE.jar:4.3.16.RELEASE]
	at org.springframework.web.filter.OncePerRequestFilter.doFilter(OncePerRequestFilter.java:107) ~[spring-web-4.3.16.RELEASE.jar:4.3.16.RELEASE]
	at org.apache.catalina.core.ApplicationFilterChain.internalDoFilter(ApplicationFilterChain.java:193) ~[tomcat-embed-core-8.5.29.jar:8.5.29]
	at org.apache.catalina.core.ApplicationFilterChain.doFilter(ApplicationFilterChain.java:166) ~[tomcat-embed-core-8.5.29.jar:8.5.29]
	at org.springframework.web.filter.HttpPutFormContentFilter.doFilterInternal(HttpPutFormContentFilter.java:109) ~[spring-web-4.3.16.RELEASE.jar:4.3.16.RELEASE]
	at org.springframework.web.filter.OncePerRequestFilter.doFilter(OncePerRequestFilter.java:107) ~[spring-web-4.3.16.RELEASE.jar:4.3.16.RELEASE]
	at org.apache.catalina.core.ApplicationFilterChain.internalDoFilter(ApplicationFilterChain.java:193) ~[tomcat-embed-core-8.5.29.jar:8.5.29]
	at org.apache.catalina.core.ApplicationFilterChain.doFilter(ApplicationFilterChain.java:166) ~[tomcat-embed-core-8.5.29.jar:8.5.29]
	at org.springframework.web.filter.HiddenHttpMethodFilter.doFilterInternal(HiddenHttpMethodFilter.java:81) ~[spring-web-4.3.16.RELEASE.jar:4.3.16.RELEASE]
	at org.springframework.web.filter.OncePerRequestFilter.doFilter(OncePerRequestFilter.java:107) ~[spring-web-4.3.16.RELEASE.jar:4.3.16.RELEASE]
	at org.apache.catalina.core.ApplicationFilterChain.internalDoFilter(ApplicationFilterChain.java:193) ~[tomcat-embed-core-8.5.29.jar:8.5.29]
	at org.apache.catalina.core.ApplicationFilterChain.doFilter(ApplicationFilterChain.java:166) ~[tomcat-embed-core-8.5.29.jar:8.5.29]
	at org.springframework.web.filter.CharacterEncodingFilter.doFilterInternal(CharacterEncodingFilter.java:197) ~[spring-web-4.3.16.RELEASE.jar:4.3.16.RELEASE]
	at org.springframework.web.filter.OncePerRequestFilter.doFilter(OncePerRequestFilter.java:107) ~[spring-web-4.3.16.RELEASE.jar:4.3.16.RELEASE]
	at org.apache.catalina.core.ApplicationFilterChain.internalDoFilter(ApplicationFilterChain.java:193) ~[tomcat-embed-core-8.5.29.jar:8.5.29]
	at org.apache.catalina.core.ApplicationFilterChain.doFilter(ApplicationFilterChain.java:166) ~[tomcat-embed-core-8.5.29.jar:8.5.29]
	at org.apache.catalina.core.StandardWrapperValve.invoke(StandardWrapperValve.java:198) ~[tomcat-embed-core-8.5.29.jar:8.5.29]
	at org.apache.catalina.core.StandardContextValve.invoke(StandardContextValve.java:96) [tomcat-embed-core-8.5.29.jar:8.5.29]
	at org.apache.catalina.authenticator.AuthenticatorBase.invoke(AuthenticatorBase.java:496) [tomcat-embed-core-8.5.29.jar:8.5.29]
	at org.apache.catalina.core.StandardHostValve.invoke(StandardHostValve.java:140) [tomcat-embed-core-8.5.29.jar:8.5.29]
	at org.apache.catalina.valves.ErrorReportValve.invoke(ErrorReportValve.java:81) [tomcat-embed-core-8.5.29.jar:8.5.29]
	at org.apache.catalina.core.StandardEngineValve.invoke(StandardEngineValve.java:87) [tomcat-embed-core-8.5.29.jar:8.5.29]
	at org.apache.catalina.connector.CoyoteAdapter.service(CoyoteAdapter.java:342) [tomcat-embed-core-8.5.29.jar:8.5.29]
	at org.apache.coyote.http11.Http11Processor.service(Http11Processor.java:803) [tomcat-embed-core-8.5.29.jar:8.5.29]
	at org.apache.coyote.AbstractProcessorLight.process(AbstractProcessorLight.java:66) [tomcat-embed-core-8.5.29.jar:8.5.29]
	at org.apache.coyote.AbstractProtocol$ConnectionHandler.process(AbstractProtocol.java:790) [tomcat-embed-core-8.5.29.jar:8.5.29]
	at org.apache.tomcat.util.net.NioEndpoint$SocketProcessor.doRun(NioEndpoint.java:1459) [tomcat-embed-core-8.5.29.jar:8.5.29]
	at org.apache.tomcat.util.net.SocketProcessorBase.run(SocketProcessorBase.java:49) [tomcat-embed-core-8.5.29.jar:8.5.29]
	at java.util.concurrent.ThreadPoolExecutor.runWorker(ThreadPoolExecutor.java:1145) [na:1.7.0_80]
	at java.util.concurrent.ThreadPoolExecutor$Worker.run(ThreadPoolExecutor.java:615) [na:1.7.0_80]
	at org.apache.tomcat.util.threads.TaskThread$WrappingRunnable.run(TaskThread.java:61) [tomcat-embed-core-8.5.29.jar:8.5.29]
	at java.lang.Thread.run(Thread.java:745) [na:1.7.0_80]

2018-06-18 22:05:37.407  INFO 6960 --- [http-nio-8090-exec-6] b.c.dbintegrationapi.dao.IntegrationDao  : java.vendor: Oracle Corporation
2018-06-18 22:05:37.407  INFO 6960 --- [http-nio-8090-exec-7] b.c.dbintegrationapi.dao.IntegrationDao  : java.vendor: Oracle Corporation
2018-06-18 22:05:37.414  INFO 6960 --- [http-nio-8090-exec-6] b.c.dbintegrationapi.dao.IntegrationDao  : java.vendor.url: http://java.oracle.com/
2018-06-18 22:05:37.414  INFO 6960 --- [http-nio-8090-exec-7] b.c.dbintegrationapi.dao.IntegrationDao  : java.vendor.url: http://java.oracle.com/
2018-06-18 22:05:37.414  INFO 6960 --- [http-nio-8090-exec-6] b.c.dbintegrationapi.dao.IntegrationDao  : java.version: 1.7.0_80
2018-06-18 22:05:37.414  INFO 6960 --- [http-nio-8090-exec-7] b.c.dbintegrationapi.dao.IntegrationDao  : java.version: 1.7.0_80
2018-06-18 22:05:37.414  INFO 6960 --- [http-nio-8090-exec-6] b.c.dbintegrationapi.dao.IntegrationDao  : sun.arch.data.model: 64
2018-06-18 22:05:37.414  INFO 6960 --- [http-nio-8090-exec-7] b.c.dbintegrationapi.dao.IntegrationDao  : sun.arch.data.model: 64
2018-06-18 22:05:37.414  INFO 6960 --- [http-nio-8090-exec-6] b.c.dbintegrationapi.dao.IntegrationDao  : Executing query:
2018-06-18 22:05:37.414  INFO 6960 --- [http-nio-8090-exec-7] b.c.dbintegrationapi.dao.IntegrationDao  : Executing query:
2018-06-18 22:05:37.415  INFO 6960 --- [http-nio-8090-exec-6] b.c.dbintegrationapi.dao.IntegrationDao  : null:ritz:root
2018-06-18 22:05:37.415  INFO 6960 --- [http-nio-8090-exec-7] b.c.dbintegrationapi.dao.IntegrationDao  : null:ritz:root
2018-06-18 22:05:37.415  INFO 6960 --- [http-nio-8090-exec-6] b.c.dbintegrationapi.dao.IntegrationDao  : SELECT * FROM vendedor WHERE empresa_id = 3
2018-06-18 22:05:37.415  INFO 6960 --- [http-nio-8090-exec-7] b.c.dbintegrationapi.dao.IntegrationDao  : SELECT * FROM FORNECEDOR WHERE (nome like '%Nilza Aparecida P. Martins%' OR desc_abrev like '%Nilza Aparecida P. Martins%' OR nome like '%Nilza Aparecida P.%' OR desc_abrev like '%Nilza Aparecida P.%');
2018-06-18 22:05:37.416 ERROR 6960 --- [http-nio-8090-exec-6] o.a.c.c.C.[.[.[/].[dispatcherServlet]    : Servlet.service() for servlet [dispatcherServlet] in context with path [] threw exception [Request processing failed; nested exception is java.lang.RuntimeException: Problemas ao recuperar a lista de vendedores. com.mysql.jdbc.Driver] with root cause

java.lang.ClassNotFoundException: com.mysql.jdbc.Driver
	at java.net.URLClassLoader$1.run(URLClassLoader.java:366) ~[na:1.7.0_80]
	at java.net.URLClassLoader$1.run(URLClassLoader.java:355) ~[na:1.7.0_80]
	at java.security.AccessController.doPrivileged(Native Method) ~[na:1.7.0_80]
	at java.net.URLClassLoader.findClass(URLClassLoader.java:354) ~[na:1.7.0_80]
	at java.lang.ClassLoader.loadClass(ClassLoader.java:425) ~[na:1.7.0_80]
	at sun.misc.Launcher$AppClassLoader.loadClass(Launcher.java:308) ~[na:1.7.0_80]
	at java.lang.ClassLoader.loadClass(ClassLoader.java:358) ~[na:1.7.0_80]
	at org.springframework.boot.devtools.restart.classloader.RestartClassLoader.loadClass(RestartClassLoader.java:152) ~[spring-boot-devtools-1.5.12.RELEASE.jar:1.5.12.RELEASE]
	at java.lang.ClassLoader.loadClass(ClassLoader.java:358) ~[na:1.7.0_80]
	at java.lang.Class.forName0(Native Method) ~[na:1.7.0_80]
	at java.lang.Class.forName(Class.java:195) ~[na:1.7.0_80]
	at br.com.dbintegrationapi.dao.Dao.getConnection(Dao.java:46) ~[classes/:na]
	at br.com.dbintegrationapi.dao.IntegrationDao.listSalesman(IntegrationDao.java:160) ~[classes/:na]
	at br.com.dbintegrationapi.resource.ObjectResource.salesman(ObjectResource.java:44) ~[classes/:na]
	at sun.reflect.NativeMethodAccessorImpl.invoke0(Native Method) ~[na:1.7.0_80]
	at sun.reflect.NativeMethodAccessorImpl.invoke(NativeMethodAccessorImpl.java:57) ~[na:1.7.0_80]
	at sun.reflect.DelegatingMethodAccessorImpl.invoke(DelegatingMethodAccessorImpl.java:43) ~[na:1.7.0_80]
	at java.lang.reflect.Method.invoke(Method.java:606) ~[na:1.7.0_80]
	at org.springframework.web.method.support.InvocableHandlerMethod.doInvoke(InvocableHandlerMethod.java:205) ~[spring-web-4.3.16.RELEASE.jar:4.3.16.RELEASE]
	at org.springframework.web.method.support.InvocableHandlerMethod.invokeForRequest(InvocableHandlerMethod.java:133) ~[spring-web-4.3.16.RELEASE.jar:4.3.16.RELEASE]
	at org.springframework.web.servlet.mvc.method.annotation.ServletInvocableHandlerMethod.invokeAndHandle(ServletInvocableHandlerMethod.java:97) ~[spring-webmvc-4.3.16.RELEASE.jar:4.3.16.RELEASE]
	at org.springframework.web.servlet.mvc.method.annotation.RequestMappingHandlerAdapter.invokeHandlerMethod(RequestMappingHandlerAdapter.java:827) ~[spring-webmvc-4.3.16.RELEASE.jar:4.3.16.RELEASE]
	at org.springframework.web.servlet.mvc.method.annotation.RequestMappingHandlerAdapter.handleInternal(RequestMappingHandlerAdapter.java:738) ~[spring-webmvc-4.3.16.RELEASE.jar:4.3.16.RELEASE]
	at org.springframework.web.servlet.mvc.method.AbstractHandlerMethodAdapter.handle(AbstractHandlerMethodAdapter.java:85) ~[spring-webmvc-4.3.16.RELEASE.jar:4.3.16.RELEASE]
	at org.springframework.web.servlet.DispatcherServlet.doDispatch(DispatcherServlet.java:967) ~[spring-webmvc-4.3.16.RELEASE.jar:4.3.16.RELEASE]
	at org.springframework.web.servlet.DispatcherServlet.doService(DispatcherServlet.java:901) ~[spring-webmvc-4.3.16.RELEASE.jar:4.3.16.RELEASE]
	at org.springframework.web.servlet.FrameworkServlet.processRequest(FrameworkServlet.java:970) ~[spring-webmvc-4.3.16.RELEASE.jar:4.3.16.RELEASE]
	at org.springframework.web.servlet.FrameworkServlet.doPost(FrameworkServlet.java:872) ~[spring-webmvc-4.3.16.RELEASE.jar:4.3.16.RELEASE]
	at javax.servlet.http.HttpServlet.service(HttpServlet.java:661) ~[tomcat-embed-core-8.5.29.jar:8.5.29]
	at org.springframework.web.servlet.FrameworkServlet.service(FrameworkServlet.java:846) ~[spring-webmvc-4.3.16.RELEASE.jar:4.3.16.RELEASE]
	at javax.servlet.http.HttpServlet.service(HttpServlet.java:742) ~[tomcat-embed-core-8.5.29.jar:8.5.29]
	at org.apache.catalina.core.ApplicationFilterChain.internalDoFilter(ApplicationFilterChain.java:231) ~[tomcat-embed-core-8.5.29.jar:8.5.29]
	at org.apache.catalina.core.ApplicationFilterChain.doFilter(ApplicationFilterChain.java:166) ~[tomcat-embed-core-8.5.29.jar:8.5.29]
	at org.apache.tomcat.websocket.server.WsFilter.doFilter(WsFilter.java:52) ~[tomcat-embed-websocket-8.5.29.jar:8.5.29]
	at org.apache.catalina.core.ApplicationFilterChain.internalDoFilter(ApplicationFilterChain.java:193) ~[tomcat-embed-core-8.5.29.jar:8.5.29]
	at org.apache.catalina.core.ApplicationFilterChain.doFilter(ApplicationFilterChain.java:166) ~[tomcat-embed-core-8.5.29.jar:8.5.29]
	at org.springframework.web.filter.RequestContextFilter.doFilterInternal(RequestContextFilter.java:99) ~[spring-web-4.3.16.RELEASE.jar:4.3.16.RELEASE]
	at org.springframework.web.filter.OncePerRequestFilter.doFilter(OncePerRequestFilter.java:107) ~[spring-web-4.3.16.RELEASE.jar:4.3.16.RELEASE]
	at org.apache.catalina.core.ApplicationFilterChain.internalDoFilter(ApplicationFilterChain.java:193) ~[tomcat-embed-core-8.5.29.jar:8.5.29]
	at org.apache.catalina.core.ApplicationFilterChain.doFilter(ApplicationFilterChain.java:166) ~[tomcat-embed-core-8.5.29.jar:8.5.29]
	at org.springframework.web.filter.HttpPutFormContentFilter.doFilterInternal(HttpPutFormContentFilter.java:109) ~[spring-web-4.3.16.RELEASE.jar:4.3.16.RELEASE]
	at org.springframework.web.filter.OncePerRequestFilter.doFilter(OncePerRequestFilter.java:107) ~[spring-web-4.3.16.RELEASE.jar:4.3.16.RELEASE]
	at org.apache.catalina.core.ApplicationFilterChain.internalDoFilter(ApplicationFilterChain.java:193) ~[tomcat-embed-core-8.5.29.jar:8.5.29]
	at org.apache.catalina.core.ApplicationFilterChain.doFilter(ApplicationFilterChain.java:166) ~[tomcat-embed-core-8.5.29.jar:8.5.29]
	at org.springframework.web.filter.HiddenHttpMethodFilter.doFilterInternal(HiddenHttpMethodFilter.java:81) ~[spring-web-4.3.16.RELEASE.jar:4.3.16.RELEASE]
	at org.springframework.web.filter.OncePerRequestFilter.doFilter(OncePerRequestFilter.java:107) ~[spring-web-4.3.16.RELEASE.jar:4.3.16.RELEASE]
	at org.apache.catalina.core.ApplicationFilterChain.internalDoFilter(ApplicationFilterChain.java:193) ~[tomcat-embed-core-8.5.29.jar:8.5.29]
	at org.apache.catalina.core.ApplicationFilterChain.doFilter(ApplicationFilterChain.java:166) ~[tomcat-embed-core-8.5.29.jar:8.5.29]
	at org.springframework.web.filter.CharacterEncodingFilter.doFilterInternal(CharacterEncodingFilter.java:197) ~[spring-web-4.3.16.RELEASE.jar:4.3.16.RELEASE]
	at org.springframework.web.filter.OncePerRequestFilter.doFilter(OncePerRequestFilter.java:107) ~[spring-web-4.3.16.RELEASE.jar:4.3.16.RELEASE]
	at org.apache.catalina.core.ApplicationFilterChain.internalDoFilter(ApplicationFilterChain.java:193) ~[tomcat-embed-core-8.5.29.jar:8.5.29]
	at org.apache.catalina.core.ApplicationFilterChain.doFilter(ApplicationFilterChain.java:166) ~[tomcat-embed-core-8.5.29.jar:8.5.29]
	at org.apache.catalina.core.StandardWrapperValve.invoke(StandardWrapperValve.java:198) ~[tomcat-embed-core-8.5.29.jar:8.5.29]
	at org.apache.catalina.core.StandardContextValve.invoke(StandardContextValve.java:96) [tomcat-embed-core-8.5.29.jar:8.5.29]
	at org.apache.catalina.authenticator.AuthenticatorBase.invoke(AuthenticatorBase.java:496) [tomcat-embed-core-8.5.29.jar:8.5.29]
	at org.apache.catalina.core.StandardHostValve.invoke(StandardHostValve.java:140) [tomcat-embed-core-8.5.29.jar:8.5.29]
	at org.apache.catalina.valves.ErrorReportValve.invoke(ErrorReportValve.java:81) [tomcat-embed-core-8.5.29.jar:8.5.29]
	at org.apache.catalina.core.StandardEngineValve.invoke(StandardEngineValve.java:87) [tomcat-embed-core-8.5.29.jar:8.5.29]
	at org.apache.catalina.connector.CoyoteAdapter.service(CoyoteAdapter.java:342) [tomcat-embed-core-8.5.29.jar:8.5.29]
	at org.apache.coyote.http11.Http11Processor.service(Http11Processor.java:803) [tomcat-embed-core-8.5.29.jar:8.5.29]
	at org.apache.coyote.AbstractProcessorLight.process(AbstractProcessorLight.java:66) [tomcat-embed-core-8.5.29.jar:8.5.29]
	at org.apache.coyote.AbstractProtocol$ConnectionHandler.process(AbstractProtocol.java:790) [tomcat-embed-core-8.5.29.jar:8.5.29]
	at org.apache.tomcat.util.net.NioEndpoint$SocketProcessor.doRun(NioEndpoint.java:1459) [tomcat-embed-core-8.5.29.jar:8.5.29]
	at org.apache.tomcat.util.net.SocketProcessorBase.run(SocketProcessorBase.java:49) [tomcat-embed-core-8.5.29.jar:8.5.29]
	at java.util.concurrent.ThreadPoolExecutor.runWorker(ThreadPoolExecutor.java:1145) [na:1.7.0_80]
	at java.util.concurrent.ThreadPoolExecutor$Worker.run(ThreadPoolExecutor.java:615) [na:1.7.0_80]
	at org.apache.tomcat.util.threads.TaskThread$WrappingRunnable.run(TaskThread.java:61) [tomcat-embed-core-8.5.29.jar:8.5.29]
	at java.lang.Thread.run(Thread.java:745) [na:1.7.0_80]

2018-06-18 22:05:37.416 ERROR 6960 --- [http-nio-8090-exec-7] o.a.c.c.C.[.[.[/].[dispatcherServlet]    : Servlet.service() for servlet [dispatcherServlet] in context with path [] threw exception [Request processing failed; nested exception is java.lang.RuntimeException: Problemas ao recuperar a lista de forncedores. com.mysql.jdbc.Driver] with root cause

java.lang.ClassNotFoundException: com.mysql.jdbc.Driver
	at java.net.URLClassLoader$1.run(URLClassLoader.java:366) ~[na:1.7.0_80]
	at java.net.URLClassLoader$1.run(URLClassLoader.java:355) ~[na:1.7.0_80]
	at java.security.AccessController.doPrivileged(Native Method) ~[na:1.7.0_80]
	at java.net.URLClassLoader.findClass(URLClassLoader.java:354) ~[na:1.7.0_80]
	at java.lang.ClassLoader.loadClass(ClassLoader.java:425) ~[na:1.7.0_80]
	at sun.misc.Launcher$AppClassLoader.loadClass(Launcher.java:308) ~[na:1.7.0_80]
	at java.lang.ClassLoader.loadClass(ClassLoader.java:358) ~[na:1.7.0_80]
	at org.springframework.boot.devtools.restart.classloader.RestartClassLoader.loadClass(RestartClassLoader.java:152) ~[spring-boot-devtools-1.5.12.RELEASE.jar:1.5.12.RELEASE]
	at java.lang.ClassLoader.loadClass(ClassLoader.java:358) ~[na:1.7.0_80]
	at java.lang.Class.forName0(Native Method) ~[na:1.7.0_80]
	at java.lang.Class.forName(Class.java:195) ~[na:1.7.0_80]
	at br.com.dbintegrationapi.dao.Dao.getConnection(Dao.java:46) ~[classes/:na]
	at br.com.dbintegrationapi.dao.IntegrationDao.listSupplier(IntegrationDao.java:126) ~[classes/:na]
	at br.com.dbintegrationapi.resource.ObjectResource.supplier(ObjectResource.java:54) ~[classes/:na]
	at sun.reflect.NativeMethodAccessorImpl.invoke0(Native Method) ~[na:1.7.0_80]
	at sun.reflect.NativeMethodAccessorImpl.invoke(NativeMethodAccessorImpl.java:57) ~[na:1.7.0_80]
	at sun.reflect.DelegatingMethodAccessorImpl.invoke(DelegatingMethodAccessorImpl.java:43) ~[na:1.7.0_80]
	at java.lang.reflect.Method.invoke(Method.java:606) ~[na:1.7.0_80]
	at org.springframework.web.method.support.InvocableHandlerMethod.doInvoke(InvocableHandlerMethod.java:205) ~[spring-web-4.3.16.RELEASE.jar:4.3.16.RELEASE]
	at org.springframework.web.method.support.InvocableHandlerMethod.invokeForRequest(InvocableHandlerMethod.java:133) ~[spring-web-4.3.16.RELEASE.jar:4.3.16.RELEASE]
	at org.springframework.web.servlet.mvc.method.annotation.ServletInvocableHandlerMethod.invokeAndHandle(ServletInvocableHandlerMethod.java:97) ~[spring-webmvc-4.3.16.RELEASE.jar:4.3.16.RELEASE]
	at org.springframework.web.servlet.mvc.method.annotation.RequestMappingHandlerAdapter.invokeHandlerMethod(RequestMappingHandlerAdapter.java:827) ~[spring-webmvc-4.3.16.RELEASE.jar:4.3.16.RELEASE]
	at org.springframework.web.servlet.mvc.method.annotation.RequestMappingHandlerAdapter.handleInternal(RequestMappingHandlerAdapter.java:738) ~[spring-webmvc-4.3.16.RELEASE.jar:4.3.16.RELEASE]
	at org.springframework.web.servlet.mvc.method.AbstractHandlerMethodAdapter.handle(AbstractHandlerMethodAdapter.java:85) ~[spring-webmvc-4.3.16.RELEASE.jar:4.3.16.RELEASE]
	at org.springframework.web.servlet.DispatcherServlet.doDispatch(DispatcherServlet.java:967) ~[spring-webmvc-4.3.16.RELEASE.jar:4.3.16.RELEASE]
	at org.springframework.web.servlet.DispatcherServlet.doService(DispatcherServlet.java:901) ~[spring-webmvc-4.3.16.RELEASE.jar:4.3.16.RELEASE]
	at org.springframework.web.servlet.FrameworkServlet.processRequest(FrameworkServlet.java:970) ~[spring-webmvc-4.3.16.RELEASE.jar:4.3.16.RELEASE]
	at org.springframework.web.servlet.FrameworkServlet.doPost(FrameworkServlet.java:872) ~[spring-webmvc-4.3.16.RELEASE.jar:4.3.16.RELEASE]
	at javax.servlet.http.HttpServlet.service(HttpServlet.java:661) ~[tomcat-embed-core-8.5.29.jar:8.5.29]
	at org.springframework.web.servlet.FrameworkServlet.service(FrameworkServlet.java:846) ~[spring-webmvc-4.3.16.RELEASE.jar:4.3.16.RELEASE]
	at javax.servlet.http.HttpServlet.service(HttpServlet.java:742) ~[tomcat-embed-core-8.5.29.jar:8.5.29]
	at org.apache.catalina.core.ApplicationFilterChain.internalDoFilter(ApplicationFilterChain.java:231) ~[tomcat-embed-core-8.5.29.jar:8.5.29]
	at org.apache.catalina.core.ApplicationFilterChain.doFilter(ApplicationFilterChain.java:166) ~[tomcat-embed-core-8.5.29.jar:8.5.29]
	at org.apache.tomcat.websocket.server.WsFilter.doFilter(WsFilter.java:52) ~[tomcat-embed-websocket-8.5.29.jar:8.5.29]
	at org.apache.catalina.core.ApplicationFilterChain.internalDoFilter(ApplicationFilterChain.java:193) ~[tomcat-embed-core-8.5.29.jar:8.5.29]
	at org.apache.catalina.core.ApplicationFilterChain.doFilter(ApplicationFilterChain.java:166) ~[tomcat-embed-core-8.5.29.jar:8.5.29]
	at org.springframework.web.filter.RequestContextFilter.doFilterInternal(RequestContextFilter.java:99) ~[spring-web-4.3.16.RELEASE.jar:4.3.16.RELEASE]
	at org.springframework.web.filter.OncePerRequestFilter.doFilter(OncePerRequestFilter.java:107) ~[spring-web-4.3.16.RELEASE.jar:4.3.16.RELEASE]
	at org.apache.catalina.core.ApplicationFilterChain.internalDoFilter(ApplicationFilterChain.java:193) ~[tomcat-embed-core-8.5.29.jar:8.5.29]
	at org.apache.catalina.core.ApplicationFilterChain.doFilter(ApplicationFilterChain.java:166) ~[tomcat-embed-core-8.5.29.jar:8.5.29]
	at org.springframework.web.filter.HttpPutFormContentFilter.doFilterInternal(HttpPutFormContentFilter.java:109) ~[spring-web-4.3.16.RELEASE.jar:4.3.16.RELEASE]
	at org.springframework.web.filter.OncePerRequestFilter.doFilter(OncePerRequestFilter.java:107) ~[spring-web-4.3.16.RELEASE.jar:4.3.16.RELEASE]
	at org.apache.catalina.core.ApplicationFilterChain.internalDoFilter(ApplicationFilterChain.java:193) ~[tomcat-embed-core-8.5.29.jar:8.5.29]
	at org.apache.catalina.core.ApplicationFilterChain.doFilter(ApplicationFilterChain.java:166) ~[tomcat-embed-core-8.5.29.jar:8.5.29]
	at org.springframework.web.filter.HiddenHttpMethodFilter.doFilterInternal(HiddenHttpMethodFilter.java:81) ~[spring-web-4.3.16.RELEASE.jar:4.3.16.RELEASE]
	at org.springframework.web.filter.OncePerRequestFilter.doFilter(OncePerRequestFilter.java:107) ~[spring-web-4.3.16.RELEASE.jar:4.3.16.RELEASE]
	at org.apache.catalina.core.ApplicationFilterChain.internalDoFilter(ApplicationFilterChain.java:193) ~[tomcat-embed-core-8.5.29.jar:8.5.29]
	at org.apache.catalina.core.ApplicationFilterChain.doFilter(ApplicationFilterChain.java:166) ~[tomcat-embed-core-8.5.29.jar:8.5.29]
	at org.springframework.web.filter.CharacterEncodingFilter.doFilterInternal(CharacterEncodingFilter.java:197) ~[spring-web-4.3.16.RELEASE.jar:4.3.16.RELEASE]
	at org.springframework.web.filter.OncePerRequestFilter.doFilter(OncePerRequestFilter.java:107) ~[spring-web-4.3.16.RELEASE.jar:4.3.16.RELEASE]
	at org.apache.catalina.core.ApplicationFilterChain.internalDoFilter(ApplicationFilterChain.java:193) ~[tomcat-embed-core-8.5.29.jar:8.5.29]
	at org.apache.catalina.core.ApplicationFilterChain.doFilter(ApplicationFilterChain.java:166) ~[tomcat-embed-core-8.5.29.jar:8.5.29]
	at org.apache.catalina.core.StandardWrapperValve.invoke(StandardWrapperValve.java:198) ~[tomcat-embed-core-8.5.29.jar:8.5.29]
	at org.apache.catalina.core.StandardContextValve.invoke(StandardContextValve.java:96) [tomcat-embed-core-8.5.29.jar:8.5.29]
	at org.apache.catalina.authenticator.AuthenticatorBase.invoke(AuthenticatorBase.java:496) [tomcat-embed-core-8.5.29.jar:8.5.29]
	at org.apache.catalina.core.StandardHostValve.invoke(StandardHostValve.java:140) [tomcat-embed-core-8.5.29.jar:8.5.29]
	at org.apache.catalina.valves.ErrorReportValve.invoke(ErrorReportValve.java:81) [tomcat-embed-core-8.5.29.jar:8.5.29]
	at org.apache.catalina.core.StandardEngineValve.invoke(StandardEngineValve.java:87) [tomcat-embed-core-8.5.29.jar:8.5.29]
	at org.apache.catalina.connector.CoyoteAdapter.service(CoyoteAdapter.java:342) [tomcat-embed-core-8.5.29.jar:8.5.29]
	at org.apache.coyote.http11.Http11Processor.service(Http11Processor.java:803) [tomcat-embed-core-8.5.29.jar:8.5.29]
	at org.apache.coyote.AbstractProcessorLight.process(AbstractProcessorLight.java:66) [tomcat-embed-core-8.5.29.jar:8.5.29]
	at org.apache.coyote.AbstractProtocol$ConnectionHandler.process(AbstractProtocol.java:790) [tomcat-embed-core-8.5.29.jar:8.5.29]
	at org.apache.tomcat.util.net.NioEndpoint$SocketProcessor.doRun(NioEndpoint.java:1459) [tomcat-embed-core-8.5.29.jar:8.5.29]
	at org.apache.tomcat.util.net.SocketProcessorBase.run(SocketProcessorBase.java:49) [tomcat-embed-core-8.5.29.jar:8.5.29]
	at java.util.concurrent.ThreadPoolExecutor.runWorker(ThreadPoolExecutor.java:1145) [na:1.7.0_80]
	at java.util.concurrent.ThreadPoolExecutor$Worker.run(ThreadPoolExecutor.java:615) [na:1.7.0_80]
	at org.apache.tomcat.util.threads.TaskThread$WrappingRunnable.run(TaskThread.java:61) [tomcat-embed-core-8.5.29.jar:8.5.29]
	at java.lang.Thread.run(Thread.java:745) [na:1.7.0_80]

2018-06-18 22:05:37.449  INFO 6960 --- [http-nio-8090-exec-8] b.c.dbintegrationapi.dao.IntegrationDao  : java.vendor: Oracle Corporation
2018-06-18 22:05:37.456  INFO 6960 --- [http-nio-8090-exec-8] b.c.dbintegrationapi.dao.IntegrationDao  : java.vendor.url: http://java.oracle.com/
2018-06-18 22:05:37.456  INFO 6960 --- [http-nio-8090-exec-8] b.c.dbintegrationapi.dao.IntegrationDao  : java.version: 1.7.0_80
2018-06-18 22:05:37.456  INFO 6960 --- [http-nio-8090-exec-8] b.c.dbintegrationapi.dao.IntegrationDao  : sun.arch.data.model: 64
2018-06-18 22:05:37.456  INFO 6960 --- [http-nio-8090-exec-8] b.c.dbintegrationapi.dao.IntegrationDao  : Executing query:
2018-06-18 22:05:37.456  INFO 6960 --- [http-nio-8090-exec-8] b.c.dbintegrationapi.dao.IntegrationDao  : null:ritz:root
2018-06-18 22:05:37.456  INFO 6960 --- [http-nio-8090-exec-8] b.c.dbintegrationapi.dao.IntegrationDao  : SELECT * FROM vendedor WHERE empresa_id = 3
2018-06-18 22:05:37.458 ERROR 6960 --- [http-nio-8090-exec-8] o.a.c.c.C.[.[.[/].[dispatcherServlet]    : Servlet.service() for servlet [dispatcherServlet] in context with path [] threw exception [Request processing failed; nested exception is java.lang.RuntimeException: Problemas ao recuperar a lista de vendedores. com.mysql.jdbc.Driver] with root cause

java.lang.ClassNotFoundException: com.mysql.jdbc.Driver
	at java.net.URLClassLoader$1.run(URLClassLoader.java:366) ~[na:1.7.0_80]
	at java.net.URLClassLoader$1.run(URLClassLoader.java:355) ~[na:1.7.0_80]
	at java.security.AccessController.doPrivileged(Native Method) ~[na:1.7.0_80]
	at java.net.URLClassLoader.findClass(URLClassLoader.java:354) ~[na:1.7.0_80]
	at java.lang.ClassLoader.loadClass(ClassLoader.java:425) ~[na:1.7.0_80]
	at sun.misc.Launcher$AppClassLoader.loadClass(Launcher.java:308) ~[na:1.7.0_80]
	at java.lang.ClassLoader.loadClass(ClassLoader.java:358) ~[na:1.7.0_80]
	at org.springframework.boot.devtools.restart.classloader.RestartClassLoader.loadClass(RestartClassLoader.java:152) ~[spring-boot-devtools-1.5.12.RELEASE.jar:1.5.12.RELEASE]
	at java.lang.ClassLoader.loadClass(ClassLoader.java:358) ~[na:1.7.0_80]
	at java.lang.Class.forName0(Native Method) ~[na:1.7.0_80]
	at java.lang.Class.forName(Class.java:195) ~[na:1.7.0_80]
	at br.com.dbintegrationapi.dao.Dao.getConnection(Dao.java:46) ~[classes/:na]
	at br.com.dbintegrationapi.dao.IntegrationDao.listSalesman(IntegrationDao.java:160) ~[classes/:na]
	at br.com.dbintegrationapi.resource.ObjectResource.salesman(ObjectResource.java:44) ~[classes/:na]
	at sun.reflect.NativeMethodAccessorImpl.invoke0(Native Method) ~[na:1.7.0_80]
	at sun.reflect.NativeMethodAccessorImpl.invoke(NativeMethodAccessorImpl.java:57) ~[na:1.7.0_80]
	at sun.reflect.DelegatingMethodAccessorImpl.invoke(DelegatingMethodAccessorImpl.java:43) ~[na:1.7.0_80]
	at java.lang.reflect.Method.invoke(Method.java:606) ~[na:1.7.0_80]
	at org.springframework.web.method.support.InvocableHandlerMethod.doInvoke(InvocableHandlerMethod.java:205) ~[spring-web-4.3.16.RELEASE.jar:4.3.16.RELEASE]
	at org.springframework.web.method.support.InvocableHandlerMethod.invokeForRequest(InvocableHandlerMethod.java:133) ~[spring-web-4.3.16.RELEASE.jar:4.3.16.RELEASE]
	at org.springframework.web.servlet.mvc.method.annotation.ServletInvocableHandlerMethod.invokeAndHandle(ServletInvocableHandlerMethod.java:97) ~[spring-webmvc-4.3.16.RELEASE.jar:4.3.16.RELEASE]
	at org.springframework.web.servlet.mvc.method.annotation.RequestMappingHandlerAdapter.invokeHandlerMethod(RequestMappingHandlerAdapter.java:827) ~[spring-webmvc-4.3.16.RELEASE.jar:4.3.16.RELEASE]
	at org.springframework.web.servlet.mvc.method.annotation.RequestMappingHandlerAdapter.handleInternal(RequestMappingHandlerAdapter.java:738) ~[spring-webmvc-4.3.16.RELEASE.jar:4.3.16.RELEASE]
	at org.springframework.web.servlet.mvc.method.AbstractHandlerMethodAdapter.handle(AbstractHandlerMethodAdapter.java:85) ~[spring-webmvc-4.3.16.RELEASE.jar:4.3.16.RELEASE]
	at org.springframework.web.servlet.DispatcherServlet.doDispatch(DispatcherServlet.java:967) ~[spring-webmvc-4.3.16.RELEASE.jar:4.3.16.RELEASE]
	at org.springframework.web.servlet.DispatcherServlet.doService(DispatcherServlet.java:901) ~[spring-webmvc-4.3.16.RELEASE.jar:4.3.16.RELEASE]
	at org.springframework.web.servlet.FrameworkServlet.processRequest(FrameworkServlet.java:970) ~[spring-webmvc-4.3.16.RELEASE.jar:4.3.16.RELEASE]
	at org.springframework.web.servlet.FrameworkServlet.doPost(FrameworkServlet.java:872) ~[spring-webmvc-4.3.16.RELEASE.jar:4.3.16.RELEASE]
	at javax.servlet.http.HttpServlet.service(HttpServlet.java:661) ~[tomcat-embed-core-8.5.29.jar:8.5.29]
	at org.springframework.web.servlet.FrameworkServlet.service(FrameworkServlet.java:846) ~[spring-webmvc-4.3.16.RELEASE.jar:4.3.16.RELEASE]
	at javax.servlet.http.HttpServlet.service(HttpServlet.java:742) ~[tomcat-embed-core-8.5.29.jar:8.5.29]
	at org.apache.catalina.core.ApplicationFilterChain.internalDoFilter(ApplicationFilterChain.java:231) ~[tomcat-embed-core-8.5.29.jar:8.5.29]
	at org.apache.catalina.core.ApplicationFilterChain.doFilter(ApplicationFilterChain.java:166) ~[tomcat-embed-core-8.5.29.jar:8.5.29]
	at org.apache.tomcat.websocket.server.WsFilter.doFilter(WsFilter.java:52) ~[tomcat-embed-websocket-8.5.29.jar:8.5.29]
	at org.apache.catalina.core.ApplicationFilterChain.internalDoFilter(ApplicationFilterChain.java:193) ~[tomcat-embed-core-8.5.29.jar:8.5.29]
	at org.apache.catalina.core.ApplicationFilterChain.doFilter(ApplicationFilterChain.java:166) ~[tomcat-embed-core-8.5.29.jar:8.5.29]
	at org.springframework.web.filter.RequestContextFilter.doFilterInternal(RequestContextFilter.java:99) ~[spring-web-4.3.16.RELEASE.jar:4.3.16.RELEASE]
	at org.springframework.web.filter.OncePerRequestFilter.doFilter(OncePerRequestFilter.java:107) ~[spring-web-4.3.16.RELEASE.jar:4.3.16.RELEASE]
	at org.apache.catalina.core.ApplicationFilterChain.internalDoFilter(ApplicationFilterChain.java:193) ~[tomcat-embed-core-8.5.29.jar:8.5.29]
	at org.apache.catalina.core.ApplicationFilterChain.doFilter(ApplicationFilterChain.java:166) ~[tomcat-embed-core-8.5.29.jar:8.5.29]
	at org.springframework.web.filter.HttpPutFormContentFilter.doFilterInternal(HttpPutFormContentFilter.java:109) ~[spring-web-4.3.16.RELEASE.jar:4.3.16.RELEASE]
	at org.springframework.web.filter.OncePerRequestFilter.doFilter(OncePerRequestFilter.java:107) ~[spring-web-4.3.16.RELEASE.jar:4.3.16.RELEASE]
	at org.apache.catalina.core.ApplicationFilterChain.internalDoFilter(ApplicationFilterChain.java:193) ~[tomcat-embed-core-8.5.29.jar:8.5.29]
	at org.apache.catalina.core.ApplicationFilterChain.doFilter(ApplicationFilterChain.java:166) ~[tomcat-embed-core-8.5.29.jar:8.5.29]
	at org.springframework.web.filter.HiddenHttpMethodFilter.doFilterInternal(HiddenHttpMethodFilter.java:81) ~[spring-web-4.3.16.RELEASE.jar:4.3.16.RELEASE]
	at org.springframework.web.filter.OncePerRequestFilter.doFilter(OncePerRequestFilter.java:107) ~[spring-web-4.3.16.RELEASE.jar:4.3.16.RELEASE]
	at org.apache.catalina.core.ApplicationFilterChain.internalDoFilter(ApplicationFilterChain.java:193) ~[tomcat-embed-core-8.5.29.jar:8.5.29]
	at org.apache.catalina.core.ApplicationFilterChain.doFilter(ApplicationFilterChain.java:166) ~[tomcat-embed-core-8.5.29.jar:8.5.29]
	at org.springframework.web.filter.CharacterEncodingFilter.doFilterInternal(CharacterEncodingFilter.java:197) ~[spring-web-4.3.16.RELEASE.jar:4.3.16.RELEASE]
	at org.springframework.web.filter.OncePerRequestFilter.doFilter(OncePerRequestFilter.java:107) ~[spring-web-4.3.16.RELEASE.jar:4.3.16.RELEASE]
	at org.apache.catalina.core.ApplicationFilterChain.internalDoFilter(ApplicationFilterChain.java:193) ~[tomcat-embed-core-8.5.29.jar:8.5.29]
	at org.apache.catalina.core.ApplicationFilterChain.doFilter(ApplicationFilterChain.java:166) ~[tomcat-embed-core-8.5.29.jar:8.5.29]
	at org.apache.catalina.core.StandardWrapperValve.invoke(StandardWrapperValve.java:198) ~[tomcat-embed-core-8.5.29.jar:8.5.29]
	at org.apache.catalina.core.StandardContextValve.invoke(StandardContextValve.java:96) [tomcat-embed-core-8.5.29.jar:8.5.29]
	at org.apache.catalina.authenticator.AuthenticatorBase.invoke(AuthenticatorBase.java:496) [tomcat-embed-core-8.5.29.jar:8.5.29]
	at org.apache.catalina.core.StandardHostValve.invoke(StandardHostValve.java:140) [tomcat-embed-core-8.5.29.jar:8.5.29]
	at org.apache.catalina.valves.ErrorReportValve.invoke(ErrorReportValve.java:81) [tomcat-embed-core-8.5.29.jar:8.5.29]
	at org.apache.catalina.core.StandardEngineValve.invoke(StandardEngineValve.java:87) [tomcat-embed-core-8.5.29.jar:8.5.29]
	at org.apache.catalina.connector.CoyoteAdapter.service(CoyoteAdapter.java:342) [tomcat-embed-core-8.5.29.jar:8.5.29]
	at org.apache.coyote.http11.Http11Processor.service(Http11Processor.java:803) [tomcat-embed-core-8.5.29.jar:8.5.29]
	at org.apache.coyote.AbstractProcessorLight.process(AbstractProcessorLight.java:66) [tomcat-embed-core-8.5.29.jar:8.5.29]
	at org.apache.coyote.AbstractProtocol$ConnectionHandler.process(AbstractProtocol.java:790) [tomcat-embed-core-8.5.29.jar:8.5.29]
	at org.apache.tomcat.util.net.NioEndpoint$SocketProcessor.doRun(NioEndpoint.java:1459) [tomcat-embed-core-8.5.29.jar:8.5.29]
	at org.apache.tomcat.util.net.SocketProcessorBase.run(SocketProcessorBase.java:49) [tomcat-embed-core-8.5.29.jar:8.5.29]
	at java.util.concurrent.ThreadPoolExecutor.runWorker(ThreadPoolExecutor.java:1145) [na:1.7.0_80]
	at java.util.concurrent.ThreadPoolExecutor$Worker.run(ThreadPoolExecutor.java:615) [na:1.7.0_80]
	at org.apache.tomcat.util.threads.TaskThread$WrappingRunnable.run(TaskThread.java:61) [tomcat-embed-core-8.5.29.jar:8.5.29]
	at java.lang.Thread.run(Thread.java:745) [na:1.7.0_80]

2018-06-18 22:06:55.228  INFO 6960 --- [http-nio-8090-exec-10] b.c.dbintegrationapi.dao.IntegrationDao  : java.vendor: Oracle Corporation
2018-06-18 22:06:55.237  INFO 6960 --- [http-nio-8090-exec-10] b.c.dbintegrationapi.dao.IntegrationDao  : java.vendor.url: http://java.oracle.com/
2018-06-18 22:06:55.237  INFO 6960 --- [http-nio-8090-exec-10] b.c.dbintegrationapi.dao.IntegrationDao  : java.version: 1.7.0_80
2018-06-18 22:06:55.237  INFO 6960 --- [http-nio-8090-exec-10] b.c.dbintegrationapi.dao.IntegrationDao  : sun.arch.data.model: 64
2018-06-18 22:06:55.238  INFO 6960 --- [http-nio-8090-exec-10] b.c.dbintegrationapi.dao.IntegrationDao  : Executing query:
2018-06-18 22:06:55.238  INFO 6960 --- [http-nio-8090-exec-10] b.c.dbintegrationapi.dao.IntegrationDao  : null:ritz:root
2018-06-18 22:06:55.238  INFO 6960 --- [http-nio-8090-exec-10] b.c.dbintegrationapi.dao.IntegrationDao  : SELECT * FROM vendedor WHERE empresa_id = 3
2018-06-18 22:06:55.239 ERROR 6960 --- [http-nio-8090-exec-10] o.a.c.c.C.[.[.[/].[dispatcherServlet]    : Servlet.service() for servlet [dispatcherServlet] in context with path [] threw exception [Request processing failed; nested exception is java.lang.RuntimeException: Problemas ao recuperar a lista de vendedores. com.mysql.jdbc.Driver] with root cause

java.lang.ClassNotFoundException: com.mysql.jdbc.Driver
	at java.net.URLClassLoader$1.run(URLClassLoader.java:366) ~[na:1.7.0_80]
	at java.net.URLClassLoader$1.run(URLClassLoader.java:355) ~[na:1.7.0_80]
	at java.security.AccessController.doPrivileged(Native Method) ~[na:1.7.0_80]
	at java.net.URLClassLoader.findClass(URLClassLoader.java:354) ~[na:1.7.0_80]
	at java.lang.ClassLoader.loadClass(ClassLoader.java:425) ~[na:1.7.0_80]
	at sun.misc.Launcher$AppClassLoader.loadClass(Launcher.java:308) ~[na:1.7.0_80]
	at java.lang.ClassLoader.loadClass(ClassLoader.java:358) ~[na:1.7.0_80]
	at org.springframework.boot.devtools.restart.classloader.RestartClassLoader.loadClass(RestartClassLoader.java:152) ~[spring-boot-devtools-1.5.12.RELEASE.jar:1.5.12.RELEASE]
	at java.lang.ClassLoader.loadClass(ClassLoader.java:358) ~[na:1.7.0_80]
	at java.lang.Class.forName0(Native Method) ~[na:1.7.0_80]
	at java.lang.Class.forName(Class.java:195) ~[na:1.7.0_80]
	at br.com.dbintegrationapi.dao.Dao.getConnection(Dao.java:46) ~[classes/:na]
	at br.com.dbintegrationapi.dao.IntegrationDao.listSalesman(IntegrationDao.java:160) ~[classes/:na]
	at br.com.dbintegrationapi.resource.ObjectResource.salesman(ObjectResource.java:44) ~[classes/:na]
	at sun.reflect.NativeMethodAccessorImpl.invoke0(Native Method) ~[na:1.7.0_80]
	at sun.reflect.NativeMethodAccessorImpl.invoke(NativeMethodAccessorImpl.java:57) ~[na:1.7.0_80]
	at sun.reflect.DelegatingMethodAccessorImpl.invoke(DelegatingMethodAccessorImpl.java:43) ~[na:1.7.0_80]
	at java.lang.reflect.Method.invoke(Method.java:606) ~[na:1.7.0_80]
	at org.springframework.web.method.support.InvocableHandlerMethod.doInvoke(InvocableHandlerMethod.java:205) ~[spring-web-4.3.16.RELEASE.jar:4.3.16.RELEASE]
	at org.springframework.web.method.support.InvocableHandlerMethod.invokeForRequest(InvocableHandlerMethod.java:133) ~[spring-web-4.3.16.RELEASE.jar:4.3.16.RELEASE]
	at org.springframework.web.servlet.mvc.method.annotation.ServletInvocableHandlerMethod.invokeAndHandle(ServletInvocableHandlerMethod.java:97) ~[spring-webmvc-4.3.16.RELEASE.jar:4.3.16.RELEASE]
	at org.springframework.web.servlet.mvc.method.annotation.RequestMappingHandlerAdapter.invokeHandlerMethod(RequestMappingHandlerAdapter.java:827) ~[spring-webmvc-4.3.16.RELEASE.jar:4.3.16.RELEASE]
	at org.springframework.web.servlet.mvc.method.annotation.RequestMappingHandlerAdapter.handleInternal(RequestMappingHandlerAdapter.java:738) ~[spring-webmvc-4.3.16.RELEASE.jar:4.3.16.RELEASE]
	at org.springframework.web.servlet.mvc.method.AbstractHandlerMethodAdapter.handle(AbstractHandlerMethodAdapter.java:85) ~[spring-webmvc-4.3.16.RELEASE.jar:4.3.16.RELEASE]
	at org.springframework.web.servlet.DispatcherServlet.doDispatch(DispatcherServlet.java:967) ~[spring-webmvc-4.3.16.RELEASE.jar:4.3.16.RELEASE]
	at org.springframework.web.servlet.DispatcherServlet.doService(DispatcherServlet.java:901) ~[spring-webmvc-4.3.16.RELEASE.jar:4.3.16.RELEASE]
	at org.springframework.web.servlet.FrameworkServlet.processRequest(FrameworkServlet.java:970) ~[spring-webmvc-4.3.16.RELEASE.jar:4.3.16.RELEASE]
	at org.springframework.web.servlet.FrameworkServlet.doPost(FrameworkServlet.java:872) ~[spring-webmvc-4.3.16.RELEASE.jar:4.3.16.RELEASE]
	at javax.servlet.http.HttpServlet.service(HttpServlet.java:661) ~[tomcat-embed-core-8.5.29.jar:8.5.29]
	at org.springframework.web.servlet.FrameworkServlet.service(FrameworkServlet.java:846) ~[spring-webmvc-4.3.16.RELEASE.jar:4.3.16.RELEASE]
	at javax.servlet.http.HttpServlet.service(HttpServlet.java:742) ~[tomcat-embed-core-8.5.29.jar:8.5.29]
	at org.apache.catalina.core.ApplicationFilterChain.internalDoFilter(ApplicationFilterChain.java:231) ~[tomcat-embed-core-8.5.29.jar:8.5.29]
	at org.apache.catalina.core.ApplicationFilterChain.doFilter(ApplicationFilterChain.java:166) ~[tomcat-embed-core-8.5.29.jar:8.5.29]
	at org.apache.tomcat.websocket.server.WsFilter.doFilter(WsFilter.java:52) ~[tomcat-embed-websocket-8.5.29.jar:8.5.29]
	at org.apache.catalina.core.ApplicationFilterChain.internalDoFilter(ApplicationFilterChain.java:193) ~[tomcat-embed-core-8.5.29.jar:8.5.29]
	at org.apache.catalina.core.ApplicationFilterChain.doFilter(ApplicationFilterChain.java:166) ~[tomcat-embed-core-8.5.29.jar:8.5.29]
	at org.springframework.web.filter.RequestContextFilter.doFilterInternal(RequestContextFilter.java:99) ~[spring-web-4.3.16.RELEASE.jar:4.3.16.RELEASE]
	at org.springframework.web.filter.OncePerRequestFilter.doFilter(OncePerRequestFilter.java:107) ~[spring-web-4.3.16.RELEASE.jar:4.3.16.RELEASE]
	at org.apache.catalina.core.ApplicationFilterChain.internalDoFilter(ApplicationFilterChain.java:193) ~[tomcat-embed-core-8.5.29.jar:8.5.29]
	at org.apache.catalina.core.ApplicationFilterChain.doFilter(ApplicationFilterChain.java:166) ~[tomcat-embed-core-8.5.29.jar:8.5.29]
	at org.springframework.web.filter.HttpPutFormContentFilter.doFilterInternal(HttpPutFormContentFilter.java:109) ~[spring-web-4.3.16.RELEASE.jar:4.3.16.RELEASE]
	at org.springframework.web.filter.OncePerRequestFilter.doFilter(OncePerRequestFilter.java:107) ~[spring-web-4.3.16.RELEASE.jar:4.3.16.RELEASE]
	at org.apache.catalina.core.ApplicationFilterChain.internalDoFilter(ApplicationFilterChain.java:193) ~[tomcat-embed-core-8.5.29.jar:8.5.29]
	at org.apache.catalina.core.ApplicationFilterChain.doFilter(ApplicationFilterChain.java:166) ~[tomcat-embed-core-8.5.29.jar:8.5.29]
	at org.springframework.web.filter.HiddenHttpMethodFilter.doFilterInternal(HiddenHttpMethodFilter.java:81) ~[spring-web-4.3.16.RELEASE.jar:4.3.16.RELEASE]
	at org.springframework.web.filter.OncePerRequestFilter.doFilter(OncePerRequestFilter.java:107) ~[spring-web-4.3.16.RELEASE.jar:4.3.16.RELEASE]
	at org.apache.catalina.core.ApplicationFilterChain.internalDoFilter(ApplicationFilterChain.java:193) ~[tomcat-embed-core-8.5.29.jar:8.5.29]
	at org.apache.catalina.core.ApplicationFilterChain.doFilter(ApplicationFilterChain.java:166) ~[tomcat-embed-core-8.5.29.jar:8.5.29]
	at org.springframework.web.filter.CharacterEncodingFilter.doFilterInternal(CharacterEncodingFilter.java:197) ~[spring-web-4.3.16.RELEASE.jar:4.3.16.RELEASE]
	at org.springframework.web.filter.OncePerRequestFilter.doFilter(OncePerRequestFilter.java:107) ~[spring-web-4.3.16.RELEASE.jar:4.3.16.RELEASE]
	at org.apache.catalina.core.ApplicationFilterChain.internalDoFilter(ApplicationFilterChain.java:193) ~[tomcat-embed-core-8.5.29.jar:8.5.29]
	at org.apache.catalina.core.ApplicationFilterChain.doFilter(ApplicationFilterChain.java:166) ~[tomcat-embed-core-8.5.29.jar:8.5.29]
	at org.apache.catalina.core.StandardWrapperValve.invoke(StandardWrapperValve.java:198) ~[tomcat-embed-core-8.5.29.jar:8.5.29]
	at org.apache.catalina.core.StandardContextValve.invoke(StandardContextValve.java:96) [tomcat-embed-core-8.5.29.jar:8.5.29]
	at org.apache.catalina.authenticator.AuthenticatorBase.invoke(AuthenticatorBase.java:496) [tomcat-embed-core-8.5.29.jar:8.5.29]
	at org.apache.catalina.core.StandardHostValve.invoke(StandardHostValve.java:140) [tomcat-embed-core-8.5.29.jar:8.5.29]
	at org.apache.catalina.valves.ErrorReportValve.invoke(ErrorReportValve.java:81) [tomcat-embed-core-8.5.29.jar:8.5.29]
	at org.apache.catalina.core.StandardEngineValve.invoke(StandardEngineValve.java:87) [tomcat-embed-core-8.5.29.jar:8.5.29]
	at org.apache.catalina.connector.CoyoteAdapter.service(CoyoteAdapter.java:342) [tomcat-embed-core-8.5.29.jar:8.5.29]
	at org.apache.coyote.http11.Http11Processor.service(Http11Processor.java:803) [tomcat-embed-core-8.5.29.jar:8.5.29]
	at org.apache.coyote.AbstractProcessorLight.process(AbstractProcessorLight.java:66) [tomcat-embed-core-8.5.29.jar:8.5.29]
	at org.apache.coyote.AbstractProtocol$ConnectionHandler.process(AbstractProtocol.java:790) [tomcat-embed-core-8.5.29.jar:8.5.29]
	at org.apache.tomcat.util.net.NioEndpoint$SocketProcessor.doRun(NioEndpoint.java:1459) [tomcat-embed-core-8.5.29.jar:8.5.29]
	at org.apache.tomcat.util.net.SocketProcessorBase.run(SocketProcessorBase.java:49) [tomcat-embed-core-8.5.29.jar:8.5.29]
	at java.util.concurrent.ThreadPoolExecutor.runWorker(ThreadPoolExecutor.java:1145) [na:1.7.0_80]
	at java.util.concurrent.ThreadPoolExecutor$Worker.run(ThreadPoolExecutor.java:615) [na:1.7.0_80]
	at org.apache.tomcat.util.threads.TaskThread$WrappingRunnable.run(TaskThread.java:61) [tomcat-embed-core-8.5.29.jar:8.5.29]
	at java.lang.Thread.run(Thread.java:745) [na:1.7.0_80]

2018-06-18 22:07:13.957  INFO 6960 --- [http-nio-8090-exec-9] b.c.dbintegrationapi.dao.IntegrationDao  : java.vendor: Oracle Corporation
2018-06-18 22:07:13.966  INFO 6960 --- [http-nio-8090-exec-9] b.c.dbintegrationapi.dao.IntegrationDao  : java.vendor.url: http://java.oracle.com/
2018-06-18 22:07:13.966  INFO 6960 --- [http-nio-8090-exec-9] b.c.dbintegrationapi.dao.IntegrationDao  : java.version: 1.7.0_80
2018-06-18 22:07:13.966  INFO 6960 --- [http-nio-8090-exec-9] b.c.dbintegrationapi.dao.IntegrationDao  : sun.arch.data.model: 64
2018-06-18 22:07:13.966  INFO 6960 --- [http-nio-8090-exec-9] b.c.dbintegrationapi.dao.IntegrationDao  : Executing query:
2018-06-18 22:07:13.966  INFO 6960 --- [http-nio-8090-exec-9] b.c.dbintegrationapi.dao.IntegrationDao  : null:ritz:root
2018-06-18 22:07:13.966  INFO 6960 --- [http-nio-8090-exec-9] b.c.dbintegrationapi.dao.IntegrationDao  : SELECT * FROM vendedor WHERE empresa_id = 3
2018-06-18 22:08:20.175  INFO 6960 --- [http-nio-8090-exec-4] b.c.dbintegrationapi.dao.IntegrationDao  : java.vendor: Oracle Corporation
2018-06-18 22:08:20.175  INFO 6960 --- [http-nio-8090-exec-2] b.c.dbintegrationapi.dao.IntegrationDao  : java.vendor: Oracle Corporation
2018-06-18 22:08:20.184  INFO 6960 --- [http-nio-8090-exec-4] b.c.dbintegrationapi.dao.IntegrationDao  : java.vendor.url: http://java.oracle.com/
2018-06-18 22:08:20.184  INFO 6960 --- [http-nio-8090-exec-4] b.c.dbintegrationapi.dao.IntegrationDao  : java.version: 1.7.0_80
2018-06-18 22:08:20.184  INFO 6960 --- [http-nio-8090-exec-2] b.c.dbintegrationapi.dao.IntegrationDao  : java.vendor.url: http://java.oracle.com/
2018-06-18 22:08:20.185  INFO 6960 --- [http-nio-8090-exec-4] b.c.dbintegrationapi.dao.IntegrationDao  : sun.arch.data.model: 64
2018-06-18 22:08:20.185  INFO 6960 --- [http-nio-8090-exec-2] b.c.dbintegrationapi.dao.IntegrationDao  : java.version: 1.7.0_80
2018-06-18 22:08:20.194  INFO 6960 --- [http-nio-8090-exec-4] b.c.dbintegrationapi.dao.IntegrationDao  : Executing query:
2018-06-18 22:08:20.194  INFO 6960 --- [http-nio-8090-exec-2] b.c.dbintegrationapi.dao.IntegrationDao  : sun.arch.data.model: 64
2018-06-18 22:08:20.194  INFO 6960 --- [http-nio-8090-exec-4] b.c.dbintegrationapi.dao.IntegrationDao  : null:ritz:root
2018-06-18 22:08:20.194  INFO 6960 --- [http-nio-8090-exec-2] b.c.dbintegrationapi.dao.IntegrationDao  : Executing query:
2018-06-18 22:08:20.202  INFO 6960 --- [http-nio-8090-exec-4] b.c.dbintegrationapi.dao.IntegrationDao  : SELECT * FROM vendedor WHERE empresa_id = 3
2018-06-18 22:08:20.202  INFO 6960 --- [http-nio-8090-exec-2] b.c.dbintegrationapi.dao.IntegrationDao  : null:ritz:root
2018-06-18 22:08:20.202  INFO 6960 --- [http-nio-8090-exec-2] b.c.dbintegrationapi.dao.IntegrationDao  : SELECT * FROM FORNECEDOR WHERE (nome like '%Nilza Aparecida P. Martins%' OR desc_abrev like '%Nilza Aparecida P. Martins%' OR nome like '%Nilza Aparecida P.%' OR desc_abrev like '%Nilza Aparecida P.%');
2018-06-18 22:08:21.319  INFO 6960 --- [http-nio-8090-exec-5] b.c.dbintegrationapi.dao.IntegrationDao  : java.vendor: Oracle Corporation
2018-06-18 22:08:21.333  INFO 6960 --- [http-nio-8090-exec-5] b.c.dbintegrationapi.dao.IntegrationDao  : java.vendor.url: http://java.oracle.com/
2018-06-18 22:08:21.333  INFO 6960 --- [http-nio-8090-exec-5] b.c.dbintegrationapi.dao.IntegrationDao  : java.version: 1.7.0_80
2018-06-18 22:08:21.333  INFO 6960 --- [http-nio-8090-exec-5] b.c.dbintegrationapi.dao.IntegrationDao  : sun.arch.data.model: 64
2018-06-18 22:08:21.338  INFO 6960 --- [http-nio-8090-exec-5] b.c.dbintegrationapi.dao.IntegrationDao  : Executing query:
2018-06-18 22:08:21.338  INFO 6960 --- [http-nio-8090-exec-5] b.c.dbintegrationapi.dao.IntegrationDao  : null:ritz:root
2018-06-18 22:08:21.338  INFO 6960 --- [http-nio-8090-exec-5] b.c.dbintegrationapi.dao.IntegrationDao  : SELECT * FROM vendedor WHERE empresa_id = 3
2018-06-18 22:08:38.139  INFO 6960 --- [http-nio-8090-exec-8] b.c.dbintegrationapi.dao.IntegrationDao  : java.vendor: Oracle Corporation
2018-06-18 22:08:38.139  INFO 6960 --- [http-nio-8090-exec-6] b.c.dbintegrationapi.dao.IntegrationDao  : java.vendor: Oracle Corporation
2018-06-18 22:08:38.149  INFO 6960 --- [http-nio-8090-exec-8] b.c.dbintegrationapi.dao.IntegrationDao  : java.vendor.url: http://java.oracle.com/
2018-06-18 22:08:38.149  INFO 6960 --- [http-nio-8090-exec-6] b.c.dbintegrationapi.dao.IntegrationDao  : java.vendor.url: http://java.oracle.com/
2018-06-18 22:08:38.163  INFO 6960 --- [http-nio-8090-exec-8] b.c.dbintegrationapi.dao.IntegrationDao  : java.version: 1.7.0_80
2018-06-18 22:08:38.163  INFO 6960 --- [http-nio-8090-exec-6] b.c.dbintegrationapi.dao.IntegrationDao  : java.version: 1.7.0_80
2018-06-18 22:08:38.168  INFO 6960 --- [http-nio-8090-exec-8] b.c.dbintegrationapi.dao.IntegrationDao  : sun.arch.data.model: 64
2018-06-18 22:08:38.168  INFO 6960 --- [http-nio-8090-exec-6] b.c.dbintegrationapi.dao.IntegrationDao  : sun.arch.data.model: 64
2018-06-18 22:08:38.168  INFO 6960 --- [http-nio-8090-exec-8] b.c.dbintegrationapi.dao.IntegrationDao  : Executing query:
2018-06-18 22:08:38.168  INFO 6960 --- [http-nio-8090-exec-6] b.c.dbintegrationapi.dao.IntegrationDao  : Executing query:
2018-06-18 22:08:38.168  INFO 6960 --- [http-nio-8090-exec-8] b.c.dbintegrationapi.dao.IntegrationDao  : null:ritz:root
2018-06-18 22:08:38.168  INFO 6960 --- [http-nio-8090-exec-6] b.c.dbintegrationapi.dao.IntegrationDao  : null:ritz:root
2018-06-18 22:08:38.168  INFO 6960 --- [http-nio-8090-exec-8] b.c.dbintegrationapi.dao.IntegrationDao  : SELECT * FROM vendedor WHERE empresa_id = 3
2018-06-18 22:08:38.168  INFO 6960 --- [http-nio-8090-exec-6] b.c.dbintegrationapi.dao.IntegrationDao  : SELECT * FROM FORNECEDOR WHERE (nome like '%Nilza Aparecida P. Martins%' OR desc_abrev like '%Nilza Aparecida P. Martins%' OR nome like '%Nilza Aparecida P.%' OR desc_abrev like '%Nilza Aparecida P.%');
2018-06-18 22:08:39.277  INFO 6960 --- [http-nio-8090-exec-10] b.c.dbintegrationapi.dao.IntegrationDao  : java.vendor: Oracle Corporation
2018-06-18 22:08:39.281  INFO 6960 --- [http-nio-8090-exec-10] b.c.dbintegrationapi.dao.IntegrationDao  : java.vendor.url: http://java.oracle.com/
2018-06-18 22:08:39.283  INFO 6960 --- [http-nio-8090-exec-10] b.c.dbintegrationapi.dao.IntegrationDao  : java.version: 1.7.0_80
2018-06-18 22:08:39.286  INFO 6960 --- [http-nio-8090-exec-10] b.c.dbintegrationapi.dao.IntegrationDao  : sun.arch.data.model: 64
2018-06-18 22:08:39.286  INFO 6960 --- [http-nio-8090-exec-10] b.c.dbintegrationapi.dao.IntegrationDao  : Executing query:
2018-06-18 22:08:39.286  INFO 6960 --- [http-nio-8090-exec-10] b.c.dbintegrationapi.dao.IntegrationDao  : null:ritz:root
2018-06-18 22:08:39.286  INFO 6960 --- [http-nio-8090-exec-10] b.c.dbintegrationapi.dao.IntegrationDao  : SELECT * FROM vendedor WHERE empresa_id = 3
2018-06-18 22:09:08.982  INFO 6960 --- [http-nio-8090-exec-9] b.c.dbintegrationapi.dao.IntegrationDao  : java.vendor: Oracle Corporation
2018-06-18 22:09:08.987  INFO 6960 --- [http-nio-8090-exec-9] b.c.dbintegrationapi.dao.IntegrationDao  : java.vendor.url: http://java.oracle.com/
2018-06-18 22:09:08.987  INFO 6960 --- [http-nio-8090-exec-9] b.c.dbintegrationapi.dao.IntegrationDao  : java.version: 1.7.0_80
2018-06-18 22:09:08.987  INFO 6960 --- [http-nio-8090-exec-9] b.c.dbintegrationapi.dao.IntegrationDao  : sun.arch.data.model: 64
2018-06-18 22:09:09.006  INFO 6960 --- [http-nio-8090-exec-9] b.c.dbintegrationapi.dao.IntegrationDao  : Executing query:
2018-06-18 22:09:09.006  INFO 6960 --- [http-nio-8090-exec-9] b.c.dbintegrationapi.dao.IntegrationDao  : null:ritz:root
2018-06-18 22:09:09.006  INFO 6960 --- [http-nio-8090-exec-9] b.c.dbintegrationapi.dao.IntegrationDao  : SELECT * FROM vendedor WHERE empresa_id = 6
2018-06-18 22:09:17.056  INFO 6960 --- [http-nio-8090-exec-1] b.c.dbintegrationapi.dao.IntegrationDao  : java.vendor: Oracle Corporation
2018-06-18 22:09:17.062  INFO 6960 --- [http-nio-8090-exec-1] b.c.dbintegrationapi.dao.IntegrationDao  : java.vendor.url: http://java.oracle.com/
2018-06-18 22:09:17.062  INFO 6960 --- [http-nio-8090-exec-1] b.c.dbintegrationapi.dao.IntegrationDao  : java.version: 1.7.0_80
2018-06-18 22:09:17.062  INFO 6960 --- [http-nio-8090-exec-1] b.c.dbintegrationapi.dao.IntegrationDao  : sun.arch.data.model: 64
2018-06-18 22:09:17.062  INFO 6960 --- [http-nio-8090-exec-1] b.c.dbintegrationapi.dao.IntegrationDao  : Executing query:
2018-06-18 22:09:17.062  INFO 6960 --- [http-nio-8090-exec-1] b.c.dbintegrationapi.dao.IntegrationDao  : null:ritz:root
2018-06-18 22:09:17.062  INFO 6960 --- [http-nio-8090-exec-1] b.c.dbintegrationapi.dao.IntegrationDao  : SELECT * FROM vendedor WHERE empresa_id = 51
2018-06-18 22:10:32.051  INFO 6960 --- [http-nio-8090-exec-4] b.c.dbintegrationapi.dao.IntegrationDao  : java.vendor: Oracle Corporation
2018-06-18 22:10:32.069  INFO 6960 --- [http-nio-8090-exec-4] b.c.dbintegrationapi.dao.IntegrationDao  : java.vendor.url: http://java.oracle.com/
2018-06-18 22:10:32.076  INFO 6960 --- [http-nio-8090-exec-4] b.c.dbintegrationapi.dao.IntegrationDao  : java.version: 1.7.0_80
2018-06-18 22:10:32.076  INFO 6960 --- [http-nio-8090-exec-4] b.c.dbintegrationapi.dao.IntegrationDao  : sun.arch.data.model: 64
2018-06-18 22:10:32.076  INFO 6960 --- [http-nio-8090-exec-4] b.c.dbintegrationapi.dao.IntegrationDao  : Executing query:
2018-06-18 22:10:32.076  INFO 6960 --- [http-nio-8090-exec-4] b.c.dbintegrationapi.dao.IntegrationDao  : null:ritz:root
2018-06-18 22:10:32.081  INFO 6960 --- [http-nio-8090-exec-4] b.c.dbintegrationapi.dao.IntegrationDao  : SELECT * FROM FORNECEDOR WHERE (nome like '%Nilza Aparecida P. Martins%' OR desc_abrev like '%Nilza Aparecida P. Martins%' OR nome like '%Nilza Aparecida P.%' OR desc_abrev like '%Nilza Aparecida P.%');
2018-06-18 22:11:54.260  INFO 6960 --- [http-nio-8090-exec-2] b.c.dbintegrationapi.dao.IntegrationDao  : java.vendor: Oracle Corporation
2018-06-18 22:11:54.264  INFO 6960 --- [http-nio-8090-exec-2] b.c.dbintegrationapi.dao.IntegrationDao  : java.vendor.url: http://java.oracle.com/
2018-06-18 22:11:54.264  INFO 6960 --- [http-nio-8090-exec-2] b.c.dbintegrationapi.dao.IntegrationDao  : java.version: 1.7.0_80
2018-06-18 22:11:54.272  INFO 6960 --- [http-nio-8090-exec-2] b.c.dbintegrationapi.dao.IntegrationDao  : sun.arch.data.model: 64
2018-06-18 22:11:54.272  INFO 6960 --- [http-nio-8090-exec-2] b.c.dbintegrationapi.dao.IntegrationDao  : Executing query:
2018-06-18 22:11:54.272  INFO 6960 --- [http-nio-8090-exec-2] b.c.dbintegrationapi.dao.IntegrationDao  : null:ritz:root
2018-06-18 22:11:54.272  INFO 6960 --- [http-nio-8090-exec-2] b.c.dbintegrationapi.dao.IntegrationDao  : SELECT * FROM vendedor WHERE empresa_id = 3
2018-06-18 22:12:52.277  INFO 6960 --- [http-nio-8090-exec-5] b.c.dbintegrationapi.dao.IntegrationDao  : java.vendor: Oracle Corporation
2018-06-18 22:12:52.282  INFO 6960 --- [http-nio-8090-exec-5] b.c.dbintegrationapi.dao.IntegrationDao  : java.vendor.url: http://java.oracle.com/
2018-06-18 22:12:52.288  INFO 6960 --- [http-nio-8090-exec-5] b.c.dbintegrationapi.dao.IntegrationDao  : java.version: 1.7.0_80
2018-06-18 22:12:52.288  INFO 6960 --- [http-nio-8090-exec-5] b.c.dbintegrationapi.dao.IntegrationDao  : sun.arch.data.model: 64
2018-06-18 22:12:52.296  INFO 6960 --- [http-nio-8090-exec-5] b.c.dbintegrationapi.dao.IntegrationDao  : Executing query:
2018-06-18 22:12:52.296  INFO 6960 --- [http-nio-8090-exec-5] b.c.dbintegrationapi.dao.IntegrationDao  : null:ritz:root
2018-06-18 22:12:52.296  INFO 6960 --- [http-nio-8090-exec-5] b.c.dbintegrationapi.dao.IntegrationDao  : SELECT * FROM vendedor WHERE empresa_id = 3
2018-06-18 22:13:11.496  INFO 6960 --- [RMI TCP Connection(25)-127.0.0.1] inMXBeanRegistrar$SpringApplicationAdmin : Application shutdown requested.
2018-06-18 22:13:11.504  INFO 6960 --- [RMI TCP Connection(25)-127.0.0.1] ationConfigEmbeddedWebApplicationContext : Closing org.springframework.boot.context.embedded.AnnotationConfigEmbeddedWebApplicationContext@11f55379: startup date [Mon Jun 18 21:57:11 BRT 2018]; root of context hierarchy
2018-06-18 22:13:11.506  INFO 6960 --- [RMI TCP Connection(25)-127.0.0.1] o.s.j.e.a.AnnotationMBeanExporter        : Unregistering JMX-exposed beans on shutdown
2018-06-18 22:13:54.125  INFO 10592 --- [restartedMain] b.c.d.WdbintegrationApiApplication       : Starting WdbintegrationApiApplication on WBA-NOTE with PID 10592 (C:\Developer\Projects\wdbintegration-api\target\classes started by Wenceslau in C:\Developer\Projects\wdbintegration-api)
2018-06-18 22:13:54.126  INFO 10592 --- [restartedMain] b.c.d.WdbintegrationApiApplication       : No active profile set, falling back to default profiles: default
2018-06-18 22:13:54.199  INFO 10592 --- [restartedMain] ationConfigEmbeddedWebApplicationContext : Refreshing org.springframework.boot.context.embedded.AnnotationConfigEmbeddedWebApplicationContext@6244e905: startup date [Mon Jun 18 22:13:54 BRT 2018]; root of context hierarchy
2018-06-18 22:13:55.655  INFO 10592 --- [restartedMain] s.b.c.e.t.TomcatEmbeddedServletContainer : Tomcat initialized with port(s): 8090 (http)
2018-06-18 22:13:55.681  INFO 10592 --- [restartedMain] o.apache.catalina.core.StandardService   : Starting service [Tomcat]
2018-06-18 22:13:55.681  INFO 10592 --- [restartedMain] org.apache.catalina.core.StandardEngine  : Starting Servlet Engine: Apache Tomcat/8.5.29
2018-06-18 22:13:55.755  INFO 10592 --- [localhost-startStop-1] o.a.c.c.C.[Tomcat].[localhost].[/]       : Initializing Spring embedded WebApplicationContext
2018-06-18 22:13:55.756  INFO 10592 --- [localhost-startStop-1] o.s.web.context.ContextLoader            : Root WebApplicationContext: initialization completed in 1560 ms
2018-06-18 22:13:55.941  INFO 10592 --- [localhost-startStop-1] o.s.b.w.servlet.ServletRegistrationBean  : Mapping servlet: 'dispatcherServlet' to [/]
2018-06-18 22:13:55.947  INFO 10592 --- [localhost-startStop-1] o.s.b.w.servlet.FilterRegistrationBean   : Mapping filter: 'characterEncodingFilter' to: [/*]
2018-06-18 22:13:55.948  INFO 10592 --- [localhost-startStop-1] o.s.b.w.servlet.FilterRegistrationBean   : Mapping filter: 'hiddenHttpMethodFilter' to: [/*]
2018-06-18 22:13:55.948  INFO 10592 --- [localhost-startStop-1] o.s.b.w.servlet.FilterRegistrationBean   : Mapping filter: 'httpPutFormContentFilter' to: [/*]
2018-06-18 22:13:55.954  INFO 10592 --- [localhost-startStop-1] o.s.b.w.servlet.FilterRegistrationBean   : Mapping filter: 'requestContextFilter' to: [/*]
2018-06-18 22:13:56.415  INFO 10592 --- [restartedMain] s.w.s.m.m.a.RequestMappingHandlerAdapter : Looking for @ControllerAdvice: org.springframework.boot.context.embedded.AnnotationConfigEmbeddedWebApplicationContext@6244e905: startup date [Mon Jun 18 22:13:54 BRT 2018]; root of context hierarchy
2018-06-18 22:13:56.506  INFO 10592 --- [restartedMain] s.w.s.m.m.a.RequestMappingHandlerMapping : Mapped "{[/object/comission],methods=[POST]}" onto public org.springframework.http.ResponseEntity<?> br.com.dbintegrationapi.resource.ObjectResource.comission(br.com.library.wlibrary.core.DataQuery)
2018-06-18 22:13:56.507  INFO 10592 --- [restartedMain] s.w.s.m.m.a.RequestMappingHandlerMapping : Mapped "{[/object],methods=[GET]}" onto public org.springframework.http.ResponseEntity<?> br.com.dbintegrationapi.resource.ObjectResource.getDataQuery()
2018-06-18 22:13:56.517  INFO 10592 --- [restartedMain] s.w.s.m.m.a.RequestMappingHandlerMapping : Mapped "{[/object/salesman],methods=[POST]}" onto public java.util.List<br.com.library.wlibrary.att.Salesman> br.com.dbintegrationapi.resource.ObjectResource.salesman(br.com.library.wlibrary.core.DataQuery)
2018-06-18 22:13:56.518  INFO 10592 --- [restartedMain] s.w.s.m.m.a.RequestMappingHandlerMapping : Mapped "{[/object/nonWorkdays],methods=[POST]}" onto public java.util.List<br.com.library.wlibrary.att.NonWorkdays> br.com.dbintegrationapi.resource.ObjectResource.nonWorkdays(br.com.library.wlibrary.core.DataQuery)
2018-06-18 22:13:56.518  INFO 10592 --- [restartedMain] s.w.s.m.m.a.RequestMappingHandlerMapping : Mapped "{[/object/payment],methods=[POST]}" onto public org.springframework.http.ResponseEntity<?> br.com.dbintegrationapi.resource.ObjectResource.payment(br.com.library.wlibrary.core.DataQuery)
2018-06-18 22:13:56.519  INFO 10592 --- [restartedMain] s.w.s.m.m.a.RequestMappingHandlerMapping : Mapped "{[/object/supplier],methods=[POST]}" onto public java.util.List<br.com.library.wlibrary.att.Supplier> br.com.dbintegrationapi.resource.ObjectResource.supplier(br.com.library.wlibrary.core.DataQuery)
2018-06-18 22:13:56.530  INFO 10592 --- [restartedMain] s.w.s.m.m.a.RequestMappingHandlerMapping : Mapped "{[/error]}" onto public org.springframework.http.ResponseEntity<java.util.Map<java.lang.String, java.lang.Object>> org.springframework.boot.autoconfigure.web.BasicErrorController.error(javax.servlet.http.HttpServletRequest)
2018-06-18 22:13:56.532  INFO 10592 --- [restartedMain] s.w.s.m.m.a.RequestMappingHandlerMapping : Mapped "{[/error],produces=[text/html]}" onto public org.springframework.web.servlet.ModelAndView org.springframework.boot.autoconfigure.web.BasicErrorController.errorHtml(javax.servlet.http.HttpServletRequest,javax.servlet.http.HttpServletResponse)
2018-06-18 22:13:56.588  INFO 10592 --- [restartedMain] o.s.w.s.handler.SimpleUrlHandlerMapping  : Mapped URL path [/webjars/**] onto handler of type [class org.springframework.web.servlet.resource.ResourceHttpRequestHandler]
2018-06-18 22:13:56.589  INFO 10592 --- [restartedMain] o.s.w.s.handler.SimpleUrlHandlerMapping  : Mapped URL path [/**] onto handler of type [class org.springframework.web.servlet.resource.ResourceHttpRequestHandler]
2018-06-18 22:13:56.674  INFO 10592 --- [restartedMain] o.s.w.s.handler.SimpleUrlHandlerMapping  : Mapped URL path [/**/favicon.ico] onto handler of type [class org.springframework.web.servlet.resource.ResourceHttpRequestHandler]
2018-06-18 22:13:56.964  INFO 10592 --- [restartedMain] o.s.b.d.a.OptionalLiveReloadServer       : LiveReload server is running on port 35729
2018-06-18 22:13:57.151  INFO 10592 --- [restartedMain] o.s.j.e.a.AnnotationMBeanExporter        : Registering beans for JMX exposure on startup
2018-06-18 22:13:57.246  INFO 10592 --- [restartedMain] s.b.c.e.t.TomcatEmbeddedServletContainer : Tomcat started on port(s): 8090 (http)
2018-06-18 22:13:57.257  INFO 10592 --- [restartedMain] b.c.d.WdbintegrationApiApplication       : Started WdbintegrationApiApplication in 3.396 seconds (JVM running for 3.951)
2018-06-18 22:14:16.905  INFO 10592 --- [http-nio-8090-exec-1] o.a.c.c.C.[Tomcat].[localhost].[/]       : Initializing Spring FrameworkServlet 'dispatcherServlet'
2018-06-18 22:14:16.930  INFO 10592 --- [http-nio-8090-exec-1] o.s.web.servlet.DispatcherServlet        : FrameworkServlet 'dispatcherServlet': initialization started
2018-06-18 22:14:16.993  INFO 10592 --- [http-nio-8090-exec-1] o.s.web.servlet.DispatcherServlet        : FrameworkServlet 'dispatcherServlet': initialization completed in 63 ms
2018-06-18 22:14:17.144  INFO 10592 --- [http-nio-8090-exec-2] b.c.dbintegrationapi.dao.IntegrationDao  : java.vendor: Oracle Corporation
2018-06-18 22:14:17.144  INFO 10592 --- [http-nio-8090-exec-2] b.c.dbintegrationapi.dao.IntegrationDao  : java.vendor.url: http://java.oracle.com/
2018-06-18 22:14:17.145  INFO 10592 --- [http-nio-8090-exec-2] b.c.dbintegrationapi.dao.IntegrationDao  : java.version: 1.7.0_80
2018-06-18 22:14:17.145  INFO 10592 --- [http-nio-8090-exec-2] b.c.dbintegrationapi.dao.IntegrationDao  : sun.arch.data.model: 64
2018-06-18 22:14:17.145  INFO 10592 --- [http-nio-8090-exec-2] b.c.dbintegrationapi.dao.IntegrationDao  : Executing query:
2018-06-18 22:14:17.145  INFO 10592 --- [http-nio-8090-exec-2] b.c.dbintegrationapi.dao.IntegrationDao  : null:ritz:root
2018-06-18 22:14:17.145  INFO 10592 --- [http-nio-8090-exec-2] b.c.dbintegrationapi.dao.IntegrationDao  : SELECT * FROM FORNECEDOR WHERE (nome like '%Nilza Aparecida P. Martins%' OR desc_abrev like '%Nilza Aparecida P. Martins%' OR nome like '%Nilza Aparecida P.%' OR desc_abrev like '%Nilza Aparecida P.%');
2018-06-18 22:20:15.962  INFO 10592 --- [http-nio-8090-exec-1] b.c.dbintegrationapi.dao.IntegrationDao  : java.vendor: Oracle Corporation
2018-06-18 22:20:15.998  INFO 10592 --- [http-nio-8090-exec-1] b.c.dbintegrationapi.dao.IntegrationDao  : java.vendor.url: http://java.oracle.com/
2018-06-18 22:20:16.007  INFO 10592 --- [http-nio-8090-exec-1] b.c.dbintegrationapi.dao.IntegrationDao  : java.version: 1.7.0_80
2018-06-18 22:20:16.015  INFO 10592 --- [http-nio-8090-exec-1] b.c.dbintegrationapi.dao.IntegrationDao  : sun.arch.data.model: 64
2018-06-18 22:20:16.022  INFO 10592 --- [http-nio-8090-exec-1] b.c.dbintegrationapi.dao.IntegrationDao  : Executing query:
2018-06-18 22:20:16.028  INFO 10592 --- [http-nio-8090-exec-1] b.c.dbintegrationapi.dao.IntegrationDao  : null:ritz:root
2018-06-18 22:20:16.033  INFO 10592 --- [http-nio-8090-exec-1] b.c.dbintegrationapi.dao.IntegrationDao  : SELECT * FROM vendedor WHERE empresa_id = 3
2018-06-18 22:21:43.588  INFO 10592 --- [http-nio-8090-exec-3] b.c.dbintegrationapi.dao.IntegrationDao  : java.vendor: Oracle Corporation
2018-06-18 22:21:43.627  INFO 10592 --- [http-nio-8090-exec-3] b.c.dbintegrationapi.dao.IntegrationDao  : java.vendor.url: http://java.oracle.com/
2018-06-18 22:21:43.638  INFO 10592 --- [http-nio-8090-exec-3] b.c.dbintegrationapi.dao.IntegrationDao  : java.version: 1.7.0_80
2018-06-18 22:21:43.639  INFO 10592 --- [http-nio-8090-exec-3] b.c.dbintegrationapi.dao.IntegrationDao  : sun.arch.data.model: 64
2018-06-18 22:21:43.640  INFO 10592 --- [http-nio-8090-exec-3] b.c.dbintegrationapi.dao.IntegrationDao  : Executing query:
2018-06-18 22:21:43.640  INFO 10592 --- [http-nio-8090-exec-3] b.c.dbintegrationapi.dao.IntegrationDao  : null:ritz:root
2018-06-18 22:21:43.651  INFO 10592 --- [http-nio-8090-exec-3] b.c.dbintegrationapi.dao.IntegrationDao  : SELECT * FROM vendedor WHERE empresa_id = 3
2018-06-18 22:24:56.498  INFO 10592 --- [http-nio-8090-exec-6] b.c.dbintegrationapi.dao.IntegrationDao  : java.vendor: Oracle Corporation
2018-06-18 22:24:56.498  INFO 10592 --- [http-nio-8090-exec-4] b.c.dbintegrationapi.dao.IntegrationDao  : java.vendor: Oracle Corporation
2018-06-18 22:24:56.499  INFO 10592 --- [http-nio-8090-exec-6] b.c.dbintegrationapi.dao.IntegrationDao  : java.vendor.url: http://java.oracle.com/
2018-06-18 22:24:56.499  INFO 10592 --- [http-nio-8090-exec-4] b.c.dbintegrationapi.dao.IntegrationDao  : java.vendor.url: http://java.oracle.com/
2018-06-18 22:24:56.503  INFO 10592 --- [http-nio-8090-exec-6] b.c.dbintegrationapi.dao.IntegrationDao  : java.version: 1.7.0_80
2018-06-18 22:24:56.503  INFO 10592 --- [http-nio-8090-exec-4] b.c.dbintegrationapi.dao.IntegrationDao  : java.version: 1.7.0_80
2018-06-18 22:24:56.503  INFO 10592 --- [http-nio-8090-exec-6] b.c.dbintegrationapi.dao.IntegrationDao  : sun.arch.data.model: 64
2018-06-18 22:24:56.503  INFO 10592 --- [http-nio-8090-exec-4] b.c.dbintegrationapi.dao.IntegrationDao  : sun.arch.data.model: 64
2018-06-18 22:24:56.508  INFO 10592 --- [http-nio-8090-exec-6] b.c.dbintegrationapi.dao.IntegrationDao  : Executing query:
2018-06-18 22:24:56.508  INFO 10592 --- [http-nio-8090-exec-4] b.c.dbintegrationapi.dao.IntegrationDao  : Executing query:
2018-06-18 22:24:56.508  INFO 10592 --- [http-nio-8090-exec-6] b.c.dbintegrationapi.dao.IntegrationDao  : null:ritz:root
2018-06-18 22:24:56.508  INFO 10592 --- [http-nio-8090-exec-4] b.c.dbintegrationapi.dao.IntegrationDao  : null:ritz:root
2018-06-18 22:24:56.523  INFO 10592 --- [http-nio-8090-exec-6] b.c.dbintegrationapi.dao.IntegrationDao  : SELECT * FROM FORNECEDOR WHERE (nome like '%Nilza Aparecida P. Martins%' OR desc_abrev like '%Nilza Aparecida P. Martins%' OR nome like '%Nilza Aparecida P.%' OR desc_abrev like '%Nilza Aparecida P.%');
2018-06-18 22:24:56.523  INFO 10592 --- [http-nio-8090-exec-4] b.c.dbintegrationapi.dao.IntegrationDao  : SELECT * FROM vendedor WHERE empresa_id = 3
2018-06-18 22:24:57.690  INFO 10592 --- [http-nio-8090-exec-5] b.c.dbintegrationapi.dao.IntegrationDao  : java.vendor: Oracle Corporation
2018-06-18 22:24:57.695  INFO 10592 --- [http-nio-8090-exec-5] b.c.dbintegrationapi.dao.IntegrationDao  : java.vendor.url: http://java.oracle.com/
2018-06-18 22:24:57.695  INFO 10592 --- [http-nio-8090-exec-5] b.c.dbintegrationapi.dao.IntegrationDao  : java.version: 1.7.0_80
2018-06-18 22:24:57.695  INFO 10592 --- [http-nio-8090-exec-5] b.c.dbintegrationapi.dao.IntegrationDao  : sun.arch.data.model: 64
2018-06-18 22:24:57.695  INFO 10592 --- [http-nio-8090-exec-5] b.c.dbintegrationapi.dao.IntegrationDao  : Executing query:
2018-06-18 22:24:57.699  INFO 10592 --- [http-nio-8090-exec-5] b.c.dbintegrationapi.dao.IntegrationDao  : null:ritz:root
2018-06-18 22:24:57.700  INFO 10592 --- [http-nio-8090-exec-5] b.c.dbintegrationapi.dao.IntegrationDao  : SELECT * FROM vendedor WHERE empresa_id = 3
2018-06-18 22:25:08.867  INFO 10592 --- [http-nio-8090-exec-8] b.c.dbintegrationapi.dao.IntegrationDao  : java.vendor: Oracle Corporation
2018-06-18 22:25:08.872  INFO 10592 --- [http-nio-8090-exec-8] b.c.dbintegrationapi.dao.IntegrationDao  : java.vendor.url: http://java.oracle.com/
2018-06-18 22:25:08.877  INFO 10592 --- [http-nio-8090-exec-8] b.c.dbintegrationapi.dao.IntegrationDao  : java.version: 1.7.0_80
2018-06-18 22:25:08.877  INFO 10592 --- [http-nio-8090-exec-8] b.c.dbintegrationapi.dao.IntegrationDao  : sun.arch.data.model: 64
2018-06-18 22:25:08.877  INFO 10592 --- [http-nio-8090-exec-8] b.c.dbintegrationapi.dao.IntegrationDao  : Executing query:
2018-06-18 22:25:08.877  INFO 10592 --- [http-nio-8090-exec-8] b.c.dbintegrationapi.dao.IntegrationDao  : null:ritz:root
2018-06-18 22:25:08.886  INFO 10592 --- [http-nio-8090-exec-8] b.c.dbintegrationapi.dao.IntegrationDao  : SELECT * FROM vendedor WHERE empresa_id = 6
2018-06-18 22:25:13.540  INFO 10592 --- [http-nio-8090-exec-9] b.c.dbintegrationapi.dao.IntegrationDao  : java.vendor: Oracle Corporation
2018-06-18 22:25:13.544  INFO 10592 --- [http-nio-8090-exec-9] b.c.dbintegrationapi.dao.IntegrationDao  : java.vendor.url: http://java.oracle.com/
2018-06-18 22:25:13.545  INFO 10592 --- [http-nio-8090-exec-9] b.c.dbintegrationapi.dao.IntegrationDao  : java.version: 1.7.0_80
2018-06-18 22:25:13.549  INFO 10592 --- [http-nio-8090-exec-9] b.c.dbintegrationapi.dao.IntegrationDao  : sun.arch.data.model: 64
2018-06-18 22:25:13.549  INFO 10592 --- [http-nio-8090-exec-9] b.c.dbintegrationapi.dao.IntegrationDao  : Executing query:
2018-06-18 22:25:13.549  INFO 10592 --- [http-nio-8090-exec-9] b.c.dbintegrationapi.dao.IntegrationDao  : null:ritz:root
2018-06-18 22:25:13.549  INFO 10592 --- [http-nio-8090-exec-9] b.c.dbintegrationapi.dao.IntegrationDao  : SELECT * FROM vendedor WHERE empresa_id = 51
2018-06-18 22:25:18.364  INFO 10592 --- [http-nio-8090-exec-10] b.c.dbintegrationapi.dao.IntegrationDao  : java.vendor: Oracle Corporation
2018-06-18 22:25:18.369  INFO 10592 --- [http-nio-8090-exec-10] b.c.dbintegrationapi.dao.IntegrationDao  : java.vendor.url: http://java.oracle.com/
2018-06-18 22:25:18.374  INFO 10592 --- [http-nio-8090-exec-10] b.c.dbintegrationapi.dao.IntegrationDao  : java.version: 1.7.0_80
2018-06-18 22:25:18.374  INFO 10592 --- [http-nio-8090-exec-10] b.c.dbintegrationapi.dao.IntegrationDao  : sun.arch.data.model: 64
2018-06-18 22:25:18.397  INFO 10592 --- [http-nio-8090-exec-10] b.c.dbintegrationapi.dao.IntegrationDao  : Executing query:
2018-06-18 22:25:18.397  INFO 10592 --- [http-nio-8090-exec-10] b.c.dbintegrationapi.dao.IntegrationDao  : null:ritz:root
2018-06-18 22:25:18.397  INFO 10592 --- [http-nio-8090-exec-10] b.c.dbintegrationapi.dao.IntegrationDao  : SELECT * FROM vendedor WHERE empresa_id = 2
2018-06-18 22:25:22.467  INFO 10592 --- [http-nio-8090-exec-7] b.c.dbintegrationapi.dao.IntegrationDao  : java.vendor: Oracle Corporation
2018-06-18 22:25:22.473  INFO 10592 --- [http-nio-8090-exec-7] b.c.dbintegrationapi.dao.IntegrationDao  : java.vendor.url: http://java.oracle.com/
2018-06-18 22:25:22.473  INFO 10592 --- [http-nio-8090-exec-7] b.c.dbintegrationapi.dao.IntegrationDao  : java.version: 1.7.0_80
2018-06-18 22:25:22.474  INFO 10592 --- [http-nio-8090-exec-7] b.c.dbintegrationapi.dao.IntegrationDao  : sun.arch.data.model: 64
2018-06-18 22:25:22.474  INFO 10592 --- [http-nio-8090-exec-7] b.c.dbintegrationapi.dao.IntegrationDao  : Executing query:
2018-06-18 22:25:22.474  INFO 10592 --- [http-nio-8090-exec-7] b.c.dbintegrationapi.dao.IntegrationDao  : null:ritz:root
2018-06-18 22:25:22.474  INFO 10592 --- [http-nio-8090-exec-7] b.c.dbintegrationapi.dao.IntegrationDao  : SELECT * FROM vendedor WHERE empresa_id = 3
2018-06-18 22:25:35.510  INFO 10592 --- [http-nio-8090-exec-2] b.c.dbintegrationapi.dao.IntegrationDao  : java.vendor: Oracle Corporation
2018-06-18 22:25:35.516  INFO 10592 --- [http-nio-8090-exec-2] b.c.dbintegrationapi.dao.IntegrationDao  : java.vendor.url: http://java.oracle.com/
2018-06-18 22:25:35.520  INFO 10592 --- [http-nio-8090-exec-2] b.c.dbintegrationapi.dao.IntegrationDao  : java.version: 1.7.0_80
2018-06-18 22:25:35.520  INFO 10592 --- [http-nio-8090-exec-2] b.c.dbintegrationapi.dao.IntegrationDao  : sun.arch.data.model: 64
2018-06-18 22:25:35.520  INFO 10592 --- [http-nio-8090-exec-2] b.c.dbintegrationapi.dao.IntegrationDao  : Executing query:
2018-06-18 22:25:35.521  INFO 10592 --- [http-nio-8090-exec-2] b.c.dbintegrationapi.dao.IntegrationDao  : null:ritz:root
2018-06-18 22:25:35.525  INFO 10592 --- [http-nio-8090-exec-2] b.c.dbintegrationapi.dao.IntegrationDao  : SELECT * FROM FORNECEDOR WHERE (nome like '%Nilza Aparecida P. Martins%' OR desc_abrev like '%Nilza Aparecida P. Martins%' OR nome like '%Nilza Aparecida P.%' OR desc_abrev like '%Nilza Aparecida P.%');
2018-06-18 22:25:47.952  INFO 10592 --- [http-nio-8090-exec-1] b.c.dbintegrationapi.dao.IntegrationDao  : java.vendor: Oracle Corporation
2018-06-18 22:25:47.960  INFO 10592 --- [http-nio-8090-exec-1] b.c.dbintegrationapi.dao.IntegrationDao  : java.vendor.url: http://java.oracle.com/
2018-06-18 22:25:47.960  INFO 10592 --- [http-nio-8090-exec-1] b.c.dbintegrationapi.dao.IntegrationDao  : java.version: 1.7.0_80
2018-06-18 22:25:47.967  INFO 10592 --- [http-nio-8090-exec-1] b.c.dbintegrationapi.dao.IntegrationDao  : sun.arch.data.model: 64
2018-06-18 22:25:47.967  INFO 10592 --- [http-nio-8090-exec-1] b.c.dbintegrationapi.dao.IntegrationDao  : Executing query:
2018-06-18 22:25:47.967  INFO 10592 --- [http-nio-8090-exec-1] b.c.dbintegrationapi.dao.IntegrationDao  : null:ritz:root
2018-06-18 22:25:47.967  INFO 10592 --- [http-nio-8090-exec-1] b.c.dbintegrationapi.dao.IntegrationDao  : SELECT * FROM FORNECEDOR WHERE (nome like '%Eduardo Vieira Attie (ATT)%' OR desc_abrev like '%Eduardo Vieira Attie (ATT)%' OR nome like '%Eduardo Vieira Attie%' OR desc_abrev like '%Eduardo Vieira Attie%');
2018-06-18 22:26:14.262  INFO 10592 --- [http-nio-8090-exec-8] b.c.dbintegrationapi.dao.IntegrationDao  : java.vendor: Oracle Corporation
2018-06-18 22:26:14.270  INFO 10592 --- [http-nio-8090-exec-8] b.c.dbintegrationapi.dao.IntegrationDao  : java.vendor.url: http://java.oracle.com/
2018-06-18 22:26:14.279  INFO 10592 --- [http-nio-8090-exec-8] b.c.dbintegrationapi.dao.IntegrationDao  : java.version: 1.7.0_80
2018-06-18 22:26:14.279  INFO 10592 --- [http-nio-8090-exec-8] b.c.dbintegrationapi.dao.IntegrationDao  : sun.arch.data.model: 64
2018-06-18 22:26:14.287  INFO 10592 --- [http-nio-8090-exec-8] b.c.dbintegrationapi.dao.IntegrationDao  : Executing query:
2018-06-18 22:26:14.287  INFO 10592 --- [http-nio-8090-exec-8] b.c.dbintegrationapi.dao.IntegrationDao  : null:ritz:root
2018-06-18 22:26:14.287  INFO 10592 --- [http-nio-8090-exec-8] b.c.dbintegrationapi.dao.IntegrationDao  : SELECT * FROM FORNECEDOR WHERE (nome like '%Marcela Araujo Atti%' OR desc_abrev like '%Marcela Araujo Atti%' OR nome like '%Marcela Araujo%' OR desc_abrev like '%Marcela Araujo%');
2018-06-18 22:26:22.649  INFO 10592 --- [http-nio-8090-exec-7] b.c.dbintegrationapi.dao.IntegrationDao  : java.vendor: Oracle Corporation
2018-06-18 22:26:22.656  INFO 10592 --- [http-nio-8090-exec-7] b.c.dbintegrationapi.dao.IntegrationDao  : java.vendor.url: http://java.oracle.com/
2018-06-18 22:26:22.656  INFO 10592 --- [http-nio-8090-exec-7] b.c.dbintegrationapi.dao.IntegrationDao  : java.version: 1.7.0_80
2018-06-18 22:26:22.662  INFO 10592 --- [http-nio-8090-exec-7] b.c.dbintegrationapi.dao.IntegrationDao  : sun.arch.data.model: 64
2018-06-18 22:26:22.662  INFO 10592 --- [http-nio-8090-exec-7] b.c.dbintegrationapi.dao.IntegrationDao  : Executing query:
2018-06-18 22:26:22.667  INFO 10592 --- [http-nio-8090-exec-7] b.c.dbintegrationapi.dao.IntegrationDao  : null:ritz:root
2018-06-18 22:26:22.668  INFO 10592 --- [http-nio-8090-exec-7] b.c.dbintegrationapi.dao.IntegrationDao  : SELECT * FROM FORNECEDOR WHERE (nome like '%Livia Marcia Araujo Attie%' OR desc_abrev like '%Livia Marcia Araujo Attie%' OR nome like '%Livia Marcia%' OR desc_abrev like '%Livia Marcia%');
2018-06-18 22:27:03.646  INFO 10592 --- [http-nio-8090-exec-4] b.c.dbintegrationapi.dao.IntegrationDao  : java.vendor: Oracle Corporation
2018-06-18 22:27:03.648  INFO 10592 --- [http-nio-8090-exec-4] b.c.dbintegrationapi.dao.IntegrationDao  : java.vendor.url: http://java.oracle.com/
2018-06-18 22:27:03.648  INFO 10592 --- [http-nio-8090-exec-4] b.c.dbintegrationapi.dao.IntegrationDao  : java.version: 1.7.0_80
2018-06-18 22:27:03.648  INFO 10592 --- [http-nio-8090-exec-4] b.c.dbintegrationapi.dao.IntegrationDao  : sun.arch.data.model: 64
2018-06-18 22:27:03.630  INFO 10592 --- [http-nio-8090-exec-6] b.c.dbintegrationapi.dao.IntegrationDao  : java.vendor: Oracle Corporation
2018-06-18 22:27:03.648  INFO 10592 --- [http-nio-8090-exec-4] b.c.dbintegrationapi.dao.IntegrationDao  : Executing query:
2018-06-18 22:27:03.649  INFO 10592 --- [http-nio-8090-exec-6] b.c.dbintegrationapi.dao.IntegrationDao  : java.vendor.url: http://java.oracle.com/
2018-06-18 22:27:03.660  INFO 10592 --- [http-nio-8090-exec-4] b.c.dbintegrationapi.dao.IntegrationDao  : null:ritz:root
2018-06-18 22:27:03.660  INFO 10592 --- [http-nio-8090-exec-6] b.c.dbintegrationapi.dao.IntegrationDao  : java.version: 1.7.0_80
2018-06-18 22:27:03.660  INFO 10592 --- [http-nio-8090-exec-4] b.c.dbintegrationapi.dao.IntegrationDao  : SELECT * FROM FORNECEDOR WHERE (nome like '%Nilza Aparecida P. Martins%' OR desc_abrev like '%Nilza Aparecida P. Martins%' OR nome like '%Nilza Aparecida P.%' OR desc_abrev like '%Nilza Aparecida P.%');
2018-06-18 22:27:03.660  INFO 10592 --- [http-nio-8090-exec-6] b.c.dbintegrationapi.dao.IntegrationDao  : sun.arch.data.model: 64
2018-06-18 22:27:03.660  INFO 10592 --- [http-nio-8090-exec-6] b.c.dbintegrationapi.dao.IntegrationDao  : Executing query:
2018-06-18 22:27:03.660  INFO 10592 --- [http-nio-8090-exec-6] b.c.dbintegrationapi.dao.IntegrationDao  : null:ritz:root
2018-06-18 22:27:03.660  INFO 10592 --- [http-nio-8090-exec-6] b.c.dbintegrationapi.dao.IntegrationDao  : SELECT * FROM vendedor WHERE empresa_id = 3
2018-06-18 22:27:03.681 ERROR 10592 --- [http-nio-8090-exec-4] o.a.c.c.C.[.[.[/].[dispatcherServlet]    : Servlet.service() for servlet [dispatcherServlet] in context with path [] threw exception [Request processing failed; nested exception is java.lang.RuntimeException: Problemas ao recuperar a lista de forncedores. com.mysql.jdbc.Driver] with root cause

java.lang.ClassNotFoundException: com.mysql.jdbc.Driver
	at java.net.URLClassLoader$1.run(URLClassLoader.java:366) ~[na:1.7.0_80]
	at java.net.URLClassLoader$1.run(URLClassLoader.java:355) ~[na:1.7.0_80]
	at java.security.AccessController.doPrivileged(Native Method) ~[na:1.7.0_80]
	at java.net.URLClassLoader.findClass(URLClassLoader.java:354) ~[na:1.7.0_80]
	at java.lang.ClassLoader.loadClass(ClassLoader.java:425) ~[na:1.7.0_80]
	at sun.misc.Launcher$AppClassLoader.loadClass(Launcher.java:308) ~[na:1.7.0_80]
	at java.lang.ClassLoader.loadClass(ClassLoader.java:358) ~[na:1.7.0_80]
	at org.springframework.boot.devtools.restart.classloader.RestartClassLoader.loadClass(RestartClassLoader.java:152) ~[spring-boot-devtools-1.5.12.RELEASE.jar:1.5.12.RELEASE]
	at java.lang.ClassLoader.loadClass(ClassLoader.java:358) ~[na:1.7.0_80]
	at java.lang.Class.forName0(Native Method) ~[na:1.7.0_80]
	at java.lang.Class.forName(Class.java:195) ~[na:1.7.0_80]
	at br.com.dbintegrationapi.dao.Dao.getConnection(Dao.java:46) ~[classes/:na]
	at br.com.dbintegrationapi.dao.IntegrationDao.listSupplier(IntegrationDao.java:126) ~[classes/:na]
	at br.com.dbintegrationapi.resource.ObjectResource.supplier(ObjectResource.java:54) ~[classes/:na]
	at sun.reflect.NativeMethodAccessorImpl.invoke0(Native Method) ~[na:1.7.0_80]
	at sun.reflect.NativeMethodAccessorImpl.invoke(NativeMethodAccessorImpl.java:57) ~[na:1.7.0_80]
	at sun.reflect.DelegatingMethodAccessorImpl.invoke(DelegatingMethodAccessorImpl.java:43) ~[na:1.7.0_80]
	at java.lang.reflect.Method.invoke(Method.java:606) ~[na:1.7.0_80]
	at org.springframework.web.method.support.InvocableHandlerMethod.doInvoke(InvocableHandlerMethod.java:205) ~[spring-web-4.3.16.RELEASE.jar:4.3.16.RELEASE]
	at org.springframework.web.method.support.InvocableHandlerMethod.invokeForRequest(InvocableHandlerMethod.java:133) ~[spring-web-4.3.16.RELEASE.jar:4.3.16.RELEASE]
	at org.springframework.web.servlet.mvc.method.annotation.ServletInvocableHandlerMethod.invokeAndHandle(ServletInvocableHandlerMethod.java:97) ~[spring-webmvc-4.3.16.RELEASE.jar:4.3.16.RELEASE]
	at org.springframework.web.servlet.mvc.method.annotation.RequestMappingHandlerAdapter.invokeHandlerMethod(RequestMappingHandlerAdapter.java:827) ~[spring-webmvc-4.3.16.RELEASE.jar:4.3.16.RELEASE]
	at org.springframework.web.servlet.mvc.method.annotation.RequestMappingHandlerAdapter.handleInternal(RequestMappingHandlerAdapter.java:738) ~[spring-webmvc-4.3.16.RELEASE.jar:4.3.16.RELEASE]
	at org.springframework.web.servlet.mvc.method.AbstractHandlerMethodAdapter.handle(AbstractHandlerMethodAdapter.java:85) ~[spring-webmvc-4.3.16.RELEASE.jar:4.3.16.RELEASE]
	at org.springframework.web.servlet.DispatcherServlet.doDispatch(DispatcherServlet.java:967) ~[spring-webmvc-4.3.16.RELEASE.jar:4.3.16.RELEASE]
	at org.springframework.web.servlet.DispatcherServlet.doService(DispatcherServlet.java:901) ~[spring-webmvc-4.3.16.RELEASE.jar:4.3.16.RELEASE]
	at org.springframework.web.servlet.FrameworkServlet.processRequest(FrameworkServlet.java:970) ~[spring-webmvc-4.3.16.RELEASE.jar:4.3.16.RELEASE]
	at org.springframework.web.servlet.FrameworkServlet.doPost(FrameworkServlet.java:872) ~[spring-webmvc-4.3.16.RELEASE.jar:4.3.16.RELEASE]
	at javax.servlet.http.HttpServlet.service(HttpServlet.java:661) ~[tomcat-embed-core-8.5.29.jar:8.5.29]
	at org.springframework.web.servlet.FrameworkServlet.service(FrameworkServlet.java:846) ~[spring-webmvc-4.3.16.RELEASE.jar:4.3.16.RELEASE]
	at javax.servlet.http.HttpServlet.service(HttpServlet.java:742) ~[tomcat-embed-core-8.5.29.jar:8.5.29]
	at org.apache.catalina.core.ApplicationFilterChain.internalDoFilter(ApplicationFilterChain.java:231) ~[tomcat-embed-core-8.5.29.jar:8.5.29]
	at org.apache.catalina.core.ApplicationFilterChain.doFilter(ApplicationFilterChain.java:166) ~[tomcat-embed-core-8.5.29.jar:8.5.29]
	at org.apache.tomcat.websocket.server.WsFilter.doFilter(WsFilter.java:52) ~[tomcat-embed-websocket-8.5.29.jar:8.5.29]
	at org.apache.catalina.core.ApplicationFilterChain.internalDoFilter(ApplicationFilterChain.java:193) ~[tomcat-embed-core-8.5.29.jar:8.5.29]
	at org.apache.catalina.core.ApplicationFilterChain.doFilter(ApplicationFilterChain.java:166) ~[tomcat-embed-core-8.5.29.jar:8.5.29]
	at org.springframework.web.filter.RequestContextFilter.doFilterInternal(RequestContextFilter.java:99) ~[spring-web-4.3.16.RELEASE.jar:4.3.16.RELEASE]
	at org.springframework.web.filter.OncePerRequestFilter.doFilter(OncePerRequestFilter.java:107) ~[spring-web-4.3.16.RELEASE.jar:4.3.16.RELEASE]
	at org.apache.catalina.core.ApplicationFilterChain.internalDoFilter(ApplicationFilterChain.java:193) ~[tomcat-embed-core-8.5.29.jar:8.5.29]
	at org.apache.catalina.core.ApplicationFilterChain.doFilter(ApplicationFilterChain.java:166) ~[tomcat-embed-core-8.5.29.jar:8.5.29]
	at org.springframework.web.filter.HttpPutFormContentFilter.doFilterInternal(HttpPutFormContentFilter.java:109) ~[spring-web-4.3.16.RELEASE.jar:4.3.16.RELEASE]
	at org.springframework.web.filter.OncePerRequestFilter.doFilter(OncePerRequestFilter.java:107) ~[spring-web-4.3.16.RELEASE.jar:4.3.16.RELEASE]
	at org.apache.catalina.core.ApplicationFilterChain.internalDoFilter(ApplicationFilterChain.java:193) ~[tomcat-embed-core-8.5.29.jar:8.5.29]
	at org.apache.catalina.core.ApplicationFilterChain.doFilter(ApplicationFilterChain.java:166) ~[tomcat-embed-core-8.5.29.jar:8.5.29]
	at org.springframework.web.filter.HiddenHttpMethodFilter.doFilterInternal(HiddenHttpMethodFilter.java:81) ~[spring-web-4.3.16.RELEASE.jar:4.3.16.RELEASE]
	at org.springframework.web.filter.OncePerRequestFilter.doFilter(OncePerRequestFilter.java:107) ~[spring-web-4.3.16.RELEASE.jar:4.3.16.RELEASE]
	at org.apache.catalina.core.ApplicationFilterChain.internalDoFilter(ApplicationFilterChain.java:193) ~[tomcat-embed-core-8.5.29.jar:8.5.29]
	at org.apache.catalina.core.ApplicationFilterChain.doFilter(ApplicationFilterChain.java:166) ~[tomcat-embed-core-8.5.29.jar:8.5.29]
	at org.springframework.web.filter.CharacterEncodingFilter.doFilterInternal(CharacterEncodingFilter.java:197) ~[spring-web-4.3.16.RELEASE.jar:4.3.16.RELEASE]
	at org.springframework.web.filter.OncePerRequestFilter.doFilter(OncePerRequestFilter.java:107) ~[spring-web-4.3.16.RELEASE.jar:4.3.16.RELEASE]
	at org.apache.catalina.core.ApplicationFilterChain.internalDoFilter(ApplicationFilterChain.java:193) ~[tomcat-embed-core-8.5.29.jar:8.5.29]
	at org.apache.catalina.core.ApplicationFilterChain.doFilter(ApplicationFilterChain.java:166) ~[tomcat-embed-core-8.5.29.jar:8.5.29]
	at org.apache.catalina.core.StandardWrapperValve.invoke(StandardWrapperValve.java:198) ~[tomcat-embed-core-8.5.29.jar:8.5.29]
	at org.apache.catalina.core.StandardContextValve.invoke(StandardContextValve.java:96) [tomcat-embed-core-8.5.29.jar:8.5.29]
	at org.apache.catalina.authenticator.AuthenticatorBase.invoke(AuthenticatorBase.java:496) [tomcat-embed-core-8.5.29.jar:8.5.29]
	at org.apache.catalina.core.StandardHostValve.invoke(StandardHostValve.java:140) [tomcat-embed-core-8.5.29.jar:8.5.29]
	at org.apache.catalina.valves.ErrorReportValve.invoke(ErrorReportValve.java:81) [tomcat-embed-core-8.5.29.jar:8.5.29]
	at org.apache.catalina.core.StandardEngineValve.invoke(StandardEngineValve.java:87) [tomcat-embed-core-8.5.29.jar:8.5.29]
	at org.apache.catalina.connector.CoyoteAdapter.service(CoyoteAdapter.java:342) [tomcat-embed-core-8.5.29.jar:8.5.29]
	at org.apache.coyote.http11.Http11Processor.service(Http11Processor.java:803) [tomcat-embed-core-8.5.29.jar:8.5.29]
	at org.apache.coyote.AbstractProcessorLight.process(AbstractProcessorLight.java:66) [tomcat-embed-core-8.5.29.jar:8.5.29]
	at org.apache.coyote.AbstractProtocol$ConnectionHandler.process(AbstractProtocol.java:790) [tomcat-embed-core-8.5.29.jar:8.5.29]
	at org.apache.tomcat.util.net.NioEndpoint$SocketProcessor.doRun(NioEndpoint.java:1459) [tomcat-embed-core-8.5.29.jar:8.5.29]
	at org.apache.tomcat.util.net.SocketProcessorBase.run(SocketProcessorBase.java:49) [tomcat-embed-core-8.5.29.jar:8.5.29]
	at java.util.concurrent.ThreadPoolExecutor.runWorker(ThreadPoolExecutor.java:1145) [na:1.7.0_80]
	at java.util.concurrent.ThreadPoolExecutor$Worker.run(ThreadPoolExecutor.java:615) [na:1.7.0_80]
	at org.apache.tomcat.util.threads.TaskThread$WrappingRunnable.run(TaskThread.java:61) [tomcat-embed-core-8.5.29.jar:8.5.29]
	at java.lang.Thread.run(Thread.java:745) [na:1.7.0_80]

2018-06-18 22:27:03.681 ERROR 10592 --- [http-nio-8090-exec-6] o.a.c.c.C.[.[.[/].[dispatcherServlet]    : Servlet.service() for servlet [dispatcherServlet] in context with path [] threw exception [Request processing failed; nested exception is java.lang.RuntimeException: Problemas ao recuperar a lista de vendedores. com.mysql.jdbc.Driver] with root cause

java.lang.ClassNotFoundException: com.mysql.jdbc.Driver
	at java.net.URLClassLoader$1.run(URLClassLoader.java:366) ~[na:1.7.0_80]
	at java.net.URLClassLoader$1.run(URLClassLoader.java:355) ~[na:1.7.0_80]
	at java.security.AccessController.doPrivileged(Native Method) ~[na:1.7.0_80]
	at java.net.URLClassLoader.findClass(URLClassLoader.java:354) ~[na:1.7.0_80]
	at java.lang.ClassLoader.loadClass(ClassLoader.java:425) ~[na:1.7.0_80]
	at sun.misc.Launcher$AppClassLoader.loadClass(Launcher.java:308) ~[na:1.7.0_80]
	at java.lang.ClassLoader.loadClass(ClassLoader.java:358) ~[na:1.7.0_80]
	at org.springframework.boot.devtools.restart.classloader.RestartClassLoader.loadClass(RestartClassLoader.java:152) ~[spring-boot-devtools-1.5.12.RELEASE.jar:1.5.12.RELEASE]
	at java.lang.ClassLoader.loadClass(ClassLoader.java:358) ~[na:1.7.0_80]
	at java.lang.Class.forName0(Native Method) ~[na:1.7.0_80]
	at java.lang.Class.forName(Class.java:195) ~[na:1.7.0_80]
	at br.com.dbintegrationapi.dao.Dao.getConnection(Dao.java:46) ~[classes/:na]
	at br.com.dbintegrationapi.dao.IntegrationDao.listSalesman(IntegrationDao.java:160) ~[classes/:na]
	at br.com.dbintegrationapi.resource.ObjectResource.salesman(ObjectResource.java:44) ~[classes/:na]
	at sun.reflect.NativeMethodAccessorImpl.invoke0(Native Method) ~[na:1.7.0_80]
	at sun.reflect.NativeMethodAccessorImpl.invoke(NativeMethodAccessorImpl.java:57) ~[na:1.7.0_80]
	at sun.reflect.DelegatingMethodAccessorImpl.invoke(DelegatingMethodAccessorImpl.java:43) ~[na:1.7.0_80]
	at java.lang.reflect.Method.invoke(Method.java:606) ~[na:1.7.0_80]
	at org.springframework.web.method.support.InvocableHandlerMethod.doInvoke(InvocableHandlerMethod.java:205) ~[spring-web-4.3.16.RELEASE.jar:4.3.16.RELEASE]
	at org.springframework.web.method.support.InvocableHandlerMethod.invokeForRequest(InvocableHandlerMethod.java:133) ~[spring-web-4.3.16.RELEASE.jar:4.3.16.RELEASE]
	at org.springframework.web.servlet.mvc.method.annotation.ServletInvocableHandlerMethod.invokeAndHandle(ServletInvocableHandlerMethod.java:97) ~[spring-webmvc-4.3.16.RELEASE.jar:4.3.16.RELEASE]
	at org.springframework.web.servlet.mvc.method.annotation.RequestMappingHandlerAdapter.invokeHandlerMethod(RequestMappingHandlerAdapter.java:827) ~[spring-webmvc-4.3.16.RELEASE.jar:4.3.16.RELEASE]
	at org.springframework.web.servlet.mvc.method.annotation.RequestMappingHandlerAdapter.handleInternal(RequestMappingHandlerAdapter.java:738) ~[spring-webmvc-4.3.16.RELEASE.jar:4.3.16.RELEASE]
	at org.springframework.web.servlet.mvc.method.AbstractHandlerMethodAdapter.handle(AbstractHandlerMethodAdapter.java:85) ~[spring-webmvc-4.3.16.RELEASE.jar:4.3.16.RELEASE]
	at org.springframework.web.servlet.DispatcherServlet.doDispatch(DispatcherServlet.java:967) ~[spring-webmvc-4.3.16.RELEASE.jar:4.3.16.RELEASE]
	at org.springframework.web.servlet.DispatcherServlet.doService(DispatcherServlet.java:901) ~[spring-webmvc-4.3.16.RELEASE.jar:4.3.16.RELEASE]
	at org.springframework.web.servlet.FrameworkServlet.processRequest(FrameworkServlet.java:970) ~[spring-webmvc-4.3.16.RELEASE.jar:4.3.16.RELEASE]
	at org.springframework.web.servlet.FrameworkServlet.doPost(FrameworkServlet.java:872) ~[spring-webmvc-4.3.16.RELEASE.jar:4.3.16.RELEASE]
	at javax.servlet.http.HttpServlet.service(HttpServlet.java:661) ~[tomcat-embed-core-8.5.29.jar:8.5.29]
	at org.springframework.web.servlet.FrameworkServlet.service(FrameworkServlet.java:846) ~[spring-webmvc-4.3.16.RELEASE.jar:4.3.16.RELEASE]
	at javax.servlet.http.HttpServlet.service(HttpServlet.java:742) ~[tomcat-embed-core-8.5.29.jar:8.5.29]
	at org.apache.catalina.core.ApplicationFilterChain.internalDoFilter(ApplicationFilterChain.java:231) ~[tomcat-embed-core-8.5.29.jar:8.5.29]
	at org.apache.catalina.core.ApplicationFilterChain.doFilter(ApplicationFilterChain.java:166) ~[tomcat-embed-core-8.5.29.jar:8.5.29]
	at org.apache.tomcat.websocket.server.WsFilter.doFilter(WsFilter.java:52) ~[tomcat-embed-websocket-8.5.29.jar:8.5.29]
	at org.apache.catalina.core.ApplicationFilterChain.internalDoFilter(ApplicationFilterChain.java:193) ~[tomcat-embed-core-8.5.29.jar:8.5.29]
	at org.apache.catalina.core.ApplicationFilterChain.doFilter(ApplicationFilterChain.java:166) ~[tomcat-embed-core-8.5.29.jar:8.5.29]
	at org.springframework.web.filter.RequestContextFilter.doFilterInternal(RequestContextFilter.java:99) ~[spring-web-4.3.16.RELEASE.jar:4.3.16.RELEASE]
	at org.springframework.web.filter.OncePerRequestFilter.doFilter(OncePerRequestFilter.java:107) ~[spring-web-4.3.16.RELEASE.jar:4.3.16.RELEASE]
	at org.apache.catalina.core.ApplicationFilterChain.internalDoFilter(ApplicationFilterChain.java:193) ~[tomcat-embed-core-8.5.29.jar:8.5.29]
	at org.apache.catalina.core.ApplicationFilterChain.doFilter(ApplicationFilterChain.java:166) ~[tomcat-embed-core-8.5.29.jar:8.5.29]
	at org.springframework.web.filter.HttpPutFormContentFilter.doFilterInternal(HttpPutFormContentFilter.java:109) ~[spring-web-4.3.16.RELEASE.jar:4.3.16.RELEASE]
	at org.springframework.web.filter.OncePerRequestFilter.doFilter(OncePerRequestFilter.java:107) ~[spring-web-4.3.16.RELEASE.jar:4.3.16.RELEASE]
	at org.apache.catalina.core.ApplicationFilterChain.internalDoFilter(ApplicationFilterChain.java:193) ~[tomcat-embed-core-8.5.29.jar:8.5.29]
	at org.apache.catalina.core.ApplicationFilterChain.doFilter(ApplicationFilterChain.java:166) ~[tomcat-embed-core-8.5.29.jar:8.5.29]
	at org.springframework.web.filter.HiddenHttpMethodFilter.doFilterInternal(HiddenHttpMethodFilter.java:81) ~[spring-web-4.3.16.RELEASE.jar:4.3.16.RELEASE]
	at org.springframework.web.filter.OncePerRequestFilter.doFilter(OncePerRequestFilter.java:107) ~[spring-web-4.3.16.RELEASE.jar:4.3.16.RELEASE]
	at org.apache.catalina.core.ApplicationFilterChain.internalDoFilter(ApplicationFilterChain.java:193) ~[tomcat-embed-core-8.5.29.jar:8.5.29]
	at org.apache.catalina.core.ApplicationFilterChain.doFilter(ApplicationFilterChain.java:166) ~[tomcat-embed-core-8.5.29.jar:8.5.29]
	at org.springframework.web.filter.CharacterEncodingFilter.doFilterInternal(CharacterEncodingFilter.java:197) ~[spring-web-4.3.16.RELEASE.jar:4.3.16.RELEASE]
	at org.springframework.web.filter.OncePerRequestFilter.doFilter(OncePerRequestFilter.java:107) ~[spring-web-4.3.16.RELEASE.jar:4.3.16.RELEASE]
	at org.apache.catalina.core.ApplicationFilterChain.internalDoFilter(ApplicationFilterChain.java:193) ~[tomcat-embed-core-8.5.29.jar:8.5.29]
	at org.apache.catalina.core.ApplicationFilterChain.doFilter(ApplicationFilterChain.java:166) ~[tomcat-embed-core-8.5.29.jar:8.5.29]
	at org.apache.catalina.core.StandardWrapperValve.invoke(StandardWrapperValve.java:198) ~[tomcat-embed-core-8.5.29.jar:8.5.29]
	at org.apache.catalina.core.StandardContextValve.invoke(StandardContextValve.java:96) [tomcat-embed-core-8.5.29.jar:8.5.29]
	at org.apache.catalina.authenticator.AuthenticatorBase.invoke(AuthenticatorBase.java:496) [tomcat-embed-core-8.5.29.jar:8.5.29]
	at org.apache.catalina.core.StandardHostValve.invoke(StandardHostValve.java:140) [tomcat-embed-core-8.5.29.jar:8.5.29]
	at org.apache.catalina.valves.ErrorReportValve.invoke(ErrorReportValve.java:81) [tomcat-embed-core-8.5.29.jar:8.5.29]
	at org.apache.catalina.core.StandardEngineValve.invoke(StandardEngineValve.java:87) [tomcat-embed-core-8.5.29.jar:8.5.29]
	at org.apache.catalina.connector.CoyoteAdapter.service(CoyoteAdapter.java:342) [tomcat-embed-core-8.5.29.jar:8.5.29]
	at org.apache.coyote.http11.Http11Processor.service(Http11Processor.java:803) [tomcat-embed-core-8.5.29.jar:8.5.29]
	at org.apache.coyote.AbstractProcessorLight.process(AbstractProcessorLight.java:66) [tomcat-embed-core-8.5.29.jar:8.5.29]
	at org.apache.coyote.AbstractProtocol$ConnectionHandler.process(AbstractProtocol.java:790) [tomcat-embed-core-8.5.29.jar:8.5.29]
	at org.apache.tomcat.util.net.NioEndpoint$SocketProcessor.doRun(NioEndpoint.java:1459) [tomcat-embed-core-8.5.29.jar:8.5.29]
	at org.apache.tomcat.util.net.SocketProcessorBase.run(SocketProcessorBase.java:49) [tomcat-embed-core-8.5.29.jar:8.5.29]
	at java.util.concurrent.ThreadPoolExecutor.runWorker(ThreadPoolExecutor.java:1145) [na:1.7.0_80]
	at java.util.concurrent.ThreadPoolExecutor$Worker.run(ThreadPoolExecutor.java:615) [na:1.7.0_80]
	at org.apache.tomcat.util.threads.TaskThread$WrappingRunnable.run(TaskThread.java:61) [tomcat-embed-core-8.5.29.jar:8.5.29]
	at java.lang.Thread.run(Thread.java:745) [na:1.7.0_80]

2018-06-18 22:27:03.757  INFO 10592 --- [http-nio-8090-exec-5] b.c.dbintegrationapi.dao.IntegrationDao  : java.vendor: Oracle Corporation
2018-06-18 22:27:03.758  INFO 10592 --- [http-nio-8090-exec-5] b.c.dbintegrationapi.dao.IntegrationDao  : java.vendor.url: http://java.oracle.com/
2018-06-18 22:27:03.758  INFO 10592 --- [http-nio-8090-exec-5] b.c.dbintegrationapi.dao.IntegrationDao  : java.version: 1.7.0_80
2018-06-18 22:27:03.758  INFO 10592 --- [http-nio-8090-exec-5] b.c.dbintegrationapi.dao.IntegrationDao  : sun.arch.data.model: 64
2018-06-18 22:27:03.758  INFO 10592 --- [http-nio-8090-exec-5] b.c.dbintegrationapi.dao.IntegrationDao  : Executing query:
2018-06-18 22:27:03.758  INFO 10592 --- [http-nio-8090-exec-5] b.c.dbintegrationapi.dao.IntegrationDao  : null:ritz:root
2018-06-18 22:27:03.758  INFO 10592 --- [http-nio-8090-exec-5] b.c.dbintegrationapi.dao.IntegrationDao  : SELECT * FROM vendedor WHERE empresa_id = 3
2018-06-18 22:27:03.760 ERROR 10592 --- [http-nio-8090-exec-5] o.a.c.c.C.[.[.[/].[dispatcherServlet]    : Servlet.service() for servlet [dispatcherServlet] in context with path [] threw exception [Request processing failed; nested exception is java.lang.RuntimeException: Problemas ao recuperar a lista de vendedores. com.mysql.jdbc.Driver] with root cause

java.lang.ClassNotFoundException: com.mysql.jdbc.Driver
	at java.net.URLClassLoader$1.run(URLClassLoader.java:366) ~[na:1.7.0_80]
	at java.net.URLClassLoader$1.run(URLClassLoader.java:355) ~[na:1.7.0_80]
	at java.security.AccessController.doPrivileged(Native Method) ~[na:1.7.0_80]
	at java.net.URLClassLoader.findClass(URLClassLoader.java:354) ~[na:1.7.0_80]
	at java.lang.ClassLoader.loadClass(ClassLoader.java:425) ~[na:1.7.0_80]
	at sun.misc.Launcher$AppClassLoader.loadClass(Launcher.java:308) ~[na:1.7.0_80]
	at java.lang.ClassLoader.loadClass(ClassLoader.java:358) ~[na:1.7.0_80]
	at org.springframework.boot.devtools.restart.classloader.RestartClassLoader.loadClass(RestartClassLoader.java:152) ~[spring-boot-devtools-1.5.12.RELEASE.jar:1.5.12.RELEASE]
	at java.lang.ClassLoader.loadClass(ClassLoader.java:358) ~[na:1.7.0_80]
	at java.lang.Class.forName0(Native Method) ~[na:1.7.0_80]
	at java.lang.Class.forName(Class.java:195) ~[na:1.7.0_80]
	at br.com.dbintegrationapi.dao.Dao.getConnection(Dao.java:46) ~[classes/:na]
	at br.com.dbintegrationapi.dao.IntegrationDao.listSalesman(IntegrationDao.java:160) ~[classes/:na]
	at br.com.dbintegrationapi.resource.ObjectResource.salesman(ObjectResource.java:44) ~[classes/:na]
	at sun.reflect.NativeMethodAccessorImpl.invoke0(Native Method) ~[na:1.7.0_80]
	at sun.reflect.NativeMethodAccessorImpl.invoke(NativeMethodAccessorImpl.java:57) ~[na:1.7.0_80]
	at sun.reflect.DelegatingMethodAccessorImpl.invoke(DelegatingMethodAccessorImpl.java:43) ~[na:1.7.0_80]
	at java.lang.reflect.Method.invoke(Method.java:606) ~[na:1.7.0_80]
	at org.springframework.web.method.support.InvocableHandlerMethod.doInvoke(InvocableHandlerMethod.java:205) ~[spring-web-4.3.16.RELEASE.jar:4.3.16.RELEASE]
	at org.springframework.web.method.support.InvocableHandlerMethod.invokeForRequest(InvocableHandlerMethod.java:133) ~[spring-web-4.3.16.RELEASE.jar:4.3.16.RELEASE]
	at org.springframework.web.servlet.mvc.method.annotation.ServletInvocableHandlerMethod.invokeAndHandle(ServletInvocableHandlerMethod.java:97) ~[spring-webmvc-4.3.16.RELEASE.jar:4.3.16.RELEASE]
	at org.springframework.web.servlet.mvc.method.annotation.RequestMappingHandlerAdapter.invokeHandlerMethod(RequestMappingHandlerAdapter.java:827) ~[spring-webmvc-4.3.16.RELEASE.jar:4.3.16.RELEASE]
	at org.springframework.web.servlet.mvc.method.annotation.RequestMappingHandlerAdapter.handleInternal(RequestMappingHandlerAdapter.java:738) ~[spring-webmvc-4.3.16.RELEASE.jar:4.3.16.RELEASE]
	at org.springframework.web.servlet.mvc.method.AbstractHandlerMethodAdapter.handle(AbstractHandlerMethodAdapter.java:85) ~[spring-webmvc-4.3.16.RELEASE.jar:4.3.16.RELEASE]
	at org.springframework.web.servlet.DispatcherServlet.doDispatch(DispatcherServlet.java:967) ~[spring-webmvc-4.3.16.RELEASE.jar:4.3.16.RELEASE]
	at org.springframework.web.servlet.DispatcherServlet.doService(DispatcherServlet.java:901) ~[spring-webmvc-4.3.16.RELEASE.jar:4.3.16.RELEASE]
	at org.springframework.web.servlet.FrameworkServlet.processRequest(FrameworkServlet.java:970) ~[spring-webmvc-4.3.16.RELEASE.jar:4.3.16.RELEASE]
	at org.springframework.web.servlet.FrameworkServlet.doPost(FrameworkServlet.java:872) ~[spring-webmvc-4.3.16.RELEASE.jar:4.3.16.RELEASE]
	at javax.servlet.http.HttpServlet.service(HttpServlet.java:661) ~[tomcat-embed-core-8.5.29.jar:8.5.29]
	at org.springframework.web.servlet.FrameworkServlet.service(FrameworkServlet.java:846) ~[spring-webmvc-4.3.16.RELEASE.jar:4.3.16.RELEASE]
	at javax.servlet.http.HttpServlet.service(HttpServlet.java:742) ~[tomcat-embed-core-8.5.29.jar:8.5.29]
	at org.apache.catalina.core.ApplicationFilterChain.internalDoFilter(ApplicationFilterChain.java:231) ~[tomcat-embed-core-8.5.29.jar:8.5.29]
	at org.apache.catalina.core.ApplicationFilterChain.doFilter(ApplicationFilterChain.java:166) ~[tomcat-embed-core-8.5.29.jar:8.5.29]
	at org.apache.tomcat.websocket.server.WsFilter.doFilter(WsFilter.java:52) ~[tomcat-embed-websocket-8.5.29.jar:8.5.29]
	at org.apache.catalina.core.ApplicationFilterChain.internalDoFilter(ApplicationFilterChain.java:193) ~[tomcat-embed-core-8.5.29.jar:8.5.29]
	at org.apache.catalina.core.ApplicationFilterChain.doFilter(ApplicationFilterChain.java:166) ~[tomcat-embed-core-8.5.29.jar:8.5.29]
	at org.springframework.web.filter.RequestContextFilter.doFilterInternal(RequestContextFilter.java:99) ~[spring-web-4.3.16.RELEASE.jar:4.3.16.RELEASE]
	at org.springframework.web.filter.OncePerRequestFilter.doFilter(OncePerRequestFilter.java:107) ~[spring-web-4.3.16.RELEASE.jar:4.3.16.RELEASE]
	at org.apache.catalina.core.ApplicationFilterChain.internalDoFilter(ApplicationFilterChain.java:193) ~[tomcat-embed-core-8.5.29.jar:8.5.29]
	at org.apache.catalina.core.ApplicationFilterChain.doFilter(ApplicationFilterChain.java:166) ~[tomcat-embed-core-8.5.29.jar:8.5.29]
	at org.springframework.web.filter.HttpPutFormContentFilter.doFilterInternal(HttpPutFormContentFilter.java:109) ~[spring-web-4.3.16.RELEASE.jar:4.3.16.RELEASE]
	at org.springframework.web.filter.OncePerRequestFilter.doFilter(OncePerRequestFilter.java:107) ~[spring-web-4.3.16.RELEASE.jar:4.3.16.RELEASE]
	at org.apache.catalina.core.ApplicationFilterChain.internalDoFilter(ApplicationFilterChain.java:193) ~[tomcat-embed-core-8.5.29.jar:8.5.29]
	at org.apache.catalina.core.ApplicationFilterChain.doFilter(ApplicationFilterChain.java:166) ~[tomcat-embed-core-8.5.29.jar:8.5.29]
	at org.springframework.web.filter.HiddenHttpMethodFilter.doFilterInternal(HiddenHttpMethodFilter.java:81) ~[spring-web-4.3.16.RELEASE.jar:4.3.16.RELEASE]
	at org.springframework.web.filter.OncePerRequestFilter.doFilter(OncePerRequestFilter.java:107) ~[spring-web-4.3.16.RELEASE.jar:4.3.16.RELEASE]
	at org.apache.catalina.core.ApplicationFilterChain.internalDoFilter(ApplicationFilterChain.java:193) ~[tomcat-embed-core-8.5.29.jar:8.5.29]
	at org.apache.catalina.core.ApplicationFilterChain.doFilter(ApplicationFilterChain.java:166) ~[tomcat-embed-core-8.5.29.jar:8.5.29]
	at org.springframework.web.filter.CharacterEncodingFilter.doFilterInternal(CharacterEncodingFilter.java:197) ~[spring-web-4.3.16.RELEASE.jar:4.3.16.RELEASE]
	at org.springframework.web.filter.OncePerRequestFilter.doFilter(OncePerRequestFilter.java:107) ~[spring-web-4.3.16.RELEASE.jar:4.3.16.RELEASE]
	at org.apache.catalina.core.ApplicationFilterChain.internalDoFilter(ApplicationFilterChain.java:193) ~[tomcat-embed-core-8.5.29.jar:8.5.29]
	at org.apache.catalina.core.ApplicationFilterChain.doFilter(ApplicationFilterChain.java:166) ~[tomcat-embed-core-8.5.29.jar:8.5.29]
	at org.apache.catalina.core.StandardWrapperValve.invoke(StandardWrapperValve.java:198) ~[tomcat-embed-core-8.5.29.jar:8.5.29]
	at org.apache.catalina.core.StandardContextValve.invoke(StandardContextValve.java:96) [tomcat-embed-core-8.5.29.jar:8.5.29]
	at org.apache.catalina.authenticator.AuthenticatorBase.invoke(AuthenticatorBase.java:496) [tomcat-embed-core-8.5.29.jar:8.5.29]
	at org.apache.catalina.core.StandardHostValve.invoke(StandardHostValve.java:140) [tomcat-embed-core-8.5.29.jar:8.5.29]
	at org.apache.catalina.valves.ErrorReportValve.invoke(ErrorReportValve.java:81) [tomcat-embed-core-8.5.29.jar:8.5.29]
	at org.apache.catalina.core.StandardEngineValve.invoke(StandardEngineValve.java:87) [tomcat-embed-core-8.5.29.jar:8.5.29]
	at org.apache.catalina.connector.CoyoteAdapter.service(CoyoteAdapter.java:342) [tomcat-embed-core-8.5.29.jar:8.5.29]
	at org.apache.coyote.http11.Http11Processor.service(Http11Processor.java:803) [tomcat-embed-core-8.5.29.jar:8.5.29]
	at org.apache.coyote.AbstractProcessorLight.process(AbstractProcessorLight.java:66) [tomcat-embed-core-8.5.29.jar:8.5.29]
	at org.apache.coyote.AbstractProtocol$ConnectionHandler.process(AbstractProtocol.java:790) [tomcat-embed-core-8.5.29.jar:8.5.29]
	at org.apache.tomcat.util.net.NioEndpoint$SocketProcessor.doRun(NioEndpoint.java:1459) [tomcat-embed-core-8.5.29.jar:8.5.29]
	at org.apache.tomcat.util.net.SocketProcessorBase.run(SocketProcessorBase.java:49) [tomcat-embed-core-8.5.29.jar:8.5.29]
	at java.util.concurrent.ThreadPoolExecutor.runWorker(ThreadPoolExecutor.java:1145) [na:1.7.0_80]
	at java.util.concurrent.ThreadPoolExecutor$Worker.run(ThreadPoolExecutor.java:615) [na:1.7.0_80]
	at org.apache.tomcat.util.threads.TaskThread$WrappingRunnable.run(TaskThread.java:61) [tomcat-embed-core-8.5.29.jar:8.5.29]
	at java.lang.Thread.run(Thread.java:745) [na:1.7.0_80]

2018-06-18 22:29:46.716  INFO 10592 --- [http-nio-8090-exec-2] b.c.dbintegrationapi.dao.IntegrationDao  : java.vendor: Oracle Corporation
2018-06-18 22:29:46.716  INFO 10592 --- [http-nio-8090-exec-10] b.c.dbintegrationapi.dao.IntegrationDao  : java.vendor: Oracle Corporation
2018-06-18 22:29:46.716  INFO 10592 --- [http-nio-8090-exec-2] b.c.dbintegrationapi.dao.IntegrationDao  : java.vendor.url: http://java.oracle.com/
2018-06-18 22:29:46.716  INFO 10592 --- [http-nio-8090-exec-10] b.c.dbintegrationapi.dao.IntegrationDao  : java.vendor.url: http://java.oracle.com/
2018-06-18 22:29:46.716  INFO 10592 --- [http-nio-8090-exec-2] b.c.dbintegrationapi.dao.IntegrationDao  : java.version: 1.7.0_80
2018-06-18 22:29:46.716  INFO 10592 --- [http-nio-8090-exec-10] b.c.dbintegrationapi.dao.IntegrationDao  : java.version: 1.7.0_80
2018-06-18 22:29:46.716  INFO 10592 --- [http-nio-8090-exec-2] b.c.dbintegrationapi.dao.IntegrationDao  : sun.arch.data.model: 64
2018-06-18 22:29:46.723  INFO 10592 --- [http-nio-8090-exec-10] b.c.dbintegrationapi.dao.IntegrationDao  : sun.arch.data.model: 64
2018-06-18 22:29:46.723  INFO 10592 --- [http-nio-8090-exec-2] b.c.dbintegrationapi.dao.IntegrationDao  : Executing query:
2018-06-18 22:29:46.724  INFO 10592 --- [http-nio-8090-exec-10] b.c.dbintegrationapi.dao.IntegrationDao  : Executing query:
2018-06-18 22:29:46.724  INFO 10592 --- [http-nio-8090-exec-2] b.c.dbintegrationapi.dao.IntegrationDao  : null:ritz:root
2018-06-18 22:29:46.724  INFO 10592 --- [http-nio-8090-exec-10] b.c.dbintegrationapi.dao.IntegrationDao  : null:ritz:root
2018-06-18 22:29:46.724  INFO 10592 --- [http-nio-8090-exec-2] b.c.dbintegrationapi.dao.IntegrationDao  : SELECT * FROM vendedor WHERE empresa_id = 3
2018-06-18 22:29:46.724  INFO 10592 --- [http-nio-8090-exec-10] b.c.dbintegrationapi.dao.IntegrationDao  : SELECT * FROM FORNECEDOR WHERE (nome like '%Nilza Aparecida P. Martins%' OR desc_abrev like '%Nilza Aparecida P. Martins%' OR nome like '%Nilza Aparecida P.%' OR desc_abrev like '%Nilza Aparecida P.%');
2018-06-18 22:29:46.725 ERROR 10592 --- [http-nio-8090-exec-2] o.a.c.c.C.[.[.[/].[dispatcherServlet]    : Servlet.service() for servlet [dispatcherServlet] in context with path [] threw exception [Request processing failed; nested exception is java.lang.RuntimeException: Problemas ao recuperar a lista de vendedores. com.mysql.jdbc.Driver] with root cause

java.lang.ClassNotFoundException: com.mysql.jdbc.Driver
	at java.net.URLClassLoader$1.run(URLClassLoader.java:366) ~[na:1.7.0_80]
	at java.net.URLClassLoader$1.run(URLClassLoader.java:355) ~[na:1.7.0_80]
	at java.security.AccessController.doPrivileged(Native Method) ~[na:1.7.0_80]
	at java.net.URLClassLoader.findClass(URLClassLoader.java:354) ~[na:1.7.0_80]
	at java.lang.ClassLoader.loadClass(ClassLoader.java:425) ~[na:1.7.0_80]
	at sun.misc.Launcher$AppClassLoader.loadClass(Launcher.java:308) ~[na:1.7.0_80]
	at java.lang.ClassLoader.loadClass(ClassLoader.java:358) ~[na:1.7.0_80]
	at org.springframework.boot.devtools.restart.classloader.RestartClassLoader.loadClass(RestartClassLoader.java:152) ~[spring-boot-devtools-1.5.12.RELEASE.jar:1.5.12.RELEASE]
	at java.lang.ClassLoader.loadClass(ClassLoader.java:358) ~[na:1.7.0_80]
	at java.lang.Class.forName0(Native Method) ~[na:1.7.0_80]
	at java.lang.Class.forName(Class.java:195) ~[na:1.7.0_80]
	at br.com.dbintegrationapi.dao.Dao.getConnection(Dao.java:46) ~[classes/:na]
	at br.com.dbintegrationapi.dao.IntegrationDao.listSalesman(IntegrationDao.java:160) ~[classes/:na]
	at br.com.dbintegrationapi.resource.ObjectResource.salesman(ObjectResource.java:44) ~[classes/:na]
	at sun.reflect.NativeMethodAccessorImpl.invoke0(Native Method) ~[na:1.7.0_80]
	at sun.reflect.NativeMethodAccessorImpl.invoke(NativeMethodAccessorImpl.java:57) ~[na:1.7.0_80]
	at sun.reflect.DelegatingMethodAccessorImpl.invoke(DelegatingMethodAccessorImpl.java:43) ~[na:1.7.0_80]
	at java.lang.reflect.Method.invoke(Method.java:606) ~[na:1.7.0_80]
	at org.springframework.web.method.support.InvocableHandlerMethod.doInvoke(InvocableHandlerMethod.java:205) ~[spring-web-4.3.16.RELEASE.jar:4.3.16.RELEASE]
	at org.springframework.web.method.support.InvocableHandlerMethod.invokeForRequest(InvocableHandlerMethod.java:133) ~[spring-web-4.3.16.RELEASE.jar:4.3.16.RELEASE]
	at org.springframework.web.servlet.mvc.method.annotation.ServletInvocableHandlerMethod.invokeAndHandle(ServletInvocableHandlerMethod.java:97) ~[spring-webmvc-4.3.16.RELEASE.jar:4.3.16.RELEASE]
	at org.springframework.web.servlet.mvc.method.annotation.RequestMappingHandlerAdapter.invokeHandlerMethod(RequestMappingHandlerAdapter.java:827) ~[spring-webmvc-4.3.16.RELEASE.jar:4.3.16.RELEASE]
	at org.springframework.web.servlet.mvc.method.annotation.RequestMappingHandlerAdapter.handleInternal(RequestMappingHandlerAdapter.java:738) ~[spring-webmvc-4.3.16.RELEASE.jar:4.3.16.RELEASE]
	at org.springframework.web.servlet.mvc.method.AbstractHandlerMethodAdapter.handle(AbstractHandlerMethodAdapter.java:85) ~[spring-webmvc-4.3.16.RELEASE.jar:4.3.16.RELEASE]
	at org.springframework.web.servlet.DispatcherServlet.doDispatch(DispatcherServlet.java:967) ~[spring-webmvc-4.3.16.RELEASE.jar:4.3.16.RELEASE]
	at org.springframework.web.servlet.DispatcherServlet.doService(DispatcherServlet.java:901) ~[spring-webmvc-4.3.16.RELEASE.jar:4.3.16.RELEASE]
	at org.springframework.web.servlet.FrameworkServlet.processRequest(FrameworkServlet.java:970) ~[spring-webmvc-4.3.16.RELEASE.jar:4.3.16.RELEASE]
	at org.springframework.web.servlet.FrameworkServlet.doPost(FrameworkServlet.java:872) ~[spring-webmvc-4.3.16.RELEASE.jar:4.3.16.RELEASE]
	at javax.servlet.http.HttpServlet.service(HttpServlet.java:661) ~[tomcat-embed-core-8.5.29.jar:8.5.29]
	at org.springframework.web.servlet.FrameworkServlet.service(FrameworkServlet.java:846) ~[spring-webmvc-4.3.16.RELEASE.jar:4.3.16.RELEASE]
	at javax.servlet.http.HttpServlet.service(HttpServlet.java:742) ~[tomcat-embed-core-8.5.29.jar:8.5.29]
	at org.apache.catalina.core.ApplicationFilterChain.internalDoFilter(ApplicationFilterChain.java:231) ~[tomcat-embed-core-8.5.29.jar:8.5.29]
	at org.apache.catalina.core.ApplicationFilterChain.doFilter(ApplicationFilterChain.java:166) ~[tomcat-embed-core-8.5.29.jar:8.5.29]
	at org.apache.tomcat.websocket.server.WsFilter.doFilter(WsFilter.java:52) ~[tomcat-embed-websocket-8.5.29.jar:8.5.29]
	at org.apache.catalina.core.ApplicationFilterChain.internalDoFilter(ApplicationFilterChain.java:193) ~[tomcat-embed-core-8.5.29.jar:8.5.29]
	at org.apache.catalina.core.ApplicationFilterChain.doFilter(ApplicationFilterChain.java:166) ~[tomcat-embed-core-8.5.29.jar:8.5.29]
	at org.springframework.web.filter.RequestContextFilter.doFilterInternal(RequestContextFilter.java:99) ~[spring-web-4.3.16.RELEASE.jar:4.3.16.RELEASE]
	at org.springframework.web.filter.OncePerRequestFilter.doFilter(OncePerRequestFilter.java:107) ~[spring-web-4.3.16.RELEASE.jar:4.3.16.RELEASE]
	at org.apache.catalina.core.ApplicationFilterChain.internalDoFilter(ApplicationFilterChain.java:193) ~[tomcat-embed-core-8.5.29.jar:8.5.29]
	at org.apache.catalina.core.ApplicationFilterChain.doFilter(ApplicationFilterChain.java:166) ~[tomcat-embed-core-8.5.29.jar:8.5.29]
	at org.springframework.web.filter.HttpPutFormContentFilter.doFilterInternal(HttpPutFormContentFilter.java:109) ~[spring-web-4.3.16.RELEASE.jar:4.3.16.RELEASE]
	at org.springframework.web.filter.OncePerRequestFilter.doFilter(OncePerRequestFilter.java:107) ~[spring-web-4.3.16.RELEASE.jar:4.3.16.RELEASE]
	at org.apache.catalina.core.ApplicationFilterChain.internalDoFilter(ApplicationFilterChain.java:193) ~[tomcat-embed-core-8.5.29.jar:8.5.29]
	at org.apache.catalina.core.ApplicationFilterChain.doFilter(ApplicationFilterChain.java:166) ~[tomcat-embed-core-8.5.29.jar:8.5.29]
	at org.springframework.web.filter.HiddenHttpMethodFilter.doFilterInternal(HiddenHttpMethodFilter.java:81) ~[spring-web-4.3.16.RELEASE.jar:4.3.16.RELEASE]
	at org.springframework.web.filter.OncePerRequestFilter.doFilter(OncePerRequestFilter.java:107) ~[spring-web-4.3.16.RELEASE.jar:4.3.16.RELEASE]
	at org.apache.catalina.core.ApplicationFilterChain.internalDoFilter(ApplicationFilterChain.java:193) ~[tomcat-embed-core-8.5.29.jar:8.5.29]
	at org.apache.catalina.core.ApplicationFilterChain.doFilter(ApplicationFilterChain.java:166) ~[tomcat-embed-core-8.5.29.jar:8.5.29]
	at org.springframework.web.filter.CharacterEncodingFilter.doFilterInternal(CharacterEncodingFilter.java:197) ~[spring-web-4.3.16.RELEASE.jar:4.3.16.RELEASE]
	at org.springframework.web.filter.OncePerRequestFilter.doFilter(OncePerRequestFilter.java:107) ~[spring-web-4.3.16.RELEASE.jar:4.3.16.RELEASE]
	at org.apache.catalina.core.ApplicationFilterChain.internalDoFilter(ApplicationFilterChain.java:193) ~[tomcat-embed-core-8.5.29.jar:8.5.29]
	at org.apache.catalina.core.ApplicationFilterChain.doFilter(ApplicationFilterChain.java:166) ~[tomcat-embed-core-8.5.29.jar:8.5.29]
	at org.apache.catalina.core.StandardWrapperValve.invoke(StandardWrapperValve.java:198) ~[tomcat-embed-core-8.5.29.jar:8.5.29]
	at org.apache.catalina.core.StandardContextValve.invoke(StandardContextValve.java:96) [tomcat-embed-core-8.5.29.jar:8.5.29]
	at org.apache.catalina.authenticator.AuthenticatorBase.invoke(AuthenticatorBase.java:496) [tomcat-embed-core-8.5.29.jar:8.5.29]
	at org.apache.catalina.core.StandardHostValve.invoke(StandardHostValve.java:140) [tomcat-embed-core-8.5.29.jar:8.5.29]
	at org.apache.catalina.valves.ErrorReportValve.invoke(ErrorReportValve.java:81) [tomcat-embed-core-8.5.29.jar:8.5.29]
	at org.apache.catalina.core.StandardEngineValve.invoke(StandardEngineValve.java:87) [tomcat-embed-core-8.5.29.jar:8.5.29]
	at org.apache.catalina.connector.CoyoteAdapter.service(CoyoteAdapter.java:342) [tomcat-embed-core-8.5.29.jar:8.5.29]
	at org.apache.coyote.http11.Http11Processor.service(Http11Processor.java:803) [tomcat-embed-core-8.5.29.jar:8.5.29]
	at org.apache.coyote.AbstractProcessorLight.process(AbstractProcessorLight.java:66) [tomcat-embed-core-8.5.29.jar:8.5.29]
	at org.apache.coyote.AbstractProtocol$ConnectionHandler.process(AbstractProtocol.java:790) [tomcat-embed-core-8.5.29.jar:8.5.29]
	at org.apache.tomcat.util.net.NioEndpoint$SocketProcessor.doRun(NioEndpoint.java:1459) [tomcat-embed-core-8.5.29.jar:8.5.29]
	at org.apache.tomcat.util.net.SocketProcessorBase.run(SocketProcessorBase.java:49) [tomcat-embed-core-8.5.29.jar:8.5.29]
	at java.util.concurrent.ThreadPoolExecutor.runWorker(ThreadPoolExecutor.java:1145) [na:1.7.0_80]
	at java.util.concurrent.ThreadPoolExecutor$Worker.run(ThreadPoolExecutor.java:615) [na:1.7.0_80]
	at org.apache.tomcat.util.threads.TaskThread$WrappingRunnable.run(TaskThread.java:61) [tomcat-embed-core-8.5.29.jar:8.5.29]
	at java.lang.Thread.run(Thread.java:745) [na:1.7.0_80]

2018-06-18 22:29:46.726 ERROR 10592 --- [http-nio-8090-exec-10] o.a.c.c.C.[.[.[/].[dispatcherServlet]    : Servlet.service() for servlet [dispatcherServlet] in context with path [] threw exception [Request processing failed; nested exception is java.lang.RuntimeException: Problemas ao recuperar a lista de forncedores. com.mysql.jdbc.Driver] with root cause

java.lang.ClassNotFoundException: com.mysql.jdbc.Driver
	at java.net.URLClassLoader$1.run(URLClassLoader.java:366) ~[na:1.7.0_80]
	at java.net.URLClassLoader$1.run(URLClassLoader.java:355) ~[na:1.7.0_80]
	at java.security.AccessController.doPrivileged(Native Method) ~[na:1.7.0_80]
	at java.net.URLClassLoader.findClass(URLClassLoader.java:354) ~[na:1.7.0_80]
	at java.lang.ClassLoader.loadClass(ClassLoader.java:425) ~[na:1.7.0_80]
	at sun.misc.Launcher$AppClassLoader.loadClass(Launcher.java:308) ~[na:1.7.0_80]
	at java.lang.ClassLoader.loadClass(ClassLoader.java:358) ~[na:1.7.0_80]
	at org.springframework.boot.devtools.restart.classloader.RestartClassLoader.loadClass(RestartClassLoader.java:152) ~[spring-boot-devtools-1.5.12.RELEASE.jar:1.5.12.RELEASE]
	at java.lang.ClassLoader.loadClass(ClassLoader.java:358) ~[na:1.7.0_80]
	at java.lang.Class.forName0(Native Method) ~[na:1.7.0_80]
	at java.lang.Class.forName(Class.java:195) ~[na:1.7.0_80]
	at br.com.dbintegrationapi.dao.Dao.getConnection(Dao.java:46) ~[classes/:na]
	at br.com.dbintegrationapi.dao.IntegrationDao.listSupplier(IntegrationDao.java:126) ~[classes/:na]
	at br.com.dbintegrationapi.resource.ObjectResource.supplier(ObjectResource.java:54) ~[classes/:na]
	at sun.reflect.NativeMethodAccessorImpl.invoke0(Native Method) ~[na:1.7.0_80]
	at sun.reflect.NativeMethodAccessorImpl.invoke(NativeMethodAccessorImpl.java:57) ~[na:1.7.0_80]
	at sun.reflect.DelegatingMethodAccessorImpl.invoke(DelegatingMethodAccessorImpl.java:43) ~[na:1.7.0_80]
	at java.lang.reflect.Method.invoke(Method.java:606) ~[na:1.7.0_80]
	at org.springframework.web.method.support.InvocableHandlerMethod.doInvoke(InvocableHandlerMethod.java:205) ~[spring-web-4.3.16.RELEASE.jar:4.3.16.RELEASE]
	at org.springframework.web.method.support.InvocableHandlerMethod.invokeForRequest(InvocableHandlerMethod.java:133) ~[spring-web-4.3.16.RELEASE.jar:4.3.16.RELEASE]
	at org.springframework.web.servlet.mvc.method.annotation.ServletInvocableHandlerMethod.invokeAndHandle(ServletInvocableHandlerMethod.java:97) ~[spring-webmvc-4.3.16.RELEASE.jar:4.3.16.RELEASE]
	at org.springframework.web.servlet.mvc.method.annotation.RequestMappingHandlerAdapter.invokeHandlerMethod(RequestMappingHandlerAdapter.java:827) ~[spring-webmvc-4.3.16.RELEASE.jar:4.3.16.RELEASE]
	at org.springframework.web.servlet.mvc.method.annotation.RequestMappingHandlerAdapter.handleInternal(RequestMappingHandlerAdapter.java:738) ~[spring-webmvc-4.3.16.RELEASE.jar:4.3.16.RELEASE]
	at org.springframework.web.servlet.mvc.method.AbstractHandlerMethodAdapter.handle(AbstractHandlerMethodAdapter.java:85) ~[spring-webmvc-4.3.16.RELEASE.jar:4.3.16.RELEASE]
	at org.springframework.web.servlet.DispatcherServlet.doDispatch(DispatcherServlet.java:967) ~[spring-webmvc-4.3.16.RELEASE.jar:4.3.16.RELEASE]
	at org.springframework.web.servlet.DispatcherServlet.doService(DispatcherServlet.java:901) ~[spring-webmvc-4.3.16.RELEASE.jar:4.3.16.RELEASE]
	at org.springframework.web.servlet.FrameworkServlet.processRequest(FrameworkServlet.java:970) ~[spring-webmvc-4.3.16.RELEASE.jar:4.3.16.RELEASE]
	at org.springframework.web.servlet.FrameworkServlet.doPost(FrameworkServlet.java:872) ~[spring-webmvc-4.3.16.RELEASE.jar:4.3.16.RELEASE]
	at javax.servlet.http.HttpServlet.service(HttpServlet.java:661) ~[tomcat-embed-core-8.5.29.jar:8.5.29]
	at org.springframework.web.servlet.FrameworkServlet.service(FrameworkServlet.java:846) ~[spring-webmvc-4.3.16.RELEASE.jar:4.3.16.RELEASE]
	at javax.servlet.http.HttpServlet.service(HttpServlet.java:742) ~[tomcat-embed-core-8.5.29.jar:8.5.29]
	at org.apache.catalina.core.ApplicationFilterChain.internalDoFilter(ApplicationFilterChain.java:231) ~[tomcat-embed-core-8.5.29.jar:8.5.29]
	at org.apache.catalina.core.ApplicationFilterChain.doFilter(ApplicationFilterChain.java:166) ~[tomcat-embed-core-8.5.29.jar:8.5.29]
	at org.apache.tomcat.websocket.server.WsFilter.doFilter(WsFilter.java:52) ~[tomcat-embed-websocket-8.5.29.jar:8.5.29]
	at org.apache.catalina.core.ApplicationFilterChain.internalDoFilter(ApplicationFilterChain.java:193) ~[tomcat-embed-core-8.5.29.jar:8.5.29]
	at org.apache.catalina.core.ApplicationFilterChain.doFilter(ApplicationFilterChain.java:166) ~[tomcat-embed-core-8.5.29.jar:8.5.29]
	at org.springframework.web.filter.RequestContextFilter.doFilterInternal(RequestContextFilter.java:99) ~[spring-web-4.3.16.RELEASE.jar:4.3.16.RELEASE]
	at org.springframework.web.filter.OncePerRequestFilter.doFilter(OncePerRequestFilter.java:107) ~[spring-web-4.3.16.RELEASE.jar:4.3.16.RELEASE]
	at org.apache.catalina.core.ApplicationFilterChain.internalDoFilter(ApplicationFilterChain.java:193) ~[tomcat-embed-core-8.5.29.jar:8.5.29]
	at org.apache.catalina.core.ApplicationFilterChain.doFilter(ApplicationFilterChain.java:166) ~[tomcat-embed-core-8.5.29.jar:8.5.29]
	at org.springframework.web.filter.HttpPutFormContentFilter.doFilterInternal(HttpPutFormContentFilter.java:109) ~[spring-web-4.3.16.RELEASE.jar:4.3.16.RELEASE]
	at org.springframework.web.filter.OncePerRequestFilter.doFilter(OncePerRequestFilter.java:107) ~[spring-web-4.3.16.RELEASE.jar:4.3.16.RELEASE]
	at org.apache.catalina.core.ApplicationFilterChain.internalDoFilter(ApplicationFilterChain.java:193) ~[tomcat-embed-core-8.5.29.jar:8.5.29]
	at org.apache.catalina.core.ApplicationFilterChain.doFilter(ApplicationFilterChain.java:166) ~[tomcat-embed-core-8.5.29.jar:8.5.29]
	at org.springframework.web.filter.HiddenHttpMethodFilter.doFilterInternal(HiddenHttpMethodFilter.java:81) ~[spring-web-4.3.16.RELEASE.jar:4.3.16.RELEASE]
	at org.springframework.web.filter.OncePerRequestFilter.doFilter(OncePerRequestFilter.java:107) ~[spring-web-4.3.16.RELEASE.jar:4.3.16.RELEASE]
	at org.apache.catalina.core.ApplicationFilterChain.internalDoFilter(ApplicationFilterChain.java:193) ~[tomcat-embed-core-8.5.29.jar:8.5.29]
	at org.apache.catalina.core.ApplicationFilterChain.doFilter(ApplicationFilterChain.java:166) ~[tomcat-embed-core-8.5.29.jar:8.5.29]
	at org.springframework.web.filter.CharacterEncodingFilter.doFilterInternal(CharacterEncodingFilter.java:197) ~[spring-web-4.3.16.RELEASE.jar:4.3.16.RELEASE]
	at org.springframework.web.filter.OncePerRequestFilter.doFilter(OncePerRequestFilter.java:107) ~[spring-web-4.3.16.RELEASE.jar:4.3.16.RELEASE]
	at org.apache.catalina.core.ApplicationFilterChain.internalDoFilter(ApplicationFilterChain.java:193) ~[tomcat-embed-core-8.5.29.jar:8.5.29]
	at org.apache.catalina.core.ApplicationFilterChain.doFilter(ApplicationFilterChain.java:166) ~[tomcat-embed-core-8.5.29.jar:8.5.29]
	at org.apache.catalina.core.StandardWrapperValve.invoke(StandardWrapperValve.java:198) ~[tomcat-embed-core-8.5.29.jar:8.5.29]
	at org.apache.catalina.core.StandardContextValve.invoke(StandardContextValve.java:96) [tomcat-embed-core-8.5.29.jar:8.5.29]
	at org.apache.catalina.authenticator.AuthenticatorBase.invoke(AuthenticatorBase.java:496) [tomcat-embed-core-8.5.29.jar:8.5.29]
	at org.apache.catalina.core.StandardHostValve.invoke(StandardHostValve.java:140) [tomcat-embed-core-8.5.29.jar:8.5.29]
	at org.apache.catalina.valves.ErrorReportValve.invoke(ErrorReportValve.java:81) [tomcat-embed-core-8.5.29.jar:8.5.29]
	at org.apache.catalina.core.StandardEngineValve.invoke(StandardEngineValve.java:87) [tomcat-embed-core-8.5.29.jar:8.5.29]
	at org.apache.catalina.connector.CoyoteAdapter.service(CoyoteAdapter.java:342) [tomcat-embed-core-8.5.29.jar:8.5.29]
	at org.apache.coyote.http11.Http11Processor.service(Http11Processor.java:803) [tomcat-embed-core-8.5.29.jar:8.5.29]
	at org.apache.coyote.AbstractProcessorLight.process(AbstractProcessorLight.java:66) [tomcat-embed-core-8.5.29.jar:8.5.29]
	at org.apache.coyote.AbstractProtocol$ConnectionHandler.process(AbstractProtocol.java:790) [tomcat-embed-core-8.5.29.jar:8.5.29]
	at org.apache.tomcat.util.net.NioEndpoint$SocketProcessor.doRun(NioEndpoint.java:1459) [tomcat-embed-core-8.5.29.jar:8.5.29]
	at org.apache.tomcat.util.net.SocketProcessorBase.run(SocketProcessorBase.java:49) [tomcat-embed-core-8.5.29.jar:8.5.29]
	at java.util.concurrent.ThreadPoolExecutor.runWorker(ThreadPoolExecutor.java:1145) [na:1.7.0_80]
	at java.util.concurrent.ThreadPoolExecutor$Worker.run(ThreadPoolExecutor.java:615) [na:1.7.0_80]
	at org.apache.tomcat.util.threads.TaskThread$WrappingRunnable.run(TaskThread.java:61) [tomcat-embed-core-8.5.29.jar:8.5.29]
	at java.lang.Thread.run(Thread.java:745) [na:1.7.0_80]

2018-06-18 22:29:47.042  INFO 10592 --- [http-nio-8090-exec-7] b.c.dbintegrationapi.dao.IntegrationDao  : java.vendor: Oracle Corporation
2018-06-18 22:29:47.042  INFO 10592 --- [http-nio-8090-exec-7] b.c.dbintegrationapi.dao.IntegrationDao  : java.vendor.url: http://java.oracle.com/
2018-06-18 22:29:47.043  INFO 10592 --- [http-nio-8090-exec-7] b.c.dbintegrationapi.dao.IntegrationDao  : java.version: 1.7.0_80
2018-06-18 22:29:47.043  INFO 10592 --- [http-nio-8090-exec-7] b.c.dbintegrationapi.dao.IntegrationDao  : sun.arch.data.model: 64
2018-06-18 22:29:47.044  INFO 10592 --- [http-nio-8090-exec-7] b.c.dbintegrationapi.dao.IntegrationDao  : Executing query:
2018-06-18 22:29:47.044  INFO 10592 --- [http-nio-8090-exec-7] b.c.dbintegrationapi.dao.IntegrationDao  : null:ritz:root
2018-06-18 22:29:47.054  INFO 10592 --- [http-nio-8090-exec-7] b.c.dbintegrationapi.dao.IntegrationDao  : SELECT * FROM vendedor WHERE empresa_id = 3
2018-06-18 22:29:47.056 ERROR 10592 --- [http-nio-8090-exec-7] o.a.c.c.C.[.[.[/].[dispatcherServlet]    : Servlet.service() for servlet [dispatcherServlet] in context with path [] threw exception [Request processing failed; nested exception is java.lang.RuntimeException: Problemas ao recuperar a lista de vendedores. com.mysql.jdbc.Driver] with root cause

java.lang.ClassNotFoundException: com.mysql.jdbc.Driver
	at java.net.URLClassLoader$1.run(URLClassLoader.java:366) ~[na:1.7.0_80]
	at java.net.URLClassLoader$1.run(URLClassLoader.java:355) ~[na:1.7.0_80]
	at java.security.AccessController.doPrivileged(Native Method) ~[na:1.7.0_80]
	at java.net.URLClassLoader.findClass(URLClassLoader.java:354) ~[na:1.7.0_80]
	at java.lang.ClassLoader.loadClass(ClassLoader.java:425) ~[na:1.7.0_80]
	at sun.misc.Launcher$AppClassLoader.loadClass(Launcher.java:308) ~[na:1.7.0_80]
	at java.lang.ClassLoader.loadClass(ClassLoader.java:358) ~[na:1.7.0_80]
	at org.springframework.boot.devtools.restart.classloader.RestartClassLoader.loadClass(RestartClassLoader.java:152) ~[spring-boot-devtools-1.5.12.RELEASE.jar:1.5.12.RELEASE]
	at java.lang.ClassLoader.loadClass(ClassLoader.java:358) ~[na:1.7.0_80]
	at java.lang.Class.forName0(Native Method) ~[na:1.7.0_80]
	at java.lang.Class.forName(Class.java:195) ~[na:1.7.0_80]
	at br.com.dbintegrationapi.dao.Dao.getConnection(Dao.java:46) ~[classes/:na]
	at br.com.dbintegrationapi.dao.IntegrationDao.listSalesman(IntegrationDao.java:160) ~[classes/:na]
	at br.com.dbintegrationapi.resource.ObjectResource.salesman(ObjectResource.java:44) ~[classes/:na]
	at sun.reflect.NativeMethodAccessorImpl.invoke0(Native Method) ~[na:1.7.0_80]
	at sun.reflect.NativeMethodAccessorImpl.invoke(NativeMethodAccessorImpl.java:57) ~[na:1.7.0_80]
	at sun.reflect.DelegatingMethodAccessorImpl.invoke(DelegatingMethodAccessorImpl.java:43) ~[na:1.7.0_80]
	at java.lang.reflect.Method.invoke(Method.java:606) ~[na:1.7.0_80]
	at org.springframework.web.method.support.InvocableHandlerMethod.doInvoke(InvocableHandlerMethod.java:205) ~[spring-web-4.3.16.RELEASE.jar:4.3.16.RELEASE]
	at org.springframework.web.method.support.InvocableHandlerMethod.invokeForRequest(InvocableHandlerMethod.java:133) ~[spring-web-4.3.16.RELEASE.jar:4.3.16.RELEASE]
	at org.springframework.web.servlet.mvc.method.annotation.ServletInvocableHandlerMethod.invokeAndHandle(ServletInvocableHandlerMethod.java:97) ~[spring-webmvc-4.3.16.RELEASE.jar:4.3.16.RELEASE]
	at org.springframework.web.servlet.mvc.method.annotation.RequestMappingHandlerAdapter.invokeHandlerMethod(RequestMappingHandlerAdapter.java:827) ~[spring-webmvc-4.3.16.RELEASE.jar:4.3.16.RELEASE]
	at org.springframework.web.servlet.mvc.method.annotation.RequestMappingHandlerAdapter.handleInternal(RequestMappingHandlerAdapter.java:738) ~[spring-webmvc-4.3.16.RELEASE.jar:4.3.16.RELEASE]
	at org.springframework.web.servlet.mvc.method.AbstractHandlerMethodAdapter.handle(AbstractHandlerMethodAdapter.java:85) ~[spring-webmvc-4.3.16.RELEASE.jar:4.3.16.RELEASE]
	at org.springframework.web.servlet.DispatcherServlet.doDispatch(DispatcherServlet.java:967) ~[spring-webmvc-4.3.16.RELEASE.jar:4.3.16.RELEASE]
	at org.springframework.web.servlet.DispatcherServlet.doService(DispatcherServlet.java:901) ~[spring-webmvc-4.3.16.RELEASE.jar:4.3.16.RELEASE]
	at org.springframework.web.servlet.FrameworkServlet.processRequest(FrameworkServlet.java:970) ~[spring-webmvc-4.3.16.RELEASE.jar:4.3.16.RELEASE]
	at org.springframework.web.servlet.FrameworkServlet.doPost(FrameworkServlet.java:872) ~[spring-webmvc-4.3.16.RELEASE.jar:4.3.16.RELEASE]
	at javax.servlet.http.HttpServlet.service(HttpServlet.java:661) ~[tomcat-embed-core-8.5.29.jar:8.5.29]
	at org.springframework.web.servlet.FrameworkServlet.service(FrameworkServlet.java:846) ~[spring-webmvc-4.3.16.RELEASE.jar:4.3.16.RELEASE]
	at javax.servlet.http.HttpServlet.service(HttpServlet.java:742) ~[tomcat-embed-core-8.5.29.jar:8.5.29]
	at org.apache.catalina.core.ApplicationFilterChain.internalDoFilter(ApplicationFilterChain.java:231) ~[tomcat-embed-core-8.5.29.jar:8.5.29]
	at org.apache.catalina.core.ApplicationFilterChain.doFilter(ApplicationFilterChain.java:166) ~[tomcat-embed-core-8.5.29.jar:8.5.29]
	at org.apache.tomcat.websocket.server.WsFilter.doFilter(WsFilter.java:52) ~[tomcat-embed-websocket-8.5.29.jar:8.5.29]
	at org.apache.catalina.core.ApplicationFilterChain.internalDoFilter(ApplicationFilterChain.java:193) ~[tomcat-embed-core-8.5.29.jar:8.5.29]
	at org.apache.catalina.core.ApplicationFilterChain.doFilter(ApplicationFilterChain.java:166) ~[tomcat-embed-core-8.5.29.jar:8.5.29]
	at org.springframework.web.filter.RequestContextFilter.doFilterInternal(RequestContextFilter.java:99) ~[spring-web-4.3.16.RELEASE.jar:4.3.16.RELEASE]
	at org.springframework.web.filter.OncePerRequestFilter.doFilter(OncePerRequestFilter.java:107) ~[spring-web-4.3.16.RELEASE.jar:4.3.16.RELEASE]
	at org.apache.catalina.core.ApplicationFilterChain.internalDoFilter(ApplicationFilterChain.java:193) ~[tomcat-embed-core-8.5.29.jar:8.5.29]
	at org.apache.catalina.core.ApplicationFilterChain.doFilter(ApplicationFilterChain.java:166) ~[tomcat-embed-core-8.5.29.jar:8.5.29]
	at org.springframework.web.filter.HttpPutFormContentFilter.doFilterInternal(HttpPutFormContentFilter.java:109) ~[spring-web-4.3.16.RELEASE.jar:4.3.16.RELEASE]
	at org.springframework.web.filter.OncePerRequestFilter.doFilter(OncePerRequestFilter.java:107) ~[spring-web-4.3.16.RELEASE.jar:4.3.16.RELEASE]
	at org.apache.catalina.core.ApplicationFilterChain.internalDoFilter(ApplicationFilterChain.java:193) ~[tomcat-embed-core-8.5.29.jar:8.5.29]
	at org.apache.catalina.core.ApplicationFilterChain.doFilter(ApplicationFilterChain.java:166) ~[tomcat-embed-core-8.5.29.jar:8.5.29]
	at org.springframework.web.filter.HiddenHttpMethodFilter.doFilterInternal(HiddenHttpMethodFilter.java:81) ~[spring-web-4.3.16.RELEASE.jar:4.3.16.RELEASE]
	at org.springframework.web.filter.OncePerRequestFilter.doFilter(OncePerRequestFilter.java:107) ~[spring-web-4.3.16.RELEASE.jar:4.3.16.RELEASE]
	at org.apache.catalina.core.ApplicationFilterChain.internalDoFilter(ApplicationFilterChain.java:193) ~[tomcat-embed-core-8.5.29.jar:8.5.29]
	at org.apache.catalina.core.ApplicationFilterChain.doFilter(ApplicationFilterChain.java:166) ~[tomcat-embed-core-8.5.29.jar:8.5.29]
	at org.springframework.web.filter.CharacterEncodingFilter.doFilterInternal(CharacterEncodingFilter.java:197) ~[spring-web-4.3.16.RELEASE.jar:4.3.16.RELEASE]
	at org.springframework.web.filter.OncePerRequestFilter.doFilter(OncePerRequestFilter.java:107) ~[spring-web-4.3.16.RELEASE.jar:4.3.16.RELEASE]
	at org.apache.catalina.core.ApplicationFilterChain.internalDoFilter(ApplicationFilterChain.java:193) ~[tomcat-embed-core-8.5.29.jar:8.5.29]
	at org.apache.catalina.core.ApplicationFilterChain.doFilter(ApplicationFilterChain.java:166) ~[tomcat-embed-core-8.5.29.jar:8.5.29]
	at org.apache.catalina.core.StandardWrapperValve.invoke(StandardWrapperValve.java:198) ~[tomcat-embed-core-8.5.29.jar:8.5.29]
	at org.apache.catalina.core.StandardContextValve.invoke(StandardContextValve.java:96) [tomcat-embed-core-8.5.29.jar:8.5.29]
	at org.apache.catalina.authenticator.AuthenticatorBase.invoke(AuthenticatorBase.java:496) [tomcat-embed-core-8.5.29.jar:8.5.29]
	at org.apache.catalina.core.StandardHostValve.invoke(StandardHostValve.java:140) [tomcat-embed-core-8.5.29.jar:8.5.29]
	at org.apache.catalina.valves.ErrorReportValve.invoke(ErrorReportValve.java:81) [tomcat-embed-core-8.5.29.jar:8.5.29]
	at org.apache.catalina.core.StandardEngineValve.invoke(StandardEngineValve.java:87) [tomcat-embed-core-8.5.29.jar:8.5.29]
	at org.apache.catalina.connector.CoyoteAdapter.service(CoyoteAdapter.java:342) [tomcat-embed-core-8.5.29.jar:8.5.29]
	at org.apache.coyote.http11.Http11Processor.service(Http11Processor.java:803) [tomcat-embed-core-8.5.29.jar:8.5.29]
	at org.apache.coyote.AbstractProcessorLight.process(AbstractProcessorLight.java:66) [tomcat-embed-core-8.5.29.jar:8.5.29]
	at org.apache.coyote.AbstractProtocol$ConnectionHandler.process(AbstractProtocol.java:790) [tomcat-embed-core-8.5.29.jar:8.5.29]
	at org.apache.tomcat.util.net.NioEndpoint$SocketProcessor.doRun(NioEndpoint.java:1459) [tomcat-embed-core-8.5.29.jar:8.5.29]
	at org.apache.tomcat.util.net.SocketProcessorBase.run(SocketProcessorBase.java:49) [tomcat-embed-core-8.5.29.jar:8.5.29]
	at java.util.concurrent.ThreadPoolExecutor.runWorker(ThreadPoolExecutor.java:1145) [na:1.7.0_80]
	at java.util.concurrent.ThreadPoolExecutor$Worker.run(ThreadPoolExecutor.java:615) [na:1.7.0_80]
	at org.apache.tomcat.util.threads.TaskThread$WrappingRunnable.run(TaskThread.java:61) [tomcat-embed-core-8.5.29.jar:8.5.29]
	at java.lang.Thread.run(Thread.java:745) [na:1.7.0_80]

2018-06-18 22:30:22.803  INFO 10592 --- [http-nio-8090-exec-1] b.c.dbintegrationapi.dao.IntegrationDao  : java.vendor: Oracle Corporation
2018-06-18 22:30:22.803  INFO 10592 --- [http-nio-8090-exec-3] b.c.dbintegrationapi.dao.IntegrationDao  : java.vendor: Oracle Corporation
2018-06-18 22:30:22.835  INFO 10592 --- [http-nio-8090-exec-3] b.c.dbintegrationapi.dao.IntegrationDao  : java.vendor.url: http://java.oracle.com/
2018-06-18 22:30:22.835  INFO 10592 --- [http-nio-8090-exec-1] b.c.dbintegrationapi.dao.IntegrationDao  : java.vendor.url: http://java.oracle.com/
2018-06-18 22:30:22.835  INFO 10592 --- [http-nio-8090-exec-3] b.c.dbintegrationapi.dao.IntegrationDao  : java.version: 1.7.0_80
2018-06-18 22:30:22.835  INFO 10592 --- [http-nio-8090-exec-3] b.c.dbintegrationapi.dao.IntegrationDao  : sun.arch.data.model: 64
2018-06-18 22:30:22.835  INFO 10592 --- [http-nio-8090-exec-1] b.c.dbintegrationapi.dao.IntegrationDao  : java.version: 1.7.0_80
2018-06-18 22:30:22.842  INFO 10592 --- [http-nio-8090-exec-3] b.c.dbintegrationapi.dao.IntegrationDao  : Executing query:
2018-06-18 22:30:22.842  INFO 10592 --- [http-nio-8090-exec-1] b.c.dbintegrationapi.dao.IntegrationDao  : sun.arch.data.model: 64
2018-06-18 22:30:22.842  INFO 10592 --- [http-nio-8090-exec-3] b.c.dbintegrationapi.dao.IntegrationDao  : null:ritz:root
2018-06-18 22:30:22.843  INFO 10592 --- [http-nio-8090-exec-1] b.c.dbintegrationapi.dao.IntegrationDao  : Executing query:
2018-06-18 22:30:22.843  INFO 10592 --- [http-nio-8090-exec-3] b.c.dbintegrationapi.dao.IntegrationDao  : SELECT * FROM FORNECEDOR WHERE (nome like '%Nilza Aparecida P. Martins%' OR desc_abrev like '%Nilza Aparecida P. Martins%' OR nome like '%Nilza Aparecida P.%' OR desc_abrev like '%Nilza Aparecida P.%');
2018-06-18 22:30:22.843  INFO 10592 --- [http-nio-8090-exec-1] b.c.dbintegrationapi.dao.IntegrationDao  : null:ritz:root
2018-06-18 22:30:22.843  INFO 10592 --- [http-nio-8090-exec-1] b.c.dbintegrationapi.dao.IntegrationDao  : SELECT * FROM vendedor WHERE empresa_id = 3
2018-06-18 22:30:24.042  INFO 10592 --- [http-nio-8090-exec-6] b.c.dbintegrationapi.dao.IntegrationDao  : java.vendor: Oracle Corporation
2018-06-18 22:30:24.048  INFO 10592 --- [http-nio-8090-exec-6] b.c.dbintegrationapi.dao.IntegrationDao  : java.vendor.url: http://java.oracle.com/
2018-06-18 22:30:24.048  INFO 10592 --- [http-nio-8090-exec-6] b.c.dbintegrationapi.dao.IntegrationDao  : java.version: 1.7.0_80
2018-06-18 22:30:24.049  INFO 10592 --- [http-nio-8090-exec-6] b.c.dbintegrationapi.dao.IntegrationDao  : sun.arch.data.model: 64
2018-06-18 22:30:24.049  INFO 10592 --- [http-nio-8090-exec-6] b.c.dbintegrationapi.dao.IntegrationDao  : Executing query:
2018-06-18 22:30:24.049  INFO 10592 --- [http-nio-8090-exec-6] b.c.dbintegrationapi.dao.IntegrationDao  : null:ritz:root
2018-06-18 22:30:24.049  INFO 10592 --- [http-nio-8090-exec-6] b.c.dbintegrationapi.dao.IntegrationDao  : SELECT * FROM vendedor WHERE empresa_id = 3
2018-06-18 22:32:29.254  INFO 10592 --- [http-nio-8090-exec-8] b.c.dbintegrationapi.dao.IntegrationDao  : java.vendor: Oracle Corporation
2018-06-18 22:32:29.260  INFO 10592 --- [http-nio-8090-exec-8] b.c.dbintegrationapi.dao.IntegrationDao  : java.vendor.url: http://java.oracle.com/
2018-06-18 22:32:29.261  INFO 10592 --- [http-nio-8090-exec-8] b.c.dbintegrationapi.dao.IntegrationDao  : java.version: 1.7.0_80
2018-06-18 22:32:29.261  INFO 10592 --- [http-nio-8090-exec-8] b.c.dbintegrationapi.dao.IntegrationDao  : sun.arch.data.model: 64
2018-06-18 22:32:29.261  INFO 10592 --- [http-nio-8090-exec-8] b.c.dbintegrationapi.dao.IntegrationDao  : Executing query:
2018-06-18 22:32:29.261  INFO 10592 --- [http-nio-8090-exec-8] b.c.dbintegrationapi.dao.IntegrationDao  : null:ritz:root
2018-06-18 22:32:29.261  INFO 10592 --- [http-nio-8090-exec-8] b.c.dbintegrationapi.dao.IntegrationDao  : SELECT * FROM vendedor WHERE empresa_id = 3
2018-06-18 22:34:53.738  INFO 10592 --- [http-nio-8090-exec-2] b.c.dbintegrationapi.dao.IntegrationDao  : java.vendor: Oracle Corporation
2018-06-18 22:34:53.743  INFO 10592 --- [http-nio-8090-exec-2] b.c.dbintegrationapi.dao.IntegrationDao  : java.vendor.url: http://java.oracle.com/
2018-06-18 22:34:53.749  INFO 10592 --- [http-nio-8090-exec-2] b.c.dbintegrationapi.dao.IntegrationDao  : java.version: 1.7.0_80
2018-06-18 22:34:53.750  INFO 10592 --- [http-nio-8090-exec-2] b.c.dbintegrationapi.dao.IntegrationDao  : sun.arch.data.model: 64
2018-06-18 22:34:53.750  INFO 10592 --- [http-nio-8090-exec-2] b.c.dbintegrationapi.dao.IntegrationDao  : Executing query:
2018-06-18 22:34:53.750  INFO 10592 --- [http-nio-8090-exec-2] b.c.dbintegrationapi.dao.IntegrationDao  : null:ritz:root
2018-06-18 22:34:53.757  INFO 10592 --- [http-nio-8090-exec-2] b.c.dbintegrationapi.dao.IntegrationDao  : SELECT * FROM vendedor WHERE empresa_id = 51
2018-06-18 23:51:05.359  INFO 10592 --- [RMI TCP Connection(105)-127.0.0.1] inMXBeanRegistrar$SpringApplicationAdmin : Application shutdown requested.
2018-06-18 23:51:05.367  INFO 10592 --- [RMI TCP Connection(105)-127.0.0.1] ationConfigEmbeddedWebApplicationContext : Closing org.springframework.boot.context.embedded.AnnotationConfigEmbeddedWebApplicationContext@6244e905: startup date [Mon Jun 18 22:13:54 BRT 2018]; root of context hierarchy
2018-06-18 23:51:05.369  INFO 10592 --- [RMI TCP Connection(105)-127.0.0.1] o.s.j.e.a.AnnotationMBeanExporter        : Unregistering JMX-exposed beans on shutdown
2018-06-20 21:54:47.339  INFO 14940 --- [restartedMain] b.c.d.WdbintegrationApiApplication       : Starting WdbintegrationApiApplication on WBA-NOTE with PID 14940 (C:\Developer\Projects\wdbintegration-api\target\classes started by Wenceslau in C:\Developer\Projects\wdbintegration-api)
2018-06-20 21:54:47.341  INFO 14940 --- [restartedMain] b.c.d.WdbintegrationApiApplication       : No active profile set, falling back to default profiles: default
2018-06-20 21:54:47.416  INFO 14940 --- [restartedMain] ationConfigEmbeddedWebApplicationContext : Refreshing org.springframework.boot.context.embedded.AnnotationConfigEmbeddedWebApplicationContext@115da77a: startup date [Wed Jun 20 21:54:47 BRT 2018]; root of context hierarchy
2018-06-20 21:54:48.759  INFO 14940 --- [restartedMain] s.b.c.e.t.TomcatEmbeddedServletContainer : Tomcat initialized with port(s): 8090 (http)
2018-06-20 21:54:48.788  INFO 14940 --- [restartedMain] o.apache.catalina.core.StandardService   : Starting service [Tomcat]
2018-06-20 21:54:48.789  INFO 14940 --- [restartedMain] org.apache.catalina.core.StandardEngine  : Starting Servlet Engine: Apache Tomcat/8.5.29
2018-06-20 21:54:48.856  INFO 14940 --- [localhost-startStop-1] o.a.c.c.C.[Tomcat].[localhost].[/]       : Initializing Spring embedded WebApplicationContext
2018-06-20 21:54:48.856  INFO 14940 --- [localhost-startStop-1] o.s.web.context.ContextLoader            : Root WebApplicationContext: initialization completed in 1444 ms
2018-06-20 21:54:49.038  INFO 14940 --- [localhost-startStop-1] o.s.b.w.servlet.ServletRegistrationBean  : Mapping servlet: 'dispatcherServlet' to [/]
2018-06-20 21:54:49.043  INFO 14940 --- [localhost-startStop-1] o.s.b.w.servlet.FilterRegistrationBean   : Mapping filter: 'characterEncodingFilter' to: [/*]
2018-06-20 21:54:49.044  INFO 14940 --- [localhost-startStop-1] o.s.b.w.servlet.FilterRegistrationBean   : Mapping filter: 'hiddenHttpMethodFilter' to: [/*]
2018-06-20 21:54:49.044  INFO 14940 --- [localhost-startStop-1] o.s.b.w.servlet.FilterRegistrationBean   : Mapping filter: 'httpPutFormContentFilter' to: [/*]
2018-06-20 21:54:49.044  INFO 14940 --- [localhost-startStop-1] o.s.b.w.servlet.FilterRegistrationBean   : Mapping filter: 'requestContextFilter' to: [/*]
2018-06-20 21:54:49.422  INFO 14940 --- [restartedMain] s.w.s.m.m.a.RequestMappingHandlerAdapter : Looking for @ControllerAdvice: org.springframework.boot.context.embedded.AnnotationConfigEmbeddedWebApplicationContext@115da77a: startup date [Wed Jun 20 21:54:47 BRT 2018]; root of context hierarchy
2018-06-20 21:54:49.479  INFO 14940 --- [restartedMain] s.w.s.m.m.a.RequestMappingHandlerMapping : Mapped "{[/object/nonWorkdays],methods=[POST]}" onto public java.util.List<br.com.library.wlibrary.att.NonWorkdays> br.com.dbintegrationapi.resource.ObjectResource.nonWorkdays(br.com.library.wlibrary.core.DataQuery)
2018-06-20 21:54:49.481  INFO 14940 --- [restartedMain] s.w.s.m.m.a.RequestMappingHandlerMapping : Mapped "{[/object/payment],methods=[POST]}" onto public org.springframework.http.ResponseEntity<?> br.com.dbintegrationapi.resource.ObjectResource.payment(br.com.library.wlibrary.core.DataQuery)
2018-06-20 21:54:49.489  INFO 14940 --- [restartedMain] s.w.s.m.m.a.RequestMappingHandlerMapping : Mapped "{[/object/supplier],methods=[POST]}" onto public java.util.List<br.com.library.wlibrary.att.Supplier> br.com.dbintegrationapi.resource.ObjectResource.supplier(br.com.library.wlibrary.core.DataQuery)
2018-06-20 21:54:49.489  INFO 14940 --- [restartedMain] s.w.s.m.m.a.RequestMappingHandlerMapping : Mapped "{[/object/salesman],methods=[POST]}" onto public java.util.List<br.com.library.wlibrary.att.Salesman> br.com.dbintegrationapi.resource.ObjectResource.salesman(br.com.library.wlibrary.core.DataQuery)
2018-06-20 21:54:49.490  INFO 14940 --- [restartedMain] s.w.s.m.m.a.RequestMappingHandlerMapping : Mapped "{[/object],methods=[GET]}" onto public org.springframework.http.ResponseEntity<?> br.com.dbintegrationapi.resource.ObjectResource.getDataQuery()
2018-06-20 21:54:49.492  INFO 14940 --- [restartedMain] s.w.s.m.m.a.RequestMappingHandlerMapping : Mapped "{[/object/comission],methods=[POST]}" onto public org.springframework.http.ResponseEntity<?> br.com.dbintegrationapi.resource.ObjectResource.comission(br.com.library.wlibrary.core.DataQuery)
2018-06-20 21:54:49.496  INFO 14940 --- [restartedMain] s.w.s.m.m.a.RequestMappingHandlerMapping : Mapped "{[/error]}" onto public org.springframework.http.ResponseEntity<java.util.Map<java.lang.String, java.lang.Object>> org.springframework.boot.autoconfigure.web.BasicErrorController.error(javax.servlet.http.HttpServletRequest)
2018-06-20 21:54:49.496  INFO 14940 --- [restartedMain] s.w.s.m.m.a.RequestMappingHandlerMapping : Mapped "{[/error],produces=[text/html]}" onto public org.springframework.web.servlet.ModelAndView org.springframework.boot.autoconfigure.web.BasicErrorController.errorHtml(javax.servlet.http.HttpServletRequest,javax.servlet.http.HttpServletResponse)
2018-06-20 21:54:49.534  INFO 14940 --- [restartedMain] o.s.w.s.handler.SimpleUrlHandlerMapping  : Mapped URL path [/webjars/**] onto handler of type [class org.springframework.web.servlet.resource.ResourceHttpRequestHandler]
2018-06-20 21:54:49.534  INFO 14940 --- [restartedMain] o.s.w.s.handler.SimpleUrlHandlerMapping  : Mapped URL path [/**] onto handler of type [class org.springframework.web.servlet.resource.ResourceHttpRequestHandler]
2018-06-20 21:54:49.611  INFO 14940 --- [restartedMain] o.s.w.s.handler.SimpleUrlHandlerMapping  : Mapped URL path [/**/favicon.ico] onto handler of type [class org.springframework.web.servlet.resource.ResourceHttpRequestHandler]
2018-06-20 21:54:49.839  INFO 14940 --- [restartedMain] o.s.b.d.a.OptionalLiveReloadServer       : LiveReload server is running on port 35729
2018-06-20 21:54:49.983  INFO 14940 --- [restartedMain] o.s.j.e.a.AnnotationMBeanExporter        : Registering beans for JMX exposure on startup
2018-06-20 21:54:50.093  INFO 14940 --- [restartedMain] s.b.c.e.t.TomcatEmbeddedServletContainer : Tomcat started on port(s): 8090 (http)
2018-06-20 21:54:50.101  INFO 14940 --- [restartedMain] b.c.d.WdbintegrationApiApplication       : Started WdbintegrationApiApplication in 3.023 seconds (JVM running for 3.677)
2018-06-20 22:08:36.247  INFO 14940 --- [http-nio-8090-exec-1] o.a.c.c.C.[Tomcat].[localhost].[/]       : Initializing Spring FrameworkServlet 'dispatcherServlet'
2018-06-20 22:08:36.257  INFO 14940 --- [http-nio-8090-exec-1] o.s.web.servlet.DispatcherServlet        : FrameworkServlet 'dispatcherServlet': initialization started
2018-06-20 22:08:36.291  INFO 14940 --- [http-nio-8090-exec-1] o.s.web.servlet.DispatcherServlet        : FrameworkServlet 'dispatcherServlet': initialization completed in 34 ms
2018-06-20 22:08:36.417  INFO 14940 --- [http-nio-8090-exec-1] b.c.dbintegrationapi.dao.IntegrationDao  : java.vendor: Oracle Corporation
2018-06-20 22:08:36.417  INFO 14940 --- [http-nio-8090-exec-1] b.c.dbintegrationapi.dao.IntegrationDao  : java.vendor.url: http://java.oracle.com/
2018-06-20 22:08:36.417  INFO 14940 --- [http-nio-8090-exec-1] b.c.dbintegrationapi.dao.IntegrationDao  : java.version: 1.7.0_80
2018-06-20 22:08:36.417  INFO 14940 --- [http-nio-8090-exec-1] b.c.dbintegrationapi.dao.IntegrationDao  : sun.arch.data.model: 64
2018-06-20 22:08:36.417  INFO 14940 --- [http-nio-8090-exec-1] b.c.dbintegrationapi.dao.IntegrationDao  : Executing query:
2018-06-20 22:08:36.417  INFO 14940 --- [http-nio-8090-exec-1] b.c.dbintegrationapi.dao.IntegrationDao  : null:ritz:root
2018-06-20 22:08:36.417  INFO 14940 --- [http-nio-8090-exec-1] b.c.dbintegrationapi.dao.IntegrationDao  : SELECT 'P' 									AS tipo,
 		empresa.nome_fantasia, 
 		vendedor.vendedor_id,   
 		vendedor.apelido,
 		valor_total          			= ( SELECT ISNULL(SUM(valor_total),0) FROM conta_receber WHERE empresa_id = 3 AND data_movimento BETWEEN 2018-06-01 AND 2018-06-30) ,   
 		valor_total_troca    			= ( (	SELECT ISNULL(SUM(NOTA_fiscal.valor_total),0)
 												FROM NOTA_fiscal ,   
 													  VENDEDOR v  
 												WHERE NOTA_fiscal.empresa_id   		= 3 						
 												AND	NOTA_fiscal.data_venda 			BETWEEN 2018-06-01 AND 2018-06-30 	
 												AND	NOTA_fiscal.vendedor1_id 		= v.vendedor_id 						
 												AND	v.vendedor_id            		= vendedor.vendedor_id         
 												AND	NOTA_fiscal.tpo_id 				IN (1,2)                              
 												AND	NOTA_fiscal.cancelada			= 0									
 												AND	EXISTS (SELECT 1 
 																	FROM 	nota_fiscal nf1 
 																	WHERE nf1.empresa_id        	= NOTA_fiscal.empresa_id
 																	AND 	nf1.nota_fiscal_id    	= NOTA_fiscal.nota_fiscal_id -1
 																	AND 	nf1.tipo_pagamento_id	= NOTA_fiscal.tipo_pagamento_id 
 																	AND 	nf1.tpo_id 				= 11)
 												)   
 													+   
 											( 	SELECT ISNULL(SUM(NOTA_fiscal.valor_total),0) * (- 1)
 												FROM NOTA_fiscal ,
 													  TIPO_OPERACAO tpo,    
 													  VENDEDOR v  
 												WHERE NOTA_fiscal.empresa_id 	= 3 							
 												AND	NOTA_fiscal.data_venda 		BETWEEN 2018-06-01 AND 2018-06-30 	
 												AND	NOTA_fiscal.vendedor1_id	= v.vendedor_id 						
 												AND	v.vendedor_id            	= vendedor.vendedor_id          
 												AND	tpo.tpo_id    				= NOTA_fiscal.tpo_id                      
 												AND	tpo.tipo_movimentacao_id	= 2               
 												AND	NOTA_fiscal.cancelada		= 0
 											 )                           
 										),
 		 valor_total_vendedor 			= ( SELECT SUM ( ( IF nota_fiscal.vendedor2_id IS NULL THEN ISNULL(conta_receber.valor_total,0) ELSE ISNULL(conta_receber.valor_total,0)/2 endIF) )
 											FROM 	conta_receber ,
 											   nota_fiscal ,
 											   tipo_operacao
 											WHERE conta_receber.empresa_id        		= nota_fiscal.empresa_id        	
 											AND conta_receber.nota_fiscal_id    	= nota_fiscal.nota_fiscal_id    	
 											AND conta_receber.tipo_pagamento_id 	= nota_fiscal.tipo_pagamento_id 	
 											AND	tipo_operacao.tpo_id            	= nota_fiscal.tpo_id            	
 											AND	( nota_fiscal.vendedor1_id 	  		= vendedor.vendedor_id OR  nota_fiscal.vendedor2_id = vendedor.vendedor_id) 
 											AND	nota_fiscal.cancelada		     	= 0				                  
 											AND	( nota_fiscal.id_cancela_comISsao 	= 0 OR nota_fiscal.id_cancela_comISsao IS NULL) 
 											AND	nota_fiscal.empresa_id 				= 3        					   		
 											AND	nota_fiscal.data_venda				BETWEEN 2018-06-01 AND 2018-06-30        
 													),
 		comissao_vendas					= (IF valor_total_vendedor >= MAX(mv.valor_cota) THEN (valor_total_vendedor * MAX(frc.vr_pessoal) / 100) ELSE (valor_total_vendedor * MAX(frc.vr_basico) / 100) ENDIF), 
 		comissao_trocas 				= (valor_total_troca * MAX(frc.vr_troca) / 100),
 		total_comissao 					= (comissao_vendas + comissao_trocas),
 		MAX(me.valor_cota) 				AS meta_empresa,
 		MAX(mv.valor_cota) 				AS meta_vendedor,
 		MAX(frc.vr_comISsao_loja)    	AS perc_loja,
 		MAX(frc.vr_basico)  			AS perc_basico,
 		MAX(frc.vr_pessoal)				AS perc_pessoal,
 		MAX(frc.vr_pessoal_loja)		AS perc_pessoal_loja,
 		MAX(frc.vr_troca) 				AS perc_troca
 FROM 	conta_receber  cr,
 		nota_fiscal  nf,
 		vendedor,
 		cargo,
 		tipo_operacao,
 		forma_recebimento_cargo_comISsao frc,
 		forma_recebimento fr,
 		forma_recebimento fr2,
 		periodo_comISsao pc,
 		META_VENDEDOR mv,
 		meta_empresa me,
 		empresa   
 WHERE 	empresa.empresa_id         		= cr.empresa_id        
 AND		empresa.grupo_empresa_id   		= pc.grupo_empresa_id  
 AND   	cr.empresa_id        			= nf.empresa_id       
 AND 	cr.nota_fiscal_id   			= nf.nota_fiscal_id    
 AND 	cr.tipo_pagamento_id 			= nf.tipo_pagamento_id 
 AND 	( pc.periodo_id   				= frc.periodo_id       ) 
 AND 	( ( (vendedor.vendedor_id 		= nf.vendedor1_id) 		 AND ( vendedor.cargo_id = cargo.cargo_id  ) ) OR     
 		( (vendedor.vendedor_id 		= nf.vendedor2_id)  	 AND ( vendedor.cargo_id = cargo.cargo_id  ) ) ) 
 AND 	( frc.cargo_id             		= cargo.cargo_id ) 
 AND 	( frc.forma_recebimento_id 		= fr.forma_recebimento_id ) 
 AND 	( cr.forma_recebimento_vda_id 	= fr2.forma_recebimento_id ) 
 AND 	( fr.forma_recebimento_id     	= fr2.forma_recebimento_id ) 
 AND 	( tipo_operacao.tpo_id = nf.tpo_id      ) 
 AND   	( fr.descricao_abrev_lancto  	in ('CX', 'CRCP', 'CR')) 
 AND  	( nf.cancelada		       		= 0 )
 AND 	( nf.id_cancela_comISsao 		= 0 OR nf.id_cancela_comISsao IS NULL ) 
 AND 	( cargo.id_pessoal       		= 1				) 
 AND		( nf.empresa_id 					= 3 						 )	
 AND 	( nf.data_venda					BETWEEN 2018-06-01 AND 2018-06-30) 
 AND 	( pc.dt_inicio					<= 2018-06-01 ) 
 AND 	( pc.dt_fim    					>= 2018-06-30 OR pc.dt_fim IS NULL)  
 AND   	( nf.vendedor1_id 				= vendedor.vendedor_id OR nf.vendedor2_id = vendedor.vendedor_id )
 AND 	me.empresa_id					=* nf.empresa_id
 AND   	me.ano_mes						= CONVERT( CHAR( 6 ), nf.data_venda, 112 )
 AND   	mv.vendedor_id	  				=* vendedor.vendedor_id
 AND   	mv.ano_mes						= CONVERT( CHAR( 6 ), nf.data_venda, 112 )
 AND vendedor.vendedor_id 				= 26
 
 GROUP BY tipo, empresa.nome_fantasia, vendedor.vendedor_id, vendedor.apelido  
 
 UNION ALL    
 
 SELECT 'L' as tipo,
 	 	empresa.nome_fantasia, 
 	 	v.vendedor_id,
 	 	v.apelido,
 	 	valor_total      				= ( SELECT ISNULL( SUM( (valor_total)  ), 0) FROM conta_receber WHERE empresa_id = 3 AND data_movimento BETWEEN 2018-06-01 AND 2018-06-30) ,
 	 	valor_total_troca 				= 0.00 ,
 	 	valor_total_vendedor 			= valor_total,
 	 	comissao_vendas					= ((valor_total_vendedor * MAX(frcc.vr_comISsao_loja) / 100)), 
 	 	comissao_trocas 				= 0.0,
 		total_comissao 					= (comissao_vendas + comissao_trocas),
 	 	MAX(me.valor_cota) 				AS meta_empresa,
 		0  						 		AS meta_vendedor,
 	 	MAX(frcc.vr_comISsao_loja)    	AS perc_loja,
 	 	MAX(frcc.vr_basico)  			AS perc_basico,
 	 	MAX(frcc.vr_pessoal)			AS perc_pessoal,
 	 	MAX(frcc.vr_pessoal_loja)		AS perc_pessoal_loja,
 	 	MAX(frcc.vr_troca) 				AS perc_troca 
 FROM 	conta_receber cr,
 	 	forma_recebimento fr,
 	 	nota_fiscal nf,
 		vendedor v,
 	 	cargo c,
 	 	forma_recebimento_cargo_comISsao frcc,
 	 	periodo_comISsao pc,
 	 	tipo_operacao tpo,
 	 	meta_empresa me,
 	 	empresa
 WHERE  empresa.empresa_id         			= cr.empresa_id        
 AND  	empresa.grupo_empresa_id   			= pc.grupo_empresa_id  
 AND 	cr.empresa_id 						= nf.empresa_id 
 AND	 	cr.nota_fiscal_id 					= nf.nota_fiscal_id
 AND 	cr.tipo_pagamento_id 				= nf.tipo_pagamento_id
 AND 	cr.forma_recebimento_vda_id 		= fr.forma_recebimento_id
 AND 	cr.forma_recebimento_vda_id 		= frcc.forma_recebimento_id
 AND 	v.cargo_id 							= frcc.cargo_id
 AND 	pc.periodo_id						= frcc.periodo_id
 AND 	nf.cancelada 						= 0
 AND 	nf.tpo_id 							= tpo.tpo_id
 AND 	( ( nf.id_cancela_comISsao 	= 0 ) 	OR ( nf.id_cancela_comISsao IS NULL ) )
 AND 	cr.data_movimento 					>= 2018-06-01 
 AND		cr.data_movimento 					<= 2018-06-30
 AND		 cr.empresa_id 						= 3
 AND 	v.cargo_id 							= c.cargo_id
 AND 	c.id_loja 							= 1
 AND 	v.empresa_id 						= 3
 AND 	v.id_ativo 							= 1
 AND 	(( pc.dt_inicio						<= 2018-06-01 ) 
 AND 	(( pc.dt_fim    					>= 2018-06-30) OR (pc.dt_fim IS NULL)))  
 AND 	me.empresa_id						=* nf.empresa_id
 AND 	me.ano_mes							= CONVERT( CHAR( 6 ), nf.data_venda, 112 )
 AND	 	v.vendedor_id						= 26
 GROUP BY tipo, empresa.nome_fantasia, v.vendedor_id, v.apelido, me.vr_cota_estrela;
          
2018-06-20 22:08:37.806 ERROR 14940 --- [http-nio-8090-exec-1] o.a.c.c.C.[.[.[/].[dispatcherServlet]    : Servlet.service() for servlet [dispatcherServlet] in context with path [] threw exception [Request processing failed; nested exception is java.lang.RuntimeException: Problemas ao recuperar comissao. [MySQL][ODBC 8.0(a) Driver][mysqld-8.0.11]You have an error in your SQL syntax; check the manual that corresponds to your MySQL server version for the right syntax to use near 'nota_fiscal.vendedor2_id IS NULL THEN ISNULL(conta_receber.valor_total,0) ELSE I' at line 36] with root cause

java.sql.SQLException: [MySQL][ODBC 8.0(a) Driver][mysqld-8.0.11]You have an error in your SQL syntax; check the manual that corresponds to your MySQL server version for the right syntax to use near 'nota_fiscal.vendedor2_id IS NULL THEN ISNULL(conta_receber.valor_total,0) ELSE I' at line 36
	at sun.jdbc.odbc.JdbcOdbc.createSQLException(JdbcOdbc.java:6964) ~[na:1.7.0_80]
	at sun.jdbc.odbc.JdbcOdbc.standardError(JdbcOdbc.java:7121) ~[na:1.7.0_80]
	at sun.jdbc.odbc.JdbcOdbc.SQLExecDirect(JdbcOdbc.java:3117) ~[na:1.7.0_80]
	at sun.jdbc.odbc.JdbcOdbcStatement.execute(JdbcOdbcStatement.java:337) ~[na:1.7.0_80]
	at sun.jdbc.odbc.JdbcOdbcStatement.executeQuery(JdbcOdbcStatement.java:252) ~[na:1.7.0_80]
	at br.com.dbintegrationapi.dao.IntegrationDao.getComission(IntegrationDao.java:69) ~[classes/:na]
	at br.com.dbintegrationapi.resource.ObjectResource.comission(ObjectResource.java:74) ~[classes/:na]
	at sun.reflect.NativeMethodAccessorImpl.invoke0(Native Method) ~[na:1.7.0_80]
	at sun.reflect.NativeMethodAccessorImpl.invoke(NativeMethodAccessorImpl.java:57) ~[na:1.7.0_80]
	at sun.reflect.DelegatingMethodAccessorImpl.invoke(DelegatingMethodAccessorImpl.java:43) ~[na:1.7.0_80]
	at java.lang.reflect.Method.invoke(Method.java:606) ~[na:1.7.0_80]
	at org.springframework.web.method.support.InvocableHandlerMethod.doInvoke(InvocableHandlerMethod.java:205) ~[spring-web-4.3.16.RELEASE.jar:4.3.16.RELEASE]
	at org.springframework.web.method.support.InvocableHandlerMethod.invokeForRequest(InvocableHandlerMethod.java:133) ~[spring-web-4.3.16.RELEASE.jar:4.3.16.RELEASE]
	at org.springframework.web.servlet.mvc.method.annotation.ServletInvocableHandlerMethod.invokeAndHandle(ServletInvocableHandlerMethod.java:97) ~[spring-webmvc-4.3.16.RELEASE.jar:4.3.16.RELEASE]
	at org.springframework.web.servlet.mvc.method.annotation.RequestMappingHandlerAdapter.invokeHandlerMethod(RequestMappingHandlerAdapter.java:827) ~[spring-webmvc-4.3.16.RELEASE.jar:4.3.16.RELEASE]
	at org.springframework.web.servlet.mvc.method.annotation.RequestMappingHandlerAdapter.handleInternal(RequestMappingHandlerAdapter.java:738) ~[spring-webmvc-4.3.16.RELEASE.jar:4.3.16.RELEASE]
	at org.springframework.web.servlet.mvc.method.AbstractHandlerMethodAdapter.handle(AbstractHandlerMethodAdapter.java:85) ~[spring-webmvc-4.3.16.RELEASE.jar:4.3.16.RELEASE]
	at org.springframework.web.servlet.DispatcherServlet.doDispatch(DispatcherServlet.java:967) ~[spring-webmvc-4.3.16.RELEASE.jar:4.3.16.RELEASE]
	at org.springframework.web.servlet.DispatcherServlet.doService(DispatcherServlet.java:901) ~[spring-webmvc-4.3.16.RELEASE.jar:4.3.16.RELEASE]
	at org.springframework.web.servlet.FrameworkServlet.processRequest(FrameworkServlet.java:970) ~[spring-webmvc-4.3.16.RELEASE.jar:4.3.16.RELEASE]
	at org.springframework.web.servlet.FrameworkServlet.doPost(FrameworkServlet.java:872) ~[spring-webmvc-4.3.16.RELEASE.jar:4.3.16.RELEASE]
	at javax.servlet.http.HttpServlet.service(HttpServlet.java:661) ~[tomcat-embed-core-8.5.29.jar:8.5.29]
	at org.springframework.web.servlet.FrameworkServlet.service(FrameworkServlet.java:846) ~[spring-webmvc-4.3.16.RELEASE.jar:4.3.16.RELEASE]
	at javax.servlet.http.HttpServlet.service(HttpServlet.java:742) ~[tomcat-embed-core-8.5.29.jar:8.5.29]
	at org.apache.catalina.core.ApplicationFilterChain.internalDoFilter(ApplicationFilterChain.java:231) ~[tomcat-embed-core-8.5.29.jar:8.5.29]
	at org.apache.catalina.core.ApplicationFilterChain.doFilter(ApplicationFilterChain.java:166) ~[tomcat-embed-core-8.5.29.jar:8.5.29]
	at org.apache.tomcat.websocket.server.WsFilter.doFilter(WsFilter.java:52) ~[tomcat-embed-websocket-8.5.29.jar:8.5.29]
	at org.apache.catalina.core.ApplicationFilterChain.internalDoFilter(ApplicationFilterChain.java:193) ~[tomcat-embed-core-8.5.29.jar:8.5.29]
	at org.apache.catalina.core.ApplicationFilterChain.doFilter(ApplicationFilterChain.java:166) ~[tomcat-embed-core-8.5.29.jar:8.5.29]
	at org.springframework.web.filter.RequestContextFilter.doFilterInternal(RequestContextFilter.java:99) ~[spring-web-4.3.16.RELEASE.jar:4.3.16.RELEASE]
	at org.springframework.web.filter.OncePerRequestFilter.doFilter(OncePerRequestFilter.java:107) ~[spring-web-4.3.16.RELEASE.jar:4.3.16.RELEASE]
	at org.apache.catalina.core.ApplicationFilterChain.internalDoFilter(ApplicationFilterChain.java:193) ~[tomcat-embed-core-8.5.29.jar:8.5.29]
	at org.apache.catalina.core.ApplicationFilterChain.doFilter(ApplicationFilterChain.java:166) ~[tomcat-embed-core-8.5.29.jar:8.5.29]
	at org.springframework.web.filter.HttpPutFormContentFilter.doFilterInternal(HttpPutFormContentFilter.java:109) ~[spring-web-4.3.16.RELEASE.jar:4.3.16.RELEASE]
	at org.springframework.web.filter.OncePerRequestFilter.doFilter(OncePerRequestFilter.java:107) ~[spring-web-4.3.16.RELEASE.jar:4.3.16.RELEASE]
	at org.apache.catalina.core.ApplicationFilterChain.internalDoFilter(ApplicationFilterChain.java:193) ~[tomcat-embed-core-8.5.29.jar:8.5.29]
	at org.apache.catalina.core.ApplicationFilterChain.doFilter(ApplicationFilterChain.java:166) ~[tomcat-embed-core-8.5.29.jar:8.5.29]
	at org.springframework.web.filter.HiddenHttpMethodFilter.doFilterInternal(HiddenHttpMethodFilter.java:81) ~[spring-web-4.3.16.RELEASE.jar:4.3.16.RELEASE]
	at org.springframework.web.filter.OncePerRequestFilter.doFilter(OncePerRequestFilter.java:107) ~[spring-web-4.3.16.RELEASE.jar:4.3.16.RELEASE]
	at org.apache.catalina.core.ApplicationFilterChain.internalDoFilter(ApplicationFilterChain.java:193) ~[tomcat-embed-core-8.5.29.jar:8.5.29]
	at org.apache.catalina.core.ApplicationFilterChain.doFilter(ApplicationFilterChain.java:166) ~[tomcat-embed-core-8.5.29.jar:8.5.29]
	at org.springframework.web.filter.CharacterEncodingFilter.doFilterInternal(CharacterEncodingFilter.java:197) ~[spring-web-4.3.16.RELEASE.jar:4.3.16.RELEASE]
	at org.springframework.web.filter.OncePerRequestFilter.doFilter(OncePerRequestFilter.java:107) ~[spring-web-4.3.16.RELEASE.jar:4.3.16.RELEASE]
	at org.apache.catalina.core.ApplicationFilterChain.internalDoFilter(ApplicationFilterChain.java:193) ~[tomcat-embed-core-8.5.29.jar:8.5.29]
	at org.apache.catalina.core.ApplicationFilterChain.doFilter(ApplicationFilterChain.java:166) ~[tomcat-embed-core-8.5.29.jar:8.5.29]
	at org.apache.catalina.core.StandardWrapperValve.invoke(StandardWrapperValve.java:198) ~[tomcat-embed-core-8.5.29.jar:8.5.29]
	at org.apache.catalina.core.StandardContextValve.invoke(StandardContextValve.java:96) [tomcat-embed-core-8.5.29.jar:8.5.29]
	at org.apache.catalina.authenticator.AuthenticatorBase.invoke(AuthenticatorBase.java:496) [tomcat-embed-core-8.5.29.jar:8.5.29]
	at org.apache.catalina.core.StandardHostValve.invoke(StandardHostValve.java:140) [tomcat-embed-core-8.5.29.jar:8.5.29]
	at org.apache.catalina.valves.ErrorReportValve.invoke(ErrorReportValve.java:81) [tomcat-embed-core-8.5.29.jar:8.5.29]
	at org.apache.catalina.core.StandardEngineValve.invoke(StandardEngineValve.java:87) [tomcat-embed-core-8.5.29.jar:8.5.29]
	at org.apache.catalina.connector.CoyoteAdapter.service(CoyoteAdapter.java:342) [tomcat-embed-core-8.5.29.jar:8.5.29]
	at org.apache.coyote.http11.Http11Processor.service(Http11Processor.java:803) [tomcat-embed-core-8.5.29.jar:8.5.29]
	at org.apache.coyote.AbstractProcessorLight.process(AbstractProcessorLight.java:66) [tomcat-embed-core-8.5.29.jar:8.5.29]
	at org.apache.coyote.AbstractProtocol$ConnectionHandler.process(AbstractProtocol.java:790) [tomcat-embed-core-8.5.29.jar:8.5.29]
	at org.apache.tomcat.util.net.NioEndpoint$SocketProcessor.doRun(NioEndpoint.java:1459) [tomcat-embed-core-8.5.29.jar:8.5.29]
	at org.apache.tomcat.util.net.SocketProcessorBase.run(SocketProcessorBase.java:49) [tomcat-embed-core-8.5.29.jar:8.5.29]
	at java.util.concurrent.ThreadPoolExecutor.runWorker(ThreadPoolExecutor.java:1145) [na:1.7.0_80]
	at java.util.concurrent.ThreadPoolExecutor$Worker.run(ThreadPoolExecutor.java:615) [na:1.7.0_80]
	at org.apache.tomcat.util.threads.TaskThread$WrappingRunnable.run(TaskThread.java:61) [tomcat-embed-core-8.5.29.jar:8.5.29]
	at java.lang.Thread.run(Thread.java:745) [na:1.7.0_80]

2018-06-20 22:16:12.462  INFO 14940 --- [http-nio-8090-exec-2] b.c.dbintegrationapi.dao.IntegrationDao  : java.vendor: Oracle Corporation
2018-06-20 22:16:12.463  INFO 14940 --- [http-nio-8090-exec-2] b.c.dbintegrationapi.dao.IntegrationDao  : java.vendor.url: http://java.oracle.com/
2018-06-20 22:16:12.474  INFO 14940 --- [http-nio-8090-exec-2] b.c.dbintegrationapi.dao.IntegrationDao  : java.version: 1.7.0_80
2018-06-20 22:16:12.474  INFO 14940 --- [http-nio-8090-exec-2] b.c.dbintegrationapi.dao.IntegrationDao  : sun.arch.data.model: 64
2018-06-20 22:16:12.485  INFO 14940 --- [http-nio-8090-exec-2] b.c.dbintegrationapi.dao.IntegrationDao  : Executing query:
2018-06-20 22:16:12.485  INFO 14940 --- [http-nio-8090-exec-2] b.c.dbintegrationapi.dao.IntegrationDao  : null:ritz:root
2018-06-20 22:16:12.485  INFO 14940 --- [http-nio-8090-exec-2] b.c.dbintegrationapi.dao.IntegrationDao  : SELECT 'P' 									AS tipo,
 		empresa.nome_fantasia, 
 		vendedor.vendedor_id,   
 		vendedor.apelido,
 		valor_total          			= ( SELECT ISNULL(SUM(valor_total),0) FROM conta_receber WHERE empresa_id = 6 AND data_movimento BETWEEN 2018-06-01 AND 2018-06-30) ,   
 		valor_total_troca    			= ( (	SELECT ISNULL(SUM(NOTA_fiscal.valor_total),0)
 												FROM NOTA_fiscal ,   
 													  VENDEDOR v  
 												WHERE NOTA_fiscal.empresa_id   		= 6 						
 												AND	NOTA_fiscal.data_venda 			BETWEEN 2018-06-01 AND 2018-06-30 	
 												AND	NOTA_fiscal.vendedor1_id 		= v.vendedor_id 						
 												AND	v.vendedor_id            		= vendedor.vendedor_id         
 												AND	NOTA_fiscal.tpo_id 				IN (1,2)                              
 												AND	NOTA_fiscal.cancelada			= 0									
 												AND	EXISTS (SELECT 1 
 																	FROM 	nota_fiscal nf1 
 																	WHERE nf1.empresa_id        	= NOTA_fiscal.empresa_id
 																	AND 	nf1.nota_fiscal_id    	= NOTA_fiscal.nota_fiscal_id -1
 																	AND 	nf1.tipo_pagamento_id	= NOTA_fiscal.tipo_pagamento_id 
 																	AND 	nf1.tpo_id 				= 11)
 												)   
 													+   
 											( 	SELECT ISNULL(SUM(NOTA_fiscal.valor_total),0) * (- 1)
 												FROM NOTA_fiscal ,
 													  TIPO_OPERACAO tpo,    
 													  VENDEDOR v  
 												WHERE NOTA_fiscal.empresa_id 	= 6 							
 												AND	NOTA_fiscal.data_venda 		BETWEEN 2018-06-01 AND 2018-06-30 	
 												AND	NOTA_fiscal.vendedor1_id	= v.vendedor_id 						
 												AND	v.vendedor_id            	= vendedor.vendedor_id          
 												AND	tpo.tpo_id    				= NOTA_fiscal.tpo_id                      
 												AND	tpo.tipo_movimentacao_id	= 2               
 												AND	NOTA_fiscal.cancelada		= 0
 											 )                           
 										),
 		 valor_total_vendedor 			= ( SELECT SUM ( ( IF nota_fiscal.vendedor2_id IS NULL THEN ISNULL(conta_receber.valor_total,0) ELSE ISNULL(conta_receber.valor_total,0)/2 endIF) )
 											FROM 	conta_receber ,
 											   nota_fiscal ,
 											   tipo_operacao
 											WHERE conta_receber.empresa_id        		= nota_fiscal.empresa_id        	
 											AND conta_receber.nota_fiscal_id    	= nota_fiscal.nota_fiscal_id    	
 											AND conta_receber.tipo_pagamento_id 	= nota_fiscal.tipo_pagamento_id 	
 											AND	tipo_operacao.tpo_id            	= nota_fiscal.tpo_id            	
 											AND	( nota_fiscal.vendedor1_id 	  		= vendedor.vendedor_id OR  nota_fiscal.vendedor2_id = vendedor.vendedor_id) 
 											AND	nota_fiscal.cancelada		     	= 0				                  
 											AND	( nota_fiscal.id_cancela_comISsao 	= 0 OR nota_fiscal.id_cancela_comISsao IS NULL) 
 											AND	nota_fiscal.empresa_id 				= 6        					   		
 											AND	nota_fiscal.data_venda				BETWEEN 2018-06-01 AND 2018-06-30        
 													),
 		comissao_vendas					= (IF valor_total_vendedor >= MAX(mv.valor_cota) THEN (valor_total_vendedor * MAX(frc.vr_pessoal) / 100) ELSE (valor_total_vendedor * MAX(frc.vr_basico) / 100) ENDIF), 
 		comissao_trocas 				= (valor_total_troca * MAX(frc.vr_troca) / 100),
 		total_comissao 					= (comissao_vendas + comissao_trocas),
 		MAX(me.valor_cota) 				AS meta_empresa,
 		MAX(mv.valor_cota) 				AS meta_vendedor,
 		MAX(frc.vr_comISsao_loja)    	AS perc_loja,
 		MAX(frc.vr_basico)  			AS perc_basico,
 		MAX(frc.vr_pessoal)				AS perc_pessoal,
 		MAX(frc.vr_pessoal_loja)		AS perc_pessoal_loja,
 		MAX(frc.vr_troca) 				AS perc_troca
 FROM 	conta_receber  cr,
 		nota_fiscal  nf,
 		vendedor,
 		cargo,
 		tipo_operacao,
 		forma_recebimento_cargo_comISsao frc,
 		forma_recebimento fr,
 		forma_recebimento fr2,
 		periodo_comISsao pc,
 		META_VENDEDOR mv,
 		meta_empresa me,
 		empresa   
 WHERE 	empresa.empresa_id         		= cr.empresa_id        
 AND		empresa.grupo_empresa_id   		= pc.grupo_empresa_id  
 AND   	cr.empresa_id        			= nf.empresa_id       
 AND 	cr.nota_fiscal_id   			= nf.nota_fiscal_id    
 AND 	cr.tipo_pagamento_id 			= nf.tipo_pagamento_id 
 AND 	( pc.periodo_id   				= frc.periodo_id       ) 
 AND 	( ( (vendedor.vendedor_id 		= nf.vendedor1_id) 		 AND ( vendedor.cargo_id = cargo.cargo_id  ) ) OR     
 		( (vendedor.vendedor_id 		= nf.vendedor2_id)  	 AND ( vendedor.cargo_id = cargo.cargo_id  ) ) ) 
 AND 	( frc.cargo_id             		= cargo.cargo_id ) 
 AND 	( frc.forma_recebimento_id 		= fr.forma_recebimento_id ) 
 AND 	( cr.forma_recebimento_vda_id 	= fr2.forma_recebimento_id ) 
 AND 	( fr.forma_recebimento_id     	= fr2.forma_recebimento_id ) 
 AND 	( tipo_operacao.tpo_id = nf.tpo_id      ) 
 AND   	( fr.descricao_abrev_lancto  	in ('CX', 'CRCP', 'CR')) 
 AND  	( nf.cancelada		       		= 0 )
 AND 	( nf.id_cancela_comISsao 		= 0 OR nf.id_cancela_comISsao IS NULL ) 
 AND 	( cargo.id_pessoal       		= 1				) 
 AND		( nf.empresa_id 					= 6 						 )	
 AND 	( nf.data_venda					BETWEEN 2018-06-01 AND 2018-06-30) 
 AND 	( pc.dt_inicio					<= 2018-06-01 ) 
 AND 	( pc.dt_fim    					>= 2018-06-30 OR pc.dt_fim IS NULL)  
 AND   	( nf.vendedor1_id 				= vendedor.vendedor_id OR nf.vendedor2_id = vendedor.vendedor_id )
 AND 	me.empresa_id					=* nf.empresa_id
 AND   	me.ano_mes						= CONVERT( CHAR( 6 ), nf.data_venda, 112 )
 AND   	mv.vendedor_id	  				=* vendedor.vendedor_id
 AND   	mv.ano_mes						= CONVERT( CHAR( 6 ), nf.data_venda, 112 )
 AND vendedor.vendedor_id 				= 407
 
 GROUP BY tipo, empresa.nome_fantasia, vendedor.vendedor_id, vendedor.apelido  
 
 UNION ALL    
 
 SELECT 'L' as tipo,
 	 	empresa.nome_fantasia, 
 	 	v.vendedor_id,
 	 	v.apelido,
 	 	valor_total      				= ( SELECT ISNULL( SUM( (valor_total)  ), 0) FROM conta_receber WHERE empresa_id = 6 AND data_movimento BETWEEN 2018-06-01 AND 2018-06-30) ,
 	 	valor_total_troca 				= 0.00 ,
 	 	valor_total_vendedor 			= valor_total,
 	 	comissao_vendas					= ((valor_total_vendedor * MAX(frcc.vr_comISsao_loja) / 100)), 
 	 	comissao_trocas 				= 0.0,
 		total_comissao 					= (comissao_vendas + comissao_trocas),
 	 	MAX(me.valor_cota) 				AS meta_empresa,
 		0  						 		AS meta_vendedor,
 	 	MAX(frcc.vr_comISsao_loja)    	AS perc_loja,
 	 	MAX(frcc.vr_basico)  			AS perc_basico,
 	 	MAX(frcc.vr_pessoal)			AS perc_pessoal,
 	 	MAX(frcc.vr_pessoal_loja)		AS perc_pessoal_loja,
 	 	MAX(frcc.vr_troca) 				AS perc_troca 
 FROM 	conta_receber cr,
 	 	forma_recebimento fr,
 	 	nota_fiscal nf,
 		vendedor v,
 	 	cargo c,
 	 	forma_recebimento_cargo_comISsao frcc,
 	 	periodo_comISsao pc,
 	 	tipo_operacao tpo,
 	 	meta_empresa me,
 	 	empresa
 WHERE  empresa.empresa_id         			= cr.empresa_id        
 AND  	empresa.grupo_empresa_id   			= pc.grupo_empresa_id  
 AND 	cr.empresa_id 						= nf.empresa_id 
 AND	 	cr.nota_fiscal_id 					= nf.nota_fiscal_id
 AND 	cr.tipo_pagamento_id 				= nf.tipo_pagamento_id
 AND 	cr.forma_recebimento_vda_id 		= fr.forma_recebimento_id
 AND 	cr.forma_recebimento_vda_id 		= frcc.forma_recebimento_id
 AND 	v.cargo_id 							= frcc.cargo_id
 AND 	pc.periodo_id						= frcc.periodo_id
 AND 	nf.cancelada 						= 0
 AND 	nf.tpo_id 							= tpo.tpo_id
 AND 	( ( nf.id_cancela_comISsao 	= 0 ) 	OR ( nf.id_cancela_comISsao IS NULL ) )
 AND 	cr.data_movimento 					>= 2018-06-01 
 AND		cr.data_movimento 					<= 2018-06-30
 AND		 cr.empresa_id 						= 6
 AND 	v.cargo_id 							= c.cargo_id
 AND 	c.id_loja 							= 1
 AND 	v.empresa_id 						= 6
 AND 	v.id_ativo 							= 1
 AND 	(( pc.dt_inicio						<= 2018-06-01 ) 
 AND 	(( pc.dt_fim    					>= 2018-06-30) OR (pc.dt_fim IS NULL)))  
 AND 	me.empresa_id						=* nf.empresa_id
 AND 	me.ano_mes							= CONVERT( CHAR( 6 ), nf.data_venda, 112 )
 AND	 	v.vendedor_id						= 407
 GROUP BY tipo, empresa.nome_fantasia, v.vendedor_id, v.apelido, me.vr_cota_estrela;
          
2018-06-20 22:16:13.619 ERROR 14940 --- [http-nio-8090-exec-2] o.a.c.c.C.[.[.[/].[dispatcherServlet]    : Servlet.service() for servlet [dispatcherServlet] in context with path [] threw exception [Request processing failed; nested exception is java.lang.RuntimeException: Problemas ao recuperar comissao. [MySQL][ODBC 8.0(a) Driver][mysqld-8.0.11]You have an error in your SQL syntax; check the manual that corresponds to your MySQL server version for the right syntax to use near 'nota_fiscal.vendedor2_id IS NULL THEN ISNULL(conta_receber.valor_total,0) ELSE I' at line 36] with root cause

java.sql.SQLException: [MySQL][ODBC 8.0(a) Driver][mysqld-8.0.11]You have an error in your SQL syntax; check the manual that corresponds to your MySQL server version for the right syntax to use near 'nota_fiscal.vendedor2_id IS NULL THEN ISNULL(conta_receber.valor_total,0) ELSE I' at line 36
	at sun.jdbc.odbc.JdbcOdbc.createSQLException(JdbcOdbc.java:6964) ~[na:1.7.0_80]
	at sun.jdbc.odbc.JdbcOdbc.standardError(JdbcOdbc.java:7121) ~[na:1.7.0_80]
	at sun.jdbc.odbc.JdbcOdbc.SQLExecDirect(JdbcOdbc.java:3117) ~[na:1.7.0_80]
	at sun.jdbc.odbc.JdbcOdbcStatement.execute(JdbcOdbcStatement.java:337) ~[na:1.7.0_80]
	at sun.jdbc.odbc.JdbcOdbcStatement.executeQuery(JdbcOdbcStatement.java:252) ~[na:1.7.0_80]
	at br.com.dbintegrationapi.dao.IntegrationDao.getComission(IntegrationDao.java:69) ~[classes/:na]
	at br.com.dbintegrationapi.resource.ObjectResource.comission(ObjectResource.java:74) ~[classes/:na]
	at sun.reflect.NativeMethodAccessorImpl.invoke0(Native Method) ~[na:1.7.0_80]
	at sun.reflect.NativeMethodAccessorImpl.invoke(NativeMethodAccessorImpl.java:57) ~[na:1.7.0_80]
	at sun.reflect.DelegatingMethodAccessorImpl.invoke(DelegatingMethodAccessorImpl.java:43) ~[na:1.7.0_80]
	at java.lang.reflect.Method.invoke(Method.java:606) ~[na:1.7.0_80]
	at org.springframework.web.method.support.InvocableHandlerMethod.doInvoke(InvocableHandlerMethod.java:205) ~[spring-web-4.3.16.RELEASE.jar:4.3.16.RELEASE]
	at org.springframework.web.method.support.InvocableHandlerMethod.invokeForRequest(InvocableHandlerMethod.java:133) ~[spring-web-4.3.16.RELEASE.jar:4.3.16.RELEASE]
	at org.springframework.web.servlet.mvc.method.annotation.ServletInvocableHandlerMethod.invokeAndHandle(ServletInvocableHandlerMethod.java:97) ~[spring-webmvc-4.3.16.RELEASE.jar:4.3.16.RELEASE]
	at org.springframework.web.servlet.mvc.method.annotation.RequestMappingHandlerAdapter.invokeHandlerMethod(RequestMappingHandlerAdapter.java:827) ~[spring-webmvc-4.3.16.RELEASE.jar:4.3.16.RELEASE]
	at org.springframework.web.servlet.mvc.method.annotation.RequestMappingHandlerAdapter.handleInternal(RequestMappingHandlerAdapter.java:738) ~[spring-webmvc-4.3.16.RELEASE.jar:4.3.16.RELEASE]
	at org.springframework.web.servlet.mvc.method.AbstractHandlerMethodAdapter.handle(AbstractHandlerMethodAdapter.java:85) ~[spring-webmvc-4.3.16.RELEASE.jar:4.3.16.RELEASE]
	at org.springframework.web.servlet.DispatcherServlet.doDispatch(DispatcherServlet.java:967) ~[spring-webmvc-4.3.16.RELEASE.jar:4.3.16.RELEASE]
	at org.springframework.web.servlet.DispatcherServlet.doService(DispatcherServlet.java:901) ~[spring-webmvc-4.3.16.RELEASE.jar:4.3.16.RELEASE]
	at org.springframework.web.servlet.FrameworkServlet.processRequest(FrameworkServlet.java:970) ~[spring-webmvc-4.3.16.RELEASE.jar:4.3.16.RELEASE]
	at org.springframework.web.servlet.FrameworkServlet.doPost(FrameworkServlet.java:872) ~[spring-webmvc-4.3.16.RELEASE.jar:4.3.16.RELEASE]
	at javax.servlet.http.HttpServlet.service(HttpServlet.java:661) ~[tomcat-embed-core-8.5.29.jar:8.5.29]
	at org.springframework.web.servlet.FrameworkServlet.service(FrameworkServlet.java:846) ~[spring-webmvc-4.3.16.RELEASE.jar:4.3.16.RELEASE]
	at javax.servlet.http.HttpServlet.service(HttpServlet.java:742) ~[tomcat-embed-core-8.5.29.jar:8.5.29]
	at org.apache.catalina.core.ApplicationFilterChain.internalDoFilter(ApplicationFilterChain.java:231) ~[tomcat-embed-core-8.5.29.jar:8.5.29]
	at org.apache.catalina.core.ApplicationFilterChain.doFilter(ApplicationFilterChain.java:166) ~[tomcat-embed-core-8.5.29.jar:8.5.29]
	at org.apache.tomcat.websocket.server.WsFilter.doFilter(WsFilter.java:52) ~[tomcat-embed-websocket-8.5.29.jar:8.5.29]
	at org.apache.catalina.core.ApplicationFilterChain.internalDoFilter(ApplicationFilterChain.java:193) ~[tomcat-embed-core-8.5.29.jar:8.5.29]
	at org.apache.catalina.core.ApplicationFilterChain.doFilter(ApplicationFilterChain.java:166) ~[tomcat-embed-core-8.5.29.jar:8.5.29]
	at org.springframework.web.filter.RequestContextFilter.doFilterInternal(RequestContextFilter.java:99) ~[spring-web-4.3.16.RELEASE.jar:4.3.16.RELEASE]
	at org.springframework.web.filter.OncePerRequestFilter.doFilter(OncePerRequestFilter.java:107) ~[spring-web-4.3.16.RELEASE.jar:4.3.16.RELEASE]
	at org.apache.catalina.core.ApplicationFilterChain.internalDoFilter(ApplicationFilterChain.java:193) ~[tomcat-embed-core-8.5.29.jar:8.5.29]
	at org.apache.catalina.core.ApplicationFilterChain.doFilter(ApplicationFilterChain.java:166) ~[tomcat-embed-core-8.5.29.jar:8.5.29]
	at org.springframework.web.filter.HttpPutFormContentFilter.doFilterInternal(HttpPutFormContentFilter.java:109) ~[spring-web-4.3.16.RELEASE.jar:4.3.16.RELEASE]
	at org.springframework.web.filter.OncePerRequestFilter.doFilter(OncePerRequestFilter.java:107) ~[spring-web-4.3.16.RELEASE.jar:4.3.16.RELEASE]
	at org.apache.catalina.core.ApplicationFilterChain.internalDoFilter(ApplicationFilterChain.java:193) ~[tomcat-embed-core-8.5.29.jar:8.5.29]
	at org.apache.catalina.core.ApplicationFilterChain.doFilter(ApplicationFilterChain.java:166) ~[tomcat-embed-core-8.5.29.jar:8.5.29]
	at org.springframework.web.filter.HiddenHttpMethodFilter.doFilterInternal(HiddenHttpMethodFilter.java:81) ~[spring-web-4.3.16.RELEASE.jar:4.3.16.RELEASE]
	at org.springframework.web.filter.OncePerRequestFilter.doFilter(OncePerRequestFilter.java:107) ~[spring-web-4.3.16.RELEASE.jar:4.3.16.RELEASE]
	at org.apache.catalina.core.ApplicationFilterChain.internalDoFilter(ApplicationFilterChain.java:193) ~[tomcat-embed-core-8.5.29.jar:8.5.29]
	at org.apache.catalina.core.ApplicationFilterChain.doFilter(ApplicationFilterChain.java:166) ~[tomcat-embed-core-8.5.29.jar:8.5.29]
	at org.springframework.web.filter.CharacterEncodingFilter.doFilterInternal(CharacterEncodingFilter.java:197) ~[spring-web-4.3.16.RELEASE.jar:4.3.16.RELEASE]
	at org.springframework.web.filter.OncePerRequestFilter.doFilter(OncePerRequestFilter.java:107) ~[spring-web-4.3.16.RELEASE.jar:4.3.16.RELEASE]
	at org.apache.catalina.core.ApplicationFilterChain.internalDoFilter(ApplicationFilterChain.java:193) ~[tomcat-embed-core-8.5.29.jar:8.5.29]
	at org.apache.catalina.core.ApplicationFilterChain.doFilter(ApplicationFilterChain.java:166) ~[tomcat-embed-core-8.5.29.jar:8.5.29]
	at org.apache.catalina.core.StandardWrapperValve.invoke(StandardWrapperValve.java:198) ~[tomcat-embed-core-8.5.29.jar:8.5.29]
	at org.apache.catalina.core.StandardContextValve.invoke(StandardContextValve.java:96) [tomcat-embed-core-8.5.29.jar:8.5.29]
	at org.apache.catalina.authenticator.AuthenticatorBase.invoke(AuthenticatorBase.java:496) [tomcat-embed-core-8.5.29.jar:8.5.29]
	at org.apache.catalina.core.StandardHostValve.invoke(StandardHostValve.java:140) [tomcat-embed-core-8.5.29.jar:8.5.29]
	at org.apache.catalina.valves.ErrorReportValve.invoke(ErrorReportValve.java:81) [tomcat-embed-core-8.5.29.jar:8.5.29]
	at org.apache.catalina.core.StandardEngineValve.invoke(StandardEngineValve.java:87) [tomcat-embed-core-8.5.29.jar:8.5.29]
	at org.apache.catalina.connector.CoyoteAdapter.service(CoyoteAdapter.java:342) [tomcat-embed-core-8.5.29.jar:8.5.29]
	at org.apache.coyote.http11.Http11Processor.service(Http11Processor.java:803) [tomcat-embed-core-8.5.29.jar:8.5.29]
	at org.apache.coyote.AbstractProcessorLight.process(AbstractProcessorLight.java:66) [tomcat-embed-core-8.5.29.jar:8.5.29]
	at org.apache.coyote.AbstractProtocol$ConnectionHandler.process(AbstractProtocol.java:790) [tomcat-embed-core-8.5.29.jar:8.5.29]
	at org.apache.tomcat.util.net.NioEndpoint$SocketProcessor.doRun(NioEndpoint.java:1459) [tomcat-embed-core-8.5.29.jar:8.5.29]
	at org.apache.tomcat.util.net.SocketProcessorBase.run(SocketProcessorBase.java:49) [tomcat-embed-core-8.5.29.jar:8.5.29]
	at java.util.concurrent.ThreadPoolExecutor.runWorker(ThreadPoolExecutor.java:1145) [na:1.7.0_80]
	at java.util.concurrent.ThreadPoolExecutor$Worker.run(ThreadPoolExecutor.java:615) [na:1.7.0_80]
	at org.apache.tomcat.util.threads.TaskThread$WrappingRunnable.run(TaskThread.java:61) [tomcat-embed-core-8.5.29.jar:8.5.29]
	at java.lang.Thread.run(Thread.java:745) [na:1.7.0_80]

2018-06-20 22:20:00.848  INFO 14940 --- [http-nio-8090-exec-3] b.c.dbintegrationapi.dao.IntegrationDao  : java.vendor: Oracle Corporation
2018-06-20 22:20:00.860  INFO 14940 --- [http-nio-8090-exec-3] b.c.dbintegrationapi.dao.IntegrationDao  : java.vendor.url: http://java.oracle.com/
2018-06-20 22:20:00.871  INFO 14940 --- [http-nio-8090-exec-3] b.c.dbintegrationapi.dao.IntegrationDao  : java.version: 1.7.0_80
2018-06-20 22:20:00.872  INFO 14940 --- [http-nio-8090-exec-3] b.c.dbintegrationapi.dao.IntegrationDao  : sun.arch.data.model: 64
2018-06-20 22:20:00.879  INFO 14940 --- [http-nio-8090-exec-3] b.c.dbintegrationapi.dao.IntegrationDao  : Executing query:
2018-06-20 22:20:00.879  INFO 14940 --- [http-nio-8090-exec-3] b.c.dbintegrationapi.dao.IntegrationDao  : null:ritz:root
2018-06-20 22:20:00.879  INFO 14940 --- [http-nio-8090-exec-3] b.c.dbintegrationapi.dao.IntegrationDao  : INSERT INTO CONTA_PAGAR(EMPRESA_ID,FORNECEDOR_ID,HISTORICO_ID,NOTA_COMPRA_ID,TIPO_PAGAMENTO_ID,DESDOBRAMENTO,DATA_MOVIMENTO,DATA_VENCIMENTO,VALOR_TOTAL,OBSERVACAO,mesano_competencia)VALUES (2 , 6527, 10037 , '062018', '1' ,'1', '2018-06-20', '2018-06-05',1290.00,'Ref.: Folha 06/2018 [Marina Silva 1290.00]' ,'062018')

2018-06-20 22:20:02.215  INFO 14940 --- [http-nio-8090-exec-4] b.c.dbintegrationapi.dao.IntegrationDao  : java.vendor: Oracle Corporation
2018-06-20 22:20:02.224  INFO 14940 --- [http-nio-8090-exec-4] b.c.dbintegrationapi.dao.IntegrationDao  : java.vendor.url: http://java.oracle.com/
2018-06-20 22:20:02.225  INFO 14940 --- [http-nio-8090-exec-4] b.c.dbintegrationapi.dao.IntegrationDao  : java.version: 1.7.0_80
2018-06-20 22:20:02.225  INFO 14940 --- [http-nio-8090-exec-4] b.c.dbintegrationapi.dao.IntegrationDao  : sun.arch.data.model: 64
2018-06-20 22:20:02.225  INFO 14940 --- [http-nio-8090-exec-4] b.c.dbintegrationapi.dao.IntegrationDao  : Executing query:
2018-06-20 22:20:02.225  INFO 14940 --- [http-nio-8090-exec-4] b.c.dbintegrationapi.dao.IntegrationDao  : null:ritz:root
2018-06-20 22:20:02.225  INFO 14940 --- [http-nio-8090-exec-4] b.c.dbintegrationapi.dao.IntegrationDao  : INSERT INTO CONTA_PAGAR(EMPRESA_ID,FORNECEDOR_ID,HISTORICO_ID,NOTA_COMPRA_ID,TIPO_PAGAMENTO_ID,DESDOBRAMENTO,DATA_MOVIMENTO,DATA_VENCIMENTO,VALOR_TOTAL,OBSERVACAO,mesano_competencia)VALUES (3 , 6519, 10038 , '062018', '1' ,'1', '2018-06-20', '2018-06-05',994.05,'Ref.: Folha 06/2018 [Nilza Aparecida P. 994.05]' ,'062018')

2018-06-20 22:20:03.440  INFO 14940 --- [http-nio-8090-exec-10] b.c.dbintegrationapi.dao.IntegrationDao  : java.vendor: Oracle Corporation
2018-06-20 22:20:03.466  INFO 14940 --- [http-nio-8090-exec-10] b.c.dbintegrationapi.dao.IntegrationDao  : java.vendor.url: http://java.oracle.com/
2018-06-20 22:20:03.474  INFO 14940 --- [http-nio-8090-exec-10] b.c.dbintegrationapi.dao.IntegrationDao  : java.version: 1.7.0_80
2018-06-20 22:20:03.474  INFO 14940 --- [http-nio-8090-exec-10] b.c.dbintegrationapi.dao.IntegrationDao  : sun.arch.data.model: 64
2018-06-20 22:20:03.476  INFO 14940 --- [http-nio-8090-exec-10] b.c.dbintegrationapi.dao.IntegrationDao  : Executing query:
2018-06-20 22:20:03.476  INFO 14940 --- [http-nio-8090-exec-10] b.c.dbintegrationapi.dao.IntegrationDao  : null:ritz:root
2018-06-20 22:20:03.486  INFO 14940 --- [http-nio-8090-exec-10] b.c.dbintegrationapi.dao.IntegrationDao  : INSERT INTO CONTA_PAGAR(EMPRESA_ID,FORNECEDOR_ID,HISTORICO_ID,NOTA_COMPRA_ID,TIPO_PAGAMENTO_ID,DESDOBRAMENTO,DATA_MOVIMENTO,DATA_VENCIMENTO,VALOR_TOTAL,OBSERVACAO,mesano_competencia)VALUES (6 , 6527, 10037 , '062018', '1' ,'1', '2018-06-20', '2018-06-05',1184.96,'Ref.: Folha 06/2018 [Ariadne Monteiro 1184.96]' ,'062018')

2018-06-20 22:20:04.669  INFO 14940 --- [http-nio-8090-exec-9] b.c.dbintegrationapi.dao.IntegrationDao  : java.vendor: Oracle Corporation
2018-06-20 22:20:04.676  INFO 14940 --- [http-nio-8090-exec-9] b.c.dbintegrationapi.dao.IntegrationDao  : java.vendor.url: http://java.oracle.com/
2018-06-20 22:20:04.676  INFO 14940 --- [http-nio-8090-exec-9] b.c.dbintegrationapi.dao.IntegrationDao  : java.version: 1.7.0_80
2018-06-20 22:20:04.683  INFO 14940 --- [http-nio-8090-exec-9] b.c.dbintegrationapi.dao.IntegrationDao  : sun.arch.data.model: 64
2018-06-20 22:20:04.683  INFO 14940 --- [http-nio-8090-exec-9] b.c.dbintegrationapi.dao.IntegrationDao  : Executing query:
2018-06-20 22:20:04.683  INFO 14940 --- [http-nio-8090-exec-9] b.c.dbintegrationapi.dao.IntegrationDao  : null:ritz:root
2018-06-20 22:20:04.683  INFO 14940 --- [http-nio-8090-exec-9] b.c.dbintegrationapi.dao.IntegrationDao  : INSERT INTO CONTA_PAGAR(EMPRESA_ID,FORNECEDOR_ID,HISTORICO_ID,NOTA_COMPRA_ID,TIPO_PAGAMENTO_ID,DESDOBRAMENTO,DATA_MOVIMENTO,DATA_VENCIMENTO,VALOR_TOTAL,OBSERVACAO,mesano_competencia)VALUES (51 , 6519, 10038 , '062018', '1' ,'1', '2018-06-20', '2018-06-05',2492.56,'Ref.: Folha 06/2018 [Tathiane Porfirio 2492.56]' ,'062018')

2018-06-20 22:21:11.619  INFO 14940 --- [http-nio-8090-exec-1] b.c.dbintegrationapi.dao.IntegrationDao  : java.vendor: Oracle Corporation
2018-06-20 22:21:11.629  INFO 14940 --- [http-nio-8090-exec-1] b.c.dbintegrationapi.dao.IntegrationDao  : java.vendor.url: http://java.oracle.com/
2018-06-20 22:21:11.637  INFO 14940 --- [http-nio-8090-exec-1] b.c.dbintegrationapi.dao.IntegrationDao  : java.version: 1.7.0_80
2018-06-20 22:21:11.638  INFO 14940 --- [http-nio-8090-exec-1] b.c.dbintegrationapi.dao.IntegrationDao  : sun.arch.data.model: 64
2018-06-20 22:21:11.645  INFO 14940 --- [http-nio-8090-exec-1] b.c.dbintegrationapi.dao.IntegrationDao  : Executing query:
2018-06-20 22:21:11.645  INFO 14940 --- [http-nio-8090-exec-1] b.c.dbintegrationapi.dao.IntegrationDao  : null:ritz:root
2018-06-20 22:21:11.645  INFO 14940 --- [http-nio-8090-exec-1] b.c.dbintegrationapi.dao.IntegrationDao  : INSERT INTO CONTA_PAGAR(EMPRESA_ID,FORNECEDOR_ID,HISTORICO_ID,NOTA_COMPRA_ID,TIPO_PAGAMENTO_ID,DESDOBRAMENTO,DATA_MOVIMENTO,DATA_VENCIMENTO,VALOR_TOTAL,OBSERVACAO,mesano_competencia)VALUES (2 , 1221, 10020 , '062018', '1' ,'1', '2018-06-20', '2018-06-05',120.00,'Ref.: Folha 06/2018 [FORN_FGTS]' ,'062018')

2018-06-20 22:21:12.872  INFO 14940 --- [http-nio-8090-exec-2] b.c.dbintegrationapi.dao.IntegrationDao  : java.vendor: Oracle Corporation
2018-06-20 22:21:12.887  INFO 14940 --- [http-nio-8090-exec-2] b.c.dbintegrationapi.dao.IntegrationDao  : java.vendor.url: http://java.oracle.com/
2018-06-20 22:21:12.887  INFO 14940 --- [http-nio-8090-exec-2] b.c.dbintegrationapi.dao.IntegrationDao  : java.version: 1.7.0_80
2018-06-20 22:21:12.894  INFO 14940 --- [http-nio-8090-exec-2] b.c.dbintegrationapi.dao.IntegrationDao  : sun.arch.data.model: 64
2018-06-20 22:21:12.894  INFO 14940 --- [http-nio-8090-exec-2] b.c.dbintegrationapi.dao.IntegrationDao  : Executing query:
2018-06-20 22:21:12.901  INFO 14940 --- [http-nio-8090-exec-2] b.c.dbintegrationapi.dao.IntegrationDao  : null:ritz:root
2018-06-20 22:21:12.901  INFO 14940 --- [http-nio-8090-exec-2] b.c.dbintegrationapi.dao.IntegrationDao  : INSERT INTO CONTA_PAGAR(EMPRESA_ID,FORNECEDOR_ID,HISTORICO_ID,NOTA_COMPRA_ID,TIPO_PAGAMENTO_ID,DESDOBRAMENTO,DATA_MOVIMENTO,DATA_VENCIMENTO,VALOR_TOTAL,OBSERVACAO,mesano_competencia)VALUES (2 , 7111, 10026 , '062018', '1' ,'1', '2018-06-20', '2018-06-19',120.00,'Ref.: Folha 06/2018 [FORN_INSS]' ,'062018')

2018-06-20 22:21:14.046  INFO 14940 --- [http-nio-8090-exec-3] b.c.dbintegrationapi.dao.IntegrationDao  : java.vendor: Oracle Corporation
2018-06-20 22:21:14.056  INFO 14940 --- [http-nio-8090-exec-3] b.c.dbintegrationapi.dao.IntegrationDao  : java.vendor.url: http://java.oracle.com/
2018-06-20 22:21:14.069  INFO 14940 --- [http-nio-8090-exec-3] b.c.dbintegrationapi.dao.IntegrationDao  : java.version: 1.7.0_80
2018-06-20 22:21:14.069  INFO 14940 --- [http-nio-8090-exec-3] b.c.dbintegrationapi.dao.IntegrationDao  : sun.arch.data.model: 64
2018-06-20 22:21:14.069  INFO 14940 --- [http-nio-8090-exec-3] b.c.dbintegrationapi.dao.IntegrationDao  : Executing query:
2018-06-20 22:21:14.069  INFO 14940 --- [http-nio-8090-exec-3] b.c.dbintegrationapi.dao.IntegrationDao  : null:ritz:root
2018-06-20 22:21:14.075  INFO 14940 --- [http-nio-8090-exec-3] b.c.dbintegrationapi.dao.IntegrationDao  : INSERT INTO CONTA_PAGAR(EMPRESA_ID,FORNECEDOR_ID,HISTORICO_ID,NOTA_COMPRA_ID,TIPO_PAGAMENTO_ID,DESDOBRAMENTO,DATA_MOVIMENTO,DATA_VENCIMENTO,VALOR_TOTAL,OBSERVACAO,mesano_competencia)VALUES (2 , 9260, 10028 , '062018', '1' ,'1', '2018-06-20', '2018-06-19',0.00,'Ref.: Folha 06/2018 [FORN_IRRF]' ,'062018')

2018-06-20 22:21:15.259  INFO 14940 --- [http-nio-8090-exec-4] b.c.dbintegrationapi.dao.IntegrationDao  : java.vendor: Oracle Corporation
2018-06-20 22:21:15.268  INFO 14940 --- [http-nio-8090-exec-4] b.c.dbintegrationapi.dao.IntegrationDao  : java.vendor.url: http://java.oracle.com/
2018-06-20 22:21:15.269  INFO 14940 --- [http-nio-8090-exec-4] b.c.dbintegrationapi.dao.IntegrationDao  : java.version: 1.7.0_80
2018-06-20 22:21:15.277  INFO 14940 --- [http-nio-8090-exec-4] b.c.dbintegrationapi.dao.IntegrationDao  : sun.arch.data.model: 64
2018-06-20 22:21:15.277  INFO 14940 --- [http-nio-8090-exec-4] b.c.dbintegrationapi.dao.IntegrationDao  : Executing query:
2018-06-20 22:21:15.277  INFO 14940 --- [http-nio-8090-exec-4] b.c.dbintegrationapi.dao.IntegrationDao  : null:ritz:root
2018-06-20 22:21:15.277  INFO 14940 --- [http-nio-8090-exec-4] b.c.dbintegrationapi.dao.IntegrationDao  : INSERT INTO CONTA_PAGAR(EMPRESA_ID,FORNECEDOR_ID,HISTORICO_ID,NOTA_COMPRA_ID,TIPO_PAGAMENTO_ID,DESDOBRAMENTO,DATA_MOVIMENTO,DATA_VENCIMENTO,VALOR_TOTAL,OBSERVACAO,mesano_competencia)VALUES (3 , 1221, 10020 , '062018', '1' ,'1', '2018-06-20', '2018-06-05',89.52,'Ref.: Folha 06/2018 [FORN_FGTS]' ,'062018')

2018-06-20 22:21:16.520  INFO 14940 --- [http-nio-8090-exec-10] b.c.dbintegrationapi.dao.IntegrationDao  : java.vendor: Oracle Corporation
2018-06-20 22:21:16.531  INFO 14940 --- [http-nio-8090-exec-10] b.c.dbintegrationapi.dao.IntegrationDao  : java.vendor.url: http://java.oracle.com/
2018-06-20 22:21:16.541  INFO 14940 --- [http-nio-8090-exec-10] b.c.dbintegrationapi.dao.IntegrationDao  : java.version: 1.7.0_80
2018-06-20 22:21:16.541  INFO 14940 --- [http-nio-8090-exec-10] b.c.dbintegrationapi.dao.IntegrationDao  : sun.arch.data.model: 64
2018-06-20 22:21:16.550  INFO 14940 --- [http-nio-8090-exec-10] b.c.dbintegrationapi.dao.IntegrationDao  : Executing query:
2018-06-20 22:21:16.550  INFO 14940 --- [http-nio-8090-exec-10] b.c.dbintegrationapi.dao.IntegrationDao  : null:ritz:root
2018-06-20 22:21:16.550  INFO 14940 --- [http-nio-8090-exec-10] b.c.dbintegrationapi.dao.IntegrationDao  : INSERT INTO CONTA_PAGAR(EMPRESA_ID,FORNECEDOR_ID,HISTORICO_ID,NOTA_COMPRA_ID,TIPO_PAGAMENTO_ID,DESDOBRAMENTO,DATA_MOVIMENTO,DATA_VENCIMENTO,VALOR_TOTAL,OBSERVACAO,mesano_competencia)VALUES (3 , 7111, 10026 , '062018', '1' ,'1', '2018-06-20', '2018-06-19',57.81,'Ref.: Folha 06/2018 [FORN_INSS]' ,'062018')

2018-06-20 22:21:17.821  INFO 14940 --- [http-nio-8090-exec-9] b.c.dbintegrationapi.dao.IntegrationDao  : java.vendor: Oracle Corporation
2018-06-20 22:21:17.848  INFO 14940 --- [http-nio-8090-exec-9] b.c.dbintegrationapi.dao.IntegrationDao  : java.vendor.url: http://java.oracle.com/
2018-06-20 22:21:17.848  INFO 14940 --- [http-nio-8090-exec-9] b.c.dbintegrationapi.dao.IntegrationDao  : java.version: 1.7.0_80
2018-06-20 22:21:17.848  INFO 14940 --- [http-nio-8090-exec-9] b.c.dbintegrationapi.dao.IntegrationDao  : sun.arch.data.model: 64
2018-06-20 22:21:17.848  INFO 14940 --- [http-nio-8090-exec-9] b.c.dbintegrationapi.dao.IntegrationDao  : Executing query:
2018-06-20 22:21:17.848  INFO 14940 --- [http-nio-8090-exec-9] b.c.dbintegrationapi.dao.IntegrationDao  : null:ritz:root
2018-06-20 22:21:17.848  INFO 14940 --- [http-nio-8090-exec-9] b.c.dbintegrationapi.dao.IntegrationDao  : INSERT INTO CONTA_PAGAR(EMPRESA_ID,FORNECEDOR_ID,HISTORICO_ID,NOTA_COMPRA_ID,TIPO_PAGAMENTO_ID,DESDOBRAMENTO,DATA_MOVIMENTO,DATA_VENCIMENTO,VALOR_TOTAL,OBSERVACAO,mesano_competencia)VALUES (3 , 9260, 10028 , '062018', '1' ,'1', '2018-06-20', '2018-06-19',0.00,'Ref.: Folha 06/2018 [FORN_IRRF]' ,'062018')

2018-06-20 22:21:19.057  INFO 14940 --- [http-nio-8090-exec-8] b.c.dbintegrationapi.dao.IntegrationDao  : java.vendor: Oracle Corporation
2018-06-20 22:21:19.083  INFO 14940 --- [http-nio-8090-exec-8] b.c.dbintegrationapi.dao.IntegrationDao  : java.vendor.url: http://java.oracle.com/
2018-06-20 22:21:19.113  INFO 14940 --- [http-nio-8090-exec-8] b.c.dbintegrationapi.dao.IntegrationDao  : java.version: 1.7.0_80
2018-06-20 22:21:19.114  INFO 14940 --- [http-nio-8090-exec-8] b.c.dbintegrationapi.dao.IntegrationDao  : sun.arch.data.model: 64
2018-06-20 22:21:19.114  INFO 14940 --- [http-nio-8090-exec-8] b.c.dbintegrationapi.dao.IntegrationDao  : Executing query:
2018-06-20 22:21:19.114  INFO 14940 --- [http-nio-8090-exec-8] b.c.dbintegrationapi.dao.IntegrationDao  : null:ritz:root
2018-06-20 22:21:19.124  INFO 14940 --- [http-nio-8090-exec-8] b.c.dbintegrationapi.dao.IntegrationDao  : INSERT INTO CONTA_PAGAR(EMPRESA_ID,FORNECEDOR_ID,HISTORICO_ID,NOTA_COMPRA_ID,TIPO_PAGAMENTO_ID,DESDOBRAMENTO,DATA_MOVIMENTO,DATA_VENCIMENTO,VALOR_TOTAL,OBSERVACAO,mesano_competencia)VALUES (6 , 1221, 10020 , '062018', '1' ,'1', '2018-06-20', '2018-06-05',87.04,'Ref.: Folha 06/2018 [FORN_FGTS]' ,'062018')

2018-06-20 22:21:20.299  INFO 14940 --- [http-nio-8090-exec-7] b.c.dbintegrationapi.dao.IntegrationDao  : java.vendor: Oracle Corporation
2018-06-20 22:21:20.312  INFO 14940 --- [http-nio-8090-exec-7] b.c.dbintegrationapi.dao.IntegrationDao  : java.vendor.url: http://java.oracle.com/
2018-06-20 22:21:20.312  INFO 14940 --- [http-nio-8090-exec-7] b.c.dbintegrationapi.dao.IntegrationDao  : java.version: 1.7.0_80
2018-06-20 22:21:20.321  INFO 14940 --- [http-nio-8090-exec-7] b.c.dbintegrationapi.dao.IntegrationDao  : sun.arch.data.model: 64
2018-06-20 22:21:20.322  INFO 14940 --- [http-nio-8090-exec-7] b.c.dbintegrationapi.dao.IntegrationDao  : Executing query:
2018-06-20 22:21:20.322  INFO 14940 --- [http-nio-8090-exec-7] b.c.dbintegrationapi.dao.IntegrationDao  : null:ritz:root
2018-06-20 22:21:20.322  INFO 14940 --- [http-nio-8090-exec-7] b.c.dbintegrationapi.dao.IntegrationDao  : INSERT INTO CONTA_PAGAR(EMPRESA_ID,FORNECEDOR_ID,HISTORICO_ID,NOTA_COMPRA_ID,TIPO_PAGAMENTO_ID,DESDOBRAMENTO,DATA_MOVIMENTO,DATA_VENCIMENTO,VALOR_TOTAL,OBSERVACAO,mesano_competencia)VALUES (6 , 7111, 10026 , '062018', '1' ,'1', '2018-06-20', '2018-06-19',103.04,'Ref.: Folha 06/2018 [FORN_INSS]' ,'062018')

2018-06-20 22:21:21.494  INFO 14940 --- [http-nio-8090-exec-6] b.c.dbintegrationapi.dao.IntegrationDao  : java.vendor: Oracle Corporation
2018-06-20 22:21:21.503  INFO 14940 --- [http-nio-8090-exec-6] b.c.dbintegrationapi.dao.IntegrationDao  : java.vendor.url: http://java.oracle.com/
2018-06-20 22:21:21.511  INFO 14940 --- [http-nio-8090-exec-6] b.c.dbintegrationapi.dao.IntegrationDao  : java.version: 1.7.0_80
2018-06-20 22:21:21.512  INFO 14940 --- [http-nio-8090-exec-6] b.c.dbintegrationapi.dao.IntegrationDao  : sun.arch.data.model: 64
2018-06-20 22:21:21.519  INFO 14940 --- [http-nio-8090-exec-6] b.c.dbintegrationapi.dao.IntegrationDao  : Executing query:
2018-06-20 22:21:21.519  INFO 14940 --- [http-nio-8090-exec-6] b.c.dbintegrationapi.dao.IntegrationDao  : null:ritz:root
2018-06-20 22:21:21.520  INFO 14940 --- [http-nio-8090-exec-6] b.c.dbintegrationapi.dao.IntegrationDao  : INSERT INTO CONTA_PAGAR(EMPRESA_ID,FORNECEDOR_ID,HISTORICO_ID,NOTA_COMPRA_ID,TIPO_PAGAMENTO_ID,DESDOBRAMENTO,DATA_MOVIMENTO,DATA_VENCIMENTO,VALOR_TOTAL,OBSERVACAO,mesano_competencia)VALUES (6 , 9260, 10028 , '062018', '1' ,'1', '2018-06-20', '2018-06-19',0.00,'Ref.: Folha 06/2018 [FORN_IRRF]' ,'062018')

2018-06-20 22:21:22.674  INFO 14940 --- [http-nio-8090-exec-5] b.c.dbintegrationapi.dao.IntegrationDao  : java.vendor: Oracle Corporation
2018-06-20 22:21:22.709  INFO 14940 --- [http-nio-8090-exec-5] b.c.dbintegrationapi.dao.IntegrationDao  : java.vendor.url: http://java.oracle.com/
2018-06-20 22:21:22.709  INFO 14940 --- [http-nio-8090-exec-5] b.c.dbintegrationapi.dao.IntegrationDao  : java.version: 1.7.0_80
2018-06-20 22:21:22.723  INFO 14940 --- [http-nio-8090-exec-5] b.c.dbintegrationapi.dao.IntegrationDao  : sun.arch.data.model: 64
2018-06-20 22:21:22.723  INFO 14940 --- [http-nio-8090-exec-5] b.c.dbintegrationapi.dao.IntegrationDao  : Executing query:
2018-06-20 22:21:22.731  INFO 14940 --- [http-nio-8090-exec-5] b.c.dbintegrationapi.dao.IntegrationDao  : null:ritz:root
2018-06-20 22:21:22.732  INFO 14940 --- [http-nio-8090-exec-5] b.c.dbintegrationapi.dao.IntegrationDao  : INSERT INTO CONTA_PAGAR(EMPRESA_ID,FORNECEDOR_ID,HISTORICO_ID,NOTA_COMPRA_ID,TIPO_PAGAMENTO_ID,DESDOBRAMENTO,DATA_MOVIMENTO,DATA_VENCIMENTO,VALOR_TOTAL,OBSERVACAO,mesano_competencia)VALUES (51 , 1221, 10020 , '062018', '1' ,'1', '2018-06-20', '2018-06-05',226.96,'Ref.: Folha 06/2018 [FORN_FGTS]' ,'062018')

2018-06-20 22:21:23.918  INFO 14940 --- [http-nio-8090-exec-1] b.c.dbintegrationapi.dao.IntegrationDao  : java.vendor: Oracle Corporation
2018-06-20 22:21:23.952  INFO 14940 --- [http-nio-8090-exec-1] b.c.dbintegrationapi.dao.IntegrationDao  : java.vendor.url: http://java.oracle.com/
2018-06-20 22:21:23.965  INFO 14940 --- [http-nio-8090-exec-1] b.c.dbintegrationapi.dao.IntegrationDao  : java.version: 1.7.0_80
2018-06-20 22:21:23.965  INFO 14940 --- [http-nio-8090-exec-1] b.c.dbintegrationapi.dao.IntegrationDao  : sun.arch.data.model: 64
2018-06-20 22:21:23.965  INFO 14940 --- [http-nio-8090-exec-1] b.c.dbintegrationapi.dao.IntegrationDao  : Executing query:
2018-06-20 22:21:23.965  INFO 14940 --- [http-nio-8090-exec-1] b.c.dbintegrationapi.dao.IntegrationDao  : null:ritz:root
2018-06-20 22:21:23.971  INFO 14940 --- [http-nio-8090-exec-1] b.c.dbintegrationapi.dao.IntegrationDao  : INSERT INTO CONTA_PAGAR(EMPRESA_ID,FORNECEDOR_ID,HISTORICO_ID,NOTA_COMPRA_ID,TIPO_PAGAMENTO_ID,DESDOBRAMENTO,DATA_MOVIMENTO,DATA_VENCIMENTO,VALOR_TOTAL,OBSERVACAO,mesano_competencia)VALUES (51 , 7111, 10026 , '062018', '1' ,'1', '2018-06-20', '2018-06-19',312.07,'Ref.: Folha 06/2018 [FORN_INSS]' ,'062018')

2018-06-20 22:21:25.118  INFO 14940 --- [http-nio-8090-exec-2] b.c.dbintegrationapi.dao.IntegrationDao  : java.vendor: Oracle Corporation
2018-06-20 22:21:25.125  INFO 14940 --- [http-nio-8090-exec-2] b.c.dbintegrationapi.dao.IntegrationDao  : java.vendor.url: http://java.oracle.com/
2018-06-20 22:21:25.126  INFO 14940 --- [http-nio-8090-exec-2] b.c.dbintegrationapi.dao.IntegrationDao  : java.version: 1.7.0_80
2018-06-20 22:21:25.142  INFO 14940 --- [http-nio-8090-exec-2] b.c.dbintegrationapi.dao.IntegrationDao  : sun.arch.data.model: 64
2018-06-20 22:21:25.142  INFO 14940 --- [http-nio-8090-exec-2] b.c.dbintegrationapi.dao.IntegrationDao  : Executing query:
2018-06-20 22:21:25.142  INFO 14940 --- [http-nio-8090-exec-2] b.c.dbintegrationapi.dao.IntegrationDao  : null:ritz:root
2018-06-20 22:21:25.142  INFO 14940 --- [http-nio-8090-exec-2] b.c.dbintegrationapi.dao.IntegrationDao  : INSERT INTO CONTA_PAGAR(EMPRESA_ID,FORNECEDOR_ID,HISTORICO_ID,NOTA_COMPRA_ID,TIPO_PAGAMENTO_ID,DESDOBRAMENTO,DATA_MOVIMENTO,DATA_VENCIMENTO,VALOR_TOTAL,OBSERVACAO,mesano_competencia)VALUES (51 , 9260, 10028 , '062018', '1' ,'1', '2018-06-20', '2018-06-19',32.35,'Ref.: Folha 06/2018 [FORN_IRRF]' ,'062018')

2018-06-20 23:33:43.383  INFO 14940 --- [RMI TCP Connection(108)-127.0.0.1] inMXBeanRegistrar$SpringApplicationAdmin : Application shutdown requested.
2018-06-20 23:33:43.386  INFO 14940 --- [RMI TCP Connection(108)-127.0.0.1] ationConfigEmbeddedWebApplicationContext : Closing org.springframework.boot.context.embedded.AnnotationConfigEmbeddedWebApplicationContext@115da77a: startup date [Wed Jun 20 21:54:47 BRT 2018]; root of context hierarchy
2018-06-20 23:33:43.407  INFO 14940 --- [RMI TCP Connection(108)-127.0.0.1] o.s.j.e.a.AnnotationMBeanExporter        : Unregistering JMX-exposed beans on shutdown
